Using TensorFlow 2 backend.

noise_ratio =  0.15306122
It: 0, Loss = 1.032e+00
It: 10, Loss = 9.754e-01
It: 20, Loss = 9.794e-01
It: 30, Loss = 9.511e-01
It: 40, Loss = 9.433e-01
It: 50, Loss = 9.363e-01
It: 60, Loss = 9.337e-01
It: 70, Loss = 9.327e-01
It: 80, Loss = 9.314e-01
It: 90, Loss = 9.302e-01
It: 100, Loss = 9.291e-01
It: 110, Loss = 9.285e-01
It: 120, Loss = 9.284e-01
It: 130, Loss = 9.282e-01
It: 140, Loss = 9.280e-01
It: 150, Loss = 9.278e-01
It: 160, Loss = 9.276e-01
It: 170, Loss = 9.273e-01
It: 180, Loss = 9.270e-01
It: 190, Loss = 9.264e-01
It: 200, Loss = 9.256e-01
It: 210, Loss = 9.241e-01
It: 220, Loss = 9.217e-01
It: 230, Loss = 9.196e-01
It: 240, Loss = 9.192e-01
It: 250, Loss = 9.187e-01
It: 260, Loss = 9.183e-01
It: 270, Loss = 9.179e-01
It: 280, Loss = 9.176e-01
It: 290, Loss = 9.172e-01
It: 300, Loss = 9.167e-01
It: 310, Loss = 9.161e-01
It: 320, Loss = 9.154e-01
It: 330, Loss = 9.145e-01
It: 340, Loss = 9.132e-01
It: 350, Loss = 9.115e-01
It: 360, Loss = 9.089e-01
It: 370, Loss = 9.050e-01
It: 380, Loss = 8.982e-01
It: 390, Loss = 8.846e-01
It: 400, Loss = 8.621e-01
It: 410, Loss = 8.679e-01
It: 420, Loss = 8.401e-01
It: 430, Loss = 8.327e-01
It: 440, Loss = 8.242e-01
It: 450, Loss = 8.176e-01
It: 460, Loss = 8.099e-01
It: 470, Loss = 7.994e-01
It: 480, Loss = 7.806e-01
It: 490, Loss = 7.416e-01
It: 500, Loss = 6.851e-01
It: 510, Loss = 6.644e-01
It: 520, Loss = 6.459e-01
It: 530, Loss = 6.283e-01
It: 540, Loss = 6.129e-01
It: 550, Loss = 5.972e-01
It: 560, Loss = 5.818e-01
It: 570, Loss = 5.682e-01
It: 580, Loss = 5.567e-01
It: 590, Loss = 5.451e-01
It: 600, Loss = 5.395e-01
It: 610, Loss = 5.276e-01
It: 620, Loss = 5.203e-01
It: 630, Loss = 5.154e-01
It: 640, Loss = 5.049e-01
It: 650, Loss = 4.958e-01
It: 660, Loss = 4.875e-01
It: 670, Loss = 4.993e-01
It: 680, Loss = 4.801e-01
It: 690, Loss = 4.631e-01
It: 700, Loss = 4.525e-01
It: 710, Loss = 4.435e-01
It: 720, Loss = 4.328e-01
It: 730, Loss = 4.215e-01
It: 740, Loss = 4.039e-01
It: 750, Loss = 3.775e-01
It: 760, Loss = 3.269e-01
It: 770, Loss = 2.805e-01
It: 780, Loss = 2.125e-01
It: 790, Loss = 1.707e-01
It: 800, Loss = 1.472e-01
It: 810, Loss = 1.158e-01
It: 820, Loss = 1.046e-01
It: 830, Loss = 9.398e-02
It: 840, Loss = 8.752e-02
It: 850, Loss = 9.027e-02
It: 860, Loss = 1.012e-01
It: 870, Loss = 8.211e-02
It: 880, Loss = 7.636e-02
It: 890, Loss = 7.344e-02
It: 900, Loss = 7.165e-02
It: 910, Loss = 6.967e-02
It: 920, Loss = 6.812e-02
It: 930, Loss = 6.676e-02
It: 940, Loss = 6.554e-02
It: 950, Loss = 6.441e-02
It: 960, Loss = 7.608e-02
It: 970, Loss = 6.879e-02
It: 980, Loss = 6.870e-02
It: 990, Loss = 6.532e-02
G_pred shape (100, 100)
It: 0, Loss = 2.965e+00
It: 10, Loss = 1.162e+00
It: 20, Loss = 1.106e+00
It: 30, Loss = 1.033e+00
It: 40, Loss = 9.873e-01
It: 50, Loss = 9.746e-01
It: 60, Loss = 9.698e-01
It: 70, Loss = 9.652e-01
It: 80, Loss = 9.600e-01
It: 90, Loss = 9.543e-01
It: 100, Loss = 9.482e-01
It: 110, Loss = 9.417e-01
It: 120, Loss = 9.355e-01
It: 130, Loss = 9.304e-01
It: 140, Loss = 9.273e-01
It: 150, Loss = 9.261e-01
It: 160, Loss = 9.258e-01
It: 170, Loss = 9.257e-01
It: 180, Loss = 9.256e-01
It: 190, Loss = 9.254e-01
It: 200, Loss = 9.253e-01
It: 210, Loss = 9.252e-01
It: 220, Loss = 9.251e-01
It: 230, Loss = 9.250e-01
It: 240, Loss = 9.249e-01
It: 250, Loss = 9.248e-01
It: 260, Loss = 9.247e-01
It: 270, Loss = 9.246e-01
It: 280, Loss = 9.245e-01
It: 290, Loss = 9.244e-01
It: 300, Loss = 9.243e-01
It: 310, Loss = 9.242e-01
It: 320, Loss = 9.241e-01
It: 330, Loss = 9.240e-01
It: 340, Loss = 9.238e-01
It: 350, Loss = 9.237e-01
It: 360, Loss = 9.236e-01
It: 370, Loss = 9.235e-01
It: 380, Loss = 9.234e-01
It: 390, Loss = 9.233e-01
It: 400, Loss = 9.231e-01
It: 410, Loss = 9.230e-01
It: 420, Loss = 9.228e-01
It: 430, Loss = 9.227e-01
It: 440, Loss = 9.225e-01
It: 450, Loss = 9.223e-01
It: 460, Loss = 9.222e-01
It: 470, Loss = 9.220e-01
It: 480, Loss = 9.217e-01
It: 490, Loss = 9.215e-01
It: 500, Loss = 9.212e-01
It: 510, Loss = 9.209e-01
It: 520, Loss = 9.206e-01
It: 530, Loss = 9.202e-01
It: 540, Loss = 9.196e-01
It: 550, Loss = 9.188e-01
It: 560, Loss = 9.176e-01
It: 570, Loss = 9.153e-01
It: 580, Loss = 9.124e-01
It: 590, Loss = 9.109e-01
It: 600, Loss = 9.087e-01
It: 610, Loss = 9.066e-01
It: 620, Loss = 9.038e-01
It: 630, Loss = 9.002e-01
It: 640, Loss = 8.952e-01
It: 650, Loss = 8.887e-01
It: 660, Loss = 8.803e-01
It: 670, Loss = 8.705e-01
It: 680, Loss = 8.611e-01
It: 690, Loss = 8.537e-01
It: 700, Loss = 8.468e-01
It: 710, Loss = 8.382e-01
It: 720, Loss = 8.285e-01
It: 730, Loss = 8.209e-01
It: 740, Loss = 8.143e-01
It: 750, Loss = 8.103e-01
It: 760, Loss = 8.063e-01
It: 770, Loss = 8.022e-01
It: 780, Loss = 8.067e-01
It: 790, Loss = 7.955e-01
It: 800, Loss = 7.926e-01
It: 810, Loss = 7.897e-01
It: 820, Loss = 7.870e-01
It: 830, Loss = 7.839e-01
It: 840, Loss = 7.804e-01
It: 850, Loss = 7.775e-01
It: 860, Loss = 7.734e-01
It: 870, Loss = 7.709e-01
It: 880, Loss = 7.642e-01
It: 890, Loss = 7.573e-01
It: 900, Loss = 7.504e-01
It: 910, Loss = 7.427e-01
It: 920, Loss = 7.417e-01
It: 930, Loss = 7.282e-01
It: 940, Loss = 7.205e-01
It: 950, Loss = 7.088e-01
It: 960, Loss = 6.931e-01
It: 970, Loss = 6.778e-01
It: 980, Loss = 6.728e-01
It: 990, Loss = 6.438e-01
G_pred shape (100, 100)
It: 0, Loss = 1.131e+00
It: 10, Loss = 1.050e+00
It: 20, Loss = 9.664e-01
It: 30, Loss = 9.596e-01
It: 40, Loss = 9.496e-01
It: 50, Loss = 9.379e-01
It: 60, Loss = 9.360e-01
It: 70, Loss = 9.357e-01
It: 80, Loss = 9.346e-01
It: 90, Loss = 9.339e-01
It: 100, Loss = 9.329e-01
It: 110, Loss = 9.318e-01
It: 120, Loss = 9.303e-01
It: 130, Loss = 9.288e-01
It: 140, Loss = 9.278e-01
It: 150, Loss = 9.275e-01
It: 160, Loss = 9.273e-01
It: 170, Loss = 9.270e-01
It: 180, Loss = 9.268e-01
It: 190, Loss = 9.266e-01
It: 200, Loss = 9.264e-01
It: 210, Loss = 9.261e-01
It: 220, Loss = 9.259e-01
It: 230, Loss = 9.256e-01
It: 240, Loss = 9.252e-01
It: 250, Loss = 9.248e-01
It: 260, Loss = 9.243e-01
It: 270, Loss = 9.237e-01
It: 280, Loss = 9.229e-01
It: 290, Loss = 9.218e-01
It: 300, Loss = 9.202e-01
It: 310, Loss = 9.175e-01
It: 320, Loss = 9.127e-01
It: 330, Loss = 9.042e-01
It: 340, Loss = 8.920e-01
It: 350, Loss = 8.806e-01
It: 360, Loss = 8.745e-01
It: 370, Loss = 8.704e-01
It: 380, Loss = 8.607e-01
It: 390, Loss = 8.518e-01
It: 400, Loss = 8.435e-01
It: 410, Loss = 8.338e-01
It: 420, Loss = 8.240e-01
It: 430, Loss = 8.093e-01
It: 440, Loss = 7.932e-01
It: 450, Loss = 7.804e-01
It: 460, Loss = 7.679e-01
It: 470, Loss = 7.469e-01
It: 480, Loss = 7.353e-01
It: 490, Loss = 7.148e-01
It: 500, Loss = 7.037e-01
It: 510, Loss = 6.952e-01
It: 520, Loss = 7.081e-01
It: 530, Loss = 6.817e-01
It: 540, Loss = 6.570e-01
It: 550, Loss = 6.378e-01
It: 560, Loss = 6.775e-01
It: 570, Loss = 6.488e-01
It: 580, Loss = 6.283e-01
It: 590, Loss = 6.039e-01
It: 600, Loss = 5.896e-01
It: 610, Loss = 5.758e-01
It: 620, Loss = 5.639e-01
It: 630, Loss = 6.015e-01
It: 640, Loss = 6.261e-01
It: 650, Loss = 5.744e-01
It: 660, Loss = 5.552e-01
It: 670, Loss = 5.472e-01
It: 680, Loss = 5.385e-01
It: 690, Loss = 5.311e-01
It: 700, Loss = 5.250e-01
It: 710, Loss = 5.190e-01
It: 720, Loss = 5.130e-01
It: 730, Loss = 5.072e-01
It: 740, Loss = 5.013e-01
It: 750, Loss = 4.954e-01
It: 760, Loss = 4.898e-01
It: 770, Loss = 5.906e-01
It: 780, Loss = 5.336e-01
It: 790, Loss = 4.858e-01
It: 800, Loss = 4.828e-01
It: 810, Loss = 4.737e-01
It: 820, Loss = 4.694e-01
It: 830, Loss = 4.653e-01
It: 840, Loss = 4.615e-01
It: 850, Loss = 4.577e-01
It: 860, Loss = 4.540e-01
It: 870, Loss = 4.503e-01
It: 880, Loss = 4.468e-01
It: 890, Loss = 4.432e-01
It: 900, Loss = 4.398e-01
It: 910, Loss = 4.363e-01
It: 920, Loss = 4.913e-01
It: 930, Loss = 4.610e-01
It: 940, Loss = 4.394e-01
It: 950, Loss = 4.266e-01
It: 960, Loss = 4.239e-01
It: 970, Loss = 4.207e-01
It: 980, Loss = 4.176e-01
It: 990, Loss = 4.148e-01
G_pred shape (100, 100)
It: 0, Loss = 2.354e+00
It: 10, Loss = 1.039e+00
It: 20, Loss = 1.001e+00
It: 30, Loss = 9.861e-01
It: 40, Loss = 9.776e-01
It: 50, Loss = 9.717e-01
It: 60, Loss = 9.651e-01
It: 70, Loss = 9.576e-01
It: 80, Loss = 9.513e-01
It: 90, Loss = 9.461e-01
It: 100, Loss = 9.411e-01
It: 110, Loss = 9.375e-01
It: 120, Loss = 9.358e-01
It: 130, Loss = 9.354e-01
It: 140, Loss = 9.352e-01
It: 150, Loss = 9.350e-01
It: 160, Loss = 9.349e-01
It: 170, Loss = 9.347e-01
It: 180, Loss = 9.346e-01
It: 190, Loss = 9.344e-01
It: 200, Loss = 9.342e-01
It: 210, Loss = 9.338e-01
It: 220, Loss = 9.333e-01
It: 230, Loss = 9.325e-01
It: 240, Loss = 9.316e-01
It: 250, Loss = 9.304e-01
It: 260, Loss = 9.296e-01
It: 270, Loss = 9.290e-01
It: 280, Loss = 9.284e-01
It: 290, Loss = 9.280e-01
It: 300, Loss = 9.277e-01
It: 310, Loss = 9.275e-01
It: 320, Loss = 9.273e-01
It: 330, Loss = 9.270e-01
It: 340, Loss = 9.268e-01
It: 350, Loss = 9.265e-01
It: 360, Loss = 9.262e-01
It: 370, Loss = 9.259e-01
It: 380, Loss = 9.257e-01
It: 390, Loss = 9.253e-01
It: 400, Loss = 9.252e-01
It: 410, Loss = 9.248e-01
It: 420, Loss = 9.245e-01
It: 430, Loss = 9.242e-01
It: 440, Loss = 9.241e-01
It: 450, Loss = 9.236e-01
It: 460, Loss = 9.234e-01
It: 470, Loss = 9.231e-01
It: 480, Loss = 9.228e-01
It: 490, Loss = 9.224e-01
It: 500, Loss = 9.220e-01
It: 510, Loss = 9.216e-01
It: 520, Loss = 9.211e-01
It: 530, Loss = 9.205e-01
It: 540, Loss = 9.197e-01
It: 550, Loss = 9.189e-01
It: 560, Loss = 9.178e-01
It: 570, Loss = 9.165e-01
It: 580, Loss = 9.147e-01
It: 590, Loss = 9.123e-01
It: 600, Loss = 9.089e-01
It: 610, Loss = 9.040e-01
It: 620, Loss = 8.964e-01
It: 630, Loss = 8.836e-01
It: 640, Loss = 8.615e-01
It: 650, Loss = 8.310e-01
It: 660, Loss = 8.374e-01
It: 670, Loss = 8.117e-01
It: 680, Loss = 8.033e-01
It: 690, Loss = 7.955e-01
It: 700, Loss = 7.893e-01
It: 710, Loss = 7.821e-01
It: 720, Loss = 7.741e-01
It: 730, Loss = 7.654e-01
It: 740, Loss = 7.565e-01
It: 750, Loss = 7.474e-01
It: 760, Loss = 7.379e-01
It: 770, Loss = 7.278e-01
It: 780, Loss = 7.183e-01
It: 790, Loss = 7.111e-01
It: 800, Loss = 7.003e-01
It: 810, Loss = 6.888e-01
It: 820, Loss = 6.940e-01
It: 830, Loss = 6.600e-01
It: 840, Loss = 6.287e-01
It: 850, Loss = 6.127e-01
It: 860, Loss = 5.876e-01
It: 870, Loss = 5.759e-01
It: 880, Loss = 5.698e-01
It: 890, Loss = 5.550e-01
It: 900, Loss = 5.437e-01
It: 910, Loss = 5.407e-01
It: 920, Loss = 5.351e-01
It: 930, Loss = 5.322e-01
It: 940, Loss = 5.295e-01
It: 950, Loss = 5.388e-01
It: 960, Loss = 5.249e-01
It: 970, Loss = 5.258e-01
It: 980, Loss = 5.215e-01
It: 990, Loss = 5.193e-01
G_pred shape (100, 100)
It: 0, Loss = 3.482e+00
It: 10, Loss = 1.190e+00
It: 20, Loss = 1.112e+00
It: 30, Loss = 1.045e+00
It: 40, Loss = 9.928e-01
It: 50, Loss = 9.744e-01
It: 60, Loss = 9.695e-01
It: 70, Loss = 9.661e-01
It: 80, Loss = 9.631e-01
It: 90, Loss = 9.598e-01
It: 100, Loss = 9.561e-01
It: 110, Loss = 9.519e-01
It: 120, Loss = 9.472e-01
It: 130, Loss = 9.424e-01
It: 140, Loss = 9.377e-01
It: 150, Loss = 9.339e-01
It: 160, Loss = 9.314e-01
It: 170, Loss = 9.302e-01
It: 180, Loss = 9.297e-01
It: 190, Loss = 9.295e-01
It: 200, Loss = 9.293e-01
It: 210, Loss = 9.292e-01
It: 220, Loss = 9.290e-01
It: 230, Loss = 9.289e-01
It: 240, Loss = 9.288e-01
It: 250, Loss = 9.287e-01
It: 260, Loss = 9.286e-01
It: 270, Loss = 9.285e-01
It: 280, Loss = 9.284e-01
It: 290, Loss = 9.283e-01
It: 300, Loss = 9.282e-01
It: 310, Loss = 9.281e-01
It: 320, Loss = 9.280e-01
It: 330, Loss = 9.279e-01
It: 340, Loss = 9.278e-01
It: 350, Loss = 9.276e-01
It: 360, Loss = 9.275e-01
It: 370, Loss = 9.274e-01
It: 380, Loss = 9.273e-01
It: 390, Loss = 9.271e-01
It: 400, Loss = 9.269e-01
It: 410, Loss = 9.267e-01
It: 420, Loss = 9.265e-01
It: 430, Loss = 9.261e-01
It: 440, Loss = 9.257e-01
It: 450, Loss = 9.250e-01
It: 460, Loss = 9.240e-01
It: 470, Loss = 9.228e-01
It: 480, Loss = 9.215e-01
It: 490, Loss = 9.206e-01
It: 500, Loss = 9.200e-01
It: 510, Loss = 9.192e-01
It: 520, Loss = 9.184e-01
It: 530, Loss = 9.178e-01
It: 540, Loss = 9.174e-01
It: 550, Loss = 9.170e-01
It: 560, Loss = 9.166e-01
It: 570, Loss = 9.162e-01
It: 580, Loss = 9.158e-01
It: 590, Loss = 9.154e-01
It: 600, Loss = 9.149e-01
It: 610, Loss = 9.144e-01
It: 620, Loss = 9.138e-01
It: 630, Loss = 9.131e-01
It: 640, Loss = 9.123e-01
It: 650, Loss = 9.114e-01
It: 660, Loss = 9.104e-01
It: 670, Loss = 9.092e-01
It: 680, Loss = 9.077e-01
It: 690, Loss = 9.059e-01
It: 700, Loss = 9.037e-01
It: 710, Loss = 9.009e-01
It: 720, Loss = 8.974e-01
It: 730, Loss = 8.929e-01
It: 740, Loss = 8.870e-01
It: 750, Loss = 8.793e-01
It: 760, Loss = 8.692e-01
It: 770, Loss = 8.571e-01
It: 780, Loss = 8.438e-01
It: 790, Loss = 8.300e-01
It: 800, Loss = 8.189e-01
It: 810, Loss = 8.123e-01
It: 820, Loss = 8.046e-01
It: 830, Loss = 7.978e-01
It: 840, Loss = 7.905e-01
It: 850, Loss = 7.835e-01
It: 860, Loss = 7.775e-01
It: 870, Loss = 7.776e-01
It: 880, Loss = 7.702e-01
It: 890, Loss = 7.685e-01
It: 900, Loss = 7.637e-01
It: 910, Loss = 7.601e-01
It: 920, Loss = 7.559e-01
It: 930, Loss = 7.510e-01
It: 940, Loss = 7.448e-01
It: 950, Loss = 7.368e-01
It: 960, Loss = 7.258e-01
It: 970, Loss = 7.111e-01
It: 980, Loss = 6.925e-01
It: 990, Loss = 6.904e-01
G_pred shape (100, 100)
