Using TensorFlow 2 backend.

noise_ratio =  0.21428571
It: 0, Loss = 1.006e+00
It: 10, Loss = 9.882e-01
It: 20, Loss = 9.979e-01
It: 30, Loss = 9.632e-01
It: 40, Loss = 9.579e-01
It: 50, Loss = 9.491e-01
It: 60, Loss = 9.457e-01
It: 70, Loss = 9.438e-01
It: 80, Loss = 9.426e-01
It: 90, Loss = 9.415e-01
It: 100, Loss = 9.413e-01
It: 110, Loss = 9.411e-01
It: 120, Loss = 9.409e-01
It: 130, Loss = 9.409e-01
It: 140, Loss = 9.408e-01
It: 150, Loss = 9.407e-01
It: 160, Loss = 9.407e-01
It: 170, Loss = 9.406e-01
It: 180, Loss = 9.405e-01
It: 190, Loss = 9.405e-01
It: 200, Loss = 9.404e-01
It: 210, Loss = 9.403e-01
It: 220, Loss = 9.402e-01
It: 230, Loss = 9.401e-01
It: 240, Loss = 9.400e-01
It: 250, Loss = 9.399e-01
It: 260, Loss = 9.398e-01
It: 270, Loss = 9.396e-01
It: 280, Loss = 9.394e-01
It: 290, Loss = 9.391e-01
It: 300, Loss = 9.386e-01
It: 310, Loss = 9.374e-01
It: 320, Loss = 9.356e-01
It: 330, Loss = 9.346e-01
It: 340, Loss = 9.332e-01
It: 350, Loss = 9.322e-01
It: 360, Loss = 9.318e-01
It: 370, Loss = 9.313e-01
It: 380, Loss = 9.308e-01
It: 390, Loss = 9.302e-01
It: 400, Loss = 9.296e-01
It: 410, Loss = 9.289e-01
It: 420, Loss = 9.280e-01
It: 430, Loss = 9.268e-01
It: 440, Loss = 9.254e-01
It: 450, Loss = 9.235e-01
It: 460, Loss = 9.210e-01
It: 470, Loss = 9.173e-01
It: 480, Loss = 9.114e-01
It: 490, Loss = 9.007e-01
It: 500, Loss = 8.810e-01
It: 510, Loss = 8.630e-01
It: 520, Loss = 8.507e-01
It: 530, Loss = 8.445e-01
It: 540, Loss = 8.374e-01
It: 550, Loss = 8.319e-01
It: 560, Loss = 8.269e-01
It: 570, Loss = 8.214e-01
It: 580, Loss = 8.593e-01
It: 590, Loss = 8.214e-01
It: 600, Loss = 8.125e-01
It: 610, Loss = 8.031e-01
It: 620, Loss = 7.975e-01
It: 630, Loss = 7.907e-01
It: 640, Loss = 7.832e-01
It: 650, Loss = 8.096e-01
It: 660, Loss = 7.727e-01
It: 670, Loss = 7.650e-01
It: 680, Loss = 7.537e-01
It: 690, Loss = 7.460e-01
It: 700, Loss = 7.391e-01
It: 710, Loss = 7.320e-01
It: 720, Loss = 7.247e-01
It: 730, Loss = 7.169e-01
It: 740, Loss = 7.083e-01
It: 750, Loss = 6.984e-01
It: 760, Loss = 6.874e-01
It: 770, Loss = 6.965e-01
It: 780, Loss = 6.668e-01
It: 790, Loss = 6.458e-01
It: 800, Loss = 6.284e-01
It: 810, Loss = 6.105e-01
It: 820, Loss = 6.136e-01
It: 830, Loss = 5.823e-01
It: 840, Loss = 5.738e-01
It: 850, Loss = 5.557e-01
It: 860, Loss = 5.564e-01
It: 870, Loss = 5.419e-01
It: 880, Loss = 5.233e-01
It: 890, Loss = 5.081e-01
It: 900, Loss = 4.940e-01
It: 910, Loss = 4.814e-01
It: 920, Loss = 5.004e-01
It: 930, Loss = 4.707e-01
It: 940, Loss = 4.549e-01
It: 950, Loss = 4.453e-01
It: 960, Loss = 4.335e-01
It: 970, Loss = 4.218e-01
It: 980, Loss = 4.091e-01
It: 990, Loss = 4.369e-01
G_pred shape (100, 100)
It: 0, Loss = 2.249e+00
It: 10, Loss = 1.025e+00
It: 20, Loss = 9.996e-01
It: 30, Loss = 9.762e-01
It: 40, Loss = 9.639e-01
It: 50, Loss = 9.582e-01
It: 60, Loss = 9.530e-01
It: 70, Loss = 9.485e-01
It: 80, Loss = 9.448e-01
It: 90, Loss = 9.423e-01
It: 100, Loss = 9.410e-01
It: 110, Loss = 9.403e-01
It: 120, Loss = 9.399e-01
It: 130, Loss = 9.394e-01
It: 140, Loss = 9.391e-01
It: 150, Loss = 9.389e-01
It: 160, Loss = 9.388e-01
It: 170, Loss = 9.387e-01
It: 180, Loss = 9.386e-01
It: 190, Loss = 9.385e-01
It: 200, Loss = 9.384e-01
It: 210, Loss = 9.384e-01
It: 220, Loss = 9.383e-01
It: 230, Loss = 9.382e-01
It: 240, Loss = 9.382e-01
It: 250, Loss = 9.381e-01
It: 260, Loss = 9.380e-01
It: 270, Loss = 9.380e-01
It: 280, Loss = 9.379e-01
It: 290, Loss = 9.378e-01
It: 300, Loss = 9.378e-01
It: 310, Loss = 9.377e-01
It: 320, Loss = 9.376e-01
It: 330, Loss = 9.375e-01
It: 340, Loss = 9.374e-01
It: 350, Loss = 9.373e-01
It: 360, Loss = 9.372e-01
It: 370, Loss = 9.370e-01
It: 380, Loss = 9.368e-01
It: 390, Loss = 9.365e-01
It: 400, Loss = 9.362e-01
It: 410, Loss = 9.357e-01
It: 420, Loss = 9.349e-01
It: 430, Loss = 9.338e-01
It: 440, Loss = 9.325e-01
It: 450, Loss = 9.314e-01
It: 460, Loss = 9.309e-01
It: 470, Loss = 9.305e-01
It: 480, Loss = 9.302e-01
It: 490, Loss = 9.299e-01
It: 500, Loss = 9.296e-01
It: 510, Loss = 9.293e-01
It: 520, Loss = 9.289e-01
It: 530, Loss = 9.285e-01
It: 540, Loss = 9.280e-01
It: 550, Loss = 9.274e-01
It: 560, Loss = 9.266e-01
It: 570, Loss = 9.255e-01
It: 580, Loss = 9.240e-01
It: 590, Loss = 9.217e-01
It: 600, Loss = 9.178e-01
It: 610, Loss = 9.108e-01
It: 620, Loss = 8.981e-01
It: 630, Loss = 8.788e-01
It: 640, Loss = 8.597e-01
It: 650, Loss = 8.459e-01
It: 660, Loss = 8.378e-01
It: 670, Loss = 8.271e-01
It: 680, Loss = 8.174e-01
It: 690, Loss = 8.083e-01
It: 700, Loss = 8.216e-01
It: 710, Loss = 8.067e-01
It: 720, Loss = 7.997e-01
It: 730, Loss = 7.965e-01
It: 740, Loss = 7.937e-01
It: 750, Loss = 7.918e-01
It: 760, Loss = 7.900e-01
It: 770, Loss = 7.880e-01
It: 780, Loss = 7.859e-01
It: 790, Loss = 8.023e-01
It: 800, Loss = 7.822e-01
It: 810, Loss = 7.791e-01
It: 820, Loss = 7.755e-01
It: 830, Loss = 7.715e-01
It: 840, Loss = 7.661e-01
It: 850, Loss = 7.639e-01
It: 860, Loss = 7.734e-01
It: 870, Loss = 7.525e-01
It: 880, Loss = 7.383e-01
It: 890, Loss = 7.258e-01
It: 900, Loss = 7.099e-01
It: 910, Loss = 7.630e-01
It: 920, Loss = 6.962e-01
It: 930, Loss = 6.692e-01
It: 940, Loss = 6.571e-01
It: 950, Loss = 6.449e-01
It: 960, Loss = 6.355e-01
It: 970, Loss = 6.283e-01
It: 980, Loss = 6.296e-01
It: 990, Loss = 6.174e-01
G_pred shape (100, 100)
It: 0, Loss = 1.438e+00
It: 10, Loss = 1.006e+00
It: 20, Loss = 9.832e-01
It: 30, Loss = 9.719e-01
It: 40, Loss = 9.661e-01
It: 50, Loss = 9.584e-01
It: 60, Loss = 9.502e-01
It: 70, Loss = 9.433e-01
It: 80, Loss = 9.391e-01
It: 90, Loss = 9.375e-01
It: 100, Loss = 9.365e-01
It: 110, Loss = 9.356e-01
It: 120, Loss = 9.353e-01
It: 130, Loss = 9.351e-01
It: 140, Loss = 9.349e-01
It: 150, Loss = 9.348e-01
It: 160, Loss = 9.347e-01
It: 170, Loss = 9.345e-01
It: 180, Loss = 9.344e-01
It: 190, Loss = 9.343e-01
It: 200, Loss = 9.341e-01
It: 210, Loss = 9.340e-01
It: 220, Loss = 9.339e-01
It: 230, Loss = 9.337e-01
It: 240, Loss = 9.335e-01
It: 250, Loss = 9.333e-01
It: 260, Loss = 9.331e-01
It: 270, Loss = 9.329e-01
It: 280, Loss = 9.326e-01
It: 290, Loss = 9.322e-01
It: 300, Loss = 9.318e-01
It: 310, Loss = 9.313e-01
It: 320, Loss = 9.307e-01
It: 330, Loss = 9.299e-01
It: 340, Loss = 9.288e-01
It: 350, Loss = 9.272e-01
It: 360, Loss = 9.245e-01
It: 370, Loss = 9.199e-01
It: 380, Loss = 9.124e-01
It: 390, Loss = 9.023e-01
It: 400, Loss = 8.914e-01
It: 410, Loss = 8.809e-01
It: 420, Loss = 8.717e-01
It: 430, Loss = 8.617e-01
It: 440, Loss = 8.475e-01
It: 450, Loss = 8.318e-01
It: 460, Loss = 8.278e-01
It: 470, Loss = 8.139e-01
It: 480, Loss = 8.032e-01
It: 490, Loss = 7.931e-01
It: 500, Loss = 7.849e-01
It: 510, Loss = 7.778e-01
It: 520, Loss = 7.753e-01
It: 530, Loss = 7.717e-01
It: 540, Loss = 7.678e-01
It: 550, Loss = 7.631e-01
It: 560, Loss = 7.587e-01
It: 570, Loss = 7.561e-01
It: 580, Loss = 7.576e-01
It: 590, Loss = 7.499e-01
It: 600, Loss = 7.442e-01
It: 610, Loss = 7.388e-01
It: 620, Loss = 7.318e-01
It: 630, Loss = 7.263e-01
It: 640, Loss = 7.165e-01
It: 650, Loss = 7.118e-01
It: 660, Loss = 6.956e-01
It: 670, Loss = 6.816e-01
It: 680, Loss = 6.680e-01
It: 690, Loss = 6.637e-01
It: 700, Loss = 6.535e-01
It: 710, Loss = 6.427e-01
It: 720, Loss = 6.347e-01
It: 730, Loss = 6.258e-01
It: 740, Loss = 6.213e-01
It: 750, Loss = 6.213e-01
It: 760, Loss = 6.067e-01
It: 770, Loss = 5.954e-01
It: 780, Loss = 5.830e-01
It: 790, Loss = 5.711e-01
It: 800, Loss = 6.091e-01
It: 810, Loss = 5.794e-01
It: 820, Loss = 5.617e-01
It: 830, Loss = 5.422e-01
It: 840, Loss = 5.355e-01
It: 850, Loss = 5.280e-01
It: 860, Loss = 5.224e-01
It: 870, Loss = 5.176e-01
It: 880, Loss = 5.132e-01
It: 890, Loss = 5.093e-01
It: 900, Loss = 5.056e-01
It: 910, Loss = 5.020e-01
It: 920, Loss = 5.218e-01
It: 930, Loss = 5.068e-01
It: 940, Loss = 4.954e-01
It: 950, Loss = 4.880e-01
It: 960, Loss = 4.809e-01
It: 970, Loss = 4.741e-01
It: 980, Loss = 4.649e-01
It: 990, Loss = 4.565e-01
G_pred shape (100, 100)
It: 0, Loss = 1.178e+00
It: 10, Loss = 9.740e-01
It: 20, Loss = 9.680e-01
It: 30, Loss = 9.599e-01
It: 40, Loss = 9.495e-01
It: 50, Loss = 9.412e-01
It: 60, Loss = 9.378e-01
It: 70, Loss = 9.368e-01
It: 80, Loss = 9.356e-01
It: 90, Loss = 9.349e-01
It: 100, Loss = 9.347e-01
It: 110, Loss = 9.345e-01
It: 120, Loss = 9.344e-01
It: 130, Loss = 9.343e-01
It: 140, Loss = 9.342e-01
It: 150, Loss = 9.341e-01
It: 160, Loss = 9.340e-01
It: 170, Loss = 9.339e-01
It: 180, Loss = 9.338e-01
It: 190, Loss = 9.337e-01
It: 200, Loss = 9.336e-01
It: 210, Loss = 9.334e-01
It: 220, Loss = 9.333e-01
It: 230, Loss = 9.332e-01
It: 240, Loss = 9.331e-01
It: 250, Loss = 9.329e-01
It: 260, Loss = 9.327e-01
It: 270, Loss = 9.325e-01
It: 280, Loss = 9.322e-01
It: 290, Loss = 9.317e-01
It: 300, Loss = 9.308e-01
It: 310, Loss = 9.294e-01
It: 320, Loss = 9.282e-01
It: 330, Loss = 9.274e-01
It: 340, Loss = 9.269e-01
It: 350, Loss = 9.263e-01
It: 360, Loss = 9.258e-01
It: 370, Loss = 9.252e-01
It: 380, Loss = 9.244e-01
It: 390, Loss = 9.232e-01
It: 400, Loss = 9.214e-01
It: 410, Loss = 9.182e-01
It: 420, Loss = 9.117e-01
It: 430, Loss = 8.996e-01
It: 440, Loss = 9.165e-01
It: 450, Loss = 8.633e-01
It: 460, Loss = 8.415e-01
It: 470, Loss = 8.238e-01
It: 480, Loss = 8.283e-01
It: 490, Loss = 8.116e-01
It: 500, Loss = 8.016e-01
It: 510, Loss = 7.911e-01
It: 520, Loss = 7.768e-01
It: 530, Loss = 7.561e-01
It: 540, Loss = 7.298e-01
It: 550, Loss = 7.064e-01
It: 560, Loss = 6.926e-01
It: 570, Loss = 6.816e-01
It: 580, Loss = 6.736e-01
It: 590, Loss = 6.657e-01
It: 600, Loss = 6.579e-01
It: 610, Loss = 6.497e-01
It: 620, Loss = 6.409e-01
It: 630, Loss = 6.322e-01
It: 640, Loss = 6.232e-01
It: 650, Loss = 6.149e-01
It: 660, Loss = 6.085e-01
It: 670, Loss = 5.964e-01
It: 680, Loss = 5.878e-01
It: 690, Loss = 5.915e-01
It: 700, Loss = 5.846e-01
It: 710, Loss = 5.626e-01
It: 720, Loss = 5.543e-01
It: 730, Loss = 5.443e-01
It: 740, Loss = 5.331e-01
It: 750, Loss = 5.239e-01
It: 760, Loss = 5.394e-01
It: 770, Loss = 5.019e-01
It: 780, Loss = 4.842e-01
It: 790, Loss = 4.645e-01
It: 800, Loss = 4.419e-01
It: 810, Loss = 4.758e-01
It: 820, Loss = 3.836e-01
It: 830, Loss = 3.458e-01
It: 840, Loss = 3.003e-01
It: 850, Loss = 8.037e-01
It: 860, Loss = 3.847e-01
It: 870, Loss = 2.766e-01
It: 880, Loss = 2.586e-01
It: 890, Loss = 2.397e-01
It: 900, Loss = 2.235e-01
It: 910, Loss = 2.122e-01
It: 920, Loss = 2.030e-01
It: 930, Loss = 1.947e-01
It: 940, Loss = 1.877e-01
It: 950, Loss = 1.814e-01
It: 960, Loss = 1.756e-01
It: 970, Loss = 1.726e-01
It: 980, Loss = 1.689e-01
It: 990, Loss = 1.629e-01
G_pred shape (100, 100)
It: 0, Loss = 1.111e+00
It: 10, Loss = 1.012e+00
It: 20, Loss = 9.752e-01
It: 30, Loss = 9.570e-01
It: 40, Loss = 9.459e-01
It: 50, Loss = 9.402e-01
It: 60, Loss = 9.385e-01
It: 70, Loss = 9.367e-01
It: 80, Loss = 9.358e-01
It: 90, Loss = 9.357e-01
It: 100, Loss = 9.355e-01
It: 110, Loss = 9.354e-01
It: 120, Loss = 9.353e-01
It: 130, Loss = 9.351e-01
It: 140, Loss = 9.350e-01
It: 150, Loss = 9.349e-01
It: 160, Loss = 9.347e-01
It: 170, Loss = 9.346e-01
It: 180, Loss = 9.344e-01
It: 190, Loss = 9.342e-01
It: 200, Loss = 9.340e-01
It: 210, Loss = 9.338e-01
It: 220, Loss = 9.335e-01
It: 230, Loss = 9.332e-01
It: 240, Loss = 9.328e-01
It: 250, Loss = 9.323e-01
It: 260, Loss = 9.317e-01
It: 270, Loss = 9.307e-01
It: 280, Loss = 9.292e-01
It: 290, Loss = 9.265e-01
It: 300, Loss = 9.232e-01
It: 310, Loss = 9.205e-01
It: 320, Loss = 9.184e-01
It: 330, Loss = 9.156e-01
It: 340, Loss = 9.121e-01
It: 350, Loss = 9.069e-01
It: 360, Loss = 8.975e-01
It: 370, Loss = 8.794e-01
It: 380, Loss = 9.107e-01
It: 390, Loss = 8.778e-01
It: 400, Loss = 8.504e-01
It: 410, Loss = 8.385e-01
It: 420, Loss = 8.279e-01
It: 430, Loss = 8.172e-01
It: 440, Loss = 8.062e-01
It: 450, Loss = 7.950e-01
It: 460, Loss = 7.811e-01
It: 470, Loss = 7.646e-01
It: 480, Loss = 7.479e-01
It: 490, Loss = 7.603e-01
It: 500, Loss = 7.296e-01
It: 510, Loss = 7.237e-01
It: 520, Loss = 7.137e-01
It: 530, Loss = 7.054e-01
It: 540, Loss = 6.957e-01
It: 550, Loss = 6.836e-01
It: 560, Loss = 6.750e-01
It: 570, Loss = 6.630e-01
It: 580, Loss = 6.438e-01
It: 590, Loss = 6.243e-01
It: 600, Loss = 6.709e-01
It: 610, Loss = 6.019e-01
It: 620, Loss = 5.895e-01
It: 630, Loss = 5.750e-01
It: 640, Loss = 5.605e-01
It: 650, Loss = 5.479e-01
It: 660, Loss = 5.429e-01
It: 670, Loss = 5.279e-01
It: 680, Loss = 5.200e-01
It: 690, Loss = 5.128e-01
It: 700, Loss = 5.272e-01
It: 710, Loss = 5.020e-01
It: 720, Loss = 4.918e-01
It: 730, Loss = 5.131e-01
It: 740, Loss = 4.863e-01
It: 750, Loss = 4.720e-01
It: 760, Loss = 4.675e-01
It: 770, Loss = 4.677e-01
It: 780, Loss = 4.574e-01
It: 790, Loss = 4.513e-01
It: 800, Loss = 4.446e-01
It: 810, Loss = 4.384e-01
It: 820, Loss = 4.306e-01
It: 830, Loss = 4.257e-01
It: 840, Loss = 5.060e-01
It: 850, Loss = 4.286e-01
It: 860, Loss = 4.087e-01
It: 870, Loss = 3.967e-01
It: 880, Loss = 3.880e-01
It: 890, Loss = 5.298e-01
It: 900, Loss = 3.975e-01
It: 910, Loss = 3.643e-01
It: 920, Loss = 3.473e-01
It: 930, Loss = 3.322e-01
It: 940, Loss = 3.176e-01
It: 950, Loss = 3.489e-01
It: 960, Loss = 3.152e-01
It: 970, Loss = 2.826e-01
It: 980, Loss = 2.607e-01
It: 990, Loss = 2.362e-01
G_pred shape (100, 100)
