Using TensorFlow 2 backend.

noise_ratio =  0.47959184
It: 0, Loss = 1.012e+00
It: 10, Loss = 1.032e+00
It: 20, Loss = 9.789e-01
It: 30, Loss = 9.752e-01
It: 40, Loss = 9.708e-01
It: 50, Loss = 9.626e-01
It: 60, Loss = 9.577e-01
It: 70, Loss = 9.532e-01
It: 80, Loss = 9.519e-01
It: 90, Loss = 9.520e-01
It: 100, Loss = 9.517e-01
It: 110, Loss = 9.516e-01
It: 120, Loss = 9.516e-01
It: 130, Loss = 9.515e-01
It: 140, Loss = 9.515e-01
It: 150, Loss = 9.514e-01
It: 160, Loss = 9.514e-01
It: 170, Loss = 9.513e-01
It: 180, Loss = 9.513e-01
It: 190, Loss = 9.512e-01
It: 200, Loss = 9.512e-01
It: 210, Loss = 9.512e-01
It: 220, Loss = 9.511e-01
It: 230, Loss = 9.511e-01
It: 240, Loss = 9.510e-01
It: 250, Loss = 9.510e-01
It: 260, Loss = 9.509e-01
It: 270, Loss = 9.509e-01
It: 280, Loss = 9.508e-01
It: 290, Loss = 9.507e-01
It: 300, Loss = 9.506e-01
It: 310, Loss = 9.504e-01
It: 320, Loss = 9.502e-01
It: 330, Loss = 9.500e-01
It: 340, Loss = 9.496e-01
It: 350, Loss = 9.491e-01
It: 360, Loss = 9.486e-01
It: 370, Loss = 9.481e-01
It: 380, Loss = 9.480e-01
It: 390, Loss = 9.479e-01
It: 400, Loss = 9.478e-01
It: 410, Loss = 9.477e-01
It: 420, Loss = 9.476e-01
It: 430, Loss = 9.474e-01
It: 440, Loss = 9.473e-01
It: 450, Loss = 9.475e-01
It: 460, Loss = 9.470e-01
It: 470, Loss = 9.467e-01
It: 480, Loss = 9.463e-01
It: 490, Loss = 9.458e-01
It: 500, Loss = 9.452e-01
It: 510, Loss = 9.441e-01
It: 520, Loss = 9.423e-01
It: 530, Loss = 9.393e-01
It: 540, Loss = 9.356e-01
It: 550, Loss = 9.298e-01
It: 560, Loss = 9.249e-01
It: 570, Loss = 9.179e-01
It: 580, Loss = 9.064e-01
It: 590, Loss = 9.139e-01
It: 600, Loss = 8.894e-01
It: 610, Loss = 8.760e-01
It: 620, Loss = 8.675e-01
It: 630, Loss = 8.587e-01
It: 640, Loss = 8.528e-01
It: 650, Loss = 8.495e-01
It: 660, Loss = 8.455e-01
It: 670, Loss = 8.429e-01
It: 680, Loss = 8.396e-01
It: 690, Loss = 8.358e-01
It: 700, Loss = 8.329e-01
It: 710, Loss = 8.285e-01
It: 720, Loss = 8.247e-01
It: 730, Loss = 8.278e-01
It: 740, Loss = 8.177e-01
It: 750, Loss = 8.097e-01
It: 760, Loss = 8.051e-01
It: 770, Loss = 7.989e-01
It: 780, Loss = 7.910e-01
It: 790, Loss = 7.787e-01
It: 800, Loss = 7.712e-01
It: 810, Loss = 7.507e-01
It: 820, Loss = 7.331e-01
It: 830, Loss = 7.219e-01
It: 840, Loss = 6.969e-01
It: 850, Loss = 6.786e-01
It: 860, Loss = 6.757e-01
It: 870, Loss = 6.627e-01
It: 880, Loss = 6.581e-01
It: 890, Loss = 6.539e-01
It: 900, Loss = 6.553e-01
It: 910, Loss = 6.505e-01
It: 920, Loss = 6.475e-01
It: 930, Loss = 6.453e-01
It: 940, Loss = 6.432e-01
It: 950, Loss = 6.414e-01
It: 960, Loss = 6.397e-01
It: 970, Loss = 6.380e-01
It: 980, Loss = 6.364e-01
It: 990, Loss = 6.364e-01
G_pred shape (100, 100)
It: 0, Loss = 3.394e+00
It: 10, Loss = 1.269e+00
It: 20, Loss = 1.161e+00
It: 30, Loss = 1.035e+00
It: 40, Loss = 9.962e-01
It: 50, Loss = 9.918e-01
It: 60, Loss = 9.891e-01
It: 70, Loss = 9.858e-01
It: 80, Loss = 9.827e-01
It: 90, Loss = 9.798e-01
It: 100, Loss = 9.769e-01
It: 110, Loss = 9.741e-01
It: 120, Loss = 9.713e-01
It: 130, Loss = 9.682e-01
It: 140, Loss = 9.648e-01
It: 150, Loss = 9.612e-01
It: 160, Loss = 9.575e-01
It: 170, Loss = 9.541e-01
It: 180, Loss = 9.515e-01
It: 190, Loss = 9.501e-01
It: 200, Loss = 9.496e-01
It: 210, Loss = 9.495e-01
It: 220, Loss = 9.493e-01
It: 230, Loss = 9.491e-01
It: 240, Loss = 9.490e-01
It: 250, Loss = 9.489e-01
It: 260, Loss = 9.488e-01
It: 270, Loss = 9.487e-01
It: 280, Loss = 9.486e-01
It: 290, Loss = 9.485e-01
It: 300, Loss = 9.483e-01
It: 310, Loss = 9.481e-01
It: 320, Loss = 9.478e-01
It: 330, Loss = 9.471e-01
It: 340, Loss = 9.458e-01
It: 350, Loss = 9.443e-01
It: 360, Loss = 9.434e-01
It: 370, Loss = 9.428e-01
It: 380, Loss = 9.424e-01
It: 390, Loss = 9.423e-01
It: 400, Loss = 9.419e-01
It: 410, Loss = 9.416e-01
It: 420, Loss = 9.412e-01
It: 430, Loss = 9.407e-01
It: 440, Loss = 9.403e-01
It: 450, Loss = 9.399e-01
It: 460, Loss = 9.395e-01
It: 470, Loss = 9.394e-01
It: 480, Loss = 9.393e-01
It: 490, Loss = 9.392e-01
It: 500, Loss = 9.392e-01
It: 510, Loss = 9.394e-01
It: 520, Loss = 9.391e-01
It: 530, Loss = 9.391e-01
It: 540, Loss = 9.390e-01
It: 550, Loss = 9.390e-01
It: 560, Loss = 9.390e-01
It: 570, Loss = 9.389e-01
It: 580, Loss = 9.389e-01
It: 590, Loss = 9.389e-01
It: 600, Loss = 9.388e-01
It: 610, Loss = 9.388e-01
It: 620, Loss = 9.388e-01
It: 630, Loss = 9.387e-01
It: 640, Loss = 9.387e-01
It: 650, Loss = 9.387e-01
It: 660, Loss = 9.386e-01
It: 670, Loss = 9.386e-01
It: 680, Loss = 9.386e-01
It: 690, Loss = 9.385e-01
It: 700, Loss = 9.385e-01
It: 710, Loss = 9.384e-01
It: 720, Loss = 9.384e-01
It: 730, Loss = 9.383e-01
It: 740, Loss = 9.382e-01
It: 750, Loss = 9.382e-01
It: 760, Loss = 9.381e-01
It: 770, Loss = 9.382e-01
It: 780, Loss = 9.379e-01
It: 790, Loss = 9.378e-01
It: 800, Loss = 9.377e-01
It: 810, Loss = 9.376e-01
It: 820, Loss = 9.374e-01
It: 830, Loss = 9.372e-01
It: 840, Loss = 9.370e-01
It: 850, Loss = 9.368e-01
It: 860, Loss = 9.366e-01
It: 870, Loss = 9.363e-01
It: 880, Loss = 9.359e-01
It: 890, Loss = 9.355e-01
It: 900, Loss = 9.351e-01
It: 910, Loss = 9.346e-01
It: 920, Loss = 9.338e-01
It: 930, Loss = 9.330e-01
It: 940, Loss = 9.319e-01
It: 950, Loss = 9.307e-01
It: 960, Loss = 9.292e-01
It: 970, Loss = 9.273e-01
It: 980, Loss = 9.254e-01
It: 990, Loss = 9.234e-01
G_pred shape (100, 100)
It: 0, Loss = 1.238e+00
It: 10, Loss = 9.994e-01
It: 20, Loss = 9.846e-01
It: 30, Loss = 9.716e-01
It: 40, Loss = 9.624e-01
It: 50, Loss = 9.569e-01
It: 60, Loss = 9.542e-01
It: 70, Loss = 9.534e-01
It: 80, Loss = 9.527e-01
It: 90, Loss = 9.523e-01
It: 100, Loss = 9.521e-01
It: 110, Loss = 9.520e-01
It: 120, Loss = 9.518e-01
It: 130, Loss = 9.517e-01
It: 140, Loss = 9.517e-01
It: 150, Loss = 9.516e-01
It: 160, Loss = 9.515e-01
It: 170, Loss = 9.514e-01
It: 180, Loss = 9.513e-01
It: 190, Loss = 9.512e-01
It: 200, Loss = 9.511e-01
It: 210, Loss = 9.510e-01
It: 220, Loss = 9.509e-01
It: 230, Loss = 9.508e-01
It: 240, Loss = 9.505e-01
It: 250, Loss = 9.500e-01
It: 260, Loss = 9.491e-01
It: 270, Loss = 9.479e-01
It: 280, Loss = 9.476e-01
It: 290, Loss = 9.474e-01
It: 300, Loss = 9.473e-01
It: 310, Loss = 9.472e-01
It: 320, Loss = 9.471e-01
It: 330, Loss = 9.471e-01
It: 340, Loss = 9.470e-01
It: 350, Loss = 9.469e-01
It: 360, Loss = 9.468e-01
It: 370, Loss = 9.467e-01
It: 380, Loss = 9.466e-01
It: 390, Loss = 9.467e-01
It: 400, Loss = 9.464e-01
It: 410, Loss = 9.462e-01
It: 420, Loss = 9.461e-01
It: 430, Loss = 9.459e-01
It: 440, Loss = 9.458e-01
It: 450, Loss = 9.456e-01
It: 460, Loss = 9.454e-01
It: 470, Loss = 9.452e-01
It: 480, Loss = 9.450e-01
It: 490, Loss = 9.447e-01
It: 500, Loss = 9.443e-01
It: 510, Loss = 9.439e-01
It: 520, Loss = 9.433e-01
It: 530, Loss = 9.425e-01
It: 540, Loss = 9.415e-01
It: 550, Loss = 9.403e-01
It: 560, Loss = 9.389e-01
It: 570, Loss = 9.373e-01
It: 580, Loss = 9.353e-01
It: 590, Loss = 9.331e-01
It: 600, Loss = 9.301e-01
It: 610, Loss = 9.264e-01
It: 620, Loss = 9.223e-01
It: 630, Loss = 9.172e-01
It: 640, Loss = 9.140e-01
It: 650, Loss = 9.071e-01
It: 660, Loss = 9.051e-01
It: 670, Loss = 8.965e-01
It: 680, Loss = 8.915e-01
It: 690, Loss = 8.848e-01
It: 700, Loss = 8.775e-01
It: 710, Loss = 8.790e-01
It: 720, Loss = 8.543e-01
It: 730, Loss = 8.535e-01
It: 740, Loss = 8.215e-01
It: 750, Loss = 7.923e-01
It: 760, Loss = 7.960e-01
It: 770, Loss = 7.533e-01
It: 780, Loss = 7.229e-01
It: 790, Loss = 7.275e-01
It: 800, Loss = 7.136e-01
It: 810, Loss = 6.913e-01
It: 820, Loss = 6.735e-01
It: 830, Loss = 6.609e-01
It: 840, Loss = 6.481e-01
It: 850, Loss = 6.365e-01
It: 860, Loss = 6.388e-01
It: 870, Loss = 6.194e-01
It: 880, Loss = 6.073e-01
It: 890, Loss = 5.961e-01
It: 900, Loss = 5.867e-01
It: 910, Loss = 5.782e-01
It: 920, Loss = 5.687e-01
It: 930, Loss = 6.135e-01
It: 940, Loss = 5.575e-01
It: 950, Loss = 5.359e-01
It: 960, Loss = 5.142e-01
It: 970, Loss = 5.258e-01
It: 980, Loss = 4.743e-01
It: 990, Loss = 4.560e-01
G_pred shape (100, 100)
It: 0, Loss = 1.469e+00
It: 10, Loss = 1.073e+00
It: 20, Loss = 1.017e+00
It: 30, Loss = 9.955e-01
It: 40, Loss = 9.860e-01
It: 50, Loss = 9.804e-01
It: 60, Loss = 9.752e-01
It: 70, Loss = 9.701e-01
It: 80, Loss = 9.652e-01
It: 90, Loss = 9.609e-01
It: 100, Loss = 9.574e-01
It: 110, Loss = 9.547e-01
It: 120, Loss = 9.533e-01
It: 130, Loss = 9.528e-01
It: 140, Loss = 9.527e-01
It: 150, Loss = 9.526e-01
It: 160, Loss = 9.525e-01
It: 170, Loss = 9.524e-01
It: 180, Loss = 9.523e-01
It: 190, Loss = 9.523e-01
It: 200, Loss = 9.522e-01
It: 210, Loss = 9.522e-01
It: 220, Loss = 9.521e-01
It: 230, Loss = 9.520e-01
It: 240, Loss = 9.519e-01
It: 250, Loss = 9.518e-01
It: 260, Loss = 9.517e-01
It: 270, Loss = 9.515e-01
It: 280, Loss = 9.514e-01
It: 290, Loss = 9.512e-01
It: 300, Loss = 9.510e-01
It: 310, Loss = 9.508e-01
It: 320, Loss = 9.506e-01
It: 330, Loss = 9.504e-01
It: 340, Loss = 9.502e-01
It: 350, Loss = 9.501e-01
It: 360, Loss = 9.501e-01
It: 370, Loss = 9.500e-01
It: 380, Loss = 9.500e-01
It: 390, Loss = 9.499e-01
It: 400, Loss = 9.498e-01
It: 410, Loss = 9.497e-01
It: 420, Loss = 9.496e-01
It: 430, Loss = 9.494e-01
It: 440, Loss = 9.493e-01
It: 450, Loss = 9.493e-01
It: 460, Loss = 9.490e-01
It: 470, Loss = 9.486e-01
It: 480, Loss = 9.483e-01
It: 490, Loss = 9.480e-01
It: 500, Loss = 9.475e-01
It: 510, Loss = 9.470e-01
It: 520, Loss = 9.463e-01
It: 530, Loss = 9.458e-01
It: 540, Loss = 9.441e-01
It: 550, Loss = 9.423e-01
It: 560, Loss = 9.394e-01
It: 570, Loss = 9.351e-01
It: 580, Loss = 9.286e-01
It: 590, Loss = 9.201e-01
It: 600, Loss = 9.105e-01
It: 610, Loss = 9.011e-01
It: 620, Loss = 8.884e-01
It: 630, Loss = 8.732e-01
It: 640, Loss = 8.581e-01
It: 650, Loss = 8.400e-01
It: 660, Loss = 8.199e-01
It: 670, Loss = 8.062e-01
It: 680, Loss = 7.856e-01
It: 690, Loss = 7.697e-01
It: 700, Loss = 7.593e-01
It: 710, Loss = 7.505e-01
It: 720, Loss = 7.414e-01
It: 730, Loss = 7.360e-01
It: 740, Loss = 7.297e-01
It: 750, Loss = 7.220e-01
It: 760, Loss = 7.128e-01
It: 770, Loss = 7.062e-01
It: 780, Loss = 7.039e-01
It: 790, Loss = 6.951e-01
It: 800, Loss = 7.261e-01
It: 810, Loss = 6.854e-01
It: 820, Loss = 6.811e-01
It: 830, Loss = 6.763e-01
It: 840, Loss = 6.725e-01
It: 850, Loss = 6.673e-01
It: 860, Loss = 6.655e-01
It: 870, Loss = 6.793e-01
It: 880, Loss = 6.620e-01
It: 890, Loss = 6.543e-01
It: 900, Loss = 6.498e-01
It: 910, Loss = 6.461e-01
It: 920, Loss = 6.430e-01
It: 930, Loss = 6.485e-01
It: 940, Loss = 6.371e-01
It: 950, Loss = 6.346e-01
It: 960, Loss = 6.319e-01
It: 970, Loss = 6.298e-01
It: 980, Loss = 6.263e-01
It: 990, Loss = 6.236e-01
G_pred shape (100, 100)
It: 0, Loss = 1.065e+00
It: 10, Loss = 1.016e+00
It: 20, Loss = 9.848e-01
It: 30, Loss = 9.815e-01
It: 40, Loss = 9.745e-01
It: 50, Loss = 9.678e-01
It: 60, Loss = 9.621e-01
It: 70, Loss = 9.583e-01
It: 80, Loss = 9.570e-01
It: 90, Loss = 9.566e-01
It: 100, Loss = 9.562e-01
It: 110, Loss = 9.560e-01
It: 120, Loss = 9.558e-01
It: 130, Loss = 9.557e-01
It: 140, Loss = 9.556e-01
It: 150, Loss = 9.555e-01
It: 160, Loss = 9.554e-01
It: 170, Loss = 9.553e-01
It: 180, Loss = 9.552e-01
It: 190, Loss = 9.551e-01
It: 200, Loss = 9.550e-01
It: 210, Loss = 9.548e-01
It: 220, Loss = 9.547e-01
It: 230, Loss = 9.546e-01
It: 240, Loss = 9.544e-01
It: 250, Loss = 9.542e-01
It: 260, Loss = 9.539e-01
It: 270, Loss = 9.536e-01
It: 280, Loss = 9.532e-01
It: 290, Loss = 9.528e-01
It: 300, Loss = 9.524e-01
It: 310, Loss = 9.520e-01
It: 320, Loss = 9.517e-01
It: 330, Loss = 9.513e-01
It: 340, Loss = 9.510e-01
It: 350, Loss = 9.506e-01
It: 360, Loss = 9.502e-01
It: 370, Loss = 9.497e-01
It: 380, Loss = 9.491e-01
It: 390, Loss = 9.484e-01
It: 400, Loss = 9.476e-01
It: 410, Loss = 9.466e-01
It: 420, Loss = 9.453e-01
It: 430, Loss = 9.436e-01
It: 440, Loss = 9.413e-01
It: 450, Loss = 9.381e-01
It: 460, Loss = 9.338e-01
It: 470, Loss = 9.276e-01
It: 480, Loss = 9.181e-01
It: 490, Loss = 9.068e-01
It: 500, Loss = 8.910e-01
It: 510, Loss = 8.780e-01
It: 520, Loss = 8.720e-01
It: 530, Loss = 8.632e-01
It: 540, Loss = 8.557e-01
It: 550, Loss = 8.478e-01
It: 560, Loss = 8.386e-01
It: 570, Loss = 8.307e-01
It: 580, Loss = 8.201e-01
It: 590, Loss = 8.072e-01
It: 600, Loss = 7.913e-01
It: 610, Loss = 7.941e-01
It: 620, Loss = 7.546e-01
It: 630, Loss = 7.326e-01
It: 640, Loss = 7.138e-01
It: 650, Loss = 7.110e-01
It: 660, Loss = 6.914e-01
It: 670, Loss = 6.723e-01
It: 680, Loss = 6.743e-01
It: 690, Loss = 6.655e-01
It: 700, Loss = 6.466e-01
It: 710, Loss = 6.382e-01
It: 720, Loss = 6.302e-01
It: 730, Loss = 6.441e-01
It: 740, Loss = 6.234e-01
It: 750, Loss = 6.122e-01
It: 760, Loss = 6.044e-01
It: 770, Loss = 5.976e-01
It: 780, Loss = 5.911e-01
It: 790, Loss = 6.024e-01
It: 800, Loss = 5.827e-01
It: 810, Loss = 5.712e-01
It: 820, Loss = 5.631e-01
It: 830, Loss = 5.559e-01
It: 840, Loss = 5.491e-01
It: 850, Loss = 5.770e-01
It: 860, Loss = 5.465e-01
It: 870, Loss = 5.336e-01
It: 880, Loss = 5.501e-01
It: 890, Loss = 5.378e-01
It: 900, Loss = 5.164e-01
It: 910, Loss = 5.118e-01
It: 920, Loss = 5.022e-01
It: 930, Loss = 4.948e-01
It: 940, Loss = 4.837e-01
It: 950, Loss = 4.773e-01
It: 960, Loss = 4.638e-01
It: 970, Loss = 4.477e-01
It: 980, Loss = 4.905e-01
It: 990, Loss = 4.467e-01
G_pred shape (100, 100)
