Using TensorFlow 2 backend.

noise_ratio =  0.17346939
It: 0, Loss = 1.223e+00
It: 10, Loss = 1.009e+00
It: 20, Loss = 1.018e+00
It: 30, Loss = 9.785e-01
It: 40, Loss = 9.761e-01
It: 50, Loss = 9.674e-01
It: 60, Loss = 9.622e-01
It: 70, Loss = 9.560e-01
It: 80, Loss = 9.490e-01
It: 90, Loss = 9.419e-01
It: 100, Loss = 9.363e-01
It: 110, Loss = 9.336e-01
It: 120, Loss = 9.330e-01
It: 130, Loss = 9.324e-01
It: 140, Loss = 9.320e-01
It: 150, Loss = 9.318e-01
It: 160, Loss = 9.315e-01
It: 170, Loss = 9.313e-01
It: 180, Loss = 9.312e-01
It: 190, Loss = 9.310e-01
It: 200, Loss = 9.309e-01
It: 210, Loss = 9.307e-01
It: 220, Loss = 9.306e-01
It: 230, Loss = 9.304e-01
It: 240, Loss = 9.301e-01
It: 250, Loss = 9.298e-01
It: 260, Loss = 9.294e-01
It: 270, Loss = 9.284e-01
It: 280, Loss = 9.267e-01
It: 290, Loss = 9.240e-01
It: 300, Loss = 9.224e-01
It: 310, Loss = 9.215e-01
It: 320, Loss = 9.204e-01
It: 330, Loss = 9.195e-01
It: 340, Loss = 9.188e-01
It: 350, Loss = 9.185e-01
It: 360, Loss = 9.181e-01
It: 370, Loss = 9.177e-01
It: 380, Loss = 9.173e-01
It: 390, Loss = 9.169e-01
It: 400, Loss = 9.165e-01
It: 410, Loss = 9.160e-01
It: 420, Loss = 9.155e-01
It: 430, Loss = 9.149e-01
It: 440, Loss = 9.143e-01
It: 450, Loss = 9.135e-01
It: 460, Loss = 9.127e-01
It: 470, Loss = 9.117e-01
It: 480, Loss = 9.108e-01
It: 490, Loss = 9.094e-01
It: 500, Loss = 9.078e-01
It: 510, Loss = 9.059e-01
It: 520, Loss = 9.034e-01
It: 530, Loss = 8.996e-01
It: 540, Loss = 8.933e-01
It: 550, Loss = 8.863e-01
It: 560, Loss = 8.755e-01
It: 570, Loss = 8.893e-01
It: 580, Loss = 8.612e-01
It: 590, Loss = 8.469e-01
It: 600, Loss = 8.400e-01
It: 610, Loss = 8.349e-01
It: 620, Loss = 8.289e-01
It: 630, Loss = 8.235e-01
It: 640, Loss = 8.189e-01
It: 650, Loss = 8.422e-01
It: 660, Loss = 8.123e-01
It: 670, Loss = 8.151e-01
It: 680, Loss = 8.061e-01
It: 690, Loss = 8.027e-01
It: 700, Loss = 7.992e-01
It: 710, Loss = 7.956e-01
It: 720, Loss = 7.920e-01
It: 730, Loss = 7.885e-01
It: 740, Loss = 7.852e-01
It: 750, Loss = 7.848e-01
It: 760, Loss = 7.829e-01
It: 770, Loss = 7.775e-01
It: 780, Loss = 7.744e-01
It: 790, Loss = 7.713e-01
It: 800, Loss = 7.675e-01
It: 810, Loss = 7.634e-01
It: 820, Loss = 7.983e-01
It: 830, Loss = 7.573e-01
It: 840, Loss = 7.541e-01
It: 850, Loss = 7.503e-01
It: 860, Loss = 7.456e-01
It: 870, Loss = 7.397e-01
It: 880, Loss = 7.336e-01
It: 890, Loss = 7.265e-01
It: 900, Loss = 7.307e-01
It: 910, Loss = 7.141e-01
It: 920, Loss = 7.033e-01
It: 930, Loss = 6.856e-01
It: 940, Loss = 7.875e-01
It: 950, Loss = 6.743e-01
It: 960, Loss = 6.563e-01
It: 970, Loss = 6.347e-01
It: 980, Loss = 6.052e-01
It: 990, Loss = 5.732e-01
G_pred shape (100, 100)
It: 0, Loss = 1.473e+00
It: 10, Loss = 1.043e+00
It: 20, Loss = 1.005e+00
It: 30, Loss = 9.890e-01
It: 40, Loss = 9.785e-01
It: 50, Loss = 9.710e-01
It: 60, Loss = 9.647e-01
It: 70, Loss = 9.582e-01
It: 80, Loss = 9.514e-01
It: 90, Loss = 9.448e-01
It: 100, Loss = 9.391e-01
It: 110, Loss = 9.358e-01
It: 120, Loss = 9.348e-01
It: 130, Loss = 9.344e-01
It: 140, Loss = 9.341e-01
It: 150, Loss = 9.339e-01
It: 160, Loss = 9.338e-01
It: 170, Loss = 9.337e-01
It: 180, Loss = 9.336e-01
It: 190, Loss = 9.335e-01
It: 200, Loss = 9.334e-01
It: 210, Loss = 9.333e-01
It: 220, Loss = 9.332e-01
It: 230, Loss = 9.330e-01
It: 240, Loss = 9.329e-01
It: 250, Loss = 9.328e-01
It: 260, Loss = 9.327e-01
It: 270, Loss = 9.325e-01
It: 280, Loss = 9.323e-01
It: 290, Loss = 9.322e-01
It: 300, Loss = 9.320e-01
It: 310, Loss = 9.318e-01
It: 320, Loss = 9.315e-01
It: 330, Loss = 9.313e-01
It: 340, Loss = 9.310e-01
It: 350, Loss = 9.307e-01
It: 360, Loss = 9.303e-01
It: 370, Loss = 9.299e-01
It: 380, Loss = 9.294e-01
It: 390, Loss = 9.288e-01
It: 400, Loss = 9.281e-01
It: 410, Loss = 9.272e-01
It: 420, Loss = 9.259e-01
It: 430, Loss = 9.240e-01
It: 440, Loss = 9.212e-01
It: 450, Loss = 9.182e-01
It: 460, Loss = 9.155e-01
It: 470, Loss = 9.127e-01
It: 480, Loss = 9.086e-01
It: 490, Loss = 9.024e-01
It: 500, Loss = 8.922e-01
It: 510, Loss = 8.753e-01
It: 520, Loss = 8.519e-01
It: 530, Loss = 8.355e-01
It: 540, Loss = 8.305e-01
It: 550, Loss = 8.258e-01
It: 560, Loss = 8.218e-01
It: 570, Loss = 8.176e-01
It: 580, Loss = 8.121e-01
It: 590, Loss = 8.054e-01
It: 600, Loss = 7.971e-01
It: 610, Loss = 7.869e-01
It: 620, Loss = 7.756e-01
It: 630, Loss = 7.615e-01
It: 640, Loss = 7.480e-01
It: 650, Loss = 7.332e-01
It: 660, Loss = 7.149e-01
It: 670, Loss = 6.909e-01
It: 680, Loss = 6.658e-01
It: 690, Loss = 6.443e-01
It: 700, Loss = 6.251e-01
It: 710, Loss = 6.222e-01
It: 720, Loss = 6.174e-01
It: 730, Loss = 6.043e-01
It: 740, Loss = 5.959e-01
It: 750, Loss = 5.890e-01
It: 760, Loss = 5.841e-01
It: 770, Loss = 5.794e-01
It: 780, Loss = 5.755e-01
It: 790, Loss = 5.822e-01
It: 800, Loss = 5.703e-01
It: 810, Loss = 5.697e-01
It: 820, Loss = 5.616e-01
It: 830, Loss = 5.570e-01
It: 840, Loss = 5.544e-01
It: 850, Loss = 5.500e-01
It: 860, Loss = 5.470e-01
It: 870, Loss = 5.460e-01
It: 880, Loss = 5.396e-01
It: 890, Loss = 5.353e-01
It: 900, Loss = 5.294e-01
It: 910, Loss = 5.219e-01
It: 920, Loss = 5.120e-01
It: 930, Loss = 5.006e-01
It: 940, Loss = 5.206e-01
It: 950, Loss = 4.736e-01
It: 960, Loss = 4.699e-01
It: 970, Loss = 4.490e-01
It: 980, Loss = 4.321e-01
It: 990, Loss = 4.189e-01
G_pred shape (100, 100)
It: 0, Loss = 2.281e+00
It: 10, Loss = 1.100e+00
It: 20, Loss = 1.015e+00
It: 30, Loss = 9.875e-01
It: 40, Loss = 9.757e-01
It: 50, Loss = 9.696e-01
It: 60, Loss = 9.639e-01
It: 70, Loss = 9.582e-01
It: 80, Loss = 9.530e-01
It: 90, Loss = 9.484e-01
It: 100, Loss = 9.441e-01
It: 110, Loss = 9.400e-01
It: 120, Loss = 9.366e-01
It: 130, Loss = 9.343e-01
It: 140, Loss = 9.329e-01
It: 150, Loss = 9.323e-01
It: 160, Loss = 9.320e-01
It: 170, Loss = 9.317e-01
It: 180, Loss = 9.315e-01
It: 190, Loss = 9.313e-01
It: 200, Loss = 9.312e-01
It: 210, Loss = 9.311e-01
It: 220, Loss = 9.310e-01
It: 230, Loss = 9.309e-01
It: 240, Loss = 9.308e-01
It: 250, Loss = 9.307e-01
It: 260, Loss = 9.307e-01
It: 270, Loss = 9.306e-01
It: 280, Loss = 9.305e-01
It: 290, Loss = 9.304e-01
It: 300, Loss = 9.303e-01
It: 310, Loss = 9.302e-01
It: 320, Loss = 9.301e-01
It: 330, Loss = 9.300e-01
It: 340, Loss = 9.299e-01
It: 350, Loss = 9.297e-01
It: 360, Loss = 9.295e-01
It: 370, Loss = 9.293e-01
It: 380, Loss = 9.290e-01
It: 390, Loss = 9.285e-01
It: 400, Loss = 9.279e-01
It: 410, Loss = 9.271e-01
It: 420, Loss = 9.261e-01
It: 430, Loss = 9.254e-01
It: 440, Loss = 9.251e-01
It: 450, Loss = 9.247e-01
It: 460, Loss = 9.244e-01
It: 470, Loss = 9.241e-01
It: 480, Loss = 9.237e-01
It: 490, Loss = 9.234e-01
It: 500, Loss = 9.230e-01
It: 510, Loss = 9.227e-01
It: 520, Loss = 9.224e-01
It: 530, Loss = 9.221e-01
It: 540, Loss = 9.218e-01
It: 550, Loss = 9.215e-01
It: 560, Loss = 9.211e-01
It: 570, Loss = 9.207e-01
It: 580, Loss = 9.202e-01
It: 590, Loss = 9.196e-01
It: 600, Loss = 9.189e-01
It: 610, Loss = 9.179e-01
It: 620, Loss = 9.165e-01
It: 630, Loss = 9.145e-01
It: 640, Loss = 9.113e-01
It: 650, Loss = 9.062e-01
It: 660, Loss = 8.983e-01
It: 670, Loss = 8.878e-01
It: 680, Loss = 8.761e-01
It: 690, Loss = 8.655e-01
It: 700, Loss = 8.554e-01
It: 710, Loss = 8.444e-01
It: 720, Loss = 8.300e-01
It: 730, Loss = 8.204e-01
It: 740, Loss = 8.192e-01
It: 750, Loss = 8.080e-01
It: 760, Loss = 7.989e-01
It: 770, Loss = 7.915e-01
It: 780, Loss = 7.961e-01
It: 790, Loss = 7.868e-01
It: 800, Loss = 7.685e-01
It: 810, Loss = 7.655e-01
It: 820, Loss = 7.717e-01
It: 830, Loss = 7.517e-01
It: 840, Loss = 7.396e-01
It: 850, Loss = 7.184e-01
It: 860, Loss = 7.990e-01
It: 870, Loss = 7.436e-01
It: 880, Loss = 7.041e-01
It: 890, Loss = 6.891e-01
It: 900, Loss = 6.764e-01
It: 910, Loss = 6.655e-01
It: 920, Loss = 6.548e-01
It: 930, Loss = 6.435e-01
It: 940, Loss = 6.328e-01
It: 950, Loss = 6.231e-01
It: 960, Loss = 6.146e-01
It: 970, Loss = 6.075e-01
It: 980, Loss = 6.018e-01
It: 990, Loss = 6.964e-01
G_pred shape (100, 100)
It: 0, Loss = 1.033e+00
It: 10, Loss = 1.063e+00
It: 20, Loss = 9.715e-01
It: 30, Loss = 9.587e-01
It: 40, Loss = 9.553e-01
It: 50, Loss = 9.448e-01
It: 60, Loss = 9.396e-01
It: 70, Loss = 9.359e-01
It: 80, Loss = 9.349e-01
It: 90, Loss = 9.343e-01
It: 100, Loss = 9.337e-01
It: 110, Loss = 9.335e-01
It: 120, Loss = 9.334e-01
It: 130, Loss = 9.332e-01
It: 140, Loss = 9.330e-01
It: 150, Loss = 9.329e-01
It: 160, Loss = 9.328e-01
It: 170, Loss = 9.327e-01
It: 180, Loss = 9.325e-01
It: 190, Loss = 9.324e-01
It: 200, Loss = 9.323e-01
It: 210, Loss = 9.322e-01
It: 220, Loss = 9.320e-01
It: 230, Loss = 9.319e-01
It: 240, Loss = 9.318e-01
It: 250, Loss = 9.316e-01
It: 260, Loss = 9.314e-01
It: 270, Loss = 9.312e-01
It: 280, Loss = 9.310e-01
It: 290, Loss = 9.308e-01
It: 300, Loss = 9.305e-01
It: 310, Loss = 9.302e-01
It: 320, Loss = 9.298e-01
It: 330, Loss = 9.293e-01
It: 340, Loss = 9.287e-01
It: 350, Loss = 9.280e-01
It: 360, Loss = 9.271e-01
It: 370, Loss = 9.259e-01
It: 380, Loss = 9.242e-01
It: 390, Loss = 9.218e-01
It: 400, Loss = 9.179e-01
It: 410, Loss = 9.112e-01
It: 420, Loss = 8.987e-01
It: 430, Loss = 8.763e-01
It: 440, Loss = 8.594e-01
It: 450, Loss = 8.494e-01
It: 460, Loss = 8.385e-01
It: 470, Loss = 8.260e-01
It: 480, Loss = 8.139e-01
It: 490, Loss = 7.988e-01
It: 500, Loss = 7.854e-01
It: 510, Loss = 7.588e-01
It: 520, Loss = 7.146e-01
It: 530, Loss = 6.968e-01
It: 540, Loss = 6.728e-01
It: 550, Loss = 6.548e-01
It: 560, Loss = 6.417e-01
It: 570, Loss = 6.319e-01
It: 580, Loss = 6.226e-01
It: 590, Loss = 6.170e-01
It: 600, Loss = 6.122e-01
It: 610, Loss = 6.062e-01
It: 620, Loss = 6.000e-01
It: 630, Loss = 5.929e-01
It: 640, Loss = 5.886e-01
It: 650, Loss = 5.842e-01
It: 660, Loss = 5.907e-01
It: 670, Loss = 5.766e-01
It: 680, Loss = 5.744e-01
It: 690, Loss = 5.706e-01
It: 700, Loss = 5.682e-01
It: 710, Loss = 5.840e-01
It: 720, Loss = 5.684e-01
It: 730, Loss = 5.620e-01
It: 740, Loss = 5.598e-01
It: 750, Loss = 5.583e-01
It: 760, Loss = 5.565e-01
It: 770, Loss = 5.668e-01
It: 780, Loss = 5.528e-01
It: 790, Loss = 5.518e-01
It: 800, Loss = 5.490e-01
It: 810, Loss = 5.466e-01
It: 820, Loss = 5.435e-01
It: 830, Loss = 5.602e-01
It: 840, Loss = 5.401e-01
It: 850, Loss = 5.332e-01
It: 860, Loss = 5.261e-01
It: 870, Loss = 5.161e-01
It: 880, Loss = 5.040e-01
It: 890, Loss = 4.901e-01
It: 900, Loss = 5.501e-01
It: 910, Loss = 4.865e-01
It: 920, Loss = 4.612e-01
It: 930, Loss = 4.530e-01
It: 940, Loss = 4.436e-01
It: 950, Loss = 4.359e-01
It: 960, Loss = 4.548e-01
It: 970, Loss = 4.301e-01
It: 980, Loss = 4.187e-01
It: 990, Loss = 4.135e-01
G_pred shape (100, 100)
It: 0, Loss = 1.117e+00
It: 10, Loss = 1.004e+00
It: 20, Loss = 9.712e-01
It: 30, Loss = 9.523e-01
It: 40, Loss = 9.439e-01
It: 50, Loss = 9.427e-01
It: 60, Loss = 9.423e-01
It: 70, Loss = 9.417e-01
It: 80, Loss = 9.411e-01
It: 90, Loss = 9.404e-01
It: 100, Loss = 9.397e-01
It: 110, Loss = 9.388e-01
It: 120, Loss = 9.380e-01
It: 130, Loss = 9.375e-01
It: 140, Loss = 9.374e-01
It: 150, Loss = 9.373e-01
It: 160, Loss = 9.372e-01
It: 170, Loss = 9.371e-01
It: 180, Loss = 9.370e-01
It: 190, Loss = 9.369e-01
It: 200, Loss = 9.368e-01
It: 210, Loss = 9.367e-01
It: 220, Loss = 9.366e-01
It: 230, Loss = 9.365e-01
It: 240, Loss = 9.363e-01
It: 250, Loss = 9.362e-01
It: 260, Loss = 9.360e-01
It: 270, Loss = 9.359e-01
It: 280, Loss = 9.357e-01
It: 290, Loss = 9.355e-01
It: 300, Loss = 9.353e-01
It: 310, Loss = 9.351e-01
It: 320, Loss = 9.348e-01
It: 330, Loss = 9.345e-01
It: 340, Loss = 9.342e-01
It: 350, Loss = 9.339e-01
It: 360, Loss = 9.335e-01
It: 370, Loss = 9.330e-01
It: 380, Loss = 9.324e-01
It: 390, Loss = 9.318e-01
It: 400, Loss = 9.309e-01
It: 410, Loss = 9.296e-01
It: 420, Loss = 9.276e-01
It: 430, Loss = 9.235e-01
It: 440, Loss = 9.149e-01
It: 450, Loss = 9.285e-01
It: 460, Loss = 8.881e-01
It: 470, Loss = 8.688e-01
It: 480, Loss = 8.449e-01
It: 490, Loss = 8.215e-01
It: 500, Loss = 8.117e-01
It: 510, Loss = 8.011e-01
It: 520, Loss = 7.973e-01
It: 530, Loss = 7.925e-01
It: 540, Loss = 7.880e-01
It: 550, Loss = 7.836e-01
It: 560, Loss = 7.791e-01
It: 570, Loss = 7.762e-01
It: 580, Loss = 7.758e-01
It: 590, Loss = 7.685e-01
It: 600, Loss = 7.624e-01
It: 610, Loss = 7.588e-01
It: 620, Loss = 7.493e-01
It: 630, Loss = 7.419e-01
It: 640, Loss = 7.789e-01
It: 650, Loss = 7.293e-01
It: 660, Loss = 7.226e-01
It: 670, Loss = 7.156e-01
It: 680, Loss = 7.073e-01
It: 690, Loss = 6.992e-01
It: 700, Loss = 6.900e-01
It: 710, Loss = 6.797e-01
It: 720, Loss = 6.683e-01
It: 730, Loss = 6.546e-01
It: 740, Loss = 6.525e-01
It: 750, Loss = 6.273e-01
It: 760, Loss = 6.141e-01
It: 770, Loss = 6.023e-01
It: 780, Loss = 6.010e-01
It: 790, Loss = 5.846e-01
It: 800, Loss = 5.650e-01
It: 810, Loss = 5.416e-01
It: 820, Loss = 5.770e-01
It: 830, Loss = 5.021e-01
It: 840, Loss = 4.734e-01
It: 850, Loss = 4.292e-01
It: 860, Loss = 4.066e-01
It: 870, Loss = 3.547e-01
It: 880, Loss = 4.525e-01
It: 890, Loss = 2.955e-01
It: 900, Loss = 2.673e-01
It: 910, Loss = 2.355e-01
It: 920, Loss = 2.023e-01
It: 930, Loss = 1.726e-01
It: 940, Loss = 4.062e-01
It: 950, Loss = 1.646e-01
It: 960, Loss = 1.618e-01
It: 970, Loss = 1.347e-01
It: 980, Loss = 1.229e-01
It: 990, Loss = 1.132e-01
G_pred shape (100, 100)
