Using TensorFlow 2 backend.

noise_ratio =  0.1122449
It: 0, Loss = 1.328e+00
It: 10, Loss = 1.045e+00
It: 20, Loss = 9.973e-01
It: 30, Loss = 9.777e-01
It: 40, Loss = 9.688e-01
It: 50, Loss = 9.624e-01
It: 60, Loss = 9.567e-01
It: 70, Loss = 9.504e-01
It: 80, Loss = 9.438e-01
It: 90, Loss = 9.380e-01
It: 100, Loss = 9.333e-01
It: 110, Loss = 9.305e-01
It: 120, Loss = 9.298e-01
It: 130, Loss = 9.296e-01
It: 140, Loss = 9.293e-01
It: 150, Loss = 9.290e-01
It: 160, Loss = 9.288e-01
It: 170, Loss = 9.286e-01
It: 180, Loss = 9.284e-01
It: 190, Loss = 9.282e-01
It: 200, Loss = 9.280e-01
It: 210, Loss = 9.278e-01
It: 220, Loss = 9.276e-01
It: 230, Loss = 9.274e-01
It: 240, Loss = 9.272e-01
It: 250, Loss = 9.270e-01
It: 260, Loss = 9.268e-01
It: 270, Loss = 9.266e-01
It: 280, Loss = 9.263e-01
It: 290, Loss = 9.261e-01
It: 300, Loss = 9.258e-01
It: 310, Loss = 9.255e-01
It: 320, Loss = 9.251e-01
It: 330, Loss = 9.247e-01
It: 340, Loss = 9.243e-01
It: 350, Loss = 9.238e-01
It: 360, Loss = 9.232e-01
It: 370, Loss = 9.226e-01
It: 380, Loss = 9.218e-01
It: 390, Loss = 9.209e-01
It: 400, Loss = 9.199e-01
It: 410, Loss = 9.186e-01
It: 420, Loss = 9.172e-01
It: 430, Loss = 9.154e-01
It: 440, Loss = 9.130e-01
It: 450, Loss = 9.100e-01
It: 460, Loss = 9.056e-01
It: 470, Loss = 8.989e-01
It: 480, Loss = 8.885e-01
It: 490, Loss = 8.730e-01
It: 500, Loss = 8.539e-01
It: 510, Loss = 8.380e-01
It: 520, Loss = 8.279e-01
It: 530, Loss = 8.189e-01
It: 540, Loss = 8.095e-01
It: 550, Loss = 7.984e-01
It: 560, Loss = 7.916e-01
It: 570, Loss = 7.859e-01
It: 580, Loss = 7.807e-01
It: 590, Loss = 7.758e-01
It: 600, Loss = 7.711e-01
It: 610, Loss = 7.666e-01
It: 620, Loss = 7.619e-01
It: 630, Loss = 7.568e-01
It: 640, Loss = 7.510e-01
It: 650, Loss = 7.453e-01
It: 660, Loss = 7.388e-01
It: 670, Loss = 7.328e-01
It: 680, Loss = 7.243e-01
It: 690, Loss = 7.171e-01
It: 700, Loss = 7.095e-01
It: 710, Loss = 7.025e-01
It: 720, Loss = 7.022e-01
It: 730, Loss = 6.953e-01
It: 740, Loss = 6.870e-01
It: 750, Loss = 6.802e-01
It: 760, Loss = 6.740e-01
It: 770, Loss = 6.674e-01
It: 780, Loss = 6.671e-01
It: 790, Loss = 6.521e-01
It: 800, Loss = 6.428e-01
It: 810, Loss = 6.370e-01
It: 820, Loss = 6.224e-01
It: 830, Loss = 6.103e-01
It: 840, Loss = 5.984e-01
It: 850, Loss = 5.743e-01
It: 860, Loss = 5.589e-01
It: 870, Loss = 5.526e-01
It: 880, Loss = 5.283e-01
It: 890, Loss = 5.162e-01
It: 900, Loss = 4.990e-01
It: 910, Loss = 4.846e-01
It: 920, Loss = 5.167e-01
It: 930, Loss = 4.624e-01
It: 940, Loss = 4.412e-01
It: 950, Loss = 4.200e-01
It: 960, Loss = 4.390e-01
It: 970, Loss = 4.080e-01
It: 980, Loss = 3.693e-01
It: 990, Loss = 3.346e-01
G_pred shape (100, 100)
It: 0, Loss = 1.125e+00
It: 10, Loss = 1.132e+00
It: 20, Loss = 1.016e+00
It: 30, Loss = 9.745e-01
It: 40, Loss = 9.595e-01
It: 50, Loss = 9.540e-01
It: 60, Loss = 9.490e-01
It: 70, Loss = 9.428e-01
It: 80, Loss = 9.381e-01
It: 90, Loss = 9.344e-01
It: 100, Loss = 9.321e-01
It: 110, Loss = 9.309e-01
It: 120, Loss = 9.305e-01
It: 130, Loss = 9.301e-01
It: 140, Loss = 9.297e-01
It: 150, Loss = 9.294e-01
It: 160, Loss = 9.291e-01
It: 170, Loss = 9.289e-01
It: 180, Loss = 9.287e-01
It: 190, Loss = 9.285e-01
It: 200, Loss = 9.284e-01
It: 210, Loss = 9.283e-01
It: 220, Loss = 9.282e-01
It: 230, Loss = 9.280e-01
It: 240, Loss = 9.279e-01
It: 250, Loss = 9.278e-01
It: 260, Loss = 9.277e-01
It: 270, Loss = 9.276e-01
It: 280, Loss = 9.275e-01
It: 290, Loss = 9.273e-01
It: 300, Loss = 9.272e-01
It: 310, Loss = 9.270e-01
It: 320, Loss = 9.267e-01
It: 330, Loss = 9.262e-01
It: 340, Loss = 9.254e-01
It: 350, Loss = 9.237e-01
It: 360, Loss = 9.206e-01
It: 370, Loss = 9.187e-01
It: 380, Loss = 9.182e-01
It: 390, Loss = 9.175e-01
It: 400, Loss = 9.172e-01
It: 410, Loss = 9.169e-01
It: 420, Loss = 9.166e-01
It: 430, Loss = 9.164e-01
It: 440, Loss = 9.161e-01
It: 450, Loss = 9.158e-01
It: 460, Loss = 9.154e-01
It: 470, Loss = 9.150e-01
It: 480, Loss = 9.144e-01
It: 490, Loss = 9.137e-01
It: 500, Loss = 9.128e-01
It: 510, Loss = 9.116e-01
It: 520, Loss = 9.092e-01
It: 530, Loss = 9.050e-01
It: 540, Loss = 8.961e-01
It: 550, Loss = 8.760e-01
It: 560, Loss = 8.470e-01
It: 570, Loss = 8.300e-01
It: 580, Loss = 8.101e-01
It: 590, Loss = 7.876e-01
It: 600, Loss = 7.608e-01
It: 610, Loss = 7.408e-01
It: 620, Loss = 7.316e-01
It: 630, Loss = 7.266e-01
It: 640, Loss = 7.220e-01
It: 650, Loss = 7.189e-01
It: 660, Loss = 7.162e-01
It: 670, Loss = 7.137e-01
It: 680, Loss = 7.113e-01
It: 690, Loss = 7.091e-01
It: 700, Loss = 7.070e-01
It: 710, Loss = 7.050e-01
It: 720, Loss = 7.031e-01
It: 730, Loss = 7.022e-01
It: 740, Loss = 6.998e-01
It: 750, Loss = 6.979e-01
It: 760, Loss = 6.965e-01
It: 770, Loss = 6.944e-01
It: 780, Loss = 6.924e-01
It: 790, Loss = 6.970e-01
It: 800, Loss = 6.920e-01
It: 810, Loss = 6.864e-01
It: 820, Loss = 6.838e-01
It: 830, Loss = 6.812e-01
It: 840, Loss = 6.839e-01
It: 850, Loss = 6.742e-01
It: 860, Loss = 6.713e-01
It: 870, Loss = 6.625e-01
It: 880, Loss = 6.729e-01
It: 890, Loss = 6.525e-01
It: 900, Loss = 6.428e-01
It: 910, Loss = 6.352e-01
It: 920, Loss = 6.211e-01
It: 930, Loss = 6.502e-01
It: 940, Loss = 6.118e-01
It: 950, Loss = 5.976e-01
It: 960, Loss = 5.877e-01
It: 970, Loss = 5.755e-01
It: 980, Loss = 5.717e-01
It: 990, Loss = 5.633e-01
G_pred shape (100, 100)
It: 0, Loss = 1.023e+00
It: 10, Loss = 9.877e-01
It: 20, Loss = 9.811e-01
It: 30, Loss = 9.588e-01
It: 40, Loss = 9.480e-01
It: 50, Loss = 9.365e-01
It: 60, Loss = 9.294e-01
It: 70, Loss = 9.262e-01
It: 80, Loss = 9.248e-01
It: 90, Loss = 9.234e-01
It: 100, Loss = 9.230e-01
It: 110, Loss = 9.227e-01
It: 120, Loss = 9.225e-01
It: 130, Loss = 9.223e-01
It: 140, Loss = 9.222e-01
It: 150, Loss = 9.220e-01
It: 160, Loss = 9.219e-01
It: 170, Loss = 9.217e-01
It: 180, Loss = 9.215e-01
It: 190, Loss = 9.213e-01
It: 200, Loss = 9.211e-01
It: 210, Loss = 9.209e-01
It: 220, Loss = 9.206e-01
It: 230, Loss = 9.202e-01
It: 240, Loss = 9.197e-01
It: 250, Loss = 9.187e-01
It: 260, Loss = 9.171e-01
It: 270, Loss = 9.143e-01
It: 280, Loss = 9.106e-01
It: 290, Loss = 9.081e-01
It: 300, Loss = 9.074e-01
It: 310, Loss = 9.065e-01
It: 320, Loss = 9.057e-01
It: 330, Loss = 9.047e-01
It: 340, Loss = 9.035e-01
It: 350, Loss = 9.018e-01
It: 360, Loss = 8.994e-01
It: 370, Loss = 8.955e-01
It: 380, Loss = 8.874e-01
It: 390, Loss = 8.676e-01
It: 400, Loss = 8.397e-01
It: 410, Loss = 8.257e-01
It: 420, Loss = 7.991e-01
It: 430, Loss = 7.870e-01
It: 440, Loss = 7.736e-01
It: 450, Loss = 7.641e-01
It: 460, Loss = 7.522e-01
It: 470, Loss = 7.470e-01
It: 480, Loss = 7.521e-01
It: 490, Loss = 7.269e-01
It: 500, Loss = 7.203e-01
It: 510, Loss = 7.177e-01
It: 520, Loss = 7.136e-01
It: 530, Loss = 7.109e-01
It: 540, Loss = 7.087e-01
It: 550, Loss = 7.065e-01
It: 560, Loss = 7.044e-01
It: 570, Loss = 7.019e-01
It: 580, Loss = 6.988e-01
It: 590, Loss = 6.945e-01
It: 600, Loss = 6.882e-01
It: 610, Loss = 7.430e-01
It: 620, Loss = 6.733e-01
It: 630, Loss = 6.648e-01
It: 640, Loss = 6.454e-01
It: 650, Loss = 6.285e-01
It: 660, Loss = 6.476e-01
It: 670, Loss = 6.064e-01
It: 680, Loss = 5.980e-01
It: 690, Loss = 5.771e-01
It: 700, Loss = 5.635e-01
It: 710, Loss = 5.540e-01
It: 720, Loss = 5.483e-01
It: 730, Loss = 5.437e-01
It: 740, Loss = 5.397e-01
It: 750, Loss = 5.365e-01
It: 760, Loss = 5.348e-01
It: 770, Loss = 5.270e-01
It: 780, Loss = 5.234e-01
It: 790, Loss = 5.191e-01
It: 800, Loss = 5.152e-01
It: 810, Loss = 5.117e-01
It: 820, Loss = 5.084e-01
It: 830, Loss = 5.054e-01
It: 840, Loss = 5.042e-01
It: 850, Loss = 5.072e-01
It: 860, Loss = 5.017e-01
It: 870, Loss = 4.966e-01
It: 880, Loss = 4.945e-01
It: 890, Loss = 4.924e-01
It: 900, Loss = 4.902e-01
It: 910, Loss = 4.876e-01
It: 920, Loss = 4.848e-01
It: 930, Loss = 4.852e-01
It: 940, Loss = 4.874e-01
It: 950, Loss = 4.780e-01
It: 960, Loss = 4.715e-01
It: 970, Loss = 4.655e-01
It: 980, Loss = 4.600e-01
It: 990, Loss = 4.673e-01
G_pred shape (100, 100)
It: 0, Loss = 1.022e+00
It: 10, Loss = 9.847e-01
It: 20, Loss = 9.707e-01
It: 30, Loss = 9.584e-01
It: 40, Loss = 9.405e-01
It: 50, Loss = 9.312e-01
It: 60, Loss = 9.272e-01
It: 70, Loss = 9.261e-01
It: 80, Loss = 9.252e-01
It: 90, Loss = 9.242e-01
It: 100, Loss = 9.234e-01
It: 110, Loss = 9.230e-01
It: 120, Loss = 9.229e-01
It: 130, Loss = 9.227e-01
It: 140, Loss = 9.226e-01
It: 150, Loss = 9.224e-01
It: 160, Loss = 9.223e-01
It: 170, Loss = 9.221e-01
It: 180, Loss = 9.219e-01
It: 190, Loss = 9.218e-01
It: 200, Loss = 9.216e-01
It: 210, Loss = 9.214e-01
It: 220, Loss = 9.212e-01
It: 230, Loss = 9.209e-01
It: 240, Loss = 9.206e-01
It: 250, Loss = 9.202e-01
It: 260, Loss = 9.197e-01
It: 270, Loss = 9.187e-01
It: 280, Loss = 9.169e-01
It: 290, Loss = 9.136e-01
It: 300, Loss = 9.115e-01
It: 310, Loss = 9.102e-01
It: 320, Loss = 9.090e-01
It: 330, Loss = 9.078e-01
It: 340, Loss = 9.064e-01
It: 350, Loss = 9.046e-01
It: 360, Loss = 9.021e-01
It: 370, Loss = 8.983e-01
It: 380, Loss = 8.922e-01
It: 390, Loss = 8.815e-01
It: 400, Loss = 8.632e-01
It: 410, Loss = 8.388e-01
It: 420, Loss = 8.219e-01
It: 430, Loss = 8.121e-01
It: 440, Loss = 7.996e-01
It: 450, Loss = 7.837e-01
It: 460, Loss = 7.694e-01
It: 470, Loss = 7.595e-01
It: 480, Loss = 7.602e-01
It: 490, Loss = 7.505e-01
It: 500, Loss = 7.436e-01
It: 510, Loss = 7.390e-01
It: 520, Loss = 7.348e-01
It: 530, Loss = 7.302e-01
It: 540, Loss = 7.253e-01
It: 550, Loss = 7.318e-01
It: 560, Loss = 7.246e-01
It: 570, Loss = 7.142e-01
It: 580, Loss = 7.094e-01
It: 590, Loss = 7.029e-01
It: 600, Loss = 6.971e-01
It: 610, Loss = 7.038e-01
It: 620, Loss = 6.905e-01
It: 630, Loss = 6.779e-01
It: 640, Loss = 6.658e-01
It: 650, Loss = 7.350e-01
It: 660, Loss = 6.567e-01
It: 670, Loss = 6.439e-01
It: 680, Loss = 6.355e-01
It: 690, Loss = 6.276e-01
It: 700, Loss = 6.336e-01
It: 710, Loss = 6.131e-01
It: 720, Loss = 6.090e-01
It: 730, Loss = 6.266e-01
It: 740, Loss = 5.981e-01
It: 750, Loss = 5.954e-01
It: 760, Loss = 5.887e-01
It: 770, Loss = 5.822e-01
It: 780, Loss = 5.921e-01
It: 790, Loss = 5.784e-01
It: 800, Loss = 5.740e-01
It: 810, Loss = 5.674e-01
It: 820, Loss = 5.618e-01
It: 830, Loss = 5.559e-01
It: 840, Loss = 5.515e-01
It: 850, Loss = 5.486e-01
It: 860, Loss = 5.917e-01
It: 870, Loss = 5.530e-01
It: 880, Loss = 5.424e-01
It: 890, Loss = 5.368e-01
It: 900, Loss = 5.327e-01
It: 910, Loss = 5.283e-01
It: 920, Loss = 5.236e-01
It: 930, Loss = 5.184e-01
It: 940, Loss = 5.133e-01
It: 950, Loss = 5.766e-01
It: 960, Loss = 5.217e-01
It: 970, Loss = 5.041e-01
It: 980, Loss = 4.931e-01
It: 990, Loss = 4.823e-01
G_pred shape (100, 100)
It: 0, Loss = 1.349e+00
It: 10, Loss = 1.255e+00
It: 20, Loss = 1.061e+00
It: 30, Loss = 9.800e-01
It: 40, Loss = 9.630e-01
It: 50, Loss = 9.598e-01
It: 60, Loss = 9.495e-01
It: 70, Loss = 9.421e-01
It: 80, Loss = 9.359e-01
It: 90, Loss = 9.325e-01
It: 100, Loss = 9.312e-01
It: 110, Loss = 9.307e-01
It: 120, Loss = 9.300e-01
It: 130, Loss = 9.295e-01
It: 140, Loss = 9.291e-01
It: 150, Loss = 9.289e-01
It: 160, Loss = 9.287e-01
It: 170, Loss = 9.286e-01
It: 180, Loss = 9.285e-01
It: 190, Loss = 9.284e-01
It: 200, Loss = 9.283e-01
It: 210, Loss = 9.282e-01
It: 220, Loss = 9.281e-01
It: 230, Loss = 9.280e-01
It: 240, Loss = 9.279e-01
It: 250, Loss = 9.278e-01
It: 260, Loss = 9.276e-01
It: 270, Loss = 9.275e-01
It: 280, Loss = 9.274e-01
It: 290, Loss = 9.272e-01
It: 300, Loss = 9.270e-01
It: 310, Loss = 9.269e-01
It: 320, Loss = 9.266e-01
It: 330, Loss = 9.264e-01
It: 340, Loss = 9.261e-01
It: 350, Loss = 9.258e-01
It: 360, Loss = 9.254e-01
It: 370, Loss = 9.248e-01
It: 380, Loss = 9.240e-01
It: 390, Loss = 9.229e-01
It: 400, Loss = 9.214e-01
It: 410, Loss = 9.196e-01
It: 420, Loss = 9.178e-01
It: 430, Loss = 9.160e-01
It: 440, Loss = 9.142e-01
It: 450, Loss = 9.116e-01
It: 460, Loss = 9.084e-01
It: 470, Loss = 9.040e-01
It: 480, Loss = 8.978e-01
It: 490, Loss = 8.892e-01
It: 500, Loss = 8.794e-01
It: 510, Loss = 8.678e-01
It: 520, Loss = 8.539e-01
It: 530, Loss = 8.419e-01
It: 540, Loss = 8.329e-01
It: 550, Loss = 8.237e-01
It: 560, Loss = 8.138e-01
It: 570, Loss = 8.038e-01
It: 580, Loss = 7.940e-01
It: 590, Loss = 7.884e-01
It: 600, Loss = 7.742e-01
It: 610, Loss = 7.648e-01
It: 620, Loss = 7.534e-01
It: 630, Loss = 7.411e-01
It: 640, Loss = 7.386e-01
It: 650, Loss = 7.127e-01
It: 660, Loss = 6.938e-01
It: 670, Loss = 6.798e-01
It: 680, Loss = 6.512e-01
It: 690, Loss = 6.248e-01
It: 700, Loss = 6.048e-01
It: 710, Loss = 5.898e-01
It: 720, Loss = 5.812e-01
It: 730, Loss = 5.710e-01
It: 740, Loss = 5.606e-01
It: 750, Loss = 5.635e-01
It: 760, Loss = 5.477e-01
It: 770, Loss = 5.278e-01
It: 780, Loss = 5.164e-01
It: 790, Loss = 5.062e-01
It: 800, Loss = 4.911e-01
It: 810, Loss = 4.773e-01
It: 820, Loss = 4.667e-01
It: 830, Loss = 4.583e-01
It: 840, Loss = 4.538e-01
It: 850, Loss = 4.256e-01
It: 860, Loss = 4.204e-01
It: 870, Loss = 4.074e-01
It: 880, Loss = 4.113e-01
It: 890, Loss = 3.871e-01
It: 900, Loss = 3.714e-01
It: 910, Loss = 3.571e-01
It: 920, Loss = 3.497e-01
It: 930, Loss = 3.411e-01
It: 940, Loss = 3.646e-01
It: 950, Loss = 3.508e-01
It: 960, Loss = 3.250e-01
It: 970, Loss = 3.188e-01
It: 980, Loss = 3.125e-01
It: 990, Loss = 3.060e-01
G_pred shape (100, 100)
