Using TensorFlow 2 backend.

noise_ratio =  0.24489796
It: 0, Loss = 1.002e+00
It: 10, Loss = 9.847e-01
It: 20, Loss = 9.888e-01
It: 30, Loss = 9.645e-01
It: 40, Loss = 9.567e-01
It: 50, Loss = 9.453e-01
It: 60, Loss = 9.385e-01
It: 70, Loss = 9.362e-01
It: 80, Loss = 9.350e-01
It: 90, Loss = 9.338e-01
It: 100, Loss = 9.332e-01
It: 110, Loss = 9.328e-01
It: 120, Loss = 9.325e-01
It: 130, Loss = 9.323e-01
It: 140, Loss = 9.322e-01
It: 150, Loss = 9.321e-01
It: 160, Loss = 9.320e-01
It: 170, Loss = 9.319e-01
It: 180, Loss = 9.318e-01
It: 190, Loss = 9.317e-01
It: 200, Loss = 9.316e-01
It: 210, Loss = 9.314e-01
It: 220, Loss = 9.313e-01
It: 230, Loss = 9.311e-01
It: 240, Loss = 9.309e-01
It: 250, Loss = 9.307e-01
It: 260, Loss = 9.305e-01
It: 270, Loss = 9.302e-01
It: 280, Loss = 9.299e-01
It: 290, Loss = 9.295e-01
It: 300, Loss = 9.291e-01
It: 310, Loss = 9.286e-01
It: 320, Loss = 9.280e-01
It: 330, Loss = 9.273e-01
It: 340, Loss = 9.264e-01
It: 350, Loss = 9.251e-01
It: 360, Loss = 9.234e-01
It: 370, Loss = 9.210e-01
It: 380, Loss = 9.172e-01
It: 390, Loss = 9.106e-01
It: 400, Loss = 8.989e-01
It: 410, Loss = 8.787e-01
It: 420, Loss = 8.689e-01
It: 430, Loss = 8.571e-01
It: 440, Loss = 8.474e-01
It: 450, Loss = 8.386e-01
It: 460, Loss = 8.330e-01
It: 470, Loss = 8.274e-01
It: 480, Loss = 8.210e-01
It: 490, Loss = 8.138e-01
It: 500, Loss = 8.338e-01
It: 510, Loss = 8.080e-01
It: 520, Loss = 7.920e-01
It: 530, Loss = 7.803e-01
It: 540, Loss = 7.643e-01
It: 550, Loss = 8.506e-01
It: 560, Loss = 7.556e-01
It: 570, Loss = 7.116e-01
It: 580, Loss = 6.717e-01
It: 590, Loss = 6.347e-01
It: 600, Loss = 6.113e-01
It: 610, Loss = 5.991e-01
It: 620, Loss = 5.868e-01
It: 630, Loss = 5.795e-01
It: 640, Loss = 5.750e-01
It: 650, Loss = 5.710e-01
It: 660, Loss = 5.790e-01
It: 670, Loss = 5.676e-01
It: 680, Loss = 5.642e-01
It: 690, Loss = 5.626e-01
It: 700, Loss = 5.623e-01
It: 710, Loss = 5.596e-01
It: 720, Loss = 5.557e-01
It: 730, Loss = 5.517e-01
It: 740, Loss = 5.509e-01
It: 750, Loss = 5.557e-01
It: 760, Loss = 5.427e-01
It: 770, Loss = 5.398e-01
It: 780, Loss = 5.361e-01
It: 790, Loss = 5.361e-01
It: 800, Loss = 5.243e-01
It: 810, Loss = 5.120e-01
It: 820, Loss = 5.073e-01
It: 830, Loss = 5.177e-01
It: 840, Loss = 4.966e-01
It: 850, Loss = 4.781e-01
It: 860, Loss = 4.655e-01
It: 870, Loss = 4.572e-01
It: 880, Loss = 4.658e-01
It: 890, Loss = 4.463e-01
It: 900, Loss = 4.418e-01
It: 910, Loss = 4.377e-01
It: 920, Loss = 4.420e-01
It: 930, Loss = 4.326e-01
It: 940, Loss = 4.270e-01
It: 950, Loss = 4.239e-01
It: 960, Loss = 4.231e-01
It: 970, Loss = 4.172e-01
It: 980, Loss = 4.128e-01
It: 990, Loss = 4.186e-01
G_pred shape (100, 100)
It: 0, Loss = 1.989e+00
It: 10, Loss = 1.016e+00
It: 20, Loss = 1.022e+00
It: 30, Loss = 1.007e+00
It: 40, Loss = 9.837e-01
It: 50, Loss = 9.703e-01
It: 60, Loss = 9.626e-01
It: 70, Loss = 9.564e-01
It: 80, Loss = 9.506e-01
It: 90, Loss = 9.450e-01
It: 100, Loss = 9.400e-01
It: 110, Loss = 9.363e-01
It: 120, Loss = 9.342e-01
It: 130, Loss = 9.334e-01
It: 140, Loss = 9.333e-01
It: 150, Loss = 9.332e-01
It: 160, Loss = 9.330e-01
It: 170, Loss = 9.329e-01
It: 180, Loss = 9.328e-01
It: 190, Loss = 9.327e-01
It: 200, Loss = 9.326e-01
It: 210, Loss = 9.325e-01
It: 220, Loss = 9.325e-01
It: 230, Loss = 9.324e-01
It: 240, Loss = 9.323e-01
It: 250, Loss = 9.322e-01
It: 260, Loss = 9.322e-01
It: 270, Loss = 9.321e-01
It: 280, Loss = 9.321e-01
It: 290, Loss = 9.320e-01
It: 300, Loss = 9.320e-01
It: 310, Loss = 9.319e-01
It: 320, Loss = 9.319e-01
It: 330, Loss = 9.318e-01
It: 340, Loss = 9.317e-01
It: 350, Loss = 9.317e-01
It: 360, Loss = 9.316e-01
It: 370, Loss = 9.316e-01
It: 380, Loss = 9.315e-01
It: 390, Loss = 9.315e-01
It: 400, Loss = 9.314e-01
It: 410, Loss = 9.313e-01
It: 420, Loss = 9.312e-01
It: 430, Loss = 9.310e-01
It: 440, Loss = 9.309e-01
It: 450, Loss = 9.306e-01
It: 460, Loss = 9.303e-01
It: 470, Loss = 9.299e-01
It: 480, Loss = 9.293e-01
It: 490, Loss = 9.286e-01
It: 500, Loss = 9.278e-01
It: 510, Loss = 9.271e-01
It: 520, Loss = 9.266e-01
It: 530, Loss = 9.259e-01
It: 540, Loss = 9.254e-01
It: 550, Loss = 9.252e-01
It: 560, Loss = 9.249e-01
It: 570, Loss = 9.248e-01
It: 580, Loss = 9.247e-01
It: 590, Loss = 9.245e-01
It: 600, Loss = 9.244e-01
It: 610, Loss = 9.243e-01
It: 620, Loss = 9.241e-01
It: 630, Loss = 9.240e-01
It: 640, Loss = 9.238e-01
It: 650, Loss = 9.236e-01
It: 660, Loss = 9.234e-01
It: 670, Loss = 9.232e-01
It: 680, Loss = 9.229e-01
It: 690, Loss = 9.226e-01
It: 700, Loss = 9.223e-01
It: 710, Loss = 9.218e-01
It: 720, Loss = 9.213e-01
It: 730, Loss = 9.206e-01
It: 740, Loss = 9.198e-01
It: 750, Loss = 9.186e-01
It: 760, Loss = 9.171e-01
It: 770, Loss = 9.150e-01
It: 780, Loss = 9.121e-01
It: 790, Loss = 9.080e-01
It: 800, Loss = 9.020e-01
It: 810, Loss = 8.930e-01
It: 820, Loss = 8.791e-01
It: 830, Loss = 8.589e-01
It: 840, Loss = 8.382e-01
It: 850, Loss = 8.296e-01
It: 860, Loss = 8.209e-01
It: 870, Loss = 8.097e-01
It: 880, Loss = 7.966e-01
It: 890, Loss = 7.817e-01
It: 900, Loss = 7.666e-01
It: 910, Loss = 7.506e-01
It: 920, Loss = 7.305e-01
It: 930, Loss = 7.070e-01
It: 940, Loss = 6.875e-01
It: 950, Loss = 6.676e-01
It: 960, Loss = 6.386e-01
It: 970, Loss = 5.943e-01
It: 980, Loss = 5.640e-01
It: 990, Loss = 5.371e-01
G_pred shape (100, 100)
It: 0, Loss = 2.024e+00
It: 10, Loss = 1.010e+00
It: 20, Loss = 1.006e+00
It: 30, Loss = 9.997e-01
It: 40, Loss = 9.835e-01
It: 50, Loss = 9.725e-01
It: 60, Loss = 9.658e-01
It: 70, Loss = 9.606e-01
It: 80, Loss = 9.557e-01
It: 90, Loss = 9.507e-01
It: 100, Loss = 9.456e-01
It: 110, Loss = 9.412e-01
It: 120, Loss = 9.381e-01
It: 130, Loss = 9.367e-01
It: 140, Loss = 9.363e-01
It: 150, Loss = 9.361e-01
It: 160, Loss = 9.358e-01
It: 170, Loss = 9.356e-01
It: 180, Loss = 9.354e-01
It: 190, Loss = 9.352e-01
It: 200, Loss = 9.351e-01
It: 210, Loss = 9.349e-01
It: 220, Loss = 9.347e-01
It: 230, Loss = 9.344e-01
It: 240, Loss = 9.337e-01
It: 250, Loss = 9.321e-01
It: 260, Loss = 9.311e-01
It: 270, Loss = 9.306e-01
It: 280, Loss = 9.302e-01
It: 290, Loss = 9.299e-01
It: 300, Loss = 9.297e-01
It: 310, Loss = 9.295e-01
It: 320, Loss = 9.294e-01
It: 330, Loss = 9.293e-01
It: 340, Loss = 9.290e-01
It: 350, Loss = 9.289e-01
It: 360, Loss = 9.287e-01
It: 370, Loss = 9.285e-01
It: 380, Loss = 9.283e-01
It: 390, Loss = 9.280e-01
It: 400, Loss = 9.278e-01
It: 410, Loss = 9.275e-01
It: 420, Loss = 9.272e-01
It: 430, Loss = 9.269e-01
It: 440, Loss = 9.264e-01
It: 450, Loss = 9.260e-01
It: 460, Loss = 9.254e-01
It: 470, Loss = 9.247e-01
It: 480, Loss = 9.238e-01
It: 490, Loss = 9.226e-01
It: 500, Loss = 9.207e-01
It: 510, Loss = 9.179e-01
It: 520, Loss = 9.127e-01
It: 530, Loss = 9.034e-01
It: 540, Loss = 8.890e-01
It: 550, Loss = 8.675e-01
It: 560, Loss = 8.386e-01
It: 570, Loss = 8.182e-01
It: 580, Loss = 7.903e-01
It: 590, Loss = 7.768e-01
It: 600, Loss = 7.662e-01
It: 610, Loss = 7.585e-01
It: 620, Loss = 7.537e-01
It: 630, Loss = 7.512e-01
It: 640, Loss = 7.497e-01
It: 650, Loss = 7.484e-01
It: 660, Loss = 7.470e-01
It: 670, Loss = 7.457e-01
It: 680, Loss = 7.442e-01
It: 690, Loss = 7.426e-01
It: 700, Loss = 7.408e-01
It: 710, Loss = 7.388e-01
It: 720, Loss = 7.475e-01
It: 730, Loss = 7.346e-01
It: 740, Loss = 7.325e-01
It: 750, Loss = 7.301e-01
It: 760, Loss = 7.274e-01
It: 770, Loss = 7.230e-01
It: 780, Loss = 7.375e-01
It: 790, Loss = 7.127e-01
It: 800, Loss = 7.017e-01
It: 810, Loss = 6.857e-01
It: 820, Loss = 6.654e-01
It: 830, Loss = 7.312e-01
It: 840, Loss = 6.413e-01
It: 850, Loss = 6.389e-01
It: 860, Loss = 6.245e-01
It: 870, Loss = 6.198e-01
It: 880, Loss = 6.155e-01
It: 890, Loss = 6.135e-01
It: 900, Loss = 6.123e-01
It: 910, Loss = 6.054e-01
It: 920, Loss = 6.023e-01
It: 930, Loss = 5.984e-01
It: 940, Loss = 5.947e-01
It: 950, Loss = 6.246e-01
It: 960, Loss = 5.940e-01
It: 970, Loss = 5.848e-01
It: 980, Loss = 5.783e-01
It: 990, Loss = 5.727e-01
G_pred shape (100, 100)
It: 0, Loss = 1.087e+00
It: 10, Loss = 1.001e+00
It: 20, Loss = 9.673e-01
It: 30, Loss = 9.498e-01
It: 40, Loss = 9.397e-01
It: 50, Loss = 9.361e-01
It: 60, Loss = 9.352e-01
It: 70, Loss = 9.341e-01
It: 80, Loss = 9.337e-01
It: 90, Loss = 9.335e-01
It: 100, Loss = 9.333e-01
It: 110, Loss = 9.332e-01
It: 120, Loss = 9.331e-01
It: 130, Loss = 9.331e-01
It: 140, Loss = 9.330e-01
It: 150, Loss = 9.329e-01
It: 160, Loss = 9.328e-01
It: 170, Loss = 9.327e-01
It: 180, Loss = 9.326e-01
It: 190, Loss = 9.325e-01
It: 200, Loss = 9.324e-01
It: 210, Loss = 9.323e-01
It: 220, Loss = 9.321e-01
It: 230, Loss = 9.320e-01
It: 240, Loss = 9.318e-01
It: 250, Loss = 9.316e-01
It: 260, Loss = 9.313e-01
It: 270, Loss = 9.309e-01
It: 280, Loss = 9.303e-01
It: 290, Loss = 9.289e-01
It: 300, Loss = 9.270e-01
It: 310, Loss = 9.263e-01
It: 320, Loss = 9.255e-01
It: 330, Loss = 9.251e-01
It: 340, Loss = 9.246e-01
It: 350, Loss = 9.240e-01
It: 360, Loss = 9.232e-01
It: 370, Loss = 9.223e-01
It: 380, Loss = 9.210e-01
It: 390, Loss = 9.192e-01
It: 400, Loss = 9.164e-01
It: 410, Loss = 9.112e-01
It: 420, Loss = 9.001e-01
It: 430, Loss = 8.748e-01
It: 440, Loss = 8.978e-01
It: 450, Loss = 8.480e-01
It: 460, Loss = 8.519e-01
It: 470, Loss = 8.346e-01
It: 480, Loss = 8.274e-01
It: 490, Loss = 8.230e-01
It: 500, Loss = 8.172e-01
It: 510, Loss = 8.109e-01
It: 520, Loss = 8.028e-01
It: 530, Loss = 7.924e-01
It: 540, Loss = 7.792e-01
It: 550, Loss = 7.621e-01
It: 560, Loss = 7.426e-01
It: 570, Loss = 7.264e-01
It: 580, Loss = 7.148e-01
It: 590, Loss = 7.235e-01
It: 600, Loss = 6.967e-01
It: 610, Loss = 6.885e-01
It: 620, Loss = 6.731e-01
It: 630, Loss = 6.568e-01
It: 640, Loss = 6.384e-01
It: 650, Loss = 6.202e-01
It: 660, Loss = 6.230e-01
It: 670, Loss = 5.997e-01
It: 680, Loss = 5.900e-01
It: 690, Loss = 5.760e-01
It: 700, Loss = 5.667e-01
It: 710, Loss = 5.599e-01
It: 720, Loss = 5.534e-01
It: 730, Loss = 5.696e-01
It: 740, Loss = 5.525e-01
It: 750, Loss = 5.427e-01
It: 760, Loss = 5.367e-01
It: 770, Loss = 5.519e-01
It: 780, Loss = 5.312e-01
It: 790, Loss = 5.254e-01
It: 800, Loss = 5.201e-01
It: 810, Loss = 5.159e-01
It: 820, Loss = 5.797e-01
It: 830, Loss = 5.105e-01
It: 840, Loss = 5.062e-01
It: 850, Loss = 5.022e-01
It: 860, Loss = 4.968e-01
It: 870, Loss = 4.912e-01
It: 880, Loss = 4.852e-01
It: 890, Loss = 4.793e-01
It: 900, Loss = 4.801e-01
It: 910, Loss = 4.659e-01
It: 920, Loss = 4.521e-01
It: 930, Loss = 4.400e-01
It: 940, Loss = 5.780e-01
It: 950, Loss = 4.226e-01
It: 960, Loss = 4.230e-01
It: 970, Loss = 3.982e-01
It: 980, Loss = 3.837e-01
It: 990, Loss = 4.859e-01
G_pred shape (100, 100)
It: 0, Loss = 6.543e+00
It: 10, Loss = 2.004e+00
It: 20, Loss = 1.062e+00
It: 30, Loss = 1.028e+00
It: 40, Loss = 1.011e+00
It: 50, Loss = 9.806e-01
It: 60, Loss = 9.795e-01
It: 70, Loss = 9.764e-01
It: 80, Loss = 9.726e-01
It: 90, Loss = 9.698e-01
It: 100, Loss = 9.669e-01
It: 110, Loss = 9.637e-01
It: 120, Loss = 9.603e-01
It: 130, Loss = 9.568e-01
It: 140, Loss = 9.533e-01
It: 150, Loss = 9.500e-01
It: 160, Loss = 9.468e-01
It: 170, Loss = 9.438e-01
It: 180, Loss = 9.415e-01
It: 190, Loss = 9.398e-01
It: 200, Loss = 9.388e-01
It: 210, Loss = 9.384e-01
It: 220, Loss = 9.382e-01
It: 230, Loss = 9.381e-01
It: 240, Loss = 9.381e-01
It: 250, Loss = 9.381e-01
It: 260, Loss = 9.380e-01
It: 270, Loss = 9.380e-01
It: 280, Loss = 9.380e-01
It: 290, Loss = 9.379e-01
It: 300, Loss = 9.379e-01
It: 310, Loss = 9.378e-01
It: 320, Loss = 9.377e-01
It: 330, Loss = 9.376e-01
It: 340, Loss = 9.375e-01
It: 350, Loss = 9.373e-01
It: 360, Loss = 9.369e-01
It: 370, Loss = 9.362e-01
It: 380, Loss = 9.350e-01
It: 390, Loss = 9.331e-01
It: 400, Loss = 9.318e-01
It: 410, Loss = 9.311e-01
It: 420, Loss = 9.306e-01
It: 430, Loss = 9.302e-01
It: 440, Loss = 9.300e-01
It: 450, Loss = 9.300e-01
It: 460, Loss = 9.298e-01
It: 470, Loss = 9.297e-01
It: 480, Loss = 9.296e-01
It: 490, Loss = 9.295e-01
It: 500, Loss = 9.294e-01
It: 510, Loss = 9.293e-01
It: 520, Loss = 9.292e-01
It: 530, Loss = 9.290e-01
It: 540, Loss = 9.289e-01
It: 550, Loss = 9.287e-01
It: 560, Loss = 9.285e-01
It: 570, Loss = 9.283e-01
It: 580, Loss = 9.282e-01
It: 590, Loss = 9.279e-01
It: 600, Loss = 9.276e-01
It: 610, Loss = 9.273e-01
It: 620, Loss = 9.270e-01
It: 630, Loss = 9.266e-01
It: 640, Loss = 9.263e-01
It: 650, Loss = 9.260e-01
It: 660, Loss = 9.256e-01
It: 670, Loss = 9.252e-01
It: 680, Loss = 9.249e-01
It: 690, Loss = 9.244e-01
It: 700, Loss = 9.239e-01
It: 710, Loss = 9.233e-01
It: 720, Loss = 9.226e-01
It: 730, Loss = 9.218e-01
It: 740, Loss = 9.210e-01
It: 750, Loss = 9.198e-01
It: 760, Loss = 9.185e-01
It: 770, Loss = 9.168e-01
It: 780, Loss = 9.147e-01
It: 790, Loss = 9.122e-01
It: 800, Loss = 9.087e-01
It: 810, Loss = 9.045e-01
It: 820, Loss = 8.992e-01
It: 830, Loss = 8.928e-01
It: 840, Loss = 8.853e-01
It: 850, Loss = 8.768e-01
It: 860, Loss = 8.675e-01
It: 870, Loss = 8.586e-01
It: 880, Loss = 8.524e-01
It: 890, Loss = 8.482e-01
It: 900, Loss = 8.445e-01
It: 910, Loss = 8.405e-01
It: 920, Loss = 8.363e-01
It: 930, Loss = 8.316e-01
It: 940, Loss = 8.264e-01
It: 950, Loss = 8.207e-01
It: 960, Loss = 8.146e-01
It: 970, Loss = 8.088e-01
It: 980, Loss = 8.036e-01
It: 990, Loss = 7.990e-01
G_pred shape (100, 100)
