Using TensorFlow 2 backend.

noise_ratio =  0.30612245
It: 0, Loss = 1.077e+00
It: 10, Loss = 9.722e-01
It: 20, Loss = 9.576e-01
It: 30, Loss = 9.472e-01
It: 40, Loss = 9.404e-01
It: 50, Loss = 9.403e-01
It: 60, Loss = 9.390e-01
It: 70, Loss = 9.386e-01
It: 80, Loss = 9.385e-01
It: 90, Loss = 9.384e-01
It: 100, Loss = 9.383e-01
It: 110, Loss = 9.382e-01
It: 120, Loss = 9.381e-01
It: 130, Loss = 9.380e-01
It: 140, Loss = 9.379e-01
It: 150, Loss = 9.378e-01
It: 160, Loss = 9.377e-01
It: 170, Loss = 9.376e-01
It: 180, Loss = 9.375e-01
It: 190, Loss = 9.373e-01
It: 200, Loss = 9.371e-01
It: 210, Loss = 9.369e-01
It: 220, Loss = 9.366e-01
It: 230, Loss = 9.362e-01
It: 240, Loss = 9.357e-01
It: 250, Loss = 9.352e-01
It: 260, Loss = 9.344e-01
It: 270, Loss = 9.333e-01
It: 280, Loss = 9.317e-01
It: 290, Loss = 9.293e-01
It: 300, Loss = 9.245e-01
It: 310, Loss = 9.120e-01
It: 320, Loss = 8.816e-01
It: 330, Loss = 9.273e-01
It: 340, Loss = 8.559e-01
It: 350, Loss = 8.288e-01
It: 360, Loss = 8.124e-01
It: 370, Loss = 7.986e-01
It: 380, Loss = 7.852e-01
It: 390, Loss = 7.750e-01
It: 400, Loss = 7.685e-01
It: 410, Loss = 7.640e-01
It: 420, Loss = 7.608e-01
It: 430, Loss = 7.578e-01
It: 440, Loss = 7.526e-01
It: 450, Loss = 7.480e-01
It: 460, Loss = 7.416e-01
It: 470, Loss = 7.363e-01
It: 480, Loss = 7.274e-01
It: 490, Loss = 7.132e-01
It: 500, Loss = 6.989e-01
It: 510, Loss = 6.798e-01
It: 520, Loss = 6.571e-01
It: 530, Loss = 6.553e-01
It: 540, Loss = 6.356e-01
It: 550, Loss = 6.299e-01
It: 560, Loss = 6.257e-01
It: 570, Loss = 6.208e-01
It: 580, Loss = 6.334e-01
It: 590, Loss = 6.170e-01
It: 600, Loss = 6.127e-01
It: 610, Loss = 6.087e-01
It: 620, Loss = 6.051e-01
It: 630, Loss = 6.012e-01
It: 640, Loss = 6.554e-01
It: 650, Loss = 5.972e-01
It: 660, Loss = 5.942e-01
It: 670, Loss = 5.896e-01
It: 680, Loss = 5.864e-01
It: 690, Loss = 5.819e-01
It: 700, Loss = 5.777e-01
It: 710, Loss = 5.737e-01
It: 720, Loss = 5.702e-01
It: 730, Loss = 5.676e-01
It: 740, Loss = 5.976e-01
It: 750, Loss = 5.917e-01
It: 760, Loss = 5.674e-01
It: 770, Loss = 5.638e-01
It: 780, Loss = 5.623e-01
It: 790, Loss = 5.607e-01
It: 800, Loss = 5.591e-01
It: 810, Loss = 5.573e-01
It: 820, Loss = 5.552e-01
It: 830, Loss = 5.529e-01
It: 840, Loss = 5.501e-01
It: 850, Loss = 5.469e-01
It: 860, Loss = 5.430e-01
It: 870, Loss = 5.384e-01
It: 880, Loss = 5.331e-01
It: 890, Loss = 5.270e-01
It: 900, Loss = 5.209e-01
It: 910, Loss = 5.638e-01
It: 920, Loss = 5.218e-01
It: 930, Loss = 5.111e-01
It: 940, Loss = 5.027e-01
It: 950, Loss = 4.972e-01
It: 960, Loss = 4.906e-01
It: 970, Loss = 4.835e-01
It: 980, Loss = 4.754e-01
It: 990, Loss = 4.662e-01
G_pred shape (100, 100)
It: 0, Loss = 3.598e+00
It: 10, Loss = 1.356e+00
It: 20, Loss = 1.158e+00
It: 30, Loss = 1.007e+00
It: 40, Loss = 9.790e-01
It: 50, Loss = 9.795e-01
It: 60, Loss = 9.760e-01
It: 70, Loss = 9.717e-01
It: 80, Loss = 9.680e-01
It: 90, Loss = 9.645e-01
It: 100, Loss = 9.607e-01
It: 110, Loss = 9.564e-01
It: 120, Loss = 9.516e-01
It: 130, Loss = 9.468e-01
It: 140, Loss = 9.425e-01
It: 150, Loss = 9.396e-01
It: 160, Loss = 9.384e-01
It: 170, Loss = 9.381e-01
It: 180, Loss = 9.378e-01
It: 190, Loss = 9.376e-01
It: 200, Loss = 9.374e-01
It: 210, Loss = 9.373e-01
It: 220, Loss = 9.372e-01
It: 230, Loss = 9.371e-01
It: 240, Loss = 9.371e-01
It: 250, Loss = 9.370e-01
It: 260, Loss = 9.370e-01
It: 270, Loss = 9.369e-01
It: 280, Loss = 9.369e-01
It: 290, Loss = 9.368e-01
It: 300, Loss = 9.368e-01
It: 310, Loss = 9.367e-01
It: 320, Loss = 9.367e-01
It: 330, Loss = 9.366e-01
It: 340, Loss = 9.365e-01
It: 350, Loss = 9.365e-01
It: 360, Loss = 9.363e-01
It: 370, Loss = 9.362e-01
It: 380, Loss = 9.360e-01
It: 390, Loss = 9.356e-01
It: 400, Loss = 9.351e-01
It: 410, Loss = 9.344e-01
It: 420, Loss = 9.339e-01
It: 430, Loss = 9.334e-01
It: 440, Loss = 9.328e-01
It: 450, Loss = 9.322e-01
It: 460, Loss = 9.317e-01
It: 470, Loss = 9.314e-01
It: 480, Loss = 9.310e-01
It: 490, Loss = 9.307e-01
It: 500, Loss = 9.302e-01
It: 510, Loss = 9.300e-01
It: 520, Loss = 9.295e-01
It: 530, Loss = 9.293e-01
It: 540, Loss = 9.288e-01
It: 550, Loss = 9.285e-01
It: 560, Loss = 9.281e-01
It: 570, Loss = 9.276e-01
It: 580, Loss = 9.270e-01
It: 590, Loss = 9.265e-01
It: 600, Loss = 9.255e-01
It: 610, Loss = 9.245e-01
It: 620, Loss = 9.231e-01
It: 630, Loss = 9.212e-01
It: 640, Loss = 9.186e-01
It: 650, Loss = 9.148e-01
It: 660, Loss = 9.093e-01
It: 670, Loss = 9.015e-01
It: 680, Loss = 8.914e-01
It: 690, Loss = 8.790e-01
It: 700, Loss = 8.633e-01
It: 710, Loss = 8.425e-01
It: 720, Loss = 8.229e-01
It: 730, Loss = 7.976e-01
It: 740, Loss = 7.607e-01
It: 750, Loss = 7.306e-01
It: 760, Loss = 7.096e-01
It: 770, Loss = 6.881e-01
It: 780, Loss = 6.667e-01
It: 790, Loss = 6.583e-01
It: 800, Loss = 6.358e-01
It: 810, Loss = 6.239e-01
It: 820, Loss = 6.125e-01
It: 830, Loss = 6.088e-01
It: 840, Loss = 6.017e-01
It: 850, Loss = 5.981e-01
It: 860, Loss = 5.937e-01
It: 870, Loss = 5.961e-01
It: 880, Loss = 5.870e-01
It: 890, Loss = 5.843e-01
It: 900, Loss = 5.832e-01
It: 910, Loss = 5.804e-01
It: 920, Loss = 5.807e-01
It: 930, Loss = 5.769e-01
It: 940, Loss = 5.733e-01
It: 950, Loss = 5.715e-01
It: 960, Loss = 5.693e-01
It: 970, Loss = 5.695e-01
It: 980, Loss = 5.660e-01
It: 990, Loss = 5.635e-01
G_pred shape (100, 100)
It: 0, Loss = 1.581e+00
It: 10, Loss = 9.980e-01
It: 20, Loss = 9.888e-01
It: 30, Loss = 9.859e-01
It: 40, Loss = 9.782e-01
It: 50, Loss = 9.710e-01
It: 60, Loss = 9.644e-01
It: 70, Loss = 9.580e-01
It: 80, Loss = 9.516e-01
It: 90, Loss = 9.459e-01
It: 100, Loss = 9.420e-01
It: 110, Loss = 9.405e-01
It: 120, Loss = 9.402e-01
It: 130, Loss = 9.398e-01
It: 140, Loss = 9.394e-01
It: 150, Loss = 9.391e-01
It: 160, Loss = 9.388e-01
It: 170, Loss = 9.386e-01
It: 180, Loss = 9.384e-01
It: 190, Loss = 9.382e-01
It: 200, Loss = 9.380e-01
It: 210, Loss = 9.379e-01
It: 220, Loss = 9.377e-01
It: 230, Loss = 9.375e-01
It: 240, Loss = 9.374e-01
It: 250, Loss = 9.372e-01
It: 260, Loss = 9.370e-01
It: 270, Loss = 9.368e-01
It: 280, Loss = 9.365e-01
It: 290, Loss = 9.363e-01
It: 300, Loss = 9.359e-01
It: 310, Loss = 9.356e-01
It: 320, Loss = 9.351e-01
It: 330, Loss = 9.345e-01
It: 340, Loss = 9.337e-01
It: 350, Loss = 9.325e-01
It: 360, Loss = 9.305e-01
It: 370, Loss = 9.275e-01
It: 380, Loss = 9.247e-01
It: 390, Loss = 9.228e-01
It: 400, Loss = 9.175e-01
It: 410, Loss = 9.093e-01
It: 420, Loss = 8.932e-01
It: 430, Loss = 8.694e-01
It: 440, Loss = 8.593e-01
It: 450, Loss = 8.491e-01
It: 460, Loss = 8.429e-01
It: 470, Loss = 8.372e-01
It: 480, Loss = 8.327e-01
It: 490, Loss = 8.275e-01
It: 500, Loss = 8.203e-01
It: 510, Loss = 8.073e-01
It: 520, Loss = 7.795e-01
It: 530, Loss = 7.466e-01
It: 540, Loss = 7.244e-01
It: 550, Loss = 7.067e-01
It: 560, Loss = 6.956e-01
It: 570, Loss = 6.849e-01
It: 580, Loss = 6.755e-01
It: 590, Loss = 6.672e-01
It: 600, Loss = 6.595e-01
It: 610, Loss = 6.518e-01
It: 620, Loss = 6.453e-01
It: 630, Loss = 6.392e-01
It: 640, Loss = 6.340e-01
It: 650, Loss = 6.294e-01
It: 660, Loss = 6.250e-01
It: 670, Loss = 6.212e-01
It: 680, Loss = 6.198e-01
It: 690, Loss = 6.158e-01
It: 700, Loss = 6.123e-01
It: 710, Loss = 6.097e-01
It: 720, Loss = 6.119e-01
It: 730, Loss = 6.050e-01
It: 740, Loss = 6.031e-01
It: 750, Loss = 5.997e-01
It: 760, Loss = 5.967e-01
It: 770, Loss = 5.936e-01
It: 780, Loss = 6.019e-01
It: 790, Loss = 5.892e-01
It: 800, Loss = 5.826e-01
It: 810, Loss = 5.787e-01
It: 820, Loss = 5.750e-01
It: 830, Loss = 5.709e-01
It: 840, Loss = 5.671e-01
It: 850, Loss = 5.777e-01
It: 860, Loss = 5.654e-01
It: 870, Loss = 5.554e-01
It: 880, Loss = 5.520e-01
It: 890, Loss = 5.474e-01
It: 900, Loss = 5.432e-01
It: 910, Loss = 5.386e-01
It: 920, Loss = 5.335e-01
It: 930, Loss = 5.505e-01
It: 940, Loss = 5.263e-01
It: 950, Loss = 5.146e-01
It: 960, Loss = 5.031e-01
It: 970, Loss = 4.857e-01
It: 980, Loss = 4.632e-01
It: 990, Loss = 4.712e-01
G_pred shape (100, 100)
It: 0, Loss = 1.424e+00
It: 10, Loss = 9.956e-01
It: 20, Loss = 9.818e-01
It: 30, Loss = 9.766e-01
It: 40, Loss = 9.720e-01
It: 50, Loss = 9.671e-01
It: 60, Loss = 9.620e-01
It: 70, Loss = 9.563e-01
It: 80, Loss = 9.502e-01
It: 90, Loss = 9.443e-01
It: 100, Loss = 9.395e-01
It: 110, Loss = 9.371e-01
It: 120, Loss = 9.366e-01
It: 130, Loss = 9.365e-01
It: 140, Loss = 9.363e-01
It: 150, Loss = 9.362e-01
It: 160, Loss = 9.361e-01
It: 170, Loss = 9.361e-01
It: 180, Loss = 9.360e-01
It: 190, Loss = 9.360e-01
It: 200, Loss = 9.359e-01
It: 210, Loss = 9.358e-01
It: 220, Loss = 9.358e-01
It: 230, Loss = 9.357e-01
It: 240, Loss = 9.357e-01
It: 250, Loss = 9.356e-01
It: 260, Loss = 9.356e-01
It: 270, Loss = 9.355e-01
It: 280, Loss = 9.355e-01
It: 290, Loss = 9.354e-01
It: 300, Loss = 9.354e-01
It: 310, Loss = 9.353e-01
It: 320, Loss = 9.352e-01
It: 330, Loss = 9.352e-01
It: 340, Loss = 9.351e-01
It: 350, Loss = 9.350e-01
It: 360, Loss = 9.349e-01
It: 370, Loss = 9.348e-01
It: 380, Loss = 9.347e-01
It: 390, Loss = 9.346e-01
It: 400, Loss = 9.345e-01
It: 410, Loss = 9.343e-01
It: 420, Loss = 9.341e-01
It: 430, Loss = 9.338e-01
It: 440, Loss = 9.334e-01
It: 450, Loss = 9.326e-01
It: 460, Loss = 9.315e-01
It: 470, Loss = 9.300e-01
It: 480, Loss = 9.288e-01
It: 490, Loss = 9.282e-01
It: 500, Loss = 9.278e-01
It: 510, Loss = 9.276e-01
It: 520, Loss = 9.274e-01
It: 530, Loss = 9.271e-01
It: 540, Loss = 9.269e-01
It: 550, Loss = 9.266e-01
It: 560, Loss = 9.263e-01
It: 570, Loss = 9.259e-01
It: 580, Loss = 9.255e-01
It: 590, Loss = 9.251e-01
It: 600, Loss = 9.246e-01
It: 610, Loss = 9.242e-01
It: 620, Loss = 9.236e-01
It: 630, Loss = 9.232e-01
It: 640, Loss = 9.226e-01
It: 650, Loss = 9.219e-01
It: 660, Loss = 9.213e-01
It: 670, Loss = 9.205e-01
It: 680, Loss = 9.197e-01
It: 690, Loss = 9.187e-01
It: 700, Loss = 9.174e-01
It: 710, Loss = 9.155e-01
It: 720, Loss = 9.125e-01
It: 730, Loss = 9.066e-01
It: 740, Loss = 8.948e-01
It: 750, Loss = 8.731e-01
It: 760, Loss = 8.396e-01
It: 770, Loss = 7.948e-01
It: 780, Loss = 7.801e-01
It: 790, Loss = 7.741e-01
It: 800, Loss = 7.620e-01
It: 810, Loss = 7.499e-01
It: 820, Loss = 7.380e-01
It: 830, Loss = 7.270e-01
It: 840, Loss = 7.149e-01
It: 850, Loss = 7.136e-01
It: 860, Loss = 6.966e-01
It: 870, Loss = 6.855e-01
It: 880, Loss = 6.737e-01
It: 890, Loss = 6.867e-01
It: 900, Loss = 6.559e-01
It: 910, Loss = 6.455e-01
It: 920, Loss = 6.359e-01
It: 930, Loss = 6.269e-01
It: 940, Loss = 6.229e-01
It: 950, Loss = 6.571e-01
It: 960, Loss = 6.153e-01
It: 970, Loss = 6.027e-01
It: 980, Loss = 5.961e-01
It: 990, Loss = 5.902e-01
G_pred shape (100, 100)
It: 0, Loss = 2.729e+00
It: 10, Loss = 1.089e+00
It: 20, Loss = 1.086e+00
It: 30, Loss = 1.028e+00
It: 40, Loss = 9.840e-01
It: 50, Loss = 9.703e-01
It: 60, Loss = 9.659e-01
It: 70, Loss = 9.625e-01
It: 80, Loss = 9.588e-01
It: 90, Loss = 9.550e-01
It: 100, Loss = 9.510e-01
It: 110, Loss = 9.471e-01
It: 120, Loss = 9.437e-01
It: 130, Loss = 9.410e-01
It: 140, Loss = 9.394e-01
It: 150, Loss = 9.387e-01
It: 160, Loss = 9.384e-01
It: 170, Loss = 9.382e-01
It: 180, Loss = 9.380e-01
It: 190, Loss = 9.377e-01
It: 200, Loss = 9.375e-01
It: 210, Loss = 9.372e-01
It: 220, Loss = 9.367e-01
It: 230, Loss = 9.357e-01
It: 240, Loss = 9.333e-01
It: 250, Loss = 9.314e-01
It: 260, Loss = 9.311e-01
It: 270, Loss = 9.304e-01
It: 280, Loss = 9.301e-01
It: 290, Loss = 9.299e-01
It: 300, Loss = 9.298e-01
It: 310, Loss = 9.296e-01
It: 320, Loss = 9.295e-01
It: 330, Loss = 9.293e-01
It: 340, Loss = 9.291e-01
It: 350, Loss = 9.289e-01
It: 360, Loss = 9.286e-01
It: 370, Loss = 9.289e-01
It: 380, Loss = 9.286e-01
It: 390, Loss = 9.282e-01
It: 400, Loss = 9.281e-01
It: 410, Loss = 9.280e-01
It: 420, Loss = 9.279e-01
It: 430, Loss = 9.278e-01
It: 440, Loss = 9.277e-01
It: 450, Loss = 9.276e-01
It: 460, Loss = 9.276e-01
It: 470, Loss = 9.275e-01
It: 480, Loss = 9.273e-01
It: 490, Loss = 9.272e-01
It: 500, Loss = 9.271e-01
It: 510, Loss = 9.269e-01
It: 520, Loss = 9.268e-01
It: 530, Loss = 9.266e-01
It: 540, Loss = 9.264e-01
It: 550, Loss = 9.261e-01
It: 560, Loss = 9.258e-01
It: 570, Loss = 9.255e-01
It: 580, Loss = 9.251e-01
It: 590, Loss = 9.247e-01
It: 600, Loss = 9.242e-01
It: 610, Loss = 9.237e-01
It: 620, Loss = 9.232e-01
It: 630, Loss = 9.226e-01
It: 640, Loss = 9.220e-01
It: 650, Loss = 9.214e-01
It: 660, Loss = 9.208e-01
It: 670, Loss = 9.199e-01
It: 680, Loss = 9.189e-01
It: 690, Loss = 9.179e-01
It: 700, Loss = 9.168e-01
It: 710, Loss = 9.155e-01
It: 720, Loss = 9.139e-01
It: 730, Loss = 9.120e-01
It: 740, Loss = 9.096e-01
It: 750, Loss = 9.064e-01
It: 760, Loss = 9.017e-01
It: 770, Loss = 8.948e-01
It: 780, Loss = 8.838e-01
It: 790, Loss = 8.676e-01
It: 800, Loss = 8.486e-01
It: 810, Loss = 8.317e-01
It: 820, Loss = 8.201e-01
It: 830, Loss = 8.103e-01
It: 840, Loss = 8.018e-01
It: 850, Loss = 7.925e-01
It: 860, Loss = 7.827e-01
It: 870, Loss = 7.730e-01
It: 880, Loss = 7.632e-01
It: 890, Loss = 7.535e-01
It: 900, Loss = 7.459e-01
It: 910, Loss = 7.437e-01
It: 920, Loss = 7.350e-01
It: 930, Loss = 7.298e-01
It: 940, Loss = 7.262e-01
It: 950, Loss = 7.222e-01
It: 960, Loss = 7.189e-01
It: 970, Loss = 7.154e-01
It: 980, Loss = 7.117e-01
It: 990, Loss = 7.078e-01
G_pred shape (100, 100)
