Using TensorFlow 2 backend.

noise_ratio =  0.44897959
It: 0, Loss = 1.176e+00
It: 10, Loss = 1.083e+00
It: 20, Loss = 1.024e+00
It: 30, Loss = 9.933e-01
It: 40, Loss = 9.791e-01
It: 50, Loss = 9.705e-01
It: 60, Loss = 9.651e-01
It: 70, Loss = 9.608e-01
It: 80, Loss = 9.567e-01
It: 90, Loss = 9.542e-01
It: 100, Loss = 9.531e-01
It: 110, Loss = 9.528e-01
It: 120, Loss = 9.526e-01
It: 130, Loss = 9.524e-01
It: 140, Loss = 9.522e-01
It: 150, Loss = 9.520e-01
It: 160, Loss = 9.519e-01
It: 170, Loss = 9.518e-01
It: 180, Loss = 9.517e-01
It: 190, Loss = 9.516e-01
It: 200, Loss = 9.515e-01
It: 210, Loss = 9.514e-01
It: 220, Loss = 9.513e-01
It: 230, Loss = 9.512e-01
It: 240, Loss = 9.511e-01
It: 250, Loss = 9.510e-01
It: 260, Loss = 9.509e-01
It: 270, Loss = 9.508e-01
It: 280, Loss = 9.506e-01
It: 290, Loss = 9.504e-01
It: 300, Loss = 9.500e-01
It: 310, Loss = 9.495e-01
It: 320, Loss = 9.486e-01
It: 330, Loss = 9.475e-01
It: 340, Loss = 9.469e-01
It: 350, Loss = 9.464e-01
It: 360, Loss = 9.463e-01
It: 370, Loss = 9.462e-01
It: 380, Loss = 9.460e-01
It: 390, Loss = 9.459e-01
It: 400, Loss = 9.458e-01
It: 410, Loss = 9.457e-01
It: 420, Loss = 9.455e-01
It: 430, Loss = 9.454e-01
It: 440, Loss = 9.453e-01
It: 450, Loss = 9.451e-01
It: 460, Loss = 9.450e-01
It: 470, Loss = 9.448e-01
It: 480, Loss = 9.446e-01
It: 490, Loss = 9.444e-01
It: 500, Loss = 9.442e-01
It: 510, Loss = 9.440e-01
It: 520, Loss = 9.438e-01
It: 530, Loss = 9.435e-01
It: 540, Loss = 9.432e-01
It: 550, Loss = 9.429e-01
It: 560, Loss = 9.425e-01
It: 570, Loss = 9.421e-01
It: 580, Loss = 9.416e-01
It: 590, Loss = 9.411e-01
It: 600, Loss = 9.404e-01
It: 610, Loss = 9.397e-01
It: 620, Loss = 9.388e-01
It: 630, Loss = 9.378e-01
It: 640, Loss = 9.365e-01
It: 650, Loss = 9.349e-01
It: 660, Loss = 9.329e-01
It: 670, Loss = 9.303e-01
It: 680, Loss = 9.266e-01
It: 690, Loss = 9.214e-01
It: 700, Loss = 9.141e-01
It: 710, Loss = 9.040e-01
It: 720, Loss = 8.940e-01
It: 730, Loss = 8.852e-01
It: 740, Loss = 8.743e-01
It: 750, Loss = 8.636e-01
It: 760, Loss = 8.561e-01
It: 770, Loss = 8.503e-01
It: 780, Loss = 8.458e-01
It: 790, Loss = 8.416e-01
It: 800, Loss = 8.373e-01
It: 810, Loss = 8.326e-01
It: 820, Loss = 8.337e-01
It: 830, Loss = 8.250e-01
It: 840, Loss = 8.178e-01
It: 850, Loss = 8.116e-01
It: 860, Loss = 8.046e-01
It: 870, Loss = 7.993e-01
It: 880, Loss = 7.835e-01
It: 890, Loss = 7.678e-01
It: 900, Loss = 8.004e-01
It: 910, Loss = 7.302e-01
It: 920, Loss = 6.966e-01
It: 930, Loss = 6.770e-01
It: 940, Loss = 6.741e-01
It: 950, Loss = 6.517e-01
It: 960, Loss = 6.375e-01
It: 970, Loss = 6.333e-01
It: 980, Loss = 6.240e-01
It: 990, Loss = 6.135e-01
G_pred shape (100, 100)
It: 0, Loss = 1.030e+00
It: 10, Loss = 1.039e+00
It: 20, Loss = 9.794e-01
It: 30, Loss = 9.710e-01
It: 40, Loss = 9.659e-01
It: 50, Loss = 9.565e-01
It: 60, Loss = 9.496e-01
It: 70, Loss = 9.435e-01
It: 80, Loss = 9.414e-01
It: 90, Loss = 9.412e-01
It: 100, Loss = 9.408e-01
It: 110, Loss = 9.407e-01
It: 120, Loss = 9.406e-01
It: 130, Loss = 9.405e-01
It: 140, Loss = 9.405e-01
It: 150, Loss = 9.404e-01
It: 160, Loss = 9.404e-01
It: 170, Loss = 9.403e-01
It: 180, Loss = 9.403e-01
It: 190, Loss = 9.402e-01
It: 200, Loss = 9.402e-01
It: 210, Loss = 9.401e-01
It: 220, Loss = 9.401e-01
It: 230, Loss = 9.400e-01
It: 240, Loss = 9.400e-01
It: 250, Loss = 9.399e-01
It: 260, Loss = 9.398e-01
It: 270, Loss = 9.397e-01
It: 280, Loss = 9.397e-01
It: 290, Loss = 9.396e-01
It: 300, Loss = 9.395e-01
It: 310, Loss = 9.394e-01
It: 320, Loss = 9.392e-01
It: 330, Loss = 9.391e-01
It: 340, Loss = 9.389e-01
It: 350, Loss = 9.386e-01
It: 360, Loss = 9.384e-01
It: 370, Loss = 9.380e-01
It: 380, Loss = 9.375e-01
It: 390, Loss = 9.368e-01
It: 400, Loss = 9.359e-01
It: 410, Loss = 9.346e-01
It: 420, Loss = 9.326e-01
It: 430, Loss = 9.296e-01
It: 440, Loss = 9.257e-01
It: 450, Loss = 9.193e-01
It: 460, Loss = 9.091e-01
It: 470, Loss = 8.947e-01
It: 480, Loss = 8.729e-01
It: 490, Loss = 8.981e-01
It: 500, Loss = 8.435e-01
It: 510, Loss = 8.185e-01
It: 520, Loss = 8.049e-01
It: 530, Loss = 7.964e-01
It: 540, Loss = 7.892e-01
It: 550, Loss = 7.827e-01
It: 560, Loss = 7.785e-01
It: 570, Loss = 7.869e-01
It: 580, Loss = 7.748e-01
It: 590, Loss = 7.673e-01
It: 600, Loss = 7.616e-01
It: 610, Loss = 7.547e-01
It: 620, Loss = 7.450e-01
It: 630, Loss = 7.690e-01
It: 640, Loss = 7.354e-01
It: 650, Loss = 7.220e-01
It: 660, Loss = 7.120e-01
It: 670, Loss = 7.018e-01
It: 680, Loss = 7.281e-01
It: 690, Loss = 6.865e-01
It: 700, Loss = 6.774e-01
It: 710, Loss = 6.675e-01
It: 720, Loss = 7.183e-01
It: 730, Loss = 6.578e-01
It: 740, Loss = 6.477e-01
It: 750, Loss = 6.427e-01
It: 760, Loss = 6.381e-01
It: 770, Loss = 6.338e-01
It: 780, Loss = 6.306e-01
It: 790, Loss = 6.284e-01
It: 800, Loss = 6.286e-01
It: 810, Loss = 6.255e-01
It: 820, Loss = 6.226e-01
It: 830, Loss = 6.203e-01
It: 840, Loss = 6.186e-01
It: 850, Loss = 6.205e-01
It: 860, Loss = 6.194e-01
It: 870, Loss = 6.149e-01
It: 880, Loss = 6.136e-01
It: 890, Loss = 6.117e-01
It: 900, Loss = 6.100e-01
It: 910, Loss = 6.082e-01
It: 920, Loss = 6.064e-01
It: 930, Loss = 6.229e-01
It: 940, Loss = 6.150e-01
It: 950, Loss = 6.099e-01
It: 960, Loss = 6.024e-01
It: 970, Loss = 5.985e-01
It: 980, Loss = 5.961e-01
It: 990, Loss = 5.933e-01
G_pred shape (100, 100)
It: 0, Loss = 1.736e+00
It: 10, Loss = 1.013e+00
It: 20, Loss = 9.910e-01
It: 30, Loss = 9.875e-01
It: 40, Loss = 9.839e-01
It: 50, Loss = 9.795e-01
It: 60, Loss = 9.755e-01
It: 70, Loss = 9.718e-01
It: 80, Loss = 9.683e-01
It: 90, Loss = 9.647e-01
It: 100, Loss = 9.611e-01
It: 110, Loss = 9.579e-01
It: 120, Loss = 9.555e-01
It: 130, Loss = 9.542e-01
It: 140, Loss = 9.536e-01
It: 150, Loss = 9.534e-01
It: 160, Loss = 9.533e-01
It: 170, Loss = 9.532e-01
It: 180, Loss = 9.531e-01
It: 190, Loss = 9.529e-01
It: 200, Loss = 9.528e-01
It: 210, Loss = 9.527e-01
It: 220, Loss = 9.526e-01
It: 230, Loss = 9.525e-01
It: 240, Loss = 9.523e-01
It: 250, Loss = 9.520e-01
It: 260, Loss = 9.512e-01
It: 270, Loss = 9.496e-01
It: 280, Loss = 9.488e-01
It: 290, Loss = 9.483e-01
It: 300, Loss = 9.480e-01
It: 310, Loss = 9.478e-01
It: 320, Loss = 9.476e-01
It: 330, Loss = 9.475e-01
It: 340, Loss = 9.475e-01
It: 350, Loss = 9.474e-01
It: 360, Loss = 9.474e-01
It: 370, Loss = 9.473e-01
It: 380, Loss = 9.473e-01
It: 390, Loss = 9.472e-01
It: 400, Loss = 9.472e-01
It: 410, Loss = 9.471e-01
It: 420, Loss = 9.471e-01
It: 430, Loss = 9.470e-01
It: 440, Loss = 9.470e-01
It: 450, Loss = 9.469e-01
It: 460, Loss = 9.469e-01
It: 470, Loss = 9.469e-01
It: 480, Loss = 9.468e-01
It: 490, Loss = 9.468e-01
It: 500, Loss = 9.467e-01
It: 510, Loss = 9.467e-01
It: 520, Loss = 9.466e-01
It: 530, Loss = 9.466e-01
It: 540, Loss = 9.465e-01
It: 550, Loss = 9.465e-01
It: 560, Loss = 9.464e-01
It: 570, Loss = 9.464e-01
It: 580, Loss = 9.463e-01
It: 590, Loss = 9.462e-01
It: 600, Loss = 9.462e-01
It: 610, Loss = 9.461e-01
It: 620, Loss = 9.461e-01
It: 630, Loss = 9.461e-01
It: 640, Loss = 9.459e-01
It: 650, Loss = 9.459e-01
It: 660, Loss = 9.458e-01
It: 670, Loss = 9.457e-01
It: 680, Loss = 9.456e-01
It: 690, Loss = 9.455e-01
It: 700, Loss = 9.454e-01
It: 710, Loss = 9.453e-01
It: 720, Loss = 9.452e-01
It: 730, Loss = 9.451e-01
It: 740, Loss = 9.449e-01
It: 750, Loss = 9.449e-01
It: 760, Loss = 9.447e-01
It: 770, Loss = 9.444e-01
It: 780, Loss = 9.442e-01
It: 790, Loss = 9.440e-01
It: 800, Loss = 9.437e-01
It: 810, Loss = 9.434e-01
It: 820, Loss = 9.432e-01
It: 830, Loss = 9.427e-01
It: 840, Loss = 9.422e-01
It: 850, Loss = 9.417e-01
It: 860, Loss = 9.412e-01
It: 870, Loss = 9.404e-01
It: 880, Loss = 9.397e-01
It: 890, Loss = 9.389e-01
It: 900, Loss = 9.380e-01
It: 910, Loss = 9.371e-01
It: 920, Loss = 9.361e-01
It: 930, Loss = 9.350e-01
It: 940, Loss = 9.337e-01
It: 950, Loss = 9.322e-01
It: 960, Loss = 9.304e-01
It: 970, Loss = 9.283e-01
It: 980, Loss = 9.256e-01
It: 990, Loss = 9.227e-01
G_pred shape (100, 100)
It: 0, Loss = 2.110e+00
It: 10, Loss = 1.046e+00
It: 20, Loss = 1.031e+00
It: 30, Loss = 1.017e+00
It: 40, Loss = 9.978e-01
It: 50, Loss = 9.856e-01
It: 60, Loss = 9.784e-01
It: 70, Loss = 9.724e-01
It: 80, Loss = 9.665e-01
It: 90, Loss = 9.605e-01
It: 100, Loss = 9.551e-01
It: 110, Loss = 9.514e-01
It: 120, Loss = 9.502e-01
It: 130, Loss = 9.502e-01
It: 140, Loss = 9.501e-01
It: 150, Loss = 9.500e-01
It: 160, Loss = 9.499e-01
It: 170, Loss = 9.499e-01
It: 180, Loss = 9.499e-01
It: 190, Loss = 9.498e-01
It: 200, Loss = 9.498e-01
It: 210, Loss = 9.497e-01
It: 220, Loss = 9.497e-01
It: 230, Loss = 9.496e-01
It: 240, Loss = 9.496e-01
It: 250, Loss = 9.495e-01
It: 260, Loss = 9.494e-01
It: 270, Loss = 9.491e-01
It: 280, Loss = 9.485e-01
It: 290, Loss = 9.472e-01
It: 300, Loss = 9.464e-01
It: 310, Loss = 9.462e-01
It: 320, Loss = 9.459e-01
It: 330, Loss = 9.457e-01
It: 340, Loss = 9.456e-01
It: 350, Loss = 9.455e-01
It: 360, Loss = 9.454e-01
It: 370, Loss = 9.454e-01
It: 380, Loss = 9.453e-01
It: 390, Loss = 9.452e-01
It: 400, Loss = 9.451e-01
It: 410, Loss = 9.452e-01
It: 420, Loss = 9.450e-01
It: 430, Loss = 9.449e-01
It: 440, Loss = 9.447e-01
It: 450, Loss = 9.446e-01
It: 460, Loss = 9.445e-01
It: 470, Loss = 9.445e-01
It: 480, Loss = 9.444e-01
It: 490, Loss = 9.443e-01
It: 500, Loss = 9.443e-01
It: 510, Loss = 9.442e-01
It: 520, Loss = 9.442e-01
It: 530, Loss = 9.441e-01
It: 540, Loss = 9.440e-01
It: 550, Loss = 9.439e-01
It: 560, Loss = 9.438e-01
It: 570, Loss = 9.437e-01
It: 580, Loss = 9.436e-01
It: 590, Loss = 9.434e-01
It: 600, Loss = 9.439e-01
It: 610, Loss = 9.431e-01
It: 620, Loss = 9.430e-01
It: 630, Loss = 9.428e-01
It: 640, Loss = 9.427e-01
It: 650, Loss = 9.426e-01
It: 660, Loss = 9.425e-01
It: 670, Loss = 9.424e-01
It: 680, Loss = 9.423e-01
It: 690, Loss = 9.423e-01
It: 700, Loss = 9.422e-01
It: 710, Loss = 9.421e-01
It: 720, Loss = 9.420e-01
It: 730, Loss = 9.418e-01
It: 740, Loss = 9.417e-01
It: 750, Loss = 9.416e-01
It: 760, Loss = 9.414e-01
It: 770, Loss = 9.413e-01
It: 780, Loss = 9.413e-01
It: 790, Loss = 9.407e-01
It: 800, Loss = 9.403e-01
It: 810, Loss = 9.397e-01
It: 820, Loss = 9.390e-01
It: 830, Loss = 9.378e-01
It: 840, Loss = 9.361e-01
It: 850, Loss = 9.333e-01
It: 860, Loss = 9.285e-01
It: 870, Loss = 9.206e-01
It: 880, Loss = 9.102e-01
It: 890, Loss = 9.002e-01
It: 900, Loss = 8.888e-01
It: 910, Loss = 8.761e-01
It: 920, Loss = 8.712e-01
It: 930, Loss = 8.588e-01
It: 940, Loss = 8.505e-01
It: 950, Loss = 8.460e-01
It: 960, Loss = 8.419e-01
It: 970, Loss = 8.373e-01
It: 980, Loss = 8.324e-01
It: 990, Loss = 8.273e-01
G_pred shape (100, 100)
It: 0, Loss = 1.753e+00
It: 10, Loss = 9.924e-01
It: 20, Loss = 9.961e-01
It: 30, Loss = 9.939e-01
It: 40, Loss = 9.877e-01
It: 50, Loss = 9.820e-01
It: 60, Loss = 9.773e-01
It: 70, Loss = 9.727e-01
It: 80, Loss = 9.676e-01
It: 90, Loss = 9.617e-01
It: 100, Loss = 9.561e-01
It: 110, Loss = 9.530e-01
It: 120, Loss = 9.526e-01
It: 130, Loss = 9.524e-01
It: 140, Loss = 9.521e-01
It: 150, Loss = 9.520e-01
It: 160, Loss = 9.518e-01
It: 170, Loss = 9.516e-01
It: 180, Loss = 9.515e-01
It: 190, Loss = 9.513e-01
It: 200, Loss = 9.510e-01
It: 210, Loss = 9.508e-01
It: 220, Loss = 9.505e-01
It: 230, Loss = 9.501e-01
It: 240, Loss = 9.496e-01
It: 250, Loss = 9.491e-01
It: 260, Loss = 9.483e-01
It: 270, Loss = 9.474e-01
It: 280, Loss = 9.460e-01
It: 290, Loss = 9.439e-01
It: 300, Loss = 9.409e-01
It: 310, Loss = 9.367e-01
It: 320, Loss = 9.320e-01
It: 330, Loss = 9.281e-01
It: 340, Loss = 9.248e-01
It: 350, Loss = 9.213e-01
It: 360, Loss = 9.168e-01
It: 370, Loss = 9.088e-01
It: 380, Loss = 8.914e-01
It: 390, Loss = 8.643e-01
It: 400, Loss = 8.451e-01
It: 410, Loss = 8.373e-01
It: 420, Loss = 8.306e-01
It: 430, Loss = 8.268e-01
It: 440, Loss = 8.232e-01
It: 450, Loss = 8.196e-01
It: 460, Loss = 8.157e-01
It: 470, Loss = 8.113e-01
It: 480, Loss = 8.062e-01
It: 490, Loss = 8.002e-01
It: 500, Loss = 7.945e-01
It: 510, Loss = 7.889e-01
It: 520, Loss = 7.769e-01
It: 530, Loss = 7.637e-01
It: 540, Loss = 7.487e-01
It: 550, Loss = 7.306e-01
It: 560, Loss = 7.019e-01
It: 570, Loss = 6.777e-01
It: 580, Loss = 6.619e-01
It: 590, Loss = 6.652e-01
It: 600, Loss = 6.539e-01
It: 610, Loss = 6.452e-01
It: 620, Loss = 6.409e-01
It: 630, Loss = 6.365e-01
It: 640, Loss = 6.329e-01
It: 650, Loss = 6.294e-01
It: 660, Loss = 6.285e-01
It: 670, Loss = 6.267e-01
It: 680, Loss = 6.260e-01
It: 690, Loss = 6.218e-01
It: 700, Loss = 6.178e-01
It: 710, Loss = 6.148e-01
It: 720, Loss = 6.125e-01
It: 730, Loss = 6.091e-01
It: 740, Loss = 6.074e-01
It: 750, Loss = 6.288e-01
It: 760, Loss = 6.090e-01
It: 770, Loss = 6.008e-01
It: 780, Loss = 5.982e-01
It: 790, Loss = 5.950e-01
It: 800, Loss = 5.918e-01
It: 810, Loss = 6.039e-01
It: 820, Loss = 5.994e-01
It: 830, Loss = 5.874e-01
It: 840, Loss = 5.811e-01
It: 850, Loss = 5.749e-01
It: 860, Loss = 5.687e-01
It: 870, Loss = 5.615e-01
It: 880, Loss = 5.878e-01
It: 890, Loss = 5.456e-01
It: 900, Loss = 5.318e-01
It: 910, Loss = 5.092e-01
It: 920, Loss = 4.858e-01
It: 930, Loss = 5.070e-01
It: 940, Loss = 4.646e-01
It: 950, Loss = 4.395e-01
It: 960, Loss = 4.242e-01
It: 970, Loss = 4.085e-01
It: 980, Loss = 3.936e-01
It: 990, Loss = 3.773e-01
G_pred shape (100, 100)
