Using TensorFlow 2 backend.

noise_ratio =  0.13265306
It: 0, Loss = 1.309e+00
It: 10, Loss = 9.932e-01
It: 20, Loss = 9.848e-01
It: 30, Loss = 9.660e-01
It: 40, Loss = 9.550e-01
It: 50, Loss = 9.457e-01
It: 60, Loss = 9.374e-01
It: 70, Loss = 9.342e-01
It: 80, Loss = 9.333e-01
It: 90, Loss = 9.322e-01
It: 100, Loss = 9.318e-01
It: 110, Loss = 9.315e-01
It: 120, Loss = 9.314e-01
It: 130, Loss = 9.312e-01
It: 140, Loss = 9.311e-01
It: 150, Loss = 9.309e-01
It: 160, Loss = 9.307e-01
It: 170, Loss = 9.305e-01
It: 180, Loss = 9.303e-01
It: 190, Loss = 9.300e-01
It: 200, Loss = 9.297e-01
It: 210, Loss = 9.294e-01
It: 220, Loss = 9.289e-01
It: 230, Loss = 9.282e-01
It: 240, Loss = 9.267e-01
It: 250, Loss = 9.231e-01
It: 260, Loss = 9.205e-01
It: 270, Loss = 9.184e-01
It: 280, Loss = 9.165e-01
It: 290, Loss = 9.134e-01
It: 300, Loss = 9.084e-01
It: 310, Loss = 9.001e-01
It: 320, Loss = 8.814e-01
It: 330, Loss = 8.504e-01
It: 340, Loss = 8.251e-01
It: 350, Loss = 7.955e-01
It: 360, Loss = 7.676e-01
It: 370, Loss = 7.512e-01
It: 380, Loss = 7.479e-01
It: 390, Loss = 7.315e-01
It: 400, Loss = 7.242e-01
It: 410, Loss = 7.180e-01
It: 420, Loss = 7.122e-01
It: 430, Loss = 7.068e-01
It: 440, Loss = 7.079e-01
It: 450, Loss = 6.949e-01
It: 460, Loss = 6.874e-01
It: 470, Loss = 6.821e-01
It: 480, Loss = 6.766e-01
It: 490, Loss = 6.610e-01
It: 500, Loss = 6.473e-01
It: 510, Loss = 6.464e-01
It: 520, Loss = 6.202e-01
It: 530, Loss = 6.101e-01
It: 540, Loss = 5.935e-01
It: 550, Loss = 5.819e-01
It: 560, Loss = 5.942e-01
It: 570, Loss = 5.618e-01
It: 580, Loss = 5.543e-01
It: 590, Loss = 5.529e-01
It: 600, Loss = 5.780e-01
It: 610, Loss = 5.562e-01
It: 620, Loss = 5.403e-01
It: 630, Loss = 5.378e-01
It: 640, Loss = 5.336e-01
It: 650, Loss = 5.308e-01
It: 660, Loss = 5.279e-01
It: 670, Loss = 5.254e-01
It: 680, Loss = 5.228e-01
It: 690, Loss = 5.202e-01
It: 700, Loss = 5.770e-01
It: 710, Loss = 5.326e-01
It: 720, Loss = 5.207e-01
It: 730, Loss = 5.146e-01
It: 740, Loss = 5.112e-01
It: 750, Loss = 5.083e-01
It: 760, Loss = 5.051e-01
It: 770, Loss = 5.019e-01
It: 780, Loss = 6.237e-01
It: 790, Loss = 5.100e-01
It: 800, Loss = 4.957e-01
It: 810, Loss = 4.947e-01
It: 820, Loss = 4.898e-01
It: 830, Loss = 4.854e-01
It: 840, Loss = 4.814e-01
It: 850, Loss = 4.773e-01
It: 860, Loss = 4.731e-01
It: 870, Loss = 4.688e-01
It: 880, Loss = 4.645e-01
It: 890, Loss = 4.608e-01
It: 900, Loss = 4.967e-01
It: 910, Loss = 4.634e-01
It: 920, Loss = 4.512e-01
It: 930, Loss = 4.479e-01
It: 940, Loss = 4.435e-01
It: 950, Loss = 4.388e-01
It: 960, Loss = 4.341e-01
It: 970, Loss = 4.292e-01
It: 980, Loss = 4.255e-01
It: 990, Loss = 4.641e-01
G_pred shape (100, 100)
It: 0, Loss = 1.173e+00
It: 10, Loss = 1.123e+00
It: 20, Loss = 1.013e+00
It: 30, Loss = 9.701e-01
It: 40, Loss = 9.603e-01
It: 50, Loss = 9.523e-01
It: 60, Loss = 9.414e-01
It: 70, Loss = 9.342e-01
It: 80, Loss = 9.311e-01
It: 90, Loss = 9.309e-01
It: 100, Loss = 9.306e-01
It: 110, Loss = 9.303e-01
It: 120, Loss = 9.302e-01
It: 130, Loss = 9.300e-01
It: 140, Loss = 9.298e-01
It: 150, Loss = 9.295e-01
It: 160, Loss = 9.292e-01
It: 170, Loss = 9.285e-01
It: 180, Loss = 9.270e-01
It: 190, Loss = 9.246e-01
It: 200, Loss = 9.232e-01
It: 210, Loss = 9.226e-01
It: 220, Loss = 9.220e-01
It: 230, Loss = 9.215e-01
It: 240, Loss = 9.211e-01
It: 250, Loss = 9.209e-01
It: 260, Loss = 9.206e-01
It: 270, Loss = 9.204e-01
It: 280, Loss = 9.201e-01
It: 290, Loss = 9.198e-01
It: 300, Loss = 9.194e-01
It: 310, Loss = 9.191e-01
It: 320, Loss = 9.186e-01
It: 330, Loss = 9.181e-01
It: 340, Loss = 9.173e-01
It: 350, Loss = 9.164e-01
It: 360, Loss = 9.151e-01
It: 370, Loss = 9.130e-01
It: 380, Loss = 9.089e-01
It: 390, Loss = 9.003e-01
It: 400, Loss = 8.821e-01
It: 410, Loss = 8.536e-01
It: 420, Loss = 8.414e-01
It: 430, Loss = 8.297e-01
It: 440, Loss = 8.197e-01
It: 450, Loss = 8.103e-01
It: 460, Loss = 8.014e-01
It: 470, Loss = 7.946e-01
It: 480, Loss = 7.890e-01
It: 490, Loss = 7.859e-01
It: 500, Loss = 7.811e-01
It: 510, Loss = 7.778e-01
It: 520, Loss = 7.745e-01
It: 530, Loss = 7.780e-01
It: 540, Loss = 7.677e-01
It: 550, Loss = 7.638e-01
It: 560, Loss = 7.569e-01
It: 570, Loss = 7.475e-01
It: 580, Loss = 7.318e-01
It: 590, Loss = 7.083e-01
It: 600, Loss = 6.728e-01
It: 610, Loss = 6.450e-01
It: 620, Loss = 6.188e-01
It: 630, Loss = 6.050e-01
It: 640, Loss = 6.301e-01
It: 650, Loss = 5.826e-01
It: 660, Loss = 5.623e-01
It: 670, Loss = 5.555e-01
It: 680, Loss = 5.485e-01
It: 690, Loss = 5.403e-01
It: 700, Loss = 5.320e-01
It: 710, Loss = 5.995e-01
It: 720, Loss = 5.362e-01
It: 730, Loss = 5.132e-01
It: 740, Loss = 5.052e-01
It: 750, Loss = 4.950e-01
It: 760, Loss = 4.853e-01
It: 770, Loss = 4.728e-01
It: 780, Loss = 5.018e-01
It: 790, Loss = 4.522e-01
It: 800, Loss = 4.316e-01
It: 810, Loss = 4.128e-01
It: 820, Loss = 3.921e-01
It: 830, Loss = 3.722e-01
It: 840, Loss = 3.576e-01
It: 850, Loss = 3.407e-01
It: 860, Loss = 3.344e-01
It: 870, Loss = 3.166e-01
It: 880, Loss = 3.006e-01
It: 890, Loss = 2.866e-01
It: 900, Loss = 2.746e-01
It: 910, Loss = 3.152e-01
It: 920, Loss = 2.659e-01
It: 930, Loss = 2.504e-01
It: 940, Loss = 2.426e-01
It: 950, Loss = 2.340e-01
It: 960, Loss = 2.232e-01
It: 970, Loss = 2.175e-01
It: 980, Loss = 2.061e-01
It: 990, Loss = 1.843e-01
G_pred shape (100, 100)
It: 0, Loss = 1.071e+00
It: 10, Loss = 9.822e-01
It: 20, Loss = 9.596e-01
It: 30, Loss = 9.423e-01
It: 40, Loss = 9.334e-01
It: 50, Loss = 9.323e-01
It: 60, Loss = 9.301e-01
It: 70, Loss = 9.295e-01
It: 80, Loss = 9.291e-01
It: 90, Loss = 9.288e-01
It: 100, Loss = 9.285e-01
It: 110, Loss = 9.283e-01
It: 120, Loss = 9.281e-01
It: 130, Loss = 9.279e-01
It: 140, Loss = 9.276e-01
It: 150, Loss = 9.274e-01
It: 160, Loss = 9.272e-01
It: 170, Loss = 9.270e-01
It: 180, Loss = 9.267e-01
It: 190, Loss = 9.264e-01
It: 200, Loss = 9.261e-01
It: 210, Loss = 9.258e-01
It: 220, Loss = 9.253e-01
It: 230, Loss = 9.249e-01
It: 240, Loss = 9.243e-01
It: 250, Loss = 9.236e-01
It: 260, Loss = 9.227e-01
It: 270, Loss = 9.216e-01
It: 280, Loss = 9.201e-01
It: 290, Loss = 9.180e-01
It: 300, Loss = 9.148e-01
It: 310, Loss = 9.097e-01
It: 320, Loss = 9.045e-01
It: 330, Loss = 8.983e-01
It: 340, Loss = 9.248e-01
It: 350, Loss = 8.819e-01
It: 360, Loss = 8.702e-01
It: 370, Loss = 8.516e-01
It: 380, Loss = 8.384e-01
It: 390, Loss = 8.267e-01
It: 400, Loss = 8.155e-01
It: 410, Loss = 8.070e-01
It: 420, Loss = 8.078e-01
It: 430, Loss = 7.954e-01
It: 440, Loss = 7.860e-01
It: 450, Loss = 7.778e-01
It: 460, Loss = 7.707e-01
It: 470, Loss = 7.650e-01
It: 480, Loss = 7.545e-01
It: 490, Loss = 7.446e-01
It: 500, Loss = 7.412e-01
It: 510, Loss = 7.303e-01
It: 520, Loss = 7.169e-01
It: 530, Loss = 7.034e-01
It: 540, Loss = 6.875e-01
It: 550, Loss = 6.711e-01
It: 560, Loss = 6.570e-01
It: 570, Loss = 6.326e-01
It: 580, Loss = 6.794e-01
It: 590, Loss = 5.943e-01
It: 600, Loss = 5.831e-01
It: 610, Loss = 5.670e-01
It: 620, Loss = 5.403e-01
It: 630, Loss = 5.261e-01
It: 640, Loss = 5.252e-01
It: 650, Loss = 5.357e-01
It: 660, Loss = 4.825e-01
It: 670, Loss = 4.584e-01
It: 680, Loss = 4.285e-01
It: 690, Loss = 4.323e-01
It: 700, Loss = 4.161e-01
It: 710, Loss = 3.660e-01
It: 720, Loss = 3.190e-01
It: 730, Loss = 2.709e-01
It: 740, Loss = 5.638e-01
It: 750, Loss = 2.939e-01
It: 760, Loss = 2.296e-01
It: 770, Loss = 1.984e-01
It: 780, Loss = 1.704e-01
It: 790, Loss = 1.514e-01
It: 800, Loss = 1.359e-01
It: 810, Loss = 1.242e-01
It: 820, Loss = 1.147e-01
It: 830, Loss = 1.074e-01
It: 840, Loss = 1.015e-01
It: 850, Loss = 9.666e-02
It: 860, Loss = 2.291e-01
It: 870, Loss = 1.243e-01
It: 880, Loss = 1.023e-01
It: 890, Loss = 8.814e-02
It: 900, Loss = 8.552e-02
It: 910, Loss = 8.241e-02
It: 920, Loss = 7.983e-02
It: 930, Loss = 7.758e-02
It: 940, Loss = 7.564e-02
It: 950, Loss = 7.387e-02
It: 960, Loss = 7.222e-02
It: 970, Loss = 7.066e-02
It: 980, Loss = 6.919e-02
It: 990, Loss = 6.781e-02
G_pred shape (100, 100)
It: 0, Loss = 1.361e+00
It: 10, Loss = 9.875e-01
It: 20, Loss = 9.805e-01
It: 30, Loss = 9.595e-01
It: 40, Loss = 9.446e-01
It: 50, Loss = 9.345e-01
It: 60, Loss = 9.297e-01
It: 70, Loss = 9.291e-01
It: 80, Loss = 9.289e-01
It: 90, Loss = 9.285e-01
It: 100, Loss = 9.283e-01
It: 110, Loss = 9.282e-01
It: 120, Loss = 9.280e-01
It: 130, Loss = 9.278e-01
It: 140, Loss = 9.275e-01
It: 150, Loss = 9.272e-01
It: 160, Loss = 9.269e-01
It: 170, Loss = 9.264e-01
It: 180, Loss = 9.256e-01
It: 190, Loss = 9.243e-01
It: 200, Loss = 9.225e-01
It: 210, Loss = 9.213e-01
It: 220, Loss = 9.211e-01
It: 230, Loss = 9.209e-01
It: 240, Loss = 9.207e-01
It: 250, Loss = 9.205e-01
It: 260, Loss = 9.204e-01
It: 270, Loss = 9.203e-01
It: 280, Loss = 9.202e-01
It: 290, Loss = 9.201e-01
It: 300, Loss = 9.200e-01
It: 310, Loss = 9.199e-01
It: 320, Loss = 9.198e-01
It: 330, Loss = 9.197e-01
It: 340, Loss = 9.196e-01
It: 350, Loss = 9.194e-01
It: 360, Loss = 9.193e-01
It: 370, Loss = 9.191e-01
It: 380, Loss = 9.190e-01
It: 390, Loss = 9.188e-01
It: 400, Loss = 9.186e-01
It: 410, Loss = 9.184e-01
It: 420, Loss = 9.181e-01
It: 430, Loss = 9.178e-01
It: 440, Loss = 9.174e-01
It: 450, Loss = 9.170e-01
It: 460, Loss = 9.165e-01
It: 470, Loss = 9.158e-01
It: 480, Loss = 9.149e-01
It: 490, Loss = 9.137e-01
It: 500, Loss = 9.120e-01
It: 510, Loss = 9.096e-01
It: 520, Loss = 9.059e-01
It: 530, Loss = 9.003e-01
It: 540, Loss = 8.937e-01
It: 550, Loss = 8.817e-01
It: 560, Loss = 8.649e-01
It: 570, Loss = 8.454e-01
It: 580, Loss = 8.375e-01
It: 590, Loss = 8.106e-01
It: 600, Loss = 8.025e-01
It: 610, Loss = 7.904e-01
It: 620, Loss = 7.880e-01
It: 630, Loss = 7.831e-01
It: 640, Loss = 7.575e-01
It: 650, Loss = 7.467e-01
It: 660, Loss = 7.432e-01
It: 670, Loss = 7.317e-01
It: 680, Loss = 7.175e-01
It: 690, Loss = 6.939e-01
It: 700, Loss = 6.886e-01
It: 710, Loss = 6.483e-01
It: 720, Loss = 6.211e-01
It: 730, Loss = 5.947e-01
It: 740, Loss = 5.774e-01
It: 750, Loss = 5.675e-01
It: 760, Loss = 5.588e-01
It: 770, Loss = 5.532e-01
It: 780, Loss = 5.492e-01
It: 790, Loss = 5.458e-01
It: 800, Loss = 5.432e-01
It: 810, Loss = 5.407e-01
It: 820, Loss = 5.385e-01
It: 830, Loss = 5.430e-01
It: 840, Loss = 5.501e-01
It: 850, Loss = 5.334e-01
It: 860, Loss = 5.329e-01
It: 870, Loss = 5.307e-01
It: 880, Loss = 5.283e-01
It: 890, Loss = 5.262e-01
It: 900, Loss = 5.244e-01
It: 910, Loss = 5.223e-01
It: 920, Loss = 5.209e-01
It: 930, Loss = 5.261e-01
It: 940, Loss = 5.236e-01
It: 950, Loss = 5.151e-01
It: 960, Loss = 5.137e-01
It: 970, Loss = 5.106e-01
It: 980, Loss = 5.078e-01
It: 990, Loss = 5.052e-01
G_pred shape (100, 100)
It: 0, Loss = 1.412e+00
It: 10, Loss = 9.982e-01
It: 20, Loss = 9.833e-01
It: 30, Loss = 9.764e-01
It: 40, Loss = 9.692e-01
It: 50, Loss = 9.612e-01
It: 60, Loss = 9.529e-01
It: 70, Loss = 9.446e-01
It: 80, Loss = 9.383e-01
It: 90, Loss = 9.361e-01
It: 100, Loss = 9.360e-01
It: 110, Loss = 9.356e-01
It: 120, Loss = 9.353e-01
It: 130, Loss = 9.351e-01
It: 140, Loss = 9.349e-01
It: 150, Loss = 9.347e-01
It: 160, Loss = 9.345e-01
It: 170, Loss = 9.343e-01
It: 180, Loss = 9.341e-01
It: 190, Loss = 9.339e-01
It: 200, Loss = 9.337e-01
It: 210, Loss = 9.334e-01
It: 220, Loss = 9.331e-01
It: 230, Loss = 9.327e-01
It: 240, Loss = 9.324e-01
It: 250, Loss = 9.319e-01
It: 260, Loss = 9.313e-01
It: 270, Loss = 9.307e-01
It: 280, Loss = 9.298e-01
It: 290, Loss = 9.286e-01
It: 300, Loss = 9.268e-01
It: 310, Loss = 9.243e-01
It: 320, Loss = 9.205e-01
It: 330, Loss = 9.156e-01
It: 340, Loss = 9.096e-01
It: 350, Loss = 9.016e-01
It: 360, Loss = 8.908e-01
It: 370, Loss = 8.796e-01
It: 380, Loss = 8.732e-01
It: 390, Loss = 8.682e-01
It: 400, Loss = 8.630e-01
It: 410, Loss = 8.574e-01
It: 420, Loss = 8.508e-01
It: 430, Loss = 8.425e-01
It: 440, Loss = 8.455e-01
It: 450, Loss = 8.305e-01
It: 460, Loss = 8.227e-01
It: 470, Loss = 8.173e-01
It: 480, Loss = 8.110e-01
It: 490, Loss = 8.064e-01
It: 500, Loss = 8.049e-01
It: 510, Loss = 7.964e-01
It: 520, Loss = 7.884e-01
It: 530, Loss = 7.845e-01
It: 540, Loss = 7.781e-01
It: 550, Loss = 7.722e-01
It: 560, Loss = 7.617e-01
It: 570, Loss = 7.689e-01
It: 580, Loss = 7.553e-01
It: 590, Loss = 7.378e-01
It: 600, Loss = 7.164e-01
It: 610, Loss = 8.071e-01
It: 620, Loss = 6.894e-01
It: 630, Loss = 6.504e-01
It: 640, Loss = 6.323e-01
It: 650, Loss = 6.119e-01
It: 660, Loss = 5.987e-01
It: 670, Loss = 5.849e-01
It: 680, Loss = 5.770e-01
It: 690, Loss = 5.793e-01
It: 700, Loss = 5.649e-01
It: 710, Loss = 5.614e-01
It: 720, Loss = 5.565e-01
It: 730, Loss = 5.625e-01
It: 740, Loss = 5.549e-01
It: 750, Loss = 5.512e-01
It: 760, Loss = 5.475e-01
It: 770, Loss = 5.524e-01
It: 780, Loss = 5.467e-01
It: 790, Loss = 5.448e-01
It: 800, Loss = 5.410e-01
It: 810, Loss = 5.391e-01
It: 820, Loss = 5.377e-01
It: 830, Loss = 5.423e-01
It: 840, Loss = 5.360e-01
It: 850, Loss = 5.318e-01
It: 860, Loss = 5.274e-01
It: 870, Loss = 5.245e-01
It: 880, Loss = 5.260e-01
It: 890, Loss = 5.189e-01
It: 900, Loss = 5.103e-01
It: 910, Loss = 5.046e-01
It: 920, Loss = 5.009e-01
It: 930, Loss = 5.014e-01
It: 940, Loss = 4.862e-01
It: 950, Loss = 4.899e-01
It: 960, Loss = 4.854e-01
It: 970, Loss = 4.709e-01
It: 980, Loss = 4.598e-01
It: 990, Loss = 4.518e-01
G_pred shape (100, 100)
