Using TensorFlow 2 backend.

noise_ratio =  0.08163265
It: 0, Loss = 1.442e+00
It: 10, Loss = 1.093e+00
It: 20, Loss = 1.029e+00
It: 30, Loss = 9.912e-01
It: 40, Loss = 9.692e-01
It: 50, Loss = 9.573e-01
It: 60, Loss = 9.485e-01
It: 70, Loss = 9.418e-01
It: 80, Loss = 9.353e-01
It: 90, Loss = 9.302e-01
It: 100, Loss = 9.271e-01
It: 110, Loss = 9.257e-01
It: 120, Loss = 9.250e-01
It: 130, Loss = 9.241e-01
It: 140, Loss = 9.233e-01
It: 150, Loss = 9.229e-01
It: 160, Loss = 9.228e-01
It: 170, Loss = 9.227e-01
It: 180, Loss = 9.226e-01
It: 190, Loss = 9.225e-01
It: 200, Loss = 9.224e-01
It: 210, Loss = 9.223e-01
It: 220, Loss = 9.223e-01
It: 230, Loss = 9.221e-01
It: 240, Loss = 9.220e-01
It: 250, Loss = 9.219e-01
It: 260, Loss = 9.218e-01
It: 270, Loss = 9.216e-01
It: 280, Loss = 9.214e-01
It: 290, Loss = 9.213e-01
It: 300, Loss = 9.210e-01
It: 310, Loss = 9.208e-01
It: 320, Loss = 9.204e-01
It: 330, Loss = 9.198e-01
It: 340, Loss = 9.187e-01
It: 350, Loss = 9.168e-01
It: 360, Loss = 9.138e-01
It: 370, Loss = 9.108e-01
It: 380, Loss = 9.096e-01
It: 390, Loss = 9.090e-01
It: 400, Loss = 9.087e-01
It: 410, Loss = 9.084e-01
It: 420, Loss = 9.081e-01
It: 430, Loss = 9.078e-01
It: 440, Loss = 9.076e-01
It: 450, Loss = 9.073e-01
It: 460, Loss = 9.070e-01
It: 470, Loss = 9.067e-01
It: 480, Loss = 9.063e-01
It: 490, Loss = 9.059e-01
It: 500, Loss = 9.054e-01
It: 510, Loss = 9.049e-01
It: 520, Loss = 9.043e-01
It: 530, Loss = 9.036e-01
It: 540, Loss = 9.027e-01
It: 550, Loss = 9.017e-01
It: 560, Loss = 9.005e-01
It: 570, Loss = 8.990e-01
It: 580, Loss = 8.969e-01
It: 590, Loss = 8.939e-01
It: 600, Loss = 8.890e-01
It: 610, Loss = 8.803e-01
It: 620, Loss = 8.638e-01
It: 630, Loss = 8.380e-01
It: 640, Loss = 8.528e-01
It: 650, Loss = 8.237e-01
It: 660, Loss = 8.147e-01
It: 670, Loss = 8.129e-01
It: 680, Loss = 8.084e-01
It: 690, Loss = 8.060e-01
It: 700, Loss = 8.032e-01
It: 710, Loss = 8.003e-01
It: 720, Loss = 7.969e-01
It: 730, Loss = 7.928e-01
It: 740, Loss = 7.879e-01
It: 750, Loss = 7.821e-01
It: 760, Loss = 7.753e-01
It: 770, Loss = 7.675e-01
It: 780, Loss = 7.594e-01
It: 790, Loss = 7.516e-01
It: 800, Loss = 7.450e-01
It: 810, Loss = 7.398e-01
It: 820, Loss = 7.358e-01
It: 830, Loss = 7.323e-01
It: 840, Loss = 7.291e-01
It: 850, Loss = 7.481e-01
It: 860, Loss = 7.360e-01
It: 870, Loss = 7.326e-01
It: 880, Loss = 7.222e-01
It: 890, Loss = 7.218e-01
It: 900, Loss = 7.199e-01
It: 910, Loss = 7.181e-01
It: 920, Loss = 7.166e-01
It: 930, Loss = 7.149e-01
It: 940, Loss = 7.129e-01
It: 950, Loss = 7.103e-01
It: 960, Loss = 7.068e-01
It: 970, Loss = 7.021e-01
It: 980, Loss = 7.012e-01
It: 990, Loss = 6.881e-01
G_pred shape (100, 100)
It: 0, Loss = 1.380e+00
It: 10, Loss = 9.754e-01
It: 20, Loss = 9.708e-01
It: 30, Loss = 9.519e-01
It: 40, Loss = 9.386e-01
It: 50, Loss = 9.320e-01
It: 60, Loss = 9.291e-01
It: 70, Loss = 9.276e-01
It: 80, Loss = 9.272e-01
It: 90, Loss = 9.267e-01
It: 100, Loss = 9.264e-01
It: 110, Loss = 9.261e-01
It: 120, Loss = 9.258e-01
It: 130, Loss = 9.256e-01
It: 140, Loss = 9.254e-01
It: 150, Loss = 9.252e-01
It: 160, Loss = 9.250e-01
It: 170, Loss = 9.248e-01
It: 180, Loss = 9.247e-01
It: 190, Loss = 9.245e-01
It: 200, Loss = 9.244e-01
It: 210, Loss = 9.242e-01
It: 220, Loss = 9.241e-01
It: 230, Loss = 9.239e-01
It: 240, Loss = 9.238e-01
It: 250, Loss = 9.237e-01
It: 260, Loss = 9.235e-01
It: 270, Loss = 9.234e-01
It: 280, Loss = 9.232e-01
It: 290, Loss = 9.230e-01
It: 300, Loss = 9.229e-01
It: 310, Loss = 9.227e-01
It: 320, Loss = 9.225e-01
It: 330, Loss = 9.222e-01
It: 340, Loss = 9.219e-01
It: 350, Loss = 9.214e-01
It: 360, Loss = 9.205e-01
It: 370, Loss = 9.192e-01
It: 380, Loss = 9.183e-01
It: 390, Loss = 9.180e-01
It: 400, Loss = 9.175e-01
It: 410, Loss = 9.170e-01
It: 420, Loss = 9.163e-01
It: 430, Loss = 9.158e-01
It: 440, Loss = 9.151e-01
It: 450, Loss = 9.141e-01
It: 460, Loss = 9.132e-01
It: 470, Loss = 9.122e-01
It: 480, Loss = 9.110e-01
It: 490, Loss = 9.093e-01
It: 500, Loss = 9.064e-01
It: 510, Loss = 9.011e-01
It: 520, Loss = 8.901e-01
It: 530, Loss = 8.719e-01
It: 540, Loss = 8.577e-01
It: 550, Loss = 8.346e-01
It: 560, Loss = 8.251e-01
It: 570, Loss = 8.140e-01
It: 580, Loss = 7.920e-01
It: 590, Loss = 7.944e-01
It: 600, Loss = 7.636e-01
It: 610, Loss = 7.487e-01
It: 620, Loss = 7.433e-01
It: 630, Loss = 7.349e-01
It: 640, Loss = 7.283e-01
It: 650, Loss = 7.239e-01
It: 660, Loss = 7.183e-01
It: 670, Loss = 7.135e-01
It: 680, Loss = 7.093e-01
It: 690, Loss = 7.042e-01
It: 700, Loss = 7.330e-01
It: 710, Loss = 7.005e-01
It: 720, Loss = 6.915e-01
It: 730, Loss = 6.855e-01
It: 740, Loss = 6.806e-01
It: 750, Loss = 6.718e-01
It: 760, Loss = 6.661e-01
It: 770, Loss = 6.557e-01
It: 780, Loss = 6.487e-01
It: 790, Loss = 6.528e-01
It: 800, Loss = 6.278e-01
It: 810, Loss = 6.157e-01
It: 820, Loss = 6.013e-01
It: 830, Loss = 6.338e-01
It: 840, Loss = 5.914e-01
It: 850, Loss = 5.705e-01
It: 860, Loss = 5.618e-01
It: 870, Loss = 5.528e-01
It: 880, Loss = 5.409e-01
It: 890, Loss = 5.297e-01
It: 900, Loss = 5.183e-01
It: 910, Loss = 6.624e-01
It: 920, Loss = 5.374e-01
It: 930, Loss = 5.066e-01
It: 940, Loss = 4.941e-01
It: 950, Loss = 4.878e-01
It: 960, Loss = 4.819e-01
It: 970, Loss = 4.767e-01
It: 980, Loss = 4.713e-01
It: 990, Loss = 4.657e-01
G_pred shape (100, 100)
It: 0, Loss = 1.035e+00
It: 10, Loss = 9.948e-01
It: 20, Loss = 9.688e-01
It: 30, Loss = 9.541e-01
It: 40, Loss = 9.425e-01
It: 50, Loss = 9.346e-01
It: 60, Loss = 9.294e-01
It: 70, Loss = 9.274e-01
It: 80, Loss = 9.252e-01
It: 90, Loss = 9.243e-01
It: 100, Loss = 9.243e-01
It: 110, Loss = 9.240e-01
It: 120, Loss = 9.239e-01
It: 130, Loss = 9.237e-01
It: 140, Loss = 9.235e-01
It: 150, Loss = 9.233e-01
It: 160, Loss = 9.231e-01
It: 170, Loss = 9.229e-01
It: 180, Loss = 9.226e-01
It: 190, Loss = 9.222e-01
It: 200, Loss = 9.218e-01
It: 210, Loss = 9.212e-01
It: 220, Loss = 9.205e-01
It: 230, Loss = 9.192e-01
It: 240, Loss = 9.168e-01
It: 250, Loss = 9.121e-01
It: 260, Loss = 9.071e-01
It: 270, Loss = 9.053e-01
It: 280, Loss = 9.036e-01
It: 290, Loss = 9.023e-01
It: 300, Loss = 9.008e-01
It: 310, Loss = 8.991e-01
It: 320, Loss = 9.010e-01
It: 330, Loss = 9.050e-01
It: 340, Loss = 8.956e-01
It: 350, Loss = 8.942e-01
It: 360, Loss = 8.920e-01
It: 370, Loss = 8.894e-01
It: 380, Loss = 8.862e-01
It: 390, Loss = 8.820e-01
It: 400, Loss = 8.763e-01
It: 410, Loss = 9.558e-01
It: 420, Loss = 8.739e-01
It: 430, Loss = 8.609e-01
It: 440, Loss = 8.499e-01
It: 450, Loss = 8.314e-01
It: 460, Loss = 8.073e-01
It: 470, Loss = 8.386e-01
It: 480, Loss = 7.977e-01
It: 490, Loss = 7.894e-01
It: 500, Loss = 7.812e-01
It: 510, Loss = 7.752e-01
It: 520, Loss = 7.702e-01
It: 530, Loss = 7.652e-01
It: 540, Loss = 7.595e-01
It: 550, Loss = 7.528e-01
It: 560, Loss = 7.448e-01
It: 570, Loss = 7.355e-01
It: 580, Loss = 7.258e-01
It: 590, Loss = 7.171e-01
It: 600, Loss = 7.093e-01
It: 610, Loss = 7.322e-01
It: 620, Loss = 6.959e-01
It: 630, Loss = 6.878e-01
It: 640, Loss = 6.763e-01
It: 650, Loss = 6.620e-01
It: 660, Loss = 6.455e-01
It: 670, Loss = 6.247e-01
It: 680, Loss = 6.426e-01
It: 690, Loss = 5.891e-01
It: 700, Loss = 5.812e-01
It: 710, Loss = 5.634e-01
It: 720, Loss = 5.485e-01
It: 730, Loss = 5.328e-01
It: 740, Loss = 5.523e-01
It: 750, Loss = 5.200e-01
It: 760, Loss = 5.022e-01
It: 770, Loss = 4.864e-01
It: 780, Loss = 4.708e-01
It: 790, Loss = 4.545e-01
It: 800, Loss = 4.372e-01
It: 810, Loss = 4.254e-01
It: 820, Loss = 4.297e-01
It: 830, Loss = 4.040e-01
It: 840, Loss = 3.773e-01
It: 850, Loss = 3.574e-01
It: 860, Loss = 3.411e-01
It: 870, Loss = 3.549e-01
It: 880, Loss = 3.312e-01
It: 890, Loss = 3.137e-01
It: 900, Loss = 2.886e-01
It: 910, Loss = 2.701e-01
It: 920, Loss = 2.526e-01
It: 930, Loss = 2.800e-01
It: 940, Loss = 4.067e-01
It: 950, Loss = 2.766e-01
It: 960, Loss = 2.256e-01
It: 970, Loss = 2.091e-01
It: 980, Loss = 1.930e-01
It: 990, Loss = 1.780e-01
G_pred shape (100, 100)
It: 0, Loss = 2.597e+00
It: 10, Loss = 1.034e+00
It: 20, Loss = 1.034e+00
It: 30, Loss = 1.014e+00
It: 40, Loss = 9.907e-01
It: 50, Loss = 9.757e-01
It: 60, Loss = 9.673e-01
It: 70, Loss = 9.606e-01
It: 80, Loss = 9.542e-01
It: 90, Loss = 9.482e-01
It: 100, Loss = 9.431e-01
It: 110, Loss = 9.397e-01
It: 120, Loss = 9.380e-01
It: 130, Loss = 9.370e-01
It: 140, Loss = 9.362e-01
It: 150, Loss = 9.357e-01
It: 160, Loss = 9.355e-01
It: 170, Loss = 9.353e-01
It: 180, Loss = 9.351e-01
It: 190, Loss = 9.349e-01
It: 200, Loss = 9.348e-01
It: 210, Loss = 9.347e-01
It: 220, Loss = 9.346e-01
It: 230, Loss = 9.345e-01
It: 240, Loss = 9.344e-01
It: 250, Loss = 9.344e-01
It: 260, Loss = 9.343e-01
It: 270, Loss = 9.342e-01
It: 280, Loss = 9.341e-01
It: 290, Loss = 9.340e-01
It: 300, Loss = 9.339e-01
It: 310, Loss = 9.338e-01
It: 320, Loss = 9.337e-01
It: 330, Loss = 9.336e-01
It: 340, Loss = 9.335e-01
It: 350, Loss = 9.333e-01
It: 360, Loss = 9.332e-01
It: 370, Loss = 9.330e-01
It: 380, Loss = 9.328e-01
It: 390, Loss = 9.326e-01
It: 400, Loss = 9.323e-01
It: 410, Loss = 9.318e-01
It: 420, Loss = 9.311e-01
It: 430, Loss = 9.298e-01
It: 440, Loss = 9.279e-01
It: 450, Loss = 9.262e-01
It: 460, Loss = 9.258e-01
It: 470, Loss = 9.254e-01
It: 480, Loss = 9.250e-01
It: 490, Loss = 9.247e-01
It: 500, Loss = 9.243e-01
It: 510, Loss = 9.240e-01
It: 520, Loss = 9.235e-01
It: 530, Loss = 9.230e-01
It: 540, Loss = 9.225e-01
It: 550, Loss = 9.218e-01
It: 560, Loss = 9.210e-01
It: 570, Loss = 9.201e-01
It: 580, Loss = 9.189e-01
It: 590, Loss = 9.173e-01
It: 600, Loss = 9.151e-01
It: 610, Loss = 9.120e-01
It: 620, Loss = 9.072e-01
It: 630, Loss = 8.997e-01
It: 640, Loss = 8.883e-01
It: 650, Loss = 8.744e-01
It: 660, Loss = 8.625e-01
It: 670, Loss = 8.509e-01
It: 680, Loss = 8.396e-01
It: 690, Loss = 8.294e-01
It: 700, Loss = 8.187e-01
It: 710, Loss = 8.049e-01
It: 720, Loss = 7.914e-01
It: 730, Loss = 7.759e-01
It: 740, Loss = 7.600e-01
It: 750, Loss = 7.433e-01
It: 760, Loss = 7.185e-01
It: 770, Loss = 7.062e-01
It: 780, Loss = 6.792e-01
It: 790, Loss = 6.586e-01
It: 800, Loss = 6.472e-01
It: 810, Loss = 6.378e-01
It: 820, Loss = 6.284e-01
It: 830, Loss = 6.191e-01
It: 840, Loss = 6.094e-01
It: 850, Loss = 6.004e-01
It: 860, Loss = 5.925e-01
It: 870, Loss = 5.881e-01
It: 880, Loss = 5.801e-01
It: 890, Loss = 5.724e-01
It: 900, Loss = 5.662e-01
It: 910, Loss = 5.601e-01
It: 920, Loss = 5.568e-01
It: 930, Loss = 5.577e-01
It: 940, Loss = 5.445e-01
It: 950, Loss = 5.394e-01
It: 960, Loss = 5.347e-01
It: 970, Loss = 5.328e-01
It: 980, Loss = 5.413e-01
It: 990, Loss = 5.251e-01
G_pred shape (100, 100)
It: 0, Loss = 1.271e+00
It: 10, Loss = 1.154e+00
It: 20, Loss = 1.014e+00
It: 30, Loss = 9.680e-01
It: 40, Loss = 9.537e-01
It: 50, Loss = 9.460e-01
It: 60, Loss = 9.393e-01
It: 70, Loss = 9.343e-01
It: 80, Loss = 9.309e-01
It: 90, Loss = 9.292e-01
It: 100, Loss = 9.286e-01
It: 110, Loss = 9.284e-01
It: 120, Loss = 9.282e-01
It: 130, Loss = 9.280e-01
It: 140, Loss = 9.279e-01
It: 150, Loss = 9.278e-01
It: 160, Loss = 9.277e-01
It: 170, Loss = 9.276e-01
It: 180, Loss = 9.274e-01
It: 190, Loss = 9.273e-01
It: 200, Loss = 9.271e-01
It: 210, Loss = 9.269e-01
It: 220, Loss = 9.265e-01
It: 230, Loss = 9.260e-01
It: 240, Loss = 9.249e-01
It: 250, Loss = 9.231e-01
It: 260, Loss = 9.209e-01
It: 270, Loss = 9.196e-01
It: 280, Loss = 9.192e-01
It: 290, Loss = 9.187e-01
It: 300, Loss = 9.185e-01
It: 310, Loss = 9.183e-01
It: 320, Loss = 9.181e-01
It: 330, Loss = 9.179e-01
It: 340, Loss = 9.177e-01
It: 350, Loss = 9.174e-01
It: 360, Loss = 9.172e-01
It: 370, Loss = 9.169e-01
It: 380, Loss = 9.165e-01
It: 390, Loss = 9.161e-01
It: 400, Loss = 9.157e-01
It: 410, Loss = 9.151e-01
It: 420, Loss = 9.144e-01
It: 430, Loss = 9.135e-01
It: 440, Loss = 9.123e-01
It: 450, Loss = 9.108e-01
It: 460, Loss = 9.087e-01
It: 470, Loss = 9.057e-01
It: 480, Loss = 9.012e-01
It: 490, Loss = 8.934e-01
It: 500, Loss = 8.791e-01
It: 510, Loss = 8.554e-01
It: 520, Loss = 8.339e-01
It: 530, Loss = 8.251e-01
It: 540, Loss = 8.177e-01
It: 550, Loss = 8.104e-01
It: 560, Loss = 8.037e-01
It: 570, Loss = 7.966e-01
It: 580, Loss = 7.875e-01
It: 590, Loss = 7.745e-01
It: 600, Loss = 7.533e-01
It: 610, Loss = 7.241e-01
It: 620, Loss = 7.058e-01
It: 630, Loss = 6.830e-01
It: 640, Loss = 6.733e-01
It: 650, Loss = 6.647e-01
It: 660, Loss = 6.565e-01
It: 670, Loss = 6.477e-01
It: 680, Loss = 6.389e-01
It: 690, Loss = 6.301e-01
It: 700, Loss = 6.230e-01
It: 710, Loss = 6.265e-01
It: 720, Loss = 6.140e-01
It: 730, Loss = 6.069e-01
It: 740, Loss = 6.003e-01
It: 750, Loss = 5.934e-01
It: 760, Loss = 5.862e-01
It: 770, Loss = 5.788e-01
It: 780, Loss = 5.792e-01
It: 790, Loss = 5.789e-01
It: 800, Loss = 5.651e-01
It: 810, Loss = 5.524e-01
It: 820, Loss = 5.446e-01
It: 830, Loss = 5.472e-01
It: 840, Loss = 5.383e-01
It: 850, Loss = 5.278e-01
It: 860, Loss = 5.231e-01
It: 870, Loss = 5.171e-01
It: 880, Loss = 5.210e-01
It: 890, Loss = 5.113e-01
It: 900, Loss = 5.030e-01
It: 910, Loss = 4.916e-01
It: 920, Loss = 5.405e-01
It: 930, Loss = 4.988e-01
It: 940, Loss = 4.693e-01
It: 950, Loss = 4.634e-01
It: 960, Loss = 4.517e-01
It: 970, Loss = 4.432e-01
It: 980, Loss = 4.349e-01
It: 990, Loss = 4.469e-01
G_pred shape (100, 100)
