Using TensorFlow 2 backend.

noise_ratio =  0.09183673
It: 0, Loss = 4.436e+00
It: 10, Loss = 1.530e+00
It: 20, Loss = 1.156e+00
It: 30, Loss = 9.961e-01
It: 40, Loss = 9.853e-01
It: 50, Loss = 9.817e-01
It: 60, Loss = 9.730e-01
It: 70, Loss = 9.680e-01
It: 80, Loss = 9.650e-01
It: 90, Loss = 9.617e-01
It: 100, Loss = 9.578e-01
It: 110, Loss = 9.533e-01
It: 120, Loss = 9.479e-01
It: 130, Loss = 9.420e-01
It: 140, Loss = 9.360e-01
It: 150, Loss = 9.308e-01
It: 160, Loss = 9.278e-01
It: 170, Loss = 9.267e-01
It: 180, Loss = 9.266e-01
It: 190, Loss = 9.265e-01
It: 200, Loss = 9.264e-01
It: 210, Loss = 9.262e-01
It: 220, Loss = 9.261e-01
It: 230, Loss = 9.260e-01
It: 240, Loss = 9.259e-01
It: 250, Loss = 9.257e-01
It: 260, Loss = 9.256e-01
It: 270, Loss = 9.254e-01
It: 280, Loss = 9.252e-01
It: 290, Loss = 9.250e-01
It: 300, Loss = 9.248e-01
It: 310, Loss = 9.246e-01
It: 320, Loss = 9.243e-01
It: 330, Loss = 9.239e-01
It: 340, Loss = 9.234e-01
It: 350, Loss = 9.226e-01
It: 360, Loss = 9.214e-01
It: 370, Loss = 9.195e-01
It: 380, Loss = 9.171e-01
It: 390, Loss = 9.154e-01
It: 400, Loss = 9.146e-01
It: 410, Loss = 9.138e-01
It: 420, Loss = 9.130e-01
It: 430, Loss = 9.121e-01
It: 440, Loss = 9.111e-01
It: 450, Loss = 9.099e-01
It: 460, Loss = 9.085e-01
It: 470, Loss = 9.066e-01
It: 480, Loss = 9.043e-01
It: 490, Loss = 9.014e-01
It: 500, Loss = 8.975e-01
It: 510, Loss = 8.926e-01
It: 520, Loss = 8.862e-01
It: 530, Loss = 8.781e-01
It: 540, Loss = 8.682e-01
It: 550, Loss = 8.570e-01
It: 560, Loss = 8.454e-01
It: 570, Loss = 8.352e-01
It: 580, Loss = 8.274e-01
It: 590, Loss = 8.216e-01
It: 600, Loss = 8.175e-01
It: 610, Loss = 8.141e-01
It: 620, Loss = 8.115e-01
It: 630, Loss = 8.090e-01
It: 640, Loss = 8.065e-01
It: 650, Loss = 8.040e-01
It: 660, Loss = 8.014e-01
It: 670, Loss = 7.986e-01
It: 680, Loss = 7.956e-01
It: 690, Loss = 7.922e-01
It: 700, Loss = 7.884e-01
It: 710, Loss = 7.841e-01
It: 720, Loss = 7.791e-01
It: 730, Loss = 7.737e-01
It: 740, Loss = 7.675e-01
It: 750, Loss = 7.611e-01
It: 760, Loss = 7.548e-01
It: 770, Loss = 7.484e-01
It: 780, Loss = 7.413e-01
It: 790, Loss = 7.336e-01
It: 800, Loss = 7.222e-01
It: 810, Loss = 7.056e-01
It: 820, Loss = 6.772e-01
It: 830, Loss = 6.446e-01
It: 840, Loss = 6.195e-01
It: 850, Loss = 6.003e-01
It: 860, Loss = 5.869e-01
It: 870, Loss = 5.769e-01
It: 880, Loss = 5.701e-01
It: 890, Loss = 5.638e-01
It: 900, Loss = 5.605e-01
It: 910, Loss = 5.556e-01
It: 920, Loss = 5.559e-01
It: 930, Loss = 5.522e-01
It: 940, Loss = 5.510e-01
It: 950, Loss = 5.468e-01
It: 960, Loss = 5.458e-01
It: 970, Loss = 5.437e-01
It: 980, Loss = 5.459e-01
It: 990, Loss = 5.405e-01
G_pred shape (100, 100)
It: 0, Loss = 1.174e+00
It: 10, Loss = 9.663e-01
It: 20, Loss = 9.580e-01
It: 30, Loss = 9.418e-01
It: 40, Loss = 9.270e-01
It: 50, Loss = 9.265e-01
It: 60, Loss = 9.235e-01
It: 70, Loss = 9.221e-01
It: 80, Loss = 9.209e-01
It: 90, Loss = 9.207e-01
It: 100, Loss = 9.204e-01
It: 110, Loss = 9.202e-01
It: 120, Loss = 9.200e-01
It: 130, Loss = 9.199e-01
It: 140, Loss = 9.197e-01
It: 150, Loss = 9.195e-01
It: 160, Loss = 9.193e-01
It: 170, Loss = 9.191e-01
It: 180, Loss = 9.189e-01
It: 190, Loss = 9.187e-01
It: 200, Loss = 9.184e-01
It: 210, Loss = 9.181e-01
It: 220, Loss = 9.178e-01
It: 230, Loss = 9.174e-01
It: 240, Loss = 9.169e-01
It: 250, Loss = 9.164e-01
It: 260, Loss = 9.157e-01
It: 270, Loss = 9.147e-01
It: 280, Loss = 9.134e-01
It: 290, Loss = 9.114e-01
It: 300, Loss = 9.077e-01
It: 310, Loss = 9.001e-01
It: 320, Loss = 8.864e-01
It: 330, Loss = 8.605e-01
It: 340, Loss = 1.009e+00
It: 350, Loss = 8.438e-01
It: 360, Loss = 8.045e-01
It: 370, Loss = 7.844e-01
It: 380, Loss = 7.737e-01
It: 390, Loss = 7.606e-01
It: 400, Loss = 7.471e-01
It: 410, Loss = 7.337e-01
It: 420, Loss = 7.223e-01
It: 430, Loss = 7.134e-01
It: 440, Loss = 7.056e-01
It: 450, Loss = 6.970e-01
It: 460, Loss = 6.865e-01
It: 470, Loss = 6.734e-01
It: 480, Loss = 6.647e-01
It: 490, Loss = 6.613e-01
It: 500, Loss = 6.270e-01
It: 510, Loss = 6.253e-01
It: 520, Loss = 5.905e-01
It: 530, Loss = 5.672e-01
It: 540, Loss = 6.311e-01
It: 550, Loss = 5.561e-01
It: 560, Loss = 5.417e-01
It: 570, Loss = 5.347e-01
It: 580, Loss = 5.285e-01
It: 590, Loss = 5.242e-01
It: 600, Loss = 5.209e-01
It: 610, Loss = 5.175e-01
It: 620, Loss = 5.161e-01
It: 630, Loss = 5.295e-01
It: 640, Loss = 5.117e-01
It: 650, Loss = 5.033e-01
It: 660, Loss = 4.984e-01
It: 670, Loss = 4.936e-01
It: 680, Loss = 5.152e-01
It: 690, Loss = 4.816e-01
It: 700, Loss = 4.741e-01
It: 710, Loss = 4.610e-01
It: 720, Loss = 4.471e-01
It: 730, Loss = 4.467e-01
It: 740, Loss = 4.482e-01
It: 750, Loss = 4.197e-01
It: 760, Loss = 4.119e-01
It: 770, Loss = 4.016e-01
It: 780, Loss = 3.918e-01
It: 790, Loss = 3.825e-01
It: 800, Loss = 3.715e-01
It: 810, Loss = 3.584e-01
It: 820, Loss = 3.415e-01
It: 830, Loss = 4.437e-01
It: 840, Loss = 3.109e-01
It: 850, Loss = 2.718e-01
It: 860, Loss = 2.451e-01
It: 870, Loss = 2.527e-01
It: 880, Loss = 1.863e-01
It: 890, Loss = 1.567e-01
It: 900, Loss = 1.448e-01
It: 910, Loss = 1.173e-01
It: 920, Loss = 1.103e-01
It: 930, Loss = 1.141e-01
It: 940, Loss = 9.683e-02
It: 950, Loss = 8.281e-02
It: 960, Loss = 7.809e-02
It: 970, Loss = 7.263e-02
It: 980, Loss = 6.879e-02
It: 990, Loss = 9.014e-02
G_pred shape (100, 100)
It: 0, Loss = 1.258e+00
It: 10, Loss = 1.147e+00
It: 20, Loss = 1.027e+00
It: 30, Loss = 9.809e-01
It: 40, Loss = 9.642e-01
It: 50, Loss = 9.590e-01
It: 60, Loss = 9.536e-01
It: 70, Loss = 9.477e-01
It: 80, Loss = 9.438e-01
It: 90, Loss = 9.413e-01
It: 100, Loss = 9.401e-01
It: 110, Loss = 9.394e-01
It: 120, Loss = 9.387e-01
It: 130, Loss = 9.379e-01
It: 140, Loss = 9.371e-01
It: 150, Loss = 9.364e-01
It: 160, Loss = 9.359e-01
It: 170, Loss = 9.356e-01
It: 180, Loss = 9.353e-01
It: 190, Loss = 9.351e-01
It: 200, Loss = 9.349e-01
It: 210, Loss = 9.347e-01
It: 220, Loss = 9.346e-01
It: 230, Loss = 9.344e-01
It: 240, Loss = 9.342e-01
It: 250, Loss = 9.340e-01
It: 260, Loss = 9.337e-01
It: 270, Loss = 9.334e-01
It: 280, Loss = 9.331e-01
It: 290, Loss = 9.327e-01
It: 300, Loss = 9.323e-01
It: 310, Loss = 9.317e-01
It: 320, Loss = 9.311e-01
It: 330, Loss = 9.302e-01
It: 340, Loss = 9.291e-01
It: 350, Loss = 9.278e-01
It: 360, Loss = 9.259e-01
It: 370, Loss = 9.233e-01
It: 380, Loss = 9.194e-01
It: 390, Loss = 9.133e-01
It: 400, Loss = 9.027e-01
It: 410, Loss = 8.858e-01
It: 420, Loss = 8.728e-01
It: 430, Loss = 8.656e-01
It: 440, Loss = 8.613e-01
It: 450, Loss = 8.577e-01
It: 460, Loss = 8.538e-01
It: 470, Loss = 8.506e-01
It: 480, Loss = 8.473e-01
It: 490, Loss = 8.437e-01
It: 500, Loss = 8.398e-01
It: 510, Loss = 8.358e-01
It: 520, Loss = 8.320e-01
It: 530, Loss = 8.285e-01
It: 540, Loss = 8.248e-01
It: 550, Loss = 8.210e-01
It: 560, Loss = 8.169e-01
It: 570, Loss = 8.125e-01
It: 580, Loss = 8.109e-01
It: 590, Loss = 8.077e-01
It: 600, Loss = 7.984e-01
It: 610, Loss = 7.908e-01
It: 620, Loss = 7.866e-01
It: 630, Loss = 7.814e-01
It: 640, Loss = 7.537e-01
It: 650, Loss = 7.253e-01
It: 660, Loss = 7.951e-01
It: 670, Loss = 7.008e-01
It: 680, Loss = 6.693e-01
It: 690, Loss = 6.481e-01
It: 700, Loss = 6.317e-01
It: 710, Loss = 6.211e-01
It: 720, Loss = 6.113e-01
It: 730, Loss = 6.026e-01
It: 740, Loss = 5.947e-01
It: 750, Loss = 6.239e-01
It: 760, Loss = 5.876e-01
It: 770, Loss = 5.784e-01
It: 780, Loss = 5.709e-01
It: 790, Loss = 5.652e-01
It: 800, Loss = 5.630e-01
It: 810, Loss = 5.628e-01
It: 820, Loss = 5.530e-01
It: 830, Loss = 5.470e-01
It: 840, Loss = 5.404e-01
It: 850, Loss = 5.354e-01
It: 860, Loss = 5.537e-01
It: 870, Loss = 5.526e-01
It: 880, Loss = 5.281e-01
It: 890, Loss = 5.223e-01
It: 900, Loss = 5.161e-01
It: 910, Loss = 5.085e-01
It: 920, Loss = 4.994e-01
It: 930, Loss = 4.875e-01
It: 940, Loss = 4.827e-01
It: 950, Loss = 5.227e-01
It: 960, Loss = 4.637e-01
It: 970, Loss = 4.302e-01
It: 980, Loss = 4.036e-01
It: 990, Loss = 3.749e-01
G_pred shape (100, 100)
It: 0, Loss = 1.215e+00
It: 10, Loss = 1.156e+00
It: 20, Loss = 1.023e+00
It: 30, Loss = 9.667e-01
It: 40, Loss = 9.473e-01
It: 50, Loss = 9.423e-01
It: 60, Loss = 9.365e-01
It: 70, Loss = 9.321e-01
It: 80, Loss = 9.305e-01
It: 90, Loss = 9.300e-01
It: 100, Loss = 9.293e-01
It: 110, Loss = 9.287e-01
It: 120, Loss = 9.283e-01
It: 130, Loss = 9.279e-01
It: 140, Loss = 9.276e-01
It: 150, Loss = 9.273e-01
It: 160, Loss = 9.270e-01
It: 170, Loss = 9.267e-01
It: 180, Loss = 9.264e-01
It: 190, Loss = 9.261e-01
It: 200, Loss = 9.259e-01
It: 210, Loss = 9.256e-01
It: 220, Loss = 9.253e-01
It: 230, Loss = 9.250e-01
It: 240, Loss = 9.247e-01
It: 250, Loss = 9.242e-01
It: 260, Loss = 9.237e-01
It: 270, Loss = 9.231e-01
It: 280, Loss = 9.224e-01
It: 290, Loss = 9.214e-01
It: 300, Loss = 9.202e-01
It: 310, Loss = 9.184e-01
It: 320, Loss = 9.158e-01
It: 330, Loss = 9.114e-01
It: 340, Loss = 9.039e-01
It: 350, Loss = 8.958e-01
It: 360, Loss = 8.848e-01
It: 370, Loss = 8.681e-01
It: 380, Loss = 8.454e-01
It: 390, Loss = 8.232e-01
It: 400, Loss = 8.140e-01
It: 410, Loss = 8.089e-01
It: 420, Loss = 8.038e-01
It: 430, Loss = 7.995e-01
It: 440, Loss = 7.948e-01
It: 450, Loss = 7.894e-01
It: 460, Loss = 7.830e-01
It: 470, Loss = 7.756e-01
It: 480, Loss = 7.667e-01
It: 490, Loss = 7.560e-01
It: 500, Loss = 7.465e-01
It: 510, Loss = 7.305e-01
It: 520, Loss = 7.158e-01
It: 530, Loss = 6.984e-01
It: 540, Loss = 6.789e-01
It: 550, Loss = 6.539e-01
It: 560, Loss = 6.313e-01
It: 570, Loss = 6.145e-01
It: 580, Loss = 6.008e-01
It: 590, Loss = 5.871e-01
It: 600, Loss = 5.732e-01
It: 610, Loss = 5.609e-01
It: 620, Loss = 5.596e-01
It: 630, Loss = 5.382e-01
It: 640, Loss = 5.265e-01
It: 650, Loss = 5.172e-01
It: 660, Loss = 5.091e-01
It: 670, Loss = 5.015e-01
It: 680, Loss = 4.960e-01
It: 690, Loss = 4.948e-01
It: 700, Loss = 4.846e-01
It: 710, Loss = 4.773e-01
It: 720, Loss = 4.704e-01
It: 730, Loss = 4.639e-01
It: 740, Loss = 4.617e-01
It: 750, Loss = 4.506e-01
It: 760, Loss = 4.451e-01
It: 770, Loss = 4.396e-01
It: 780, Loss = 4.428e-01
It: 790, Loss = 4.330e-01
It: 800, Loss = 4.242e-01
It: 810, Loss = 4.162e-01
It: 820, Loss = 4.245e-01
It: 830, Loss = 4.085e-01
It: 840, Loss = 4.372e-01
It: 850, Loss = 4.114e-01
It: 860, Loss = 3.913e-01
It: 870, Loss = 3.872e-01
It: 880, Loss = 3.778e-01
It: 890, Loss = 3.677e-01
It: 900, Loss = 4.310e-01
It: 910, Loss = 3.589e-01
It: 920, Loss = 3.367e-01
It: 930, Loss = 3.239e-01
It: 940, Loss = 3.005e-01
It: 950, Loss = 2.769e-01
It: 960, Loss = 4.479e-01
It: 970, Loss = 3.013e-01
It: 980, Loss = 2.382e-01
It: 990, Loss = 2.096e-01
G_pred shape (100, 100)
It: 0, Loss = 1.324e+00
It: 10, Loss = 9.899e-01
It: 20, Loss = 9.720e-01
It: 30, Loss = 9.455e-01
It: 40, Loss = 9.371e-01
It: 50, Loss = 9.357e-01
It: 60, Loss = 9.343e-01
It: 70, Loss = 9.334e-01
It: 80, Loss = 9.325e-01
It: 90, Loss = 9.315e-01
It: 100, Loss = 9.305e-01
It: 110, Loss = 9.295e-01
It: 120, Loss = 9.287e-01
It: 130, Loss = 9.283e-01
It: 140, Loss = 9.280e-01
It: 150, Loss = 9.278e-01
It: 160, Loss = 9.276e-01
It: 170, Loss = 9.273e-01
It: 180, Loss = 9.271e-01
It: 190, Loss = 9.268e-01
It: 200, Loss = 9.265e-01
It: 210, Loss = 9.261e-01
It: 220, Loss = 9.257e-01
It: 230, Loss = 9.251e-01
It: 240, Loss = 9.242e-01
It: 250, Loss = 9.227e-01
It: 260, Loss = 9.206e-01
It: 270, Loss = 9.181e-01
It: 280, Loss = 9.161e-01
It: 290, Loss = 9.147e-01
It: 300, Loss = 9.129e-01
It: 310, Loss = 9.108e-01
It: 320, Loss = 9.077e-01
It: 330, Loss = 9.028e-01
It: 340, Loss = 8.940e-01
It: 350, Loss = 8.777e-01
It: 360, Loss = 8.686e-01
It: 370, Loss = 8.355e-01
It: 380, Loss = 8.195e-01
It: 390, Loss = 8.002e-01
It: 400, Loss = 7.851e-01
It: 410, Loss = 7.713e-01
It: 420, Loss = 7.511e-01
It: 430, Loss = 7.353e-01
It: 440, Loss = 7.180e-01
It: 450, Loss = 7.294e-01
It: 460, Loss = 7.093e-01
It: 470, Loss = 6.910e-01
It: 480, Loss = 6.813e-01
It: 490, Loss = 6.688e-01
It: 500, Loss = 6.547e-01
It: 510, Loss = 6.399e-01
It: 520, Loss = 6.620e-01
It: 530, Loss = 6.104e-01
It: 540, Loss = 5.929e-01
It: 550, Loss = 5.734e-01
It: 560, Loss = 5.568e-01
It: 570, Loss = 5.486e-01
It: 580, Loss = 5.450e-01
It: 590, Loss = 5.400e-01
It: 600, Loss = 5.400e-01
It: 610, Loss = 5.325e-01
It: 620, Loss = 5.274e-01
It: 630, Loss = 5.231e-01
It: 640, Loss = 5.186e-01
It: 650, Loss = 5.136e-01
It: 660, Loss = 5.078e-01
It: 670, Loss = 5.012e-01
It: 680, Loss = 4.999e-01
It: 690, Loss = 4.942e-01
It: 700, Loss = 4.801e-01
It: 710, Loss = 4.666e-01
It: 720, Loss = 4.548e-01
It: 730, Loss = 4.407e-01
It: 740, Loss = 4.356e-01
It: 750, Loss = 4.238e-01
It: 760, Loss = 3.977e-01
It: 770, Loss = 3.656e-01
It: 780, Loss = 3.583e-01
It: 790, Loss = 3.168e-01
It: 800, Loss = 2.874e-01
It: 810, Loss = 2.624e-01
It: 820, Loss = 2.633e-01
It: 830, Loss = 2.462e-01
It: 840, Loss = 2.158e-01
It: 850, Loss = 1.837e-01
It: 860, Loss = 1.589e-01
It: 870, Loss = 2.133e-01
It: 880, Loss = 1.190e-01
It: 890, Loss = 1.082e-01
It: 900, Loss = 8.587e-02
It: 910, Loss = 7.372e-02
It: 920, Loss = 2.252e-01
It: 930, Loss = 9.100e-02
It: 940, Loss = 6.101e-02
It: 950, Loss = 5.750e-02
It: 960, Loss = 5.075e-02
It: 970, Loss = 4.816e-02
It: 980, Loss = 4.583e-02
It: 990, Loss = 4.379e-02
G_pred shape (100, 100)
