Using TensorFlow 2 backend.

noise_ratio =  0.26530612
It: 0, Loss = 1.803e+00
It: 10, Loss = 1.074e+00
It: 20, Loss = 1.019e+00
It: 30, Loss = 9.918e-01
It: 40, Loss = 9.786e-01
It: 50, Loss = 9.704e-01
It: 60, Loss = 9.629e-01
It: 70, Loss = 9.565e-01
It: 80, Loss = 9.514e-01
It: 90, Loss = 9.467e-01
It: 100, Loss = 9.428e-01
It: 110, Loss = 9.405e-01
It: 120, Loss = 9.392e-01
It: 130, Loss = 9.386e-01
It: 140, Loss = 9.384e-01
It: 150, Loss = 9.382e-01
It: 160, Loss = 9.380e-01
It: 170, Loss = 9.379e-01
It: 180, Loss = 9.378e-01
It: 190, Loss = 9.377e-01
It: 200, Loss = 9.376e-01
It: 210, Loss = 9.375e-01
It: 220, Loss = 9.374e-01
It: 230, Loss = 9.374e-01
It: 240, Loss = 9.373e-01
It: 250, Loss = 9.373e-01
It: 260, Loss = 9.372e-01
It: 270, Loss = 9.372e-01
It: 280, Loss = 9.371e-01
It: 290, Loss = 9.370e-01
It: 300, Loss = 9.370e-01
It: 310, Loss = 9.369e-01
It: 320, Loss = 9.368e-01
It: 330, Loss = 9.366e-01
It: 340, Loss = 9.363e-01
It: 350, Loss = 9.359e-01
It: 360, Loss = 9.350e-01
It: 370, Loss = 9.335e-01
It: 380, Loss = 9.324e-01
It: 390, Loss = 9.319e-01
It: 400, Loss = 9.311e-01
It: 410, Loss = 9.305e-01
It: 420, Loss = 9.299e-01
It: 430, Loss = 9.292e-01
It: 440, Loss = 9.291e-01
It: 450, Loss = 9.285e-01
It: 460, Loss = 9.282e-01
It: 470, Loss = 9.279e-01
It: 480, Loss = 9.276e-01
It: 490, Loss = 9.271e-01
It: 500, Loss = 9.264e-01
It: 510, Loss = 9.255e-01
It: 520, Loss = 9.275e-01
It: 530, Loss = 9.248e-01
It: 540, Loss = 9.245e-01
It: 550, Loss = 9.243e-01
It: 560, Loss = 9.240e-01
It: 570, Loss = 9.238e-01
It: 580, Loss = 9.235e-01
It: 590, Loss = 9.233e-01
It: 600, Loss = 9.230e-01
It: 610, Loss = 9.226e-01
It: 620, Loss = 9.222e-01
It: 630, Loss = 9.217e-01
It: 640, Loss = 9.211e-01
It: 650, Loss = 9.201e-01
It: 660, Loss = 9.187e-01
It: 670, Loss = 9.160e-01
It: 680, Loss = 9.094e-01
It: 690, Loss = 8.918e-01
It: 700, Loss = 8.572e-01
It: 710, Loss = 8.432e-01
It: 720, Loss = 8.322e-01
It: 730, Loss = 8.271e-01
It: 740, Loss = 8.222e-01
It: 750, Loss = 8.177e-01
It: 760, Loss = 8.136e-01
It: 770, Loss = 8.094e-01
It: 780, Loss = 8.050e-01
It: 790, Loss = 8.007e-01
It: 800, Loss = 7.966e-01
It: 810, Loss = 7.924e-01
It: 820, Loss = 7.881e-01
It: 830, Loss = 7.833e-01
It: 840, Loss = 7.778e-01
It: 850, Loss = 7.718e-01
It: 860, Loss = 7.648e-01
It: 870, Loss = 7.575e-01
It: 880, Loss = 7.471e-01
It: 890, Loss = 7.372e-01
It: 900, Loss = 7.265e-01
It: 910, Loss = 7.133e-01
It: 920, Loss = 6.988e-01
It: 930, Loss = 6.872e-01
It: 940, Loss = 6.801e-01
It: 950, Loss = 6.724e-01
It: 960, Loss = 6.662e-01
It: 970, Loss = 6.593e-01
It: 980, Loss = 6.514e-01
It: 990, Loss = 6.427e-01
G_pred shape (100, 100)
It: 0, Loss = 1.210e+00
It: 10, Loss = 9.897e-01
It: 20, Loss = 9.812e-01
It: 30, Loss = 9.582e-01
It: 40, Loss = 9.468e-01
It: 50, Loss = 9.387e-01
It: 60, Loss = 9.378e-01
It: 70, Loss = 9.376e-01
It: 80, Loss = 9.370e-01
It: 90, Loss = 9.369e-01
It: 100, Loss = 9.366e-01
It: 110, Loss = 9.365e-01
It: 120, Loss = 9.363e-01
It: 130, Loss = 9.361e-01
It: 140, Loss = 9.360e-01
It: 150, Loss = 9.358e-01
It: 160, Loss = 9.356e-01
It: 170, Loss = 9.353e-01
It: 180, Loss = 9.351e-01
It: 190, Loss = 9.348e-01
It: 200, Loss = 9.344e-01
It: 210, Loss = 9.340e-01
It: 220, Loss = 9.336e-01
It: 230, Loss = 9.330e-01
It: 240, Loss = 9.324e-01
It: 250, Loss = 9.317e-01
It: 260, Loss = 9.309e-01
It: 270, Loss = 9.299e-01
It: 280, Loss = 9.287e-01
It: 290, Loss = 9.272e-01
It: 300, Loss = 9.250e-01
It: 310, Loss = 9.216e-01
It: 320, Loss = 9.154e-01
It: 330, Loss = 9.035e-01
It: 340, Loss = 8.853e-01
It: 350, Loss = 8.721e-01
It: 360, Loss = 8.545e-01
It: 370, Loss = 8.331e-01
It: 380, Loss = 8.181e-01
It: 390, Loss = 8.068e-01
It: 400, Loss = 7.930e-01
It: 410, Loss = 7.767e-01
It: 420, Loss = 7.626e-01
It: 430, Loss = 7.540e-01
It: 440, Loss = 7.267e-01
It: 450, Loss = 7.023e-01
It: 460, Loss = 6.683e-01
It: 470, Loss = 6.234e-01
It: 480, Loss = 6.013e-01
It: 490, Loss = 5.797e-01
It: 500, Loss = 5.564e-01
It: 510, Loss = 5.487e-01
It: 520, Loss = 5.364e-01
It: 530, Loss = 5.134e-01
It: 540, Loss = 4.921e-01
It: 550, Loss = 4.796e-01
It: 560, Loss = 4.815e-01
It: 570, Loss = 4.480e-01
It: 580, Loss = 4.425e-01
It: 590, Loss = 4.235e-01
It: 600, Loss = 4.128e-01
It: 610, Loss = 4.089e-01
It: 620, Loss = 3.768e-01
It: 630, Loss = 4.500e-01
It: 640, Loss = 3.561e-01
It: 650, Loss = 3.424e-01
It: 660, Loss = 3.209e-01
It: 670, Loss = 3.087e-01
It: 680, Loss = 3.459e-01
It: 690, Loss = 3.004e-01
It: 700, Loss = 2.782e-01
It: 710, Loss = 2.664e-01
It: 720, Loss = 2.547e-01
It: 730, Loss = 2.433e-01
It: 740, Loss = 2.347e-01
It: 750, Loss = 2.427e-01
It: 760, Loss = 2.248e-01
It: 770, Loss = 2.135e-01
It: 780, Loss = 1.981e-01
It: 790, Loss = 1.890e-01
It: 800, Loss = 1.806e-01
It: 810, Loss = 1.741e-01
It: 820, Loss = 1.702e-01
It: 830, Loss = 1.743e-01
It: 840, Loss = 1.717e-01
It: 850, Loss = 1.666e-01
It: 860, Loss = 1.568e-01
It: 870, Loss = 1.544e-01
It: 880, Loss = 1.515e-01
It: 890, Loss = 1.488e-01
It: 900, Loss = 1.466e-01
It: 910, Loss = 1.445e-01
It: 920, Loss = 1.426e-01
It: 930, Loss = 1.407e-01
It: 940, Loss = 1.399e-01
It: 950, Loss = 2.043e-01
It: 960, Loss = 1.604e-01
It: 970, Loss = 1.444e-01
It: 980, Loss = 1.388e-01
It: 990, Loss = 1.352e-01
G_pred shape (100, 100)
It: 0, Loss = 1.222e+00
It: 10, Loss = 1.002e+00
It: 20, Loss = 9.947e-01
It: 30, Loss = 9.733e-01
It: 40, Loss = 9.586e-01
It: 50, Loss = 9.461e-01
It: 60, Loss = 9.412e-01
It: 70, Loss = 9.401e-01
It: 80, Loss = 9.388e-01
It: 90, Loss = 9.385e-01
It: 100, Loss = 9.384e-01
It: 110, Loss = 9.383e-01
It: 120, Loss = 9.383e-01
It: 130, Loss = 9.382e-01
It: 140, Loss = 9.381e-01
It: 150, Loss = 9.381e-01
It: 160, Loss = 9.380e-01
It: 170, Loss = 9.379e-01
It: 180, Loss = 9.378e-01
It: 190, Loss = 9.377e-01
It: 200, Loss = 9.376e-01
It: 210, Loss = 9.375e-01
It: 220, Loss = 9.374e-01
It: 230, Loss = 9.373e-01
It: 240, Loss = 9.372e-01
It: 250, Loss = 9.370e-01
It: 260, Loss = 9.369e-01
It: 270, Loss = 9.367e-01
It: 280, Loss = 9.365e-01
It: 290, Loss = 9.363e-01
It: 300, Loss = 9.360e-01
It: 310, Loss = 9.356e-01
It: 320, Loss = 9.352e-01
It: 330, Loss = 9.347e-01
It: 340, Loss = 9.340e-01
It: 350, Loss = 9.331e-01
It: 360, Loss = 9.314e-01
It: 370, Loss = 9.280e-01
It: 380, Loss = 9.218e-01
It: 390, Loss = 9.168e-01
It: 400, Loss = 8.943e-01
It: 410, Loss = 8.522e-01
It: 420, Loss = 8.345e-01
It: 430, Loss = 8.099e-01
It: 440, Loss = 7.907e-01
It: 450, Loss = 7.847e-01
It: 460, Loss = 7.729e-01
It: 470, Loss = 7.657e-01
It: 480, Loss = 7.615e-01
It: 490, Loss = 7.570e-01
It: 500, Loss = 7.528e-01
It: 510, Loss = 7.470e-01
It: 520, Loss = 7.308e-01
It: 530, Loss = 7.227e-01
It: 540, Loss = 6.710e-01
It: 550, Loss = 6.366e-01
It: 560, Loss = 6.146e-01
It: 570, Loss = 5.982e-01
It: 580, Loss = 5.938e-01
It: 590, Loss = 5.814e-01
It: 600, Loss = 5.891e-01
It: 610, Loss = 5.688e-01
It: 620, Loss = 5.595e-01
It: 630, Loss = 5.533e-01
It: 640, Loss = 5.689e-01
It: 650, Loss = 5.517e-01
It: 660, Loss = 5.433e-01
It: 670, Loss = 5.361e-01
It: 680, Loss = 5.278e-01
It: 690, Loss = 5.198e-01
It: 700, Loss = 5.114e-01
It: 710, Loss = 5.458e-01
It: 720, Loss = 5.064e-01
It: 730, Loss = 4.898e-01
It: 740, Loss = 4.781e-01
It: 750, Loss = 4.642e-01
It: 760, Loss = 4.503e-01
It: 770, Loss = 4.371e-01
It: 780, Loss = 4.373e-01
It: 790, Loss = 4.176e-01
It: 800, Loss = 3.980e-01
It: 810, Loss = 3.851e-01
It: 820, Loss = 3.792e-01
It: 830, Loss = 4.212e-01
It: 840, Loss = 3.708e-01
It: 850, Loss = 3.468e-01
It: 860, Loss = 3.348e-01
It: 870, Loss = 3.231e-01
It: 880, Loss = 3.098e-01
It: 890, Loss = 2.957e-01
It: 900, Loss = 2.800e-01
It: 910, Loss = 2.818e-01
It: 920, Loss = 3.047e-01
It: 930, Loss = 2.616e-01
It: 940, Loss = 2.459e-01
It: 950, Loss = 2.261e-01
It: 960, Loss = 2.164e-01
It: 970, Loss = 2.065e-01
It: 980, Loss = 1.982e-01
It: 990, Loss = 1.908e-01
G_pred shape (100, 100)
It: 0, Loss = 1.175e+00
It: 10, Loss = 9.802e-01
It: 20, Loss = 9.723e-01
It: 30, Loss = 9.558e-01
It: 40, Loss = 9.431e-01
It: 50, Loss = 9.385e-01
It: 60, Loss = 9.386e-01
It: 70, Loss = 9.377e-01
It: 80, Loss = 9.376e-01
It: 90, Loss = 9.375e-01
It: 100, Loss = 9.374e-01
It: 110, Loss = 9.374e-01
It: 120, Loss = 9.373e-01
It: 130, Loss = 9.372e-01
It: 140, Loss = 9.371e-01
It: 150, Loss = 9.371e-01
It: 160, Loss = 9.370e-01
It: 170, Loss = 9.369e-01
It: 180, Loss = 9.368e-01
It: 190, Loss = 9.367e-01
It: 200, Loss = 9.366e-01
It: 210, Loss = 9.365e-01
It: 220, Loss = 9.363e-01
It: 230, Loss = 9.362e-01
It: 240, Loss = 9.360e-01
It: 250, Loss = 9.358e-01
It: 260, Loss = 9.356e-01
It: 270, Loss = 9.353e-01
It: 280, Loss = 9.350e-01
It: 290, Loss = 9.346e-01
It: 300, Loss = 9.340e-01
It: 310, Loss = 9.326e-01
It: 320, Loss = 9.294e-01
It: 330, Loss = 9.269e-01
It: 340, Loss = 9.250e-01
It: 350, Loss = 9.230e-01
It: 360, Loss = 9.215e-01
It: 370, Loss = 9.195e-01
It: 380, Loss = 9.167e-01
It: 390, Loss = 9.120e-01
It: 400, Loss = 9.044e-01
It: 410, Loss = 8.931e-01
It: 420, Loss = 8.706e-01
It: 430, Loss = 8.695e-01
It: 440, Loss = 8.399e-01
It: 450, Loss = 8.286e-01
It: 460, Loss = 8.207e-01
It: 470, Loss = 8.141e-01
It: 480, Loss = 8.060e-01
It: 490, Loss = 7.949e-01
It: 500, Loss = 7.768e-01
It: 510, Loss = 7.470e-01
It: 520, Loss = 7.088e-01
It: 530, Loss = 6.954e-01
It: 540, Loss = 6.683e-01
It: 550, Loss = 6.530e-01
It: 560, Loss = 6.384e-01
It: 570, Loss = 6.267e-01
It: 580, Loss = 6.154e-01
It: 590, Loss = 6.101e-01
It: 600, Loss = 6.221e-01
It: 610, Loss = 5.957e-01
It: 620, Loss = 5.940e-01
It: 630, Loss = 5.849e-01
It: 640, Loss = 5.767e-01
It: 650, Loss = 5.704e-01
It: 660, Loss = 5.638e-01
It: 670, Loss = 5.613e-01
It: 680, Loss = 5.646e-01
It: 690, Loss = 5.540e-01
It: 700, Loss = 5.426e-01
It: 710, Loss = 5.445e-01
It: 720, Loss = 5.314e-01
It: 730, Loss = 5.255e-01
It: 740, Loss = 5.219e-01
It: 750, Loss = 5.163e-01
It: 760, Loss = 5.078e-01
It: 770, Loss = 4.899e-01
It: 780, Loss = 4.787e-01
It: 790, Loss = 5.035e-01
It: 800, Loss = 4.643e-01
It: 810, Loss = 4.524e-01
It: 820, Loss = 4.242e-01
It: 830, Loss = 4.009e-01
It: 840, Loss = 3.863e-01
It: 850, Loss = 3.730e-01
It: 860, Loss = 3.500e-01
It: 870, Loss = 3.049e-01
It: 880, Loss = 2.540e-01
It: 890, Loss = 3.577e-01
It: 900, Loss = 2.598e-01
It: 910, Loss = 2.036e-01
It: 920, Loss = 1.832e-01
It: 930, Loss = 1.699e-01
It: 940, Loss = 1.612e-01
It: 950, Loss = 1.554e-01
It: 960, Loss = 2.205e-01
It: 970, Loss = 1.743e-01
It: 980, Loss = 1.531e-01
It: 990, Loss = 1.476e-01
G_pred shape (100, 100)
It: 0, Loss = 2.203e+00
It: 10, Loss = 1.034e+00
It: 20, Loss = 1.047e+00
It: 30, Loss = 1.025e+00
It: 40, Loss = 9.911e-01
It: 50, Loss = 9.730e-01
It: 60, Loss = 9.633e-01
It: 70, Loss = 9.558e-01
It: 80, Loss = 9.488e-01
It: 90, Loss = 9.426e-01
It: 100, Loss = 9.380e-01
It: 110, Loss = 9.356e-01
It: 120, Loss = 9.348e-01
It: 130, Loss = 9.347e-01
It: 140, Loss = 9.346e-01
It: 150, Loss = 9.345e-01
It: 160, Loss = 9.344e-01
It: 170, Loss = 9.343e-01
It: 180, Loss = 9.343e-01
It: 190, Loss = 9.342e-01
It: 200, Loss = 9.341e-01
It: 210, Loss = 9.341e-01
It: 220, Loss = 9.340e-01
It: 230, Loss = 9.340e-01
It: 240, Loss = 9.339e-01
It: 250, Loss = 9.339e-01
It: 260, Loss = 9.338e-01
It: 270, Loss = 9.337e-01
It: 280, Loss = 9.336e-01
It: 290, Loss = 9.334e-01
It: 300, Loss = 9.330e-01
It: 310, Loss = 9.322e-01
It: 320, Loss = 9.310e-01
It: 330, Loss = 9.305e-01
It: 340, Loss = 9.306e-01
It: 350, Loss = 9.303e-01
It: 360, Loss = 9.302e-01
It: 370, Loss = 9.301e-01
It: 380, Loss = 9.301e-01
It: 390, Loss = 9.300e-01
It: 400, Loss = 9.299e-01
It: 410, Loss = 9.299e-01
It: 420, Loss = 9.298e-01
It: 430, Loss = 9.297e-01
It: 440, Loss = 9.297e-01
It: 450, Loss = 9.296e-01
It: 460, Loss = 9.295e-01
It: 470, Loss = 9.294e-01
It: 480, Loss = 9.294e-01
It: 490, Loss = 9.293e-01
It: 500, Loss = 9.292e-01
It: 510, Loss = 9.291e-01
It: 520, Loss = 9.290e-01
It: 530, Loss = 9.289e-01
It: 540, Loss = 9.288e-01
It: 550, Loss = 9.287e-01
It: 560, Loss = 9.286e-01
It: 570, Loss = 9.285e-01
It: 580, Loss = 9.284e-01
It: 590, Loss = 9.283e-01
It: 600, Loss = 9.282e-01
It: 610, Loss = 9.281e-01
It: 620, Loss = 9.279e-01
It: 630, Loss = 9.278e-01
It: 640, Loss = 9.277e-01
It: 650, Loss = 9.275e-01
It: 660, Loss = 9.273e-01
It: 670, Loss = 9.271e-01
It: 680, Loss = 9.269e-01
It: 690, Loss = 9.267e-01
It: 700, Loss = 9.264e-01
It: 710, Loss = 9.261e-01
It: 720, Loss = 9.258e-01
It: 730, Loss = 9.254e-01
It: 740, Loss = 9.249e-01
It: 750, Loss = 9.243e-01
It: 760, Loss = 9.236e-01
It: 770, Loss = 9.227e-01
It: 780, Loss = 9.216e-01
It: 790, Loss = 9.201e-01
It: 800, Loss = 9.183e-01
It: 810, Loss = 9.160e-01
It: 820, Loss = 9.123e-01
It: 830, Loss = 9.075e-01
It: 840, Loss = 9.006e-01
It: 850, Loss = 8.910e-01
It: 860, Loss = 8.777e-01
It: 870, Loss = 8.611e-01
It: 880, Loss = 8.517e-01
It: 890, Loss = 8.413e-01
It: 900, Loss = 8.338e-01
It: 910, Loss = 8.296e-01
It: 920, Loss = 8.253e-01
It: 930, Loss = 8.205e-01
It: 940, Loss = 8.152e-01
It: 950, Loss = 8.088e-01
It: 960, Loss = 8.012e-01
It: 970, Loss = 7.945e-01
It: 980, Loss = 7.925e-01
It: 990, Loss = 7.782e-01
G_pred shape (100, 100)
