Using TensorFlow 2 backend.

noise_ratio =  0.12244898
It: 0, Loss = 1.089e+00
It: 10, Loss = 1.079e+00
It: 20, Loss = 9.744e-01
It: 30, Loss = 9.711e-01
It: 40, Loss = 9.626e-01
It: 50, Loss = 9.491e-01
It: 60, Loss = 9.403e-01
It: 70, Loss = 9.337e-01
It: 80, Loss = 9.322e-01
It: 90, Loss = 9.312e-01
It: 100, Loss = 9.300e-01
It: 110, Loss = 9.293e-01
It: 120, Loss = 9.290e-01
It: 130, Loss = 9.288e-01
It: 140, Loss = 9.287e-01
It: 150, Loss = 9.285e-01
It: 160, Loss = 9.284e-01
It: 170, Loss = 9.283e-01
It: 180, Loss = 9.283e-01
It: 190, Loss = 9.282e-01
It: 200, Loss = 9.281e-01
It: 210, Loss = 9.280e-01
It: 220, Loss = 9.279e-01
It: 230, Loss = 9.279e-01
It: 240, Loss = 9.278e-01
It: 250, Loss = 9.276e-01
It: 260, Loss = 9.275e-01
It: 270, Loss = 9.274e-01
It: 280, Loss = 9.273e-01
It: 290, Loss = 9.271e-01
It: 300, Loss = 9.269e-01
It: 310, Loss = 9.266e-01
It: 320, Loss = 9.263e-01
It: 330, Loss = 9.258e-01
It: 340, Loss = 9.252e-01
It: 350, Loss = 9.243e-01
It: 360, Loss = 9.228e-01
It: 370, Loss = 9.207e-01
It: 380, Loss = 9.187e-01
It: 390, Loss = 9.182e-01
It: 400, Loss = 9.174e-01
It: 410, Loss = 9.164e-01
It: 420, Loss = 9.150e-01
It: 430, Loss = 9.131e-01
It: 440, Loss = 9.101e-01
It: 450, Loss = 9.051e-01
It: 460, Loss = 8.959e-01
It: 470, Loss = 8.823e-01
It: 480, Loss = 8.678e-01
It: 490, Loss = 8.528e-01
It: 500, Loss = 8.383e-01
It: 510, Loss = 8.217e-01
It: 520, Loss = 8.082e-01
It: 530, Loss = 8.013e-01
It: 540, Loss = 7.911e-01
It: 550, Loss = 7.812e-01
It: 560, Loss = 7.702e-01
It: 570, Loss = 7.576e-01
It: 580, Loss = 7.390e-01
It: 590, Loss = 7.152e-01
It: 600, Loss = 6.917e-01
It: 610, Loss = 6.537e-01
It: 620, Loss = 7.616e-01
It: 630, Loss = 6.236e-01
It: 640, Loss = 6.071e-01
It: 650, Loss = 5.895e-01
It: 660, Loss = 5.769e-01
It: 670, Loss = 5.695e-01
It: 680, Loss = 5.623e-01
It: 690, Loss = 5.554e-01
It: 700, Loss = 5.843e-01
It: 710, Loss = 5.607e-01
It: 720, Loss = 5.376e-01
It: 730, Loss = 5.301e-01
It: 740, Loss = 5.231e-01
It: 750, Loss = 5.168e-01
It: 760, Loss = 5.788e-01
It: 770, Loss = 5.164e-01
It: 780, Loss = 5.011e-01
It: 790, Loss = 4.924e-01
It: 800, Loss = 4.835e-01
It: 810, Loss = 4.746e-01
It: 820, Loss = 4.651e-01
It: 830, Loss = 4.955e-01
It: 840, Loss = 4.978e-01
It: 850, Loss = 4.574e-01
It: 860, Loss = 4.507e-01
It: 870, Loss = 4.411e-01
It: 880, Loss = 4.320e-01
It: 890, Loss = 4.229e-01
It: 900, Loss = 4.140e-01
It: 910, Loss = 4.049e-01
It: 920, Loss = 3.954e-01
It: 930, Loss = 3.853e-01
It: 940, Loss = 4.622e-01
It: 950, Loss = 4.148e-01
It: 960, Loss = 3.647e-01
It: 970, Loss = 3.616e-01
It: 980, Loss = 3.486e-01
It: 990, Loss = 3.397e-01
G_pred shape (100, 100)
It: 0, Loss = 2.862e+00
It: 10, Loss = 9.982e-01
It: 20, Loss = 9.940e-01
It: 30, Loss = 9.905e-01
It: 40, Loss = 9.824e-01
It: 50, Loss = 9.756e-01
It: 60, Loss = 9.710e-01
It: 70, Loss = 9.677e-01
It: 80, Loss = 9.645e-01
It: 90, Loss = 9.610e-01
It: 100, Loss = 9.570e-01
It: 110, Loss = 9.527e-01
It: 120, Loss = 9.480e-01
It: 130, Loss = 9.430e-01
It: 140, Loss = 9.380e-01
It: 150, Loss = 9.335e-01
It: 160, Loss = 9.301e-01
It: 170, Loss = 9.282e-01
It: 180, Loss = 9.275e-01
It: 190, Loss = 9.273e-01
It: 200, Loss = 9.271e-01
It: 210, Loss = 9.269e-01
It: 220, Loss = 9.267e-01
It: 230, Loss = 9.265e-01
It: 240, Loss = 9.263e-01
It: 250, Loss = 9.262e-01
It: 260, Loss = 9.260e-01
It: 270, Loss = 9.258e-01
It: 280, Loss = 9.257e-01
It: 290, Loss = 9.255e-01
It: 300, Loss = 9.254e-01
It: 310, Loss = 9.252e-01
It: 320, Loss = 9.251e-01
It: 330, Loss = 9.249e-01
It: 340, Loss = 9.247e-01
It: 350, Loss = 9.245e-01
It: 360, Loss = 9.243e-01
It: 370, Loss = 9.241e-01
It: 380, Loss = 9.238e-01
It: 390, Loss = 9.235e-01
It: 400, Loss = 9.231e-01
It: 410, Loss = 9.226e-01
It: 420, Loss = 9.218e-01
It: 430, Loss = 9.207e-01
It: 440, Loss = 9.190e-01
It: 450, Loss = 9.166e-01
It: 460, Loss = 9.145e-01
It: 470, Loss = 9.131e-01
It: 480, Loss = 9.115e-01
It: 490, Loss = 9.099e-01
It: 500, Loss = 9.077e-01
It: 510, Loss = 9.044e-01
It: 520, Loss = 8.992e-01
It: 530, Loss = 8.905e-01
It: 540, Loss = 8.772e-01
It: 550, Loss = 8.625e-01
It: 560, Loss = 8.529e-01
It: 570, Loss = 8.449e-01
It: 580, Loss = 8.384e-01
It: 590, Loss = 8.340e-01
It: 600, Loss = 8.301e-01
It: 610, Loss = 8.256e-01
It: 620, Loss = 8.208e-01
It: 630, Loss = 8.158e-01
It: 640, Loss = 8.107e-01
It: 650, Loss = 8.056e-01
It: 660, Loss = 8.009e-01
It: 670, Loss = 7.945e-01
It: 680, Loss = 7.869e-01
It: 690, Loss = 7.833e-01
It: 700, Loss = 7.653e-01
It: 710, Loss = 7.478e-01
It: 720, Loss = 7.312e-01
It: 730, Loss = 6.963e-01
It: 740, Loss = 6.653e-01
It: 750, Loss = 6.479e-01
It: 760, Loss = 6.556e-01
It: 770, Loss = 6.330e-01
It: 780, Loss = 6.225e-01
It: 790, Loss = 6.152e-01
It: 800, Loss = 6.096e-01
It: 810, Loss = 6.341e-01
It: 820, Loss = 6.108e-01
It: 830, Loss = 5.967e-01
It: 840, Loss = 5.915e-01
It: 850, Loss = 5.871e-01
It: 860, Loss = 5.826e-01
It: 870, Loss = 5.781e-01
It: 880, Loss = 5.749e-01
It: 890, Loss = 5.762e-01
It: 900, Loss = 5.706e-01
It: 910, Loss = 5.701e-01
It: 920, Loss = 5.634e-01
It: 930, Loss = 5.601e-01
It: 940, Loss = 5.576e-01
It: 950, Loss = 5.551e-01
It: 960, Loss = 5.528e-01
It: 970, Loss = 5.506e-01
It: 980, Loss = 5.484e-01
It: 990, Loss = 5.462e-01
G_pred shape (100, 100)
It: 0, Loss = 1.083e+00
It: 10, Loss = 9.863e-01
It: 20, Loss = 9.560e-01
It: 30, Loss = 9.388e-01
It: 40, Loss = 9.325e-01
It: 50, Loss = 9.309e-01
It: 60, Loss = 9.295e-01
It: 70, Loss = 9.283e-01
It: 80, Loss = 9.274e-01
It: 90, Loss = 9.271e-01
It: 100, Loss = 9.269e-01
It: 110, Loss = 9.267e-01
It: 120, Loss = 9.266e-01
It: 130, Loss = 9.264e-01
It: 140, Loss = 9.262e-01
It: 150, Loss = 9.261e-01
It: 160, Loss = 9.259e-01
It: 170, Loss = 9.256e-01
It: 180, Loss = 9.254e-01
It: 190, Loss = 9.251e-01
It: 200, Loss = 9.248e-01
It: 210, Loss = 9.243e-01
It: 220, Loss = 9.238e-01
It: 230, Loss = 9.230e-01
It: 240, Loss = 9.218e-01
It: 250, Loss = 9.196e-01
It: 260, Loss = 9.150e-01
It: 270, Loss = 9.037e-01
It: 280, Loss = 8.877e-01
It: 290, Loss = 8.706e-01
It: 300, Loss = 8.500e-01
It: 310, Loss = 8.536e-01
It: 320, Loss = 7.938e-01
It: 330, Loss = 7.798e-01
It: 340, Loss = 7.661e-01
It: 350, Loss = 7.576e-01
It: 360, Loss = 7.539e-01
It: 370, Loss = 7.499e-01
It: 380, Loss = 7.452e-01
It: 390, Loss = 7.482e-01
It: 400, Loss = 7.386e-01
It: 410, Loss = 7.292e-01
It: 420, Loss = 7.211e-01
It: 430, Loss = 7.599e-01
It: 440, Loss = 7.290e-01
It: 450, Loss = 6.873e-01
It: 460, Loss = 6.665e-01
It: 470, Loss = 6.417e-01
It: 480, Loss = 6.247e-01
It: 490, Loss = 6.176e-01
It: 500, Loss = 6.107e-01
It: 510, Loss = 5.968e-01
It: 520, Loss = 5.841e-01
It: 530, Loss = 5.829e-01
It: 540, Loss = 5.759e-01
It: 550, Loss = 5.699e-01
It: 560, Loss = 5.739e-01
It: 570, Loss = 5.646e-01
It: 580, Loss = 5.614e-01
It: 590, Loss = 5.604e-01
It: 600, Loss = 5.848e-01
It: 610, Loss = 5.605e-01
It: 620, Loss = 5.557e-01
It: 630, Loss = 5.546e-01
It: 640, Loss = 5.527e-01
It: 650, Loss = 5.505e-01
It: 660, Loss = 5.600e-01
It: 670, Loss = 5.542e-01
It: 680, Loss = 5.479e-01
It: 690, Loss = 5.439e-01
It: 700, Loss = 5.421e-01
It: 710, Loss = 5.629e-01
It: 720, Loss = 5.399e-01
It: 730, Loss = 5.366e-01
It: 740, Loss = 5.337e-01
It: 750, Loss = 5.482e-01
It: 760, Loss = 5.332e-01
It: 770, Loss = 5.286e-01
It: 780, Loss = 5.241e-01
It: 790, Loss = 5.206e-01
It: 800, Loss = 5.256e-01
It: 810, Loss = 5.200e-01
It: 820, Loss = 5.167e-01
It: 830, Loss = 5.118e-01
It: 840, Loss = 5.081e-01
It: 850, Loss = 5.051e-01
It: 860, Loss = 5.017e-01
It: 870, Loss = 6.022e-01
It: 880, Loss = 5.147e-01
It: 890, Loss = 4.971e-01
It: 900, Loss = 4.952e-01
It: 910, Loss = 4.904e-01
It: 920, Loss = 4.868e-01
It: 930, Loss = 4.835e-01
It: 940, Loss = 4.802e-01
It: 950, Loss = 4.768e-01
It: 960, Loss = 4.731e-01
It: 970, Loss = 4.710e-01
It: 980, Loss = 4.761e-01
It: 990, Loss = 4.703e-01
G_pred shape (100, 100)
It: 0, Loss = 1.078e+00
It: 10, Loss = 1.079e+00
It: 20, Loss = 9.740e-01
It: 30, Loss = 9.569e-01
It: 40, Loss = 9.504e-01
It: 50, Loss = 9.372e-01
It: 60, Loss = 9.327e-01
It: 70, Loss = 9.311e-01
It: 80, Loss = 9.298e-01
It: 90, Loss = 9.283e-01
It: 100, Loss = 9.270e-01
It: 110, Loss = 9.260e-01
It: 120, Loss = 9.253e-01
It: 130, Loss = 9.249e-01
It: 140, Loss = 9.246e-01
It: 150, Loss = 9.242e-01
It: 160, Loss = 9.239e-01
It: 170, Loss = 9.236e-01
It: 180, Loss = 9.233e-01
It: 190, Loss = 9.229e-01
It: 200, Loss = 9.226e-01
It: 210, Loss = 9.221e-01
It: 220, Loss = 9.215e-01
It: 230, Loss = 9.204e-01
It: 240, Loss = 9.187e-01
It: 250, Loss = 9.164e-01
It: 260, Loss = 9.150e-01
It: 270, Loss = 9.142e-01
It: 280, Loss = 9.138e-01
It: 290, Loss = 9.133e-01
It: 300, Loss = 9.128e-01
It: 310, Loss = 9.123e-01
It: 320, Loss = 9.119e-01
It: 330, Loss = 9.114e-01
It: 340, Loss = 9.109e-01
It: 350, Loss = 9.102e-01
It: 360, Loss = 9.091e-01
It: 370, Loss = 9.074e-01
It: 380, Loss = 9.045e-01
It: 390, Loss = 8.991e-01
It: 400, Loss = 8.882e-01
It: 410, Loss = 8.695e-01
It: 420, Loss = 8.482e-01
It: 430, Loss = 8.389e-01
It: 440, Loss = 8.276e-01
It: 450, Loss = 8.167e-01
It: 460, Loss = 8.064e-01
It: 470, Loss = 7.997e-01
It: 480, Loss = 7.960e-01
It: 490, Loss = 7.937e-01
It: 500, Loss = 7.912e-01
It: 510, Loss = 7.884e-01
It: 520, Loss = 7.852e-01
It: 530, Loss = 7.825e-01
It: 540, Loss = 7.782e-01
It: 550, Loss = 7.736e-01
It: 560, Loss = 7.695e-01
It: 570, Loss = 7.642e-01
It: 580, Loss = 7.610e-01
It: 590, Loss = 7.555e-01
It: 600, Loss = 7.505e-01
It: 610, Loss = 7.756e-01
It: 620, Loss = 7.418e-01
It: 630, Loss = 7.309e-01
It: 640, Loss = 7.222e-01
It: 650, Loss = 7.521e-01
It: 660, Loss = 7.043e-01
It: 670, Loss = 7.005e-01
It: 680, Loss = 6.885e-01
It: 690, Loss = 6.793e-01
It: 700, Loss = 6.804e-01
It: 710, Loss = 6.632e-01
It: 720, Loss = 6.563e-01
It: 730, Loss = 6.450e-01
It: 740, Loss = 6.332e-01
It: 750, Loss = 6.451e-01
It: 760, Loss = 6.144e-01
It: 770, Loss = 5.968e-01
It: 780, Loss = 5.839e-01
It: 790, Loss = 5.711e-01
It: 800, Loss = 5.947e-01
It: 810, Loss = 5.540e-01
It: 820, Loss = 5.489e-01
It: 830, Loss = 5.339e-01
It: 840, Loss = 5.206e-01
It: 850, Loss = 5.077e-01
It: 860, Loss = 4.970e-01
It: 870, Loss = 5.430e-01
It: 880, Loss = 4.847e-01
It: 890, Loss = 4.701e-01
It: 900, Loss = 4.593e-01
It: 910, Loss = 4.471e-01
It: 920, Loss = 4.406e-01
It: 930, Loss = 5.834e-01
It: 940, Loss = 4.583e-01
It: 950, Loss = 4.357e-01
It: 960, Loss = 4.243e-01
It: 970, Loss = 4.148e-01
It: 980, Loss = 4.063e-01
It: 990, Loss = 3.989e-01
G_pred shape (100, 100)
It: 0, Loss = 1.014e+00
It: 10, Loss = 1.060e+00
It: 20, Loss = 9.618e-01
It: 30, Loss = 9.654e-01
It: 40, Loss = 9.560e-01
It: 50, Loss = 9.467e-01
It: 60, Loss = 9.408e-01
It: 70, Loss = 9.348e-01
It: 80, Loss = 9.300e-01
It: 90, Loss = 9.274e-01
It: 100, Loss = 9.259e-01
It: 110, Loss = 9.248e-01
It: 120, Loss = 9.240e-01
It: 130, Loss = 9.234e-01
It: 140, Loss = 9.230e-01
It: 150, Loss = 9.228e-01
It: 160, Loss = 9.226e-01
It: 170, Loss = 9.225e-01
It: 180, Loss = 9.224e-01
It: 190, Loss = 9.223e-01
It: 200, Loss = 9.221e-01
It: 210, Loss = 9.220e-01
It: 220, Loss = 9.219e-01
It: 230, Loss = 9.217e-01
It: 240, Loss = 9.215e-01
It: 250, Loss = 9.213e-01
It: 260, Loss = 9.210e-01
It: 270, Loss = 9.207e-01
It: 280, Loss = 9.203e-01
It: 290, Loss = 9.199e-01
It: 300, Loss = 9.193e-01
It: 310, Loss = 9.187e-01
It: 320, Loss = 9.179e-01
It: 330, Loss = 9.168e-01
It: 340, Loss = 9.156e-01
It: 350, Loss = 9.139e-01
It: 360, Loss = 9.116e-01
It: 370, Loss = 9.082e-01
It: 380, Loss = 9.026e-01
It: 390, Loss = 8.924e-01
It: 400, Loss = 8.713e-01
It: 410, Loss = 8.402e-01
It: 420, Loss = 8.396e-01
It: 430, Loss = 8.211e-01
It: 440, Loss = 8.095e-01
It: 450, Loss = 8.023e-01
It: 460, Loss = 7.932e-01
It: 470, Loss = 7.826e-01
It: 480, Loss = 7.723e-01
It: 490, Loss = 7.646e-01
It: 500, Loss = 7.601e-01
It: 510, Loss = 7.569e-01
It: 520, Loss = 7.538e-01
It: 530, Loss = 7.502e-01
It: 540, Loss = 7.461e-01
It: 550, Loss = 7.407e-01
It: 560, Loss = 7.330e-01
It: 570, Loss = 7.246e-01
It: 580, Loss = 7.148e-01
It: 590, Loss = 6.973e-01
It: 600, Loss = 6.714e-01
It: 610, Loss = 8.896e-01
It: 620, Loss = 6.612e-01
It: 630, Loss = 6.359e-01
It: 640, Loss = 6.027e-01
It: 650, Loss = 5.915e-01
It: 660, Loss = 5.836e-01
It: 670, Loss = 5.782e-01
It: 680, Loss = 5.738e-01
It: 690, Loss = 5.703e-01
It: 700, Loss = 5.677e-01
It: 710, Loss = 5.650e-01
It: 720, Loss = 5.632e-01
It: 730, Loss = 5.611e-01
It: 740, Loss = 5.594e-01
It: 750, Loss = 5.576e-01
It: 760, Loss = 5.570e-01
It: 770, Loss = 5.554e-01
It: 780, Loss = 5.526e-01
It: 790, Loss = 5.510e-01
It: 800, Loss = 5.489e-01
It: 810, Loss = 5.491e-01
It: 820, Loss = 5.572e-01
It: 830, Loss = 5.485e-01
It: 840, Loss = 5.428e-01
It: 850, Loss = 5.407e-01
It: 860, Loss = 5.382e-01
It: 870, Loss = 5.412e-01
It: 880, Loss = 5.365e-01
It: 890, Loss = 5.309e-01
It: 900, Loss = 5.292e-01
It: 910, Loss = 5.382e-01
It: 920, Loss = 5.364e-01
It: 930, Loss = 5.234e-01
It: 940, Loss = 5.213e-01
It: 950, Loss = 5.178e-01
It: 960, Loss = 5.143e-01
It: 970, Loss = 5.112e-01
It: 980, Loss = 5.305e-01
It: 990, Loss = 5.245e-01
G_pred shape (100, 100)
