Using TensorFlow 2 backend.

noise_ratio =  0.2755102
It: 0, Loss = 1.218e+00
It: 10, Loss = 1.121e+00
It: 20, Loss = 1.029e+00
It: 30, Loss = 9.882e-01
It: 40, Loss = 9.739e-01
It: 50, Loss = 9.697e-01
It: 60, Loss = 9.658e-01
It: 70, Loss = 9.605e-01
It: 80, Loss = 9.562e-01
It: 90, Loss = 9.518e-01
It: 100, Loss = 9.480e-01
It: 110, Loss = 9.450e-01
It: 120, Loss = 9.430e-01
It: 130, Loss = 9.417e-01
It: 140, Loss = 9.409e-01
It: 150, Loss = 9.404e-01
It: 160, Loss = 9.402e-01
It: 170, Loss = 9.400e-01
It: 180, Loss = 9.399e-01
It: 190, Loss = 9.399e-01
It: 200, Loss = 9.398e-01
It: 210, Loss = 9.397e-01
It: 220, Loss = 9.396e-01
It: 230, Loss = 9.395e-01
It: 240, Loss = 9.395e-01
It: 250, Loss = 9.394e-01
It: 260, Loss = 9.393e-01
It: 270, Loss = 9.392e-01
It: 280, Loss = 9.391e-01
It: 290, Loss = 9.390e-01
It: 300, Loss = 9.388e-01
It: 310, Loss = 9.387e-01
It: 320, Loss = 9.384e-01
It: 330, Loss = 9.381e-01
It: 340, Loss = 9.376e-01
It: 350, Loss = 9.368e-01
It: 360, Loss = 9.357e-01
It: 370, Loss = 9.351e-01
It: 380, Loss = 9.345e-01
It: 390, Loss = 9.336e-01
It: 400, Loss = 9.332e-01
It: 410, Loss = 9.329e-01
It: 420, Loss = 9.327e-01
It: 430, Loss = 9.324e-01
It: 440, Loss = 9.322e-01
It: 450, Loss = 9.319e-01
It: 460, Loss = 9.315e-01
It: 470, Loss = 9.312e-01
It: 480, Loss = 9.308e-01
It: 490, Loss = 9.303e-01
It: 500, Loss = 9.298e-01
It: 510, Loss = 9.292e-01
It: 520, Loss = 9.286e-01
It: 530, Loss = 9.278e-01
It: 540, Loss = 9.270e-01
It: 550, Loss = 9.260e-01
It: 560, Loss = 9.248e-01
It: 570, Loss = 9.234e-01
It: 580, Loss = 9.218e-01
It: 590, Loss = 9.199e-01
It: 600, Loss = 9.177e-01
It: 610, Loss = 9.154e-01
It: 620, Loss = 9.122e-01
It: 630, Loss = 9.083e-01
It: 640, Loss = 9.039e-01
It: 650, Loss = 8.977e-01
It: 660, Loss = 8.899e-01
It: 670, Loss = 8.794e-01
It: 680, Loss = 8.763e-01
It: 690, Loss = 8.593e-01
It: 700, Loss = 8.480e-01
It: 710, Loss = 8.393e-01
It: 720, Loss = 8.301e-01
It: 730, Loss = 8.248e-01
It: 740, Loss = 8.120e-01
It: 750, Loss = 8.009e-01
It: 760, Loss = 8.015e-01
It: 770, Loss = 7.800e-01
It: 780, Loss = 7.677e-01
It: 790, Loss = 7.492e-01
It: 800, Loss = 7.271e-01
It: 810, Loss = 7.021e-01
It: 820, Loss = 7.850e-01
It: 830, Loss = 6.870e-01
It: 840, Loss = 6.531e-01
It: 850, Loss = 6.324e-01
It: 860, Loss = 6.157e-01
It: 870, Loss = 5.971e-01
It: 880, Loss = 5.841e-01
It: 890, Loss = 5.666e-01
It: 900, Loss = 5.427e-01
It: 910, Loss = 5.162e-01
It: 920, Loss = 5.069e-01
It: 930, Loss = 4.712e-01
It: 940, Loss = 4.391e-01
It: 950, Loss = 4.818e-01
It: 960, Loss = 4.188e-01
It: 970, Loss = 4.007e-01
It: 980, Loss = 3.845e-01
It: 990, Loss = 3.722e-01
G_pred shape (100, 100)
It: 0, Loss = 3.404e+00
It: 10, Loss = 1.437e+00
It: 20, Loss = 1.124e+00
It: 30, Loss = 9.863e-01
It: 40, Loss = 9.897e-01
It: 50, Loss = 9.870e-01
It: 60, Loss = 9.789e-01
It: 70, Loss = 9.748e-01
It: 80, Loss = 9.720e-01
It: 90, Loss = 9.692e-01
It: 100, Loss = 9.662e-01
It: 110, Loss = 9.630e-01
It: 120, Loss = 9.596e-01
It: 130, Loss = 9.561e-01
It: 140, Loss = 9.526e-01
It: 150, Loss = 9.491e-01
It: 160, Loss = 9.460e-01
It: 170, Loss = 9.434e-01
It: 180, Loss = 9.416e-01
It: 190, Loss = 9.407e-01
It: 200, Loss = 9.403e-01
It: 210, Loss = 9.401e-01
It: 220, Loss = 9.400e-01
It: 230, Loss = 9.399e-01
It: 240, Loss = 9.399e-01
It: 250, Loss = 9.398e-01
It: 260, Loss = 9.397e-01
It: 270, Loss = 9.397e-01
It: 280, Loss = 9.396e-01
It: 290, Loss = 9.395e-01
It: 300, Loss = 9.395e-01
It: 310, Loss = 9.394e-01
It: 320, Loss = 9.393e-01
It: 330, Loss = 9.392e-01
It: 340, Loss = 9.391e-01
It: 350, Loss = 9.389e-01
It: 360, Loss = 9.385e-01
It: 370, Loss = 9.378e-01
It: 380, Loss = 9.364e-01
It: 390, Loss = 9.342e-01
It: 400, Loss = 9.328e-01
It: 410, Loss = 9.317e-01
It: 420, Loss = 9.310e-01
It: 430, Loss = 9.306e-01
It: 440, Loss = 9.303e-01
It: 450, Loss = 9.300e-01
It: 460, Loss = 9.298e-01
It: 470, Loss = 9.295e-01
It: 480, Loss = 9.292e-01
It: 490, Loss = 9.288e-01
It: 500, Loss = 9.285e-01
It: 510, Loss = 9.282e-01
It: 520, Loss = 9.279e-01
It: 530, Loss = 9.276e-01
It: 540, Loss = 9.273e-01
It: 550, Loss = 9.270e-01
It: 560, Loss = 9.266e-01
It: 570, Loss = 9.262e-01
It: 580, Loss = 9.258e-01
It: 590, Loss = 9.253e-01
It: 600, Loss = 9.248e-01
It: 610, Loss = 9.242e-01
It: 620, Loss = 9.236e-01
It: 630, Loss = 9.227e-01
It: 640, Loss = 9.218e-01
It: 650, Loss = 9.207e-01
It: 660, Loss = 9.195e-01
It: 670, Loss = 9.178e-01
It: 680, Loss = 9.160e-01
It: 690, Loss = 9.139e-01
It: 700, Loss = 9.116e-01
It: 710, Loss = 9.088e-01
It: 720, Loss = 9.057e-01
It: 730, Loss = 9.022e-01
It: 740, Loss = 8.982e-01
It: 750, Loss = 8.940e-01
It: 760, Loss = 8.901e-01
It: 770, Loss = 8.869e-01
It: 780, Loss = 8.837e-01
It: 790, Loss = 8.809e-01
It: 800, Loss = 8.782e-01
It: 810, Loss = 8.757e-01
It: 820, Loss = 8.730e-01
It: 830, Loss = 8.700e-01
It: 840, Loss = 8.666e-01
It: 850, Loss = 8.622e-01
It: 860, Loss = 8.569e-01
It: 870, Loss = 8.496e-01
It: 880, Loss = 8.404e-01
It: 890, Loss = 8.284e-01
It: 900, Loss = 8.143e-01
It: 910, Loss = 7.986e-01
It: 920, Loss = 7.789e-01
It: 930, Loss = 7.504e-01
It: 940, Loss = 7.135e-01
It: 950, Loss = 6.916e-01
It: 960, Loss = 6.659e-01
It: 970, Loss = 6.465e-01
It: 980, Loss = 6.280e-01
It: 990, Loss = 6.165e-01
G_pred shape (100, 100)
It: 0, Loss = 1.397e+00
It: 10, Loss = 1.012e+00
It: 20, Loss = 9.878e-01
It: 30, Loss = 9.664e-01
It: 40, Loss = 9.603e-01
It: 50, Loss = 9.512e-01
It: 60, Loss = 9.443e-01
It: 70, Loss = 9.398e-01
It: 80, Loss = 9.382e-01
It: 90, Loss = 9.372e-01
It: 100, Loss = 9.361e-01
It: 110, Loss = 9.351e-01
It: 120, Loss = 9.345e-01
It: 130, Loss = 9.344e-01
It: 140, Loss = 9.343e-01
It: 150, Loss = 9.342e-01
It: 160, Loss = 9.341e-01
It: 170, Loss = 9.340e-01
It: 180, Loss = 9.340e-01
It: 190, Loss = 9.339e-01
It: 200, Loss = 9.338e-01
It: 210, Loss = 9.337e-01
It: 220, Loss = 9.336e-01
It: 230, Loss = 9.335e-01
It: 240, Loss = 9.333e-01
It: 250, Loss = 9.332e-01
It: 260, Loss = 9.331e-01
It: 270, Loss = 9.329e-01
It: 280, Loss = 9.328e-01
It: 290, Loss = 9.326e-01
It: 300, Loss = 9.324e-01
It: 310, Loss = 9.322e-01
It: 320, Loss = 9.320e-01
It: 330, Loss = 9.317e-01
It: 340, Loss = 9.314e-01
It: 350, Loss = 9.310e-01
It: 360, Loss = 9.305e-01
It: 370, Loss = 9.298e-01
It: 380, Loss = 9.286e-01
It: 390, Loss = 9.266e-01
It: 400, Loss = 9.235e-01
It: 410, Loss = 9.228e-01
It: 420, Loss = 9.207e-01
It: 430, Loss = 9.196e-01
It: 440, Loss = 9.183e-01
It: 450, Loss = 9.170e-01
It: 460, Loss = 9.154e-01
It: 470, Loss = 9.136e-01
It: 480, Loss = 9.114e-01
It: 490, Loss = 9.087e-01
It: 500, Loss = 9.052e-01
It: 510, Loss = 9.012e-01
It: 520, Loss = 8.965e-01
It: 530, Loss = 8.897e-01
It: 540, Loss = 8.828e-01
It: 550, Loss = 8.706e-01
It: 560, Loss = 8.554e-01
It: 570, Loss = 8.469e-01
It: 580, Loss = 8.347e-01
It: 590, Loss = 8.311e-01
It: 600, Loss = 8.253e-01
It: 610, Loss = 8.163e-01
It: 620, Loss = 8.092e-01
It: 630, Loss = 8.051e-01
It: 640, Loss = 7.964e-01
It: 650, Loss = 7.909e-01
It: 660, Loss = 7.972e-01
It: 670, Loss = 7.827e-01
It: 680, Loss = 7.755e-01
It: 690, Loss = 7.688e-01
It: 700, Loss = 7.646e-01
It: 710, Loss = 7.501e-01
It: 720, Loss = 7.372e-01
It: 730, Loss = 7.398e-01
It: 740, Loss = 6.996e-01
It: 750, Loss = 6.854e-01
It: 760, Loss = 6.660e-01
It: 770, Loss = 6.556e-01
It: 780, Loss = 6.460e-01
It: 790, Loss = 6.288e-01
It: 800, Loss = 6.158e-01
It: 810, Loss = 6.020e-01
It: 820, Loss = 5.972e-01
It: 830, Loss = 5.916e-01
It: 840, Loss = 5.795e-01
It: 850, Loss = 5.698e-01
It: 860, Loss = 5.619e-01
It: 870, Loss = 5.535e-01
It: 880, Loss = 5.442e-01
It: 890, Loss = 5.341e-01
It: 900, Loss = 5.230e-01
It: 910, Loss = 5.112e-01
It: 920, Loss = 4.988e-01
It: 930, Loss = 4.943e-01
It: 940, Loss = 4.921e-01
It: 950, Loss = 4.676e-01
It: 960, Loss = 4.542e-01
It: 970, Loss = 4.424e-01
It: 980, Loss = 4.278e-01
It: 990, Loss = 4.138e-01
G_pred shape (100, 100)
It: 0, Loss = 1.440e+00
It: 10, Loss = 1.017e+00
It: 20, Loss = 9.877e-01
It: 30, Loss = 9.779e-01
It: 40, Loss = 9.744e-01
It: 50, Loss = 9.712e-01
It: 60, Loss = 9.677e-01
It: 70, Loss = 9.633e-01
It: 80, Loss = 9.583e-01
It: 90, Loss = 9.533e-01
It: 100, Loss = 9.487e-01
It: 110, Loss = 9.453e-01
It: 120, Loss = 9.438e-01
It: 130, Loss = 9.434e-01
It: 140, Loss = 9.431e-01
It: 150, Loss = 9.427e-01
It: 160, Loss = 9.425e-01
It: 170, Loss = 9.423e-01
It: 180, Loss = 9.421e-01
It: 190, Loss = 9.420e-01
It: 200, Loss = 9.419e-01
It: 210, Loss = 9.418e-01
It: 220, Loss = 9.417e-01
It: 230, Loss = 9.415e-01
It: 240, Loss = 9.414e-01
It: 250, Loss = 9.410e-01
It: 260, Loss = 9.404e-01
It: 270, Loss = 9.389e-01
It: 280, Loss = 9.361e-01
It: 290, Loss = 9.342e-01
It: 300, Loss = 9.349e-01
It: 310, Loss = 9.337e-01
It: 320, Loss = 9.335e-01
It: 330, Loss = 9.333e-01
It: 340, Loss = 9.331e-01
It: 350, Loss = 9.328e-01
It: 360, Loss = 9.326e-01
It: 370, Loss = 9.324e-01
It: 380, Loss = 9.321e-01
It: 390, Loss = 9.317e-01
It: 400, Loss = 9.314e-01
It: 410, Loss = 9.309e-01
It: 420, Loss = 9.304e-01
It: 430, Loss = 9.298e-01
It: 440, Loss = 9.290e-01
It: 450, Loss = 9.281e-01
It: 460, Loss = 9.270e-01
It: 470, Loss = 9.256e-01
It: 480, Loss = 9.238e-01
It: 490, Loss = 9.213e-01
It: 500, Loss = 9.175e-01
It: 510, Loss = 9.112e-01
It: 520, Loss = 9.017e-01
It: 530, Loss = 8.910e-01
It: 540, Loss = 8.780e-01
It: 550, Loss = 8.604e-01
It: 560, Loss = 8.393e-01
It: 570, Loss = 8.140e-01
It: 580, Loss = 7.868e-01
It: 590, Loss = 7.766e-01
It: 600, Loss = 7.675e-01
It: 610, Loss = 7.627e-01
It: 620, Loss = 7.589e-01
It: 630, Loss = 7.550e-01
It: 640, Loss = 7.521e-01
It: 650, Loss = 7.498e-01
It: 660, Loss = 7.434e-01
It: 670, Loss = 7.393e-01
It: 680, Loss = 7.346e-01
It: 690, Loss = 7.325e-01
It: 700, Loss = 7.298e-01
It: 710, Loss = 7.200e-01
It: 720, Loss = 7.146e-01
It: 730, Loss = 7.093e-01
It: 740, Loss = 7.029e-01
It: 750, Loss = 6.965e-01
It: 760, Loss = 6.928e-01
It: 770, Loss = 6.773e-01
It: 780, Loss = 6.658e-01
It: 790, Loss = 6.509e-01
It: 800, Loss = 6.458e-01
It: 810, Loss = 6.327e-01
It: 820, Loss = 6.144e-01
It: 830, Loss = 6.088e-01
It: 840, Loss = 6.173e-01
It: 850, Loss = 6.015e-01
It: 860, Loss = 5.934e-01
It: 870, Loss = 5.875e-01
It: 880, Loss = 5.827e-01
It: 890, Loss = 5.772e-01
It: 900, Loss = 5.715e-01
It: 910, Loss = 5.652e-01
It: 920, Loss = 5.745e-01
It: 930, Loss = 5.564e-01
It: 940, Loss = 5.456e-01
It: 950, Loss = 5.385e-01
It: 960, Loss = 5.307e-01
It: 970, Loss = 5.322e-01
It: 980, Loss = 5.243e-01
It: 990, Loss = 5.155e-01
G_pred shape (100, 100)
It: 0, Loss = 1.053e+00
It: 10, Loss = 9.848e-01
It: 20, Loss = 9.921e-01
It: 30, Loss = 9.677e-01
It: 40, Loss = 9.639e-01
It: 50, Loss = 9.567e-01
It: 60, Loss = 9.518e-01
It: 70, Loss = 9.481e-01
It: 80, Loss = 9.463e-01
It: 90, Loss = 9.452e-01
It: 100, Loss = 9.443e-01
It: 110, Loss = 9.437e-01
It: 120, Loss = 9.432e-01
It: 130, Loss = 9.428e-01
It: 140, Loss = 9.425e-01
It: 150, Loss = 9.423e-01
It: 160, Loss = 9.422e-01
It: 170, Loss = 9.421e-01
It: 180, Loss = 9.421e-01
It: 190, Loss = 9.420e-01
It: 200, Loss = 9.419e-01
It: 210, Loss = 9.419e-01
It: 220, Loss = 9.418e-01
It: 230, Loss = 9.417e-01
It: 240, Loss = 9.416e-01
It: 250, Loss = 9.415e-01
It: 260, Loss = 9.415e-01
It: 270, Loss = 9.414e-01
It: 280, Loss = 9.413e-01
It: 290, Loss = 9.412e-01
It: 300, Loss = 9.410e-01
It: 310, Loss = 9.409e-01
It: 320, Loss = 9.408e-01
It: 330, Loss = 9.406e-01
It: 340, Loss = 9.405e-01
It: 350, Loss = 9.403e-01
It: 360, Loss = 9.401e-01
It: 370, Loss = 9.399e-01
It: 380, Loss = 9.396e-01
It: 390, Loss = 9.393e-01
It: 400, Loss = 9.389e-01
It: 410, Loss = 9.384e-01
It: 420, Loss = 9.378e-01
It: 430, Loss = 9.369e-01
It: 440, Loss = 9.355e-01
It: 450, Loss = 9.332e-01
It: 460, Loss = 9.297e-01
It: 470, Loss = 9.265e-01
It: 480, Loss = 9.226e-01
It: 490, Loss = 9.164e-01
It: 500, Loss = 9.073e-01
It: 510, Loss = 9.083e-01
It: 520, Loss = 8.900e-01
It: 530, Loss = 8.758e-01
It: 540, Loss = 8.602e-01
It: 550, Loss = 8.445e-01
It: 560, Loss = 8.328e-01
It: 570, Loss = 8.266e-01
It: 580, Loss = 8.206e-01
It: 590, Loss = 8.130e-01
It: 600, Loss = 8.074e-01
It: 610, Loss = 8.004e-01
It: 620, Loss = 7.981e-01
It: 630, Loss = 7.928e-01
It: 640, Loss = 7.731e-01
It: 650, Loss = 7.536e-01
It: 660, Loss = 7.318e-01
It: 670, Loss = 7.195e-01
It: 680, Loss = 7.295e-01
It: 690, Loss = 7.008e-01
It: 700, Loss = 6.648e-01
It: 710, Loss = 6.321e-01
It: 720, Loss = 6.050e-01
It: 730, Loss = 5.842e-01
It: 740, Loss = 5.730e-01
It: 750, Loss = 5.564e-01
It: 760, Loss = 5.471e-01
It: 770, Loss = 5.389e-01
It: 780, Loss = 5.307e-01
It: 790, Loss = 5.252e-01
It: 800, Loss = 5.119e-01
It: 810, Loss = 5.179e-01
It: 820, Loss = 4.905e-01
It: 830, Loss = 4.880e-01
It: 840, Loss = 4.752e-01
It: 850, Loss = 4.758e-01
It: 860, Loss = 4.383e-01
It: 870, Loss = 4.144e-01
It: 880, Loss = 3.892e-01
It: 890, Loss = 3.615e-01
It: 900, Loss = 3.721e-01
It: 910, Loss = 3.169e-01
It: 920, Loss = 2.724e-01
It: 930, Loss = 3.098e-01
It: 940, Loss = 2.422e-01
It: 950, Loss = 2.760e-01
It: 960, Loss = 1.894e-01
It: 970, Loss = 1.672e-01
It: 980, Loss = 1.580e-01
It: 990, Loss = 1.485e-01
G_pred shape (100, 100)
