Using TensorFlow 2 backend.

noise_ratio =  0.19387755
It: 0, Loss = 1.193e+00
It: 10, Loss = 1.104e+00
It: 20, Loss = 1.018e+00
It: 30, Loss = 9.782e-01
It: 40, Loss = 9.583e-01
It: 50, Loss = 9.489e-01
It: 60, Loss = 9.445e-01
It: 70, Loss = 9.406e-01
It: 80, Loss = 9.384e-01
It: 90, Loss = 9.371e-01
It: 100, Loss = 9.367e-01
It: 110, Loss = 9.365e-01
It: 120, Loss = 9.363e-01
It: 130, Loss = 9.361e-01
It: 140, Loss = 9.360e-01
It: 150, Loss = 9.360e-01
It: 160, Loss = 9.359e-01
It: 170, Loss = 9.358e-01
It: 180, Loss = 9.357e-01
It: 190, Loss = 9.356e-01
It: 200, Loss = 9.355e-01
It: 210, Loss = 9.354e-01
It: 220, Loss = 9.352e-01
It: 230, Loss = 9.351e-01
It: 240, Loss = 9.348e-01
It: 250, Loss = 9.345e-01
It: 260, Loss = 9.341e-01
It: 270, Loss = 9.332e-01
It: 280, Loss = 9.317e-01
It: 290, Loss = 9.293e-01
It: 300, Loss = 9.280e-01
It: 310, Loss = 9.280e-01
It: 320, Loss = 9.274e-01
It: 330, Loss = 9.272e-01
It: 340, Loss = 9.269e-01
It: 350, Loss = 9.267e-01
It: 360, Loss = 9.264e-01
It: 370, Loss = 9.262e-01
It: 380, Loss = 9.262e-01
It: 390, Loss = 9.258e-01
It: 400, Loss = 9.255e-01
It: 410, Loss = 9.252e-01
It: 420, Loss = 9.249e-01
It: 430, Loss = 9.245e-01
It: 440, Loss = 9.240e-01
It: 450, Loss = 9.235e-01
It: 460, Loss = 9.229e-01
It: 470, Loss = 9.221e-01
It: 480, Loss = 9.212e-01
It: 490, Loss = 9.200e-01
It: 500, Loss = 9.186e-01
It: 510, Loss = 9.168e-01
It: 520, Loss = 9.144e-01
It: 530, Loss = 9.111e-01
It: 540, Loss = 9.064e-01
It: 550, Loss = 8.992e-01
It: 560, Loss = 8.881e-01
It: 570, Loss = 8.712e-01
It: 580, Loss = 8.500e-01
It: 590, Loss = 8.326e-01
It: 600, Loss = 8.214e-01
It: 610, Loss = 8.101e-01
It: 620, Loss = 7.967e-01
It: 630, Loss = 7.798e-01
It: 640, Loss = 7.616e-01
It: 650, Loss = 7.349e-01
It: 660, Loss = 6.934e-01
It: 670, Loss = 6.592e-01
It: 680, Loss = 6.379e-01
It: 690, Loss = 6.113e-01
It: 700, Loss = 5.923e-01
It: 710, Loss = 5.835e-01
It: 720, Loss = 5.782e-01
It: 730, Loss = 5.743e-01
It: 740, Loss = 5.711e-01
It: 750, Loss = 5.682e-01
It: 760, Loss = 5.658e-01
It: 770, Loss = 5.637e-01
It: 780, Loss = 5.619e-01
It: 790, Loss = 5.636e-01
It: 800, Loss = 5.596e-01
It: 810, Loss = 5.621e-01
It: 820, Loss = 5.574e-01
It: 830, Loss = 5.569e-01
It: 840, Loss = 5.553e-01
It: 850, Loss = 5.542e-01
It: 860, Loss = 5.532e-01
It: 870, Loss = 5.522e-01
It: 880, Loss = 5.518e-01
It: 890, Loss = 5.515e-01
It: 900, Loss = 5.499e-01
It: 910, Loss = 5.496e-01
It: 920, Loss = 5.484e-01
It: 930, Loss = 5.472e-01
It: 940, Loss = 5.464e-01
It: 950, Loss = 5.454e-01
It: 960, Loss = 5.481e-01
It: 970, Loss = 5.540e-01
It: 980, Loss = 5.471e-01
It: 990, Loss = 5.436e-01
G_pred shape (100, 100)
It: 0, Loss = 1.484e+00
It: 10, Loss = 1.004e+00
It: 20, Loss = 9.826e-01
It: 30, Loss = 9.750e-01
It: 40, Loss = 9.685e-01
It: 50, Loss = 9.618e-01
It: 60, Loss = 9.545e-01
It: 70, Loss = 9.458e-01
It: 80, Loss = 9.366e-01
It: 90, Loss = 9.311e-01
It: 100, Loss = 9.304e-01
It: 110, Loss = 9.302e-01
It: 120, Loss = 9.297e-01
It: 130, Loss = 9.294e-01
It: 140, Loss = 9.291e-01
It: 150, Loss = 9.287e-01
It: 160, Loss = 9.282e-01
It: 170, Loss = 9.275e-01
It: 180, Loss = 9.258e-01
It: 190, Loss = 9.223e-01
It: 200, Loss = 9.206e-01
It: 210, Loss = 9.202e-01
It: 220, Loss = 9.196e-01
It: 230, Loss = 9.193e-01
It: 240, Loss = 9.191e-01
It: 250, Loss = 9.190e-01
It: 260, Loss = 9.188e-01
It: 270, Loss = 9.186e-01
It: 280, Loss = 9.183e-01
It: 290, Loss = 9.181e-01
It: 300, Loss = 9.178e-01
It: 310, Loss = 9.175e-01
It: 320, Loss = 9.172e-01
It: 330, Loss = 9.168e-01
It: 340, Loss = 9.163e-01
It: 350, Loss = 9.158e-01
It: 360, Loss = 9.153e-01
It: 370, Loss = 9.146e-01
It: 380, Loss = 9.139e-01
It: 390, Loss = 9.131e-01
It: 400, Loss = 9.122e-01
It: 410, Loss = 9.112e-01
It: 420, Loss = 9.102e-01
It: 430, Loss = 9.091e-01
It: 440, Loss = 9.077e-01
It: 450, Loss = 9.059e-01
It: 460, Loss = 9.034e-01
It: 470, Loss = 8.993e-01
It: 480, Loss = 8.917e-01
It: 490, Loss = 8.764e-01
It: 500, Loss = 8.516e-01
It: 510, Loss = 8.290e-01
It: 520, Loss = 8.158e-01
It: 530, Loss = 7.969e-01
It: 540, Loss = 7.817e-01
It: 550, Loss = 7.662e-01
It: 560, Loss = 7.549e-01
It: 570, Loss = 7.481e-01
It: 580, Loss = 7.403e-01
It: 590, Loss = 7.293e-01
It: 600, Loss = 7.239e-01
It: 610, Loss = 7.042e-01
It: 620, Loss = 6.721e-01
It: 630, Loss = 6.492e-01
It: 640, Loss = 6.154e-01
It: 650, Loss = 5.958e-01
It: 660, Loss = 5.879e-01
It: 670, Loss = 5.793e-01
It: 680, Loss = 5.747e-01
It: 690, Loss = 5.712e-01
It: 700, Loss = 5.688e-01
It: 710, Loss = 5.667e-01
It: 720, Loss = 5.669e-01
It: 730, Loss = 5.642e-01
It: 740, Loss = 5.616e-01
It: 750, Loss = 5.590e-01
It: 760, Loss = 5.558e-01
It: 770, Loss = 5.685e-01
It: 780, Loss = 5.559e-01
It: 790, Loss = 5.490e-01
It: 800, Loss = 5.450e-01
It: 810, Loss = 5.416e-01
It: 820, Loss = 5.374e-01
It: 830, Loss = 5.377e-01
It: 840, Loss = 6.105e-01
It: 850, Loss = 5.511e-01
It: 860, Loss = 5.364e-01
It: 870, Loss = 5.273e-01
It: 880, Loss = 5.220e-01
It: 890, Loss = 5.176e-01
It: 900, Loss = 5.135e-01
It: 910, Loss = 5.092e-01
It: 920, Loss = 5.046e-01
It: 930, Loss = 5.486e-01
It: 940, Loss = 5.065e-01
It: 950, Loss = 4.949e-01
It: 960, Loss = 4.843e-01
It: 970, Loss = 4.759e-01
It: 980, Loss = 4.669e-01
It: 990, Loss = 4.581e-01
G_pred shape (100, 100)
It: 0, Loss = 1.418e+00
It: 10, Loss = 1.018e+00
It: 20, Loss = 1.002e+00
It: 30, Loss = 9.730e-01
It: 40, Loss = 9.659e-01
It: 50, Loss = 9.556e-01
It: 60, Loss = 9.448e-01
It: 70, Loss = 9.355e-01
It: 80, Loss = 9.315e-01
It: 90, Loss = 9.314e-01
It: 100, Loss = 9.309e-01
It: 110, Loss = 9.306e-01
It: 120, Loss = 9.305e-01
It: 130, Loss = 9.303e-01
It: 140, Loss = 9.302e-01
It: 150, Loss = 9.301e-01
It: 160, Loss = 9.300e-01
It: 170, Loss = 9.299e-01
It: 180, Loss = 9.298e-01
It: 190, Loss = 9.297e-01
It: 200, Loss = 9.296e-01
It: 210, Loss = 9.294e-01
It: 220, Loss = 9.292e-01
It: 230, Loss = 9.290e-01
It: 240, Loss = 9.287e-01
It: 250, Loss = 9.282e-01
It: 260, Loss = 9.274e-01
It: 270, Loss = 9.261e-01
It: 280, Loss = 9.236e-01
It: 290, Loss = 9.213e-01
It: 300, Loss = 9.207e-01
It: 310, Loss = 9.194e-01
It: 320, Loss = 9.185e-01
It: 330, Loss = 9.182e-01
It: 340, Loss = 9.178e-01
It: 350, Loss = 9.174e-01
It: 360, Loss = 9.169e-01
It: 370, Loss = 9.164e-01
It: 380, Loss = 9.157e-01
It: 390, Loss = 9.149e-01
It: 400, Loss = 9.138e-01
It: 410, Loss = 9.125e-01
It: 420, Loss = 9.107e-01
It: 430, Loss = 9.087e-01
It: 440, Loss = 9.058e-01
It: 450, Loss = 9.020e-01
It: 460, Loss = 8.964e-01
It: 470, Loss = 8.874e-01
It: 480, Loss = 8.726e-01
It: 490, Loss = 8.643e-01
It: 500, Loss = 8.289e-01
It: 510, Loss = 8.184e-01
It: 520, Loss = 8.090e-01
It: 530, Loss = 8.018e-01
It: 540, Loss = 7.952e-01
It: 550, Loss = 7.880e-01
It: 560, Loss = 7.828e-01
It: 570, Loss = 7.728e-01
It: 580, Loss = 7.613e-01
It: 590, Loss = 7.475e-01
It: 600, Loss = 7.356e-01
It: 610, Loss = 7.076e-01
It: 620, Loss = 6.914e-01
It: 630, Loss = 6.763e-01
It: 640, Loss = 6.647e-01
It: 650, Loss = 6.561e-01
It: 660, Loss = 6.512e-01
It: 670, Loss = 6.346e-01
It: 680, Loss = 6.780e-01
It: 690, Loss = 6.167e-01
It: 700, Loss = 6.046e-01
It: 710, Loss = 5.942e-01
It: 720, Loss = 5.921e-01
It: 730, Loss = 5.942e-01
It: 740, Loss = 5.853e-01
It: 750, Loss = 5.712e-01
It: 760, Loss = 5.623e-01
It: 770, Loss = 5.563e-01
It: 780, Loss = 5.489e-01
It: 790, Loss = 5.507e-01
It: 800, Loss = 5.663e-01
It: 810, Loss = 5.568e-01
It: 820, Loss = 5.366e-01
It: 830, Loss = 5.285e-01
It: 840, Loss = 5.240e-01
It: 850, Loss = 5.182e-01
It: 860, Loss = 5.127e-01
It: 870, Loss = 5.072e-01
It: 880, Loss = 5.013e-01
It: 890, Loss = 4.948e-01
It: 900, Loss = 4.871e-01
It: 910, Loss = 5.026e-01
It: 920, Loss = 4.820e-01
It: 930, Loss = 4.641e-01
It: 940, Loss = 4.533e-01
It: 950, Loss = 4.391e-01
It: 960, Loss = 4.244e-01
It: 970, Loss = 4.856e-01
It: 980, Loss = 4.172e-01
It: 990, Loss = 3.884e-01
G_pred shape (100, 100)
It: 0, Loss = 1.920e+00
It: 10, Loss = 9.789e-01
It: 20, Loss = 9.907e-01
It: 30, Loss = 9.943e-01
It: 40, Loss = 9.829e-01
It: 50, Loss = 9.730e-01
It: 60, Loss = 9.665e-01
It: 70, Loss = 9.615e-01
It: 80, Loss = 9.568e-01
It: 90, Loss = 9.520e-01
It: 100, Loss = 9.471e-01
It: 110, Loss = 9.424e-01
It: 120, Loss = 9.384e-01
It: 130, Loss = 9.358e-01
It: 140, Loss = 9.347e-01
It: 150, Loss = 9.343e-01
It: 160, Loss = 9.341e-01
It: 170, Loss = 9.339e-01
It: 180, Loss = 9.337e-01
It: 190, Loss = 9.335e-01
It: 200, Loss = 9.333e-01
It: 210, Loss = 9.332e-01
It: 220, Loss = 9.330e-01
It: 230, Loss = 9.329e-01
It: 240, Loss = 9.327e-01
It: 250, Loss = 9.326e-01
It: 260, Loss = 9.324e-01
It: 270, Loss = 9.322e-01
It: 280, Loss = 9.319e-01
It: 290, Loss = 9.315e-01
It: 300, Loss = 9.310e-01
It: 310, Loss = 9.302e-01
It: 320, Loss = 9.291e-01
It: 330, Loss = 9.274e-01
It: 340, Loss = 9.256e-01
It: 350, Loss = 9.241e-01
It: 360, Loss = 9.234e-01
It: 370, Loss = 9.230e-01
It: 380, Loss = 9.227e-01
It: 390, Loss = 9.225e-01
It: 400, Loss = 9.222e-01
It: 410, Loss = 9.220e-01
It: 420, Loss = 9.217e-01
It: 430, Loss = 9.215e-01
It: 440, Loss = 9.211e-01
It: 450, Loss = 9.208e-01
It: 460, Loss = 9.204e-01
It: 470, Loss = 9.200e-01
It: 480, Loss = 9.195e-01
It: 490, Loss = 9.190e-01
It: 500, Loss = 9.184e-01
It: 510, Loss = 9.177e-01
It: 520, Loss = 9.168e-01
It: 530, Loss = 9.158e-01
It: 540, Loss = 9.146e-01
It: 550, Loss = 9.131e-01
It: 560, Loss = 9.111e-01
It: 570, Loss = 9.085e-01
It: 580, Loss = 9.049e-01
It: 590, Loss = 8.999e-01
It: 600, Loss = 8.924e-01
It: 610, Loss = 8.803e-01
It: 620, Loss = 8.606e-01
It: 630, Loss = 8.338e-01
It: 640, Loss = 8.168e-01
It: 650, Loss = 8.070e-01
It: 660, Loss = 7.987e-01
It: 670, Loss = 7.937e-01
It: 680, Loss = 7.885e-01
It: 690, Loss = 7.829e-01
It: 700, Loss = 7.766e-01
It: 710, Loss = 7.694e-01
It: 720, Loss = 7.620e-01
It: 730, Loss = 7.530e-01
It: 740, Loss = 7.444e-01
It: 750, Loss = 7.354e-01
It: 760, Loss = 7.259e-01
It: 770, Loss = 7.158e-01
It: 780, Loss = 7.046e-01
It: 790, Loss = 6.924e-01
It: 800, Loss = 6.800e-01
It: 810, Loss = 6.752e-01
It: 820, Loss = 6.570e-01
It: 830, Loss = 6.443e-01
It: 840, Loss = 6.315e-01
It: 850, Loss = 6.190e-01
It: 860, Loss = 6.088e-01
It: 870, Loss = 5.936e-01
It: 880, Loss = 5.851e-01
It: 890, Loss = 5.798e-01
It: 900, Loss = 5.659e-01
It: 910, Loss = 5.595e-01
It: 920, Loss = 5.616e-01
It: 930, Loss = 5.424e-01
It: 940, Loss = 5.356e-01
It: 950, Loss = 5.286e-01
It: 960, Loss = 5.293e-01
It: 970, Loss = 5.177e-01
It: 980, Loss = 5.200e-01
It: 990, Loss = 5.062e-01
G_pred shape (100, 100)
It: 0, Loss = 1.204e+00
It: 10, Loss = 1.007e+00
It: 20, Loss = 9.794e-01
It: 30, Loss = 9.580e-01
It: 40, Loss = 9.467e-01
It: 50, Loss = 9.387e-01
It: 60, Loss = 9.364e-01
It: 70, Loss = 9.353e-01
It: 80, Loss = 9.341e-01
It: 90, Loss = 9.333e-01
It: 100, Loss = 9.326e-01
It: 110, Loss = 9.322e-01
It: 120, Loss = 9.320e-01
It: 130, Loss = 9.318e-01
It: 140, Loss = 9.317e-01
It: 150, Loss = 9.315e-01
It: 160, Loss = 9.313e-01
It: 170, Loss = 9.311e-01
It: 180, Loss = 9.309e-01
It: 190, Loss = 9.307e-01
It: 200, Loss = 9.304e-01
It: 210, Loss = 9.301e-01
It: 220, Loss = 9.298e-01
It: 230, Loss = 9.295e-01
It: 240, Loss = 9.291e-01
It: 250, Loss = 9.286e-01
It: 260, Loss = 9.281e-01
It: 270, Loss = 9.275e-01
It: 280, Loss = 9.268e-01
It: 290, Loss = 9.260e-01
It: 300, Loss = 9.248e-01
It: 310, Loss = 9.233e-01
It: 320, Loss = 9.214e-01
It: 330, Loss = 9.194e-01
It: 340, Loss = 9.176e-01
It: 350, Loss = 9.159e-01
It: 360, Loss = 9.142e-01
It: 370, Loss = 9.124e-01
It: 380, Loss = 9.100e-01
It: 390, Loss = 9.068e-01
It: 400, Loss = 9.103e-01
It: 410, Loss = 9.032e-01
It: 420, Loss = 8.956e-01
It: 430, Loss = 8.872e-01
It: 440, Loss = 8.757e-01
It: 450, Loss = 8.588e-01
It: 460, Loss = 8.614e-01
It: 470, Loss = 8.324e-01
It: 480, Loss = 8.196e-01
It: 490, Loss = 8.114e-01
It: 500, Loss = 8.026e-01
It: 510, Loss = 7.937e-01
It: 520, Loss = 7.848e-01
It: 530, Loss = 7.772e-01
It: 540, Loss = 7.602e-01
It: 550, Loss = 7.415e-01
It: 560, Loss = 7.280e-01
It: 570, Loss = 7.122e-01
It: 580, Loss = 6.916e-01
It: 590, Loss = 6.799e-01
It: 600, Loss = 6.602e-01
It: 610, Loss = 6.358e-01
It: 620, Loss = 6.070e-01
It: 630, Loss = 5.912e-01
It: 640, Loss = 5.567e-01
It: 650, Loss = 5.288e-01
It: 660, Loss = 5.255e-01
It: 670, Loss = 4.949e-01
It: 680, Loss = 4.838e-01
It: 690, Loss = 4.825e-01
It: 700, Loss = 4.776e-01
It: 710, Loss = 4.645e-01
It: 720, Loss = 4.694e-01
It: 730, Loss = 4.532e-01
It: 740, Loss = 4.499e-01
It: 750, Loss = 4.354e-01
It: 760, Loss = 4.813e-01
It: 770, Loss = 4.331e-01
It: 780, Loss = 4.216e-01
It: 790, Loss = 4.348e-01
It: 800, Loss = 4.085e-01
It: 810, Loss = 4.038e-01
It: 820, Loss = 3.972e-01
It: 830, Loss = 3.906e-01
It: 840, Loss = 4.326e-01
It: 850, Loss = 4.012e-01
It: 860, Loss = 3.736e-01
It: 870, Loss = 3.673e-01
It: 880, Loss = 3.540e-01
It: 890, Loss = 3.393e-01
It: 900, Loss = 4.121e-01
It: 910, Loss = 3.223e-01
It: 920, Loss = 2.862e-01
It: 930, Loss = 2.626e-01
It: 940, Loss = 4.569e-01
It: 950, Loss = 2.790e-01
It: 960, Loss = 2.049e-01
It: 970, Loss = 1.887e-01
It: 980, Loss = 1.664e-01
It: 990, Loss = 1.502e-01
G_pred shape (100, 100)
