Using TensorFlow 2 backend.

noise_ratio =  0.16326531
It: 0, Loss = 1.053e+00
It: 10, Loss = 1.036e+00
It: 20, Loss = 9.582e-01
It: 30, Loss = 9.593e-01
It: 40, Loss = 9.422e-01
It: 50, Loss = 9.346e-01
It: 60, Loss = 9.295e-01
It: 70, Loss = 9.280e-01
It: 80, Loss = 9.272e-01
It: 90, Loss = 9.267e-01
It: 100, Loss = 9.266e-01
It: 110, Loss = 9.264e-01
It: 120, Loss = 9.263e-01
It: 130, Loss = 9.262e-01
It: 140, Loss = 9.261e-01
It: 150, Loss = 9.260e-01
It: 160, Loss = 9.258e-01
It: 170, Loss = 9.257e-01
It: 180, Loss = 9.256e-01
It: 190, Loss = 9.254e-01
It: 200, Loss = 9.253e-01
It: 210, Loss = 9.251e-01
It: 220, Loss = 9.249e-01
It: 230, Loss = 9.247e-01
It: 240, Loss = 9.245e-01
It: 250, Loss = 9.242e-01
It: 260, Loss = 9.239e-01
It: 270, Loss = 9.234e-01
It: 280, Loss = 9.224e-01
It: 290, Loss = 9.206e-01
It: 300, Loss = 9.180e-01
It: 310, Loss = 9.167e-01
It: 320, Loss = 9.165e-01
It: 330, Loss = 9.161e-01
It: 340, Loss = 9.158e-01
It: 350, Loss = 9.155e-01
It: 360, Loss = 9.151e-01
It: 370, Loss = 9.147e-01
It: 380, Loss = 9.143e-01
It: 390, Loss = 9.137e-01
It: 400, Loss = 9.131e-01
It: 410, Loss = 9.123e-01
It: 420, Loss = 9.113e-01
It: 430, Loss = 9.102e-01
It: 440, Loss = 9.088e-01
It: 450, Loss = 9.066e-01
It: 460, Loss = 9.029e-01
It: 470, Loss = 8.956e-01
It: 480, Loss = 8.782e-01
It: 490, Loss = 8.428e-01
It: 500, Loss = 8.624e-01
It: 510, Loss = 8.249e-01
It: 520, Loss = 8.038e-01
It: 530, Loss = 7.871e-01
It: 540, Loss = 7.730e-01
It: 550, Loss = 7.563e-01
It: 560, Loss = 7.373e-01
It: 570, Loss = 7.172e-01
It: 580, Loss = 6.977e-01
It: 590, Loss = 7.030e-01
It: 600, Loss = 6.703e-01
It: 610, Loss = 6.505e-01
It: 620, Loss = 6.349e-01
It: 630, Loss = 6.232e-01
It: 640, Loss = 6.127e-01
It: 650, Loss = 6.040e-01
It: 660, Loss = 6.071e-01
It: 670, Loss = 5.919e-01
It: 680, Loss = 5.855e-01
It: 690, Loss = 5.800e-01
It: 700, Loss = 5.751e-01
It: 710, Loss = 5.700e-01
It: 720, Loss = 5.650e-01
It: 730, Loss = 5.600e-01
It: 740, Loss = 5.909e-01
It: 750, Loss = 5.526e-01
It: 760, Loss = 5.464e-01
It: 770, Loss = 5.415e-01
It: 780, Loss = 5.365e-01
It: 790, Loss = 5.326e-01
It: 800, Loss = 5.252e-01
It: 810, Loss = 5.402e-01
It: 820, Loss = 5.198e-01
It: 830, Loss = 5.126e-01
It: 840, Loss = 5.048e-01
It: 850, Loss = 4.992e-01
It: 860, Loss = 4.952e-01
It: 870, Loss = 5.022e-01
It: 880, Loss = 4.876e-01
It: 890, Loss = 4.783e-01
It: 900, Loss = 4.691e-01
It: 910, Loss = 4.611e-01
It: 920, Loss = 4.623e-01
It: 930, Loss = 4.521e-01
It: 940, Loss = 4.374e-01
It: 950, Loss = 4.265e-01
It: 960, Loss = 4.128e-01
It: 970, Loss = 4.662e-01
It: 980, Loss = 3.809e-01
It: 990, Loss = 3.569e-01
G_pred shape (100, 100)
It: 0, Loss = 1.274e+00
It: 10, Loss = 9.656e-01
It: 20, Loss = 9.554e-01
It: 30, Loss = 9.473e-01
It: 40, Loss = 9.391e-01
It: 50, Loss = 9.339e-01
It: 60, Loss = 9.323e-01
It: 70, Loss = 9.313e-01
It: 80, Loss = 9.305e-01
It: 90, Loss = 9.296e-01
It: 100, Loss = 9.290e-01
It: 110, Loss = 9.288e-01
It: 120, Loss = 9.287e-01
It: 130, Loss = 9.285e-01
It: 140, Loss = 9.284e-01
It: 150, Loss = 9.283e-01
It: 160, Loss = 9.282e-01
It: 170, Loss = 9.281e-01
It: 180, Loss = 9.280e-01
It: 190, Loss = 9.279e-01
It: 200, Loss = 9.277e-01
It: 210, Loss = 9.276e-01
It: 220, Loss = 9.275e-01
It: 230, Loss = 9.274e-01
It: 240, Loss = 9.272e-01
It: 250, Loss = 9.271e-01
It: 260, Loss = 9.269e-01
It: 270, Loss = 9.267e-01
It: 280, Loss = 9.265e-01
It: 290, Loss = 9.263e-01
It: 300, Loss = 9.261e-01
It: 310, Loss = 9.258e-01
It: 320, Loss = 9.255e-01
It: 330, Loss = 9.252e-01
It: 340, Loss = 9.249e-01
It: 350, Loss = 9.245e-01
It: 360, Loss = 9.241e-01
It: 370, Loss = 9.237e-01
It: 380, Loss = 9.232e-01
It: 390, Loss = 9.226e-01
It: 400, Loss = 9.220e-01
It: 410, Loss = 9.213e-01
It: 420, Loss = 9.205e-01
It: 430, Loss = 9.197e-01
It: 440, Loss = 9.188e-01
It: 450, Loss = 9.178e-01
It: 460, Loss = 9.166e-01
It: 470, Loss = 9.152e-01
It: 480, Loss = 9.132e-01
It: 490, Loss = 9.103e-01
It: 500, Loss = 9.061e-01
It: 510, Loss = 8.998e-01
It: 520, Loss = 8.939e-01
It: 530, Loss = 8.849e-01
It: 540, Loss = 8.642e-01
It: 550, Loss = 8.384e-01
It: 560, Loss = 8.182e-01
It: 570, Loss = 8.102e-01
It: 580, Loss = 7.949e-01
It: 590, Loss = 7.917e-01
It: 600, Loss = 7.819e-01
It: 610, Loss = 7.758e-01
It: 620, Loss = 7.707e-01
It: 630, Loss = 7.729e-01
It: 640, Loss = 7.609e-01
It: 650, Loss = 7.566e-01
It: 660, Loss = 7.528e-01
It: 670, Loss = 7.450e-01
It: 680, Loss = 7.516e-01
It: 690, Loss = 7.343e-01
It: 700, Loss = 7.197e-01
It: 710, Loss = 7.073e-01
It: 720, Loss = 9.005e-01
It: 730, Loss = 7.100e-01
It: 740, Loss = 6.809e-01
It: 750, Loss = 6.532e-01
It: 760, Loss = 6.303e-01
It: 770, Loss = 6.099e-01
It: 780, Loss = 5.920e-01
It: 790, Loss = 5.773e-01
It: 800, Loss = 5.633e-01
It: 810, Loss = 5.496e-01
It: 820, Loss = 5.356e-01
It: 830, Loss = 5.291e-01
It: 840, Loss = 5.071e-01
It: 850, Loss = 4.881e-01
It: 860, Loss = 4.701e-01
It: 870, Loss = 4.714e-01
It: 880, Loss = 4.403e-01
It: 890, Loss = 4.200e-01
It: 900, Loss = 4.011e-01
It: 910, Loss = 3.776e-01
It: 920, Loss = 3.719e-01
It: 930, Loss = 3.386e-01
It: 940, Loss = 3.199e-01
It: 950, Loss = 2.980e-01
It: 960, Loss = 2.810e-01
It: 970, Loss = 2.943e-01
It: 980, Loss = 2.750e-01
It: 990, Loss = 2.442e-01
G_pred shape (100, 100)
It: 0, Loss = 1.113e+00
It: 10, Loss = 1.078e+00
It: 20, Loss = 9.964e-01
It: 30, Loss = 9.605e-01
It: 40, Loss = 9.476e-01
It: 50, Loss = 9.414e-01
It: 60, Loss = 9.324e-01
It: 70, Loss = 9.285e-01
It: 80, Loss = 9.278e-01
It: 90, Loss = 9.277e-01
It: 100, Loss = 9.274e-01
It: 110, Loss = 9.272e-01
It: 120, Loss = 9.270e-01
It: 130, Loss = 9.269e-01
It: 140, Loss = 9.267e-01
It: 150, Loss = 9.265e-01
It: 160, Loss = 9.263e-01
It: 170, Loss = 9.260e-01
It: 180, Loss = 9.255e-01
It: 190, Loss = 9.243e-01
It: 200, Loss = 9.202e-01
It: 210, Loss = 9.167e-01
It: 220, Loss = 9.150e-01
It: 230, Loss = 9.145e-01
It: 240, Loss = 9.142e-01
It: 250, Loss = 9.139e-01
It: 260, Loss = 9.135e-01
It: 270, Loss = 9.132e-01
It: 280, Loss = 9.128e-01
It: 290, Loss = 9.124e-01
It: 300, Loss = 9.119e-01
It: 310, Loss = 9.114e-01
It: 320, Loss = 9.108e-01
It: 330, Loss = 9.102e-01
It: 340, Loss = 9.094e-01
It: 350, Loss = 9.085e-01
It: 360, Loss = 9.073e-01
It: 370, Loss = 9.059e-01
It: 380, Loss = 9.041e-01
It: 390, Loss = 9.018e-01
It: 400, Loss = 8.989e-01
It: 410, Loss = 8.951e-01
It: 420, Loss = 8.890e-01
It: 430, Loss = 8.775e-01
It: 440, Loss = 8.537e-01
It: 450, Loss = 8.593e-01
It: 460, Loss = 8.425e-01
It: 470, Loss = 8.295e-01
It: 480, Loss = 8.234e-01
It: 490, Loss = 8.189e-01
It: 500, Loss = 8.152e-01
It: 510, Loss = 8.120e-01
It: 520, Loss = 8.089e-01
It: 530, Loss = 8.056e-01
It: 540, Loss = 8.016e-01
It: 550, Loss = 7.967e-01
It: 560, Loss = 7.899e-01
It: 570, Loss = 7.786e-01
It: 580, Loss = 7.570e-01
It: 590, Loss = 7.310e-01
It: 600, Loss = 7.195e-01
It: 610, Loss = 6.888e-01
It: 620, Loss = 6.726e-01
It: 630, Loss = 6.544e-01
It: 640, Loss = 6.386e-01
It: 650, Loss = 6.275e-01
It: 660, Loss = 6.173e-01
It: 670, Loss = 6.114e-01
It: 680, Loss = 6.077e-01
It: 690, Loss = 6.000e-01
It: 700, Loss = 5.925e-01
It: 710, Loss = 5.850e-01
It: 720, Loss = 5.793e-01
It: 730, Loss = 5.750e-01
It: 740, Loss = 5.807e-01
It: 750, Loss = 5.654e-01
It: 760, Loss = 5.638e-01
It: 770, Loss = 5.582e-01
It: 780, Loss = 5.542e-01
It: 790, Loss = 5.798e-01
It: 800, Loss = 5.559e-01
It: 810, Loss = 5.489e-01
It: 820, Loss = 5.450e-01
It: 830, Loss = 5.427e-01
It: 840, Loss = 5.405e-01
It: 850, Loss = 5.416e-01
It: 860, Loss = 5.407e-01
It: 870, Loss = 5.354e-01
It: 880, Loss = 5.339e-01
It: 890, Loss = 5.321e-01
It: 900, Loss = 5.301e-01
It: 910, Loss = 5.387e-01
It: 920, Loss = 5.264e-01
It: 930, Loss = 5.247e-01
It: 940, Loss = 5.231e-01
It: 950, Loss = 5.217e-01
It: 960, Loss = 5.274e-01
It: 970, Loss = 5.231e-01
It: 980, Loss = 5.274e-01
It: 990, Loss = 5.184e-01
G_pred shape (100, 100)
It: 0, Loss = 1.459e+00
It: 10, Loss = 1.032e+00
It: 20, Loss = 9.955e-01
It: 30, Loss = 9.791e-01
It: 40, Loss = 9.706e-01
It: 50, Loss = 9.641e-01
It: 60, Loss = 9.579e-01
It: 70, Loss = 9.512e-01
It: 80, Loss = 9.445e-01
It: 90, Loss = 9.382e-01
It: 100, Loss = 9.332e-01
It: 110, Loss = 9.306e-01
It: 120, Loss = 9.299e-01
It: 130, Loss = 9.295e-01
It: 140, Loss = 9.291e-01
It: 150, Loss = 9.289e-01
It: 160, Loss = 9.287e-01
It: 170, Loss = 9.286e-01
It: 180, Loss = 9.285e-01
It: 190, Loss = 9.283e-01
It: 200, Loss = 9.282e-01
It: 210, Loss = 9.281e-01
It: 220, Loss = 9.279e-01
It: 230, Loss = 9.277e-01
It: 240, Loss = 9.275e-01
It: 250, Loss = 9.272e-01
It: 260, Loss = 9.268e-01
It: 270, Loss = 9.263e-01
It: 280, Loss = 9.257e-01
It: 290, Loss = 9.250e-01
It: 300, Loss = 9.241e-01
It: 310, Loss = 9.231e-01
It: 320, Loss = 9.220e-01
It: 330, Loss = 9.211e-01
It: 340, Loss = 9.205e-01
It: 350, Loss = 9.200e-01
It: 360, Loss = 9.195e-01
It: 370, Loss = 9.188e-01
It: 380, Loss = 9.180e-01
It: 390, Loss = 9.171e-01
It: 400, Loss = 9.164e-01
It: 410, Loss = 9.157e-01
It: 420, Loss = 9.150e-01
It: 430, Loss = 9.141e-01
It: 440, Loss = 9.132e-01
It: 450, Loss = 9.122e-01
It: 460, Loss = 9.112e-01
It: 470, Loss = 9.102e-01
It: 480, Loss = 9.091e-01
It: 490, Loss = 9.080e-01
It: 500, Loss = 9.067e-01
It: 510, Loss = 9.053e-01
It: 520, Loss = 9.039e-01
It: 530, Loss = 9.022e-01
It: 540, Loss = 9.005e-01
It: 550, Loss = 8.985e-01
It: 560, Loss = 8.963e-01
It: 570, Loss = 8.937e-01
It: 580, Loss = 8.903e-01
It: 590, Loss = 8.860e-01
It: 600, Loss = 8.800e-01
It: 610, Loss = 8.707e-01
It: 620, Loss = 8.585e-01
It: 630, Loss = 8.456e-01
It: 640, Loss = 8.331e-01
It: 650, Loss = 8.220e-01
It: 660, Loss = 8.130e-01
It: 670, Loss = 8.052e-01
It: 680, Loss = 7.972e-01
It: 690, Loss = 7.959e-01
It: 700, Loss = 7.836e-01
It: 710, Loss = 7.785e-01
It: 720, Loss = 7.723e-01
It: 730, Loss = 7.674e-01
It: 740, Loss = 7.624e-01
It: 750, Loss = 7.572e-01
It: 760, Loss = 7.514e-01
It: 770, Loss = 7.553e-01
It: 780, Loss = 7.417e-01
It: 790, Loss = 7.326e-01
It: 800, Loss = 7.257e-01
It: 810, Loss = 7.200e-01
It: 820, Loss = 7.109e-01
It: 830, Loss = 7.040e-01
It: 840, Loss = 6.929e-01
It: 850, Loss = 6.822e-01
It: 860, Loss = 6.751e-01
It: 870, Loss = 6.580e-01
It: 880, Loss = 6.726e-01
It: 890, Loss = 6.325e-01
It: 900, Loss = 6.041e-01
It: 910, Loss = 5.819e-01
It: 920, Loss = 5.677e-01
It: 930, Loss = 5.596e-01
It: 940, Loss = 5.419e-01
It: 950, Loss = 5.719e-01
It: 960, Loss = 5.064e-01
It: 970, Loss = 4.944e-01
It: 980, Loss = 4.690e-01
It: 990, Loss = 4.445e-01
G_pred shape (100, 100)
It: 0, Loss = 1.143e+00
It: 10, Loss = 9.619e-01
It: 20, Loss = 9.483e-01
It: 30, Loss = 9.380e-01
It: 40, Loss = 9.321e-01
It: 50, Loss = 9.298e-01
It: 60, Loss = 9.283e-01
It: 70, Loss = 9.271e-01
It: 80, Loss = 9.256e-01
It: 90, Loss = 9.244e-01
It: 100, Loss = 9.239e-01
It: 110, Loss = 9.238e-01
It: 120, Loss = 9.237e-01
It: 130, Loss = 9.236e-01
It: 140, Loss = 9.235e-01
It: 150, Loss = 9.234e-01
It: 160, Loss = 9.233e-01
It: 170, Loss = 9.232e-01
It: 180, Loss = 9.231e-01
It: 190, Loss = 9.230e-01
It: 200, Loss = 9.228e-01
It: 210, Loss = 9.226e-01
It: 220, Loss = 9.224e-01
It: 230, Loss = 9.219e-01
It: 240, Loss = 9.212e-01
It: 250, Loss = 9.199e-01
It: 260, Loss = 9.175e-01
It: 270, Loss = 9.151e-01
It: 280, Loss = 9.141e-01
It: 290, Loss = 9.134e-01
It: 300, Loss = 9.129e-01
It: 310, Loss = 9.126e-01
It: 320, Loss = 9.122e-01
It: 330, Loss = 9.118e-01
It: 340, Loss = 9.113e-01
It: 350, Loss = 9.109e-01
It: 360, Loss = 9.105e-01
It: 370, Loss = 9.100e-01
It: 380, Loss = 9.093e-01
It: 390, Loss = 9.087e-01
It: 400, Loss = 9.079e-01
It: 410, Loss = 9.070e-01
It: 420, Loss = 9.062e-01
It: 430, Loss = 9.059e-01
It: 440, Loss = 9.051e-01
It: 450, Loss = 9.041e-01
It: 460, Loss = 9.028e-01
It: 470, Loss = 9.010e-01
It: 480, Loss = 8.980e-01
It: 490, Loss = 8.916e-01
It: 500, Loss = 8.934e-01
It: 510, Loss = 8.612e-01
It: 520, Loss = 8.358e-01
It: 530, Loss = 8.221e-01
It: 540, Loss = 8.063e-01
It: 550, Loss = 8.024e-01
It: 560, Loss = 7.824e-01
It: 570, Loss = 7.780e-01
It: 580, Loss = 7.682e-01
It: 590, Loss = 7.583e-01
It: 600, Loss = 7.601e-01
It: 610, Loss = 7.395e-01
It: 620, Loss = 7.303e-01
It: 630, Loss = 7.261e-01
It: 640, Loss = 7.286e-01
It: 650, Loss = 7.100e-01
It: 660, Loss = 7.016e-01
It: 670, Loss = 6.921e-01
It: 680, Loss = 6.883e-01
It: 690, Loss = 6.912e-01
It: 700, Loss = 6.765e-01
It: 710, Loss = 6.720e-01
It: 720, Loss = 6.678e-01
It: 730, Loss = 6.662e-01
It: 740, Loss = 6.649e-01
It: 750, Loss = 6.522e-01
It: 760, Loss = 6.478e-01
It: 770, Loss = 6.425e-01
It: 780, Loss = 6.295e-01
It: 790, Loss = 6.226e-01
It: 800, Loss = 6.086e-01
It: 810, Loss = 7.217e-01
It: 820, Loss = 6.126e-01
It: 830, Loss = 5.902e-01
It: 840, Loss = 5.853e-01
It: 850, Loss = 5.757e-01
It: 860, Loss = 5.668e-01
It: 870, Loss = 5.587e-01
It: 880, Loss = 5.493e-01
It: 890, Loss = 5.388e-01
It: 900, Loss = 5.905e-01
It: 910, Loss = 5.433e-01
It: 920, Loss = 5.078e-01
It: 930, Loss = 4.957e-01
It: 940, Loss = 5.001e-01
It: 950, Loss = 4.867e-01
It: 960, Loss = 4.616e-01
It: 970, Loss = 4.437e-01
It: 980, Loss = 4.235e-01
It: 990, Loss = 4.053e-01
G_pred shape (100, 100)
