Using TensorFlow 2 backend.

noise_ratio =  0.29591837
It: 0, Loss = 1.158e+00
It: 10, Loss = 1.116e+00
It: 20, Loss = 1.016e+00
It: 30, Loss = 9.755e-01
It: 40, Loss = 9.647e-01
It: 50, Loss = 9.610e-01
It: 60, Loss = 9.543e-01
It: 70, Loss = 9.498e-01
It: 80, Loss = 9.474e-01
It: 90, Loss = 9.466e-01
It: 100, Loss = 9.462e-01
It: 110, Loss = 9.458e-01
It: 120, Loss = 9.456e-01
It: 130, Loss = 9.455e-01
It: 140, Loss = 9.454e-01
It: 150, Loss = 9.454e-01
It: 160, Loss = 9.453e-01
It: 170, Loss = 9.453e-01
It: 180, Loss = 9.452e-01
It: 190, Loss = 9.452e-01
It: 200, Loss = 9.451e-01
It: 210, Loss = 9.451e-01
It: 220, Loss = 9.450e-01
It: 230, Loss = 9.450e-01
It: 240, Loss = 9.450e-01
It: 250, Loss = 9.449e-01
It: 260, Loss = 9.448e-01
It: 270, Loss = 9.448e-01
It: 280, Loss = 9.447e-01
It: 290, Loss = 9.446e-01
It: 300, Loss = 9.446e-01
It: 310, Loss = 9.445e-01
It: 320, Loss = 9.444e-01
It: 330, Loss = 9.442e-01
It: 340, Loss = 9.441e-01
It: 350, Loss = 9.439e-01
It: 360, Loss = 9.436e-01
It: 370, Loss = 9.433e-01
It: 380, Loss = 9.428e-01
It: 390, Loss = 9.422e-01
It: 400, Loss = 9.413e-01
It: 410, Loss = 9.403e-01
It: 420, Loss = 9.390e-01
It: 430, Loss = 9.372e-01
It: 440, Loss = 9.346e-01
It: 450, Loss = 9.305e-01
It: 460, Loss = 9.248e-01
It: 470, Loss = 9.180e-01
It: 480, Loss = 9.106e-01
It: 490, Loss = 9.010e-01
It: 500, Loss = 8.853e-01
It: 510, Loss = 8.558e-01
It: 520, Loss = 8.169e-01
It: 530, Loss = 8.359e-01
It: 540, Loss = 8.117e-01
It: 550, Loss = 8.050e-01
It: 560, Loss = 8.008e-01
It: 570, Loss = 7.978e-01
It: 580, Loss = 7.953e-01
It: 590, Loss = 7.930e-01
It: 600, Loss = 7.907e-01
It: 610, Loss = 7.883e-01
It: 620, Loss = 7.856e-01
It: 630, Loss = 7.828e-01
It: 640, Loss = 7.796e-01
It: 650, Loss = 7.761e-01
It: 660, Loss = 7.723e-01
It: 670, Loss = 7.682e-01
It: 680, Loss = 7.636e-01
It: 690, Loss = 7.585e-01
It: 700, Loss = 7.527e-01
It: 710, Loss = 7.457e-01
It: 720, Loss = 7.416e-01
It: 730, Loss = 7.367e-01
It: 740, Loss = 7.342e-01
It: 750, Loss = 7.234e-01
It: 760, Loss = 7.144e-01
It: 770, Loss = 7.029e-01
It: 780, Loss = 6.887e-01
It: 790, Loss = 6.720e-01
It: 800, Loss = 6.534e-01
It: 810, Loss = 6.357e-01
It: 820, Loss = 6.223e-01
It: 830, Loss = 6.150e-01
It: 840, Loss = 6.066e-01
It: 850, Loss = 6.378e-01
It: 860, Loss = 6.076e-01
It: 870, Loss = 5.982e-01
It: 880, Loss = 5.923e-01
It: 890, Loss = 5.897e-01
It: 900, Loss = 5.866e-01
It: 910, Loss = 6.152e-01
It: 920, Loss = 5.990e-01
It: 930, Loss = 5.824e-01
It: 940, Loss = 5.806e-01
It: 950, Loss = 5.774e-01
It: 960, Loss = 5.751e-01
It: 970, Loss = 5.726e-01
It: 980, Loss = 5.701e-01
It: 990, Loss = 5.675e-01
G_pred shape (100, 100)
It: 0, Loss = 1.091e+00
It: 10, Loss = 1.028e+00
It: 20, Loss = 9.849e-01
It: 30, Loss = 9.664e-01
It: 40, Loss = 9.562e-01
It: 50, Loss = 9.495e-01
It: 60, Loss = 9.464e-01
It: 70, Loss = 9.458e-01
It: 80, Loss = 9.450e-01
It: 90, Loss = 9.446e-01
It: 100, Loss = 9.445e-01
It: 110, Loss = 9.444e-01
It: 120, Loss = 9.443e-01
It: 130, Loss = 9.442e-01
It: 140, Loss = 9.441e-01
It: 150, Loss = 9.441e-01
It: 160, Loss = 9.440e-01
It: 170, Loss = 9.439e-01
It: 180, Loss = 9.438e-01
It: 190, Loss = 9.436e-01
It: 200, Loss = 9.435e-01
It: 210, Loss = 9.433e-01
It: 220, Loss = 9.431e-01
It: 230, Loss = 9.429e-01
It: 240, Loss = 9.427e-01
It: 250, Loss = 9.423e-01
It: 260, Loss = 9.419e-01
It: 270, Loss = 9.414e-01
It: 280, Loss = 9.406e-01
It: 290, Loss = 9.395e-01
It: 300, Loss = 9.381e-01
It: 310, Loss = 9.358e-01
It: 320, Loss = 9.324e-01
It: 330, Loss = 9.273e-01
It: 340, Loss = 9.202e-01
It: 350, Loss = 9.103e-01
It: 360, Loss = 8.881e-01
It: 370, Loss = 8.711e-01
It: 380, Loss = 8.578e-01
It: 390, Loss = 8.461e-01
It: 400, Loss = 8.359e-01
It: 410, Loss = 8.252e-01
It: 420, Loss = 8.377e-01
It: 430, Loss = 8.137e-01
It: 440, Loss = 7.994e-01
It: 450, Loss = 7.916e-01
It: 460, Loss = 7.818e-01
It: 470, Loss = 7.709e-01
It: 480, Loss = 7.577e-01
It: 490, Loss = 7.450e-01
It: 500, Loss = 7.041e-01
It: 510, Loss = 6.953e-01
It: 520, Loss = 6.205e-01
It: 530, Loss = 5.931e-01
It: 540, Loss = 5.690e-01
It: 550, Loss = 5.504e-01
It: 560, Loss = 5.614e-01
It: 570, Loss = 5.260e-01
It: 580, Loss = 5.072e-01
It: 590, Loss = 4.945e-01
It: 600, Loss = 4.812e-01
It: 610, Loss = 4.737e-01
It: 620, Loss = 4.568e-01
It: 630, Loss = 4.407e-01
It: 640, Loss = 4.298e-01
It: 650, Loss = 4.734e-01
It: 660, Loss = 4.190e-01
It: 670, Loss = 3.952e-01
It: 680, Loss = 3.826e-01
It: 690, Loss = 3.694e-01
It: 700, Loss = 3.568e-01
It: 710, Loss = 4.092e-01
It: 720, Loss = 3.399e-01
It: 730, Loss = 3.412e-01
It: 740, Loss = 3.248e-01
It: 750, Loss = 3.058e-01
It: 760, Loss = 2.895e-01
It: 770, Loss = 2.735e-01
It: 780, Loss = 3.182e-01
It: 790, Loss = 2.636e-01
It: 800, Loss = 2.419e-01
It: 810, Loss = 2.274e-01
It: 820, Loss = 2.164e-01
It: 830, Loss = 2.080e-01
It: 840, Loss = 2.000e-01
It: 850, Loss = 1.929e-01
It: 860, Loss = 2.134e-01
It: 870, Loss = 2.135e-01
It: 880, Loss = 1.890e-01
It: 890, Loss = 1.769e-01
It: 900, Loss = 1.713e-01
It: 910, Loss = 1.673e-01
It: 920, Loss = 1.647e-01
It: 930, Loss = 2.025e-01
It: 940, Loss = 1.601e-01
It: 950, Loss = 1.620e-01
It: 960, Loss = 1.551e-01
It: 970, Loss = 1.535e-01
It: 980, Loss = 1.511e-01
It: 990, Loss = 1.492e-01
G_pred shape (100, 100)
It: 0, Loss = 1.199e+00
It: 10, Loss = 9.976e-01
It: 20, Loss = 9.869e-01
It: 30, Loss = 9.693e-01
It: 40, Loss = 9.587e-01
It: 50, Loss = 9.509e-01
It: 60, Loss = 9.474e-01
It: 70, Loss = 9.468e-01
It: 80, Loss = 9.459e-01
It: 90, Loss = 9.458e-01
It: 100, Loss = 9.456e-01
It: 110, Loss = 9.456e-01
It: 120, Loss = 9.455e-01
It: 130, Loss = 9.454e-01
It: 140, Loss = 9.453e-01
It: 150, Loss = 9.452e-01
It: 160, Loss = 9.451e-01
It: 170, Loss = 9.450e-01
It: 180, Loss = 9.449e-01
It: 190, Loss = 9.448e-01
It: 200, Loss = 9.447e-01
It: 210, Loss = 9.445e-01
It: 220, Loss = 9.443e-01
It: 230, Loss = 9.441e-01
It: 240, Loss = 9.437e-01
It: 250, Loss = 9.429e-01
It: 260, Loss = 9.415e-01
It: 270, Loss = 9.402e-01
It: 280, Loss = 9.397e-01
It: 290, Loss = 9.391e-01
It: 300, Loss = 9.384e-01
It: 310, Loss = 9.377e-01
It: 320, Loss = 9.369e-01
It: 330, Loss = 9.358e-01
It: 340, Loss = 9.340e-01
It: 350, Loss = 9.309e-01
It: 360, Loss = 9.246e-01
It: 370, Loss = 9.081e-01
It: 380, Loss = 8.713e-01
It: 390, Loss = 8.746e-01
It: 400, Loss = 8.061e-01
It: 410, Loss = 7.878e-01
It: 420, Loss = 7.735e-01
It: 430, Loss = 7.666e-01
It: 440, Loss = 7.629e-01
It: 450, Loss = 7.587e-01
It: 460, Loss = 7.546e-01
It: 470, Loss = 7.506e-01
It: 480, Loss = 7.468e-01
It: 490, Loss = 7.432e-01
It: 500, Loss = 7.397e-01
It: 510, Loss = 7.355e-01
It: 520, Loss = 7.306e-01
It: 530, Loss = 7.298e-01
It: 540, Loss = 7.169e-01
It: 550, Loss = 7.046e-01
It: 560, Loss = 6.804e-01
It: 570, Loss = 6.698e-01
It: 580, Loss = 6.281e-01
It: 590, Loss = 6.196e-01
It: 600, Loss = 6.142e-01
It: 610, Loss = 6.026e-01
It: 620, Loss = 5.984e-01
It: 630, Loss = 5.944e-01
It: 640, Loss = 5.912e-01
It: 650, Loss = 5.883e-01
It: 660, Loss = 5.884e-01
It: 670, Loss = 5.853e-01
It: 680, Loss = 5.814e-01
It: 690, Loss = 5.788e-01
It: 700, Loss = 5.777e-01
It: 710, Loss = 5.774e-01
It: 720, Loss = 5.743e-01
It: 730, Loss = 5.706e-01
It: 740, Loss = 5.682e-01
It: 750, Loss = 5.689e-01
It: 760, Loss = 5.775e-01
It: 770, Loss = 5.630e-01
It: 780, Loss = 5.607e-01
It: 790, Loss = 5.585e-01
It: 800, Loss = 5.600e-01
It: 810, Loss = 5.552e-01
It: 820, Loss = 5.526e-01
It: 830, Loss = 5.510e-01
It: 840, Loss = 5.485e-01
It: 850, Loss = 5.493e-01
It: 860, Loss = 5.474e-01
It: 870, Loss = 5.412e-01
It: 880, Loss = 5.363e-01
It: 890, Loss = 5.432e-01
It: 900, Loss = 5.346e-01
It: 910, Loss = 5.240e-01
It: 920, Loss = 5.186e-01
It: 930, Loss = 5.216e-01
It: 940, Loss = 5.073e-01
It: 950, Loss = 5.004e-01
It: 960, Loss = 4.890e-01
It: 970, Loss = 4.794e-01
It: 980, Loss = 5.573e-01
It: 990, Loss = 4.777e-01
G_pred shape (100, 100)
It: 0, Loss = 1.115e+00
It: 10, Loss = 9.776e-01
It: 20, Loss = 9.619e-01
It: 30, Loss = 9.473e-01
It: 40, Loss = 9.381e-01
It: 50, Loss = 9.362e-01
It: 60, Loss = 9.351e-01
It: 70, Loss = 9.347e-01
It: 80, Loss = 9.346e-01
It: 90, Loss = 9.344e-01
It: 100, Loss = 9.344e-01
It: 110, Loss = 9.343e-01
It: 120, Loss = 9.343e-01
It: 130, Loss = 9.342e-01
It: 140, Loss = 9.341e-01
It: 150, Loss = 9.341e-01
It: 160, Loss = 9.340e-01
It: 170, Loss = 9.339e-01
It: 180, Loss = 9.338e-01
It: 190, Loss = 9.337e-01
It: 200, Loss = 9.336e-01
It: 210, Loss = 9.334e-01
It: 220, Loss = 9.333e-01
It: 230, Loss = 9.331e-01
It: 240, Loss = 9.330e-01
It: 250, Loss = 9.327e-01
It: 260, Loss = 9.325e-01
It: 270, Loss = 9.322e-01
It: 280, Loss = 9.317e-01
It: 290, Loss = 9.311e-01
It: 300, Loss = 9.298e-01
It: 310, Loss = 9.269e-01
It: 320, Loss = 9.240e-01
It: 330, Loss = 9.230e-01
It: 340, Loss = 9.215e-01
It: 350, Loss = 9.202e-01
It: 360, Loss = 9.183e-01
It: 370, Loss = 9.155e-01
It: 380, Loss = 9.101e-01
It: 390, Loss = 8.972e-01
It: 400, Loss = 9.105e-01
It: 410, Loss = 8.389e-01
It: 420, Loss = 8.149e-01
It: 430, Loss = 7.905e-01
It: 440, Loss = 7.701e-01
It: 450, Loss = 7.604e-01
It: 460, Loss = 7.547e-01
It: 470, Loss = 7.458e-01
It: 480, Loss = 7.236e-01
It: 490, Loss = 6.846e-01
It: 500, Loss = 6.562e-01
It: 510, Loss = 6.427e-01
It: 520, Loss = 6.348e-01
It: 530, Loss = 6.283e-01
It: 540, Loss = 6.241e-01
It: 550, Loss = 6.204e-01
It: 560, Loss = 6.318e-01
It: 570, Loss = 6.207e-01
It: 580, Loss = 6.123e-01
It: 590, Loss = 6.092e-01
It: 600, Loss = 6.063e-01
It: 610, Loss = 6.027e-01
It: 620, Loss = 6.274e-01
It: 630, Loss = 6.082e-01
It: 640, Loss = 5.987e-01
It: 650, Loss = 5.932e-01
It: 660, Loss = 5.906e-01
It: 670, Loss = 6.078e-01
It: 680, Loss = 5.936e-01
It: 690, Loss = 5.883e-01
It: 700, Loss = 5.860e-01
It: 710, Loss = 5.834e-01
It: 720, Loss = 5.813e-01
It: 730, Loss = 5.794e-01
It: 740, Loss = 5.775e-01
It: 750, Loss = 5.756e-01
It: 760, Loss = 5.909e-01
It: 770, Loss = 5.920e-01
It: 780, Loss = 5.744e-01
It: 790, Loss = 5.735e-01
It: 800, Loss = 5.695e-01
It: 810, Loss = 5.672e-01
It: 820, Loss = 5.651e-01
It: 830, Loss = 5.629e-01
It: 840, Loss = 5.607e-01
It: 850, Loss = 5.584e-01
It: 860, Loss = 5.560e-01
It: 870, Loss = 5.535e-01
It: 880, Loss = 5.891e-01
It: 890, Loss = 5.625e-01
It: 900, Loss = 5.546e-01
It: 910, Loss = 5.472e-01
It: 920, Loss = 5.429e-01
It: 930, Loss = 5.399e-01
It: 940, Loss = 5.950e-01
It: 950, Loss = 5.447e-01
It: 960, Loss = 5.363e-01
It: 970, Loss = 5.299e-01
It: 980, Loss = 5.252e-01
It: 990, Loss = 5.215e-01
G_pred shape (100, 100)
It: 0, Loss = 2.787e+00
It: 10, Loss = 1.148e+00
It: 20, Loss = 1.112e+00
It: 30, Loss = 1.007e+00
It: 40, Loss = 9.744e-01
It: 50, Loss = 9.735e-01
It: 60, Loss = 9.697e-01
It: 70, Loss = 9.645e-01
It: 80, Loss = 9.594e-01
It: 90, Loss = 9.544e-01
It: 100, Loss = 9.493e-01
It: 110, Loss = 9.445e-01
It: 120, Loss = 9.405e-01
It: 130, Loss = 9.380e-01
It: 140, Loss = 9.369e-01
It: 150, Loss = 9.367e-01
It: 160, Loss = 9.367e-01
It: 170, Loss = 9.365e-01
It: 180, Loss = 9.364e-01
It: 190, Loss = 9.364e-01
It: 200, Loss = 9.363e-01
It: 210, Loss = 9.362e-01
It: 220, Loss = 9.362e-01
It: 230, Loss = 9.361e-01
It: 240, Loss = 9.360e-01
It: 250, Loss = 9.359e-01
It: 260, Loss = 9.357e-01
It: 270, Loss = 9.353e-01
It: 280, Loss = 9.345e-01
It: 290, Loss = 9.328e-01
It: 300, Loss = 9.319e-01
It: 310, Loss = 9.314e-01
It: 320, Loss = 9.312e-01
It: 330, Loss = 9.310e-01
It: 340, Loss = 9.309e-01
It: 350, Loss = 9.308e-01
It: 360, Loss = 9.307e-01
It: 370, Loss = 9.306e-01
It: 380, Loss = 9.305e-01
It: 390, Loss = 9.304e-01
It: 400, Loss = 9.303e-01
It: 410, Loss = 9.303e-01
It: 420, Loss = 9.302e-01
It: 430, Loss = 9.301e-01
It: 440, Loss = 9.300e-01
It: 450, Loss = 9.299e-01
It: 460, Loss = 9.298e-01
It: 470, Loss = 9.297e-01
It: 480, Loss = 9.296e-01
It: 490, Loss = 9.294e-01
It: 500, Loss = 9.293e-01
It: 510, Loss = 9.292e-01
It: 520, Loss = 9.290e-01
It: 530, Loss = 9.289e-01
It: 540, Loss = 9.288e-01
It: 550, Loss = 9.287e-01
It: 560, Loss = 9.286e-01
It: 570, Loss = 9.286e-01
It: 580, Loss = 9.285e-01
It: 590, Loss = 9.284e-01
It: 600, Loss = 9.283e-01
It: 610, Loss = 9.282e-01
It: 620, Loss = 9.282e-01
It: 630, Loss = 9.281e-01
It: 640, Loss = 9.280e-01
It: 650, Loss = 9.279e-01
It: 660, Loss = 9.278e-01
It: 670, Loss = 9.277e-01
It: 680, Loss = 9.276e-01
It: 690, Loss = 9.275e-01
It: 700, Loss = 9.274e-01
It: 710, Loss = 9.273e-01
It: 720, Loss = 9.271e-01
It: 730, Loss = 9.270e-01
It: 740, Loss = 9.268e-01
It: 750, Loss = 9.266e-01
It: 760, Loss = 9.264e-01
It: 770, Loss = 9.261e-01
It: 780, Loss = 9.259e-01
It: 790, Loss = 9.255e-01
It: 800, Loss = 9.251e-01
It: 810, Loss = 9.247e-01
It: 820, Loss = 9.241e-01
It: 830, Loss = 9.233e-01
It: 840, Loss = 9.223e-01
It: 850, Loss = 9.210e-01
It: 860, Loss = 9.190e-01
It: 870, Loss = 9.162e-01
It: 880, Loss = 9.118e-01
It: 890, Loss = 9.044e-01
It: 900, Loss = 8.915e-01
It: 910, Loss = 8.746e-01
It: 920, Loss = 8.657e-01
It: 930, Loss = 8.522e-01
It: 940, Loss = 8.428e-01
It: 950, Loss = 8.282e-01
It: 960, Loss = 8.036e-01
It: 970, Loss = 7.702e-01
It: 980, Loss = 7.375e-01
It: 990, Loss = 7.169e-01
G_pred shape (100, 100)
