Using TensorFlow 2 backend.

noise_ratio =  0.46938776
It: 0, Loss = 1.957e+00
It: 10, Loss = 1.074e+00
It: 20, Loss = 1.045e+00
It: 30, Loss = 1.006e+00
It: 40, Loss = 9.836e-01
It: 50, Loss = 9.747e-01
It: 60, Loss = 9.692e-01
It: 70, Loss = 9.644e-01
It: 80, Loss = 9.602e-01
It: 90, Loss = 9.576e-01
It: 100, Loss = 9.566e-01
It: 110, Loss = 9.565e-01
It: 120, Loss = 9.564e-01
It: 130, Loss = 9.563e-01
It: 140, Loss = 9.562e-01
It: 150, Loss = 9.561e-01
It: 160, Loss = 9.560e-01
It: 170, Loss = 9.560e-01
It: 180, Loss = 9.559e-01
It: 190, Loss = 9.559e-01
It: 200, Loss = 9.559e-01
It: 210, Loss = 9.558e-01
It: 220, Loss = 9.558e-01
It: 230, Loss = 9.558e-01
It: 240, Loss = 9.557e-01
It: 250, Loss = 9.557e-01
It: 260, Loss = 9.557e-01
It: 270, Loss = 9.556e-01
It: 280, Loss = 9.556e-01
It: 290, Loss = 9.556e-01
It: 300, Loss = 9.555e-01
It: 310, Loss = 9.555e-01
It: 320, Loss = 9.555e-01
It: 330, Loss = 9.554e-01
It: 340, Loss = 9.554e-01
It: 350, Loss = 9.554e-01
It: 360, Loss = 9.553e-01
It: 370, Loss = 9.553e-01
It: 380, Loss = 9.552e-01
It: 390, Loss = 9.551e-01
It: 400, Loss = 9.551e-01
It: 410, Loss = 9.550e-01
It: 420, Loss = 9.549e-01
It: 430, Loss = 9.548e-01
It: 440, Loss = 9.547e-01
It: 450, Loss = 9.545e-01
It: 460, Loss = 9.544e-01
It: 470, Loss = 9.542e-01
It: 480, Loss = 9.539e-01
It: 490, Loss = 9.536e-01
It: 500, Loss = 9.531e-01
It: 510, Loss = 9.526e-01
It: 520, Loss = 9.518e-01
It: 530, Loss = 9.507e-01
It: 540, Loss = 9.490e-01
It: 550, Loss = 9.465e-01
It: 560, Loss = 9.425e-01
It: 570, Loss = 9.359e-01
It: 580, Loss = 9.254e-01
It: 590, Loss = 9.099e-01
It: 600, Loss = 8.934e-01
It: 610, Loss = 8.908e-01
It: 620, Loss = 8.806e-01
It: 630, Loss = 8.772e-01
It: 640, Loss = 8.712e-01
It: 650, Loss = 8.650e-01
It: 660, Loss = 8.568e-01
It: 670, Loss = 8.444e-01
It: 680, Loss = 8.301e-01
It: 690, Loss = 8.191e-01
It: 700, Loss = 7.863e-01
It: 710, Loss = 7.687e-01
It: 720, Loss = 7.525e-01
It: 730, Loss = 7.373e-01
It: 740, Loss = 7.198e-01
It: 750, Loss = 6.976e-01
It: 760, Loss = 6.825e-01
It: 770, Loss = 6.648e-01
It: 780, Loss = 6.536e-01
It: 790, Loss = 6.429e-01
It: 800, Loss = 6.316e-01
It: 810, Loss = 6.270e-01
It: 820, Loss = 6.223e-01
It: 830, Loss = 6.187e-01
It: 840, Loss = 6.160e-01
It: 850, Loss = 6.140e-01
It: 860, Loss = 6.111e-01
It: 870, Loss = 6.086e-01
It: 880, Loss = 6.065e-01
It: 890, Loss = 6.063e-01
It: 900, Loss = 6.022e-01
It: 910, Loss = 6.011e-01
It: 920, Loss = 5.985e-01
It: 930, Loss = 6.010e-01
It: 940, Loss = 6.025e-01
It: 950, Loss = 5.959e-01
It: 960, Loss = 5.921e-01
It: 970, Loss = 5.901e-01
It: 980, Loss = 5.883e-01
It: 990, Loss = 5.865e-01
G_pred shape (100, 100)
It: 0, Loss = 1.083e+00
It: 10, Loss = 1.091e+00
It: 20, Loss = 1.005e+00
It: 30, Loss = 9.790e-01
It: 40, Loss = 9.728e-01
It: 50, Loss = 9.683e-01
It: 60, Loss = 9.623e-01
It: 70, Loss = 9.574e-01
It: 80, Loss = 9.526e-01
It: 90, Loss = 9.494e-01
It: 100, Loss = 9.483e-01
It: 110, Loss = 9.481e-01
It: 120, Loss = 9.480e-01
It: 130, Loss = 9.478e-01
It: 140, Loss = 9.477e-01
It: 150, Loss = 9.476e-01
It: 160, Loss = 9.475e-01
It: 170, Loss = 9.474e-01
It: 180, Loss = 9.473e-01
It: 190, Loss = 9.473e-01
It: 200, Loss = 9.472e-01
It: 210, Loss = 9.471e-01
It: 220, Loss = 9.470e-01
It: 230, Loss = 9.470e-01
It: 240, Loss = 9.469e-01
It: 250, Loss = 9.468e-01
It: 260, Loss = 9.467e-01
It: 270, Loss = 9.466e-01
It: 280, Loss = 9.465e-01
It: 290, Loss = 9.464e-01
It: 300, Loss = 9.463e-01
It: 310, Loss = 9.462e-01
It: 320, Loss = 9.461e-01
It: 330, Loss = 9.460e-01
It: 340, Loss = 9.458e-01
It: 350, Loss = 9.457e-01
It: 360, Loss = 9.455e-01
It: 370, Loss = 9.454e-01
It: 380, Loss = 9.452e-01
It: 390, Loss = 9.450e-01
It: 400, Loss = 9.448e-01
It: 410, Loss = 9.446e-01
It: 420, Loss = 9.443e-01
It: 430, Loss = 9.441e-01
It: 440, Loss = 9.437e-01
It: 450, Loss = 9.434e-01
It: 460, Loss = 9.429e-01
It: 470, Loss = 9.424e-01
It: 480, Loss = 9.416e-01
It: 490, Loss = 9.406e-01
It: 500, Loss = 9.390e-01
It: 510, Loss = 9.366e-01
It: 520, Loss = 9.333e-01
It: 530, Loss = 9.285e-01
It: 540, Loss = 9.219e-01
It: 550, Loss = 9.131e-01
It: 560, Loss = 8.993e-01
It: 570, Loss = 8.763e-01
It: 580, Loss = 8.972e-01
It: 590, Loss = 8.481e-01
It: 600, Loss = 8.363e-01
It: 610, Loss = 8.226e-01
It: 620, Loss = 8.080e-01
It: 630, Loss = 7.945e-01
It: 640, Loss = 7.836e-01
It: 650, Loss = 7.809e-01
It: 660, Loss = 7.786e-01
It: 670, Loss = 7.712e-01
It: 680, Loss = 7.636e-01
It: 690, Loss = 7.580e-01
It: 700, Loss = 7.517e-01
It: 710, Loss = 7.435e-01
It: 720, Loss = 7.435e-01
It: 730, Loss = 7.330e-01
It: 740, Loss = 7.169e-01
It: 750, Loss = 6.998e-01
It: 760, Loss = 6.875e-01
It: 770, Loss = 6.736e-01
It: 780, Loss = 6.652e-01
It: 790, Loss = 6.530e-01
It: 800, Loss = 6.386e-01
It: 810, Loss = 6.408e-01
It: 820, Loss = 6.744e-01
It: 830, Loss = 6.325e-01
It: 840, Loss = 6.164e-01
It: 850, Loss = 6.081e-01
It: 860, Loss = 5.991e-01
It: 870, Loss = 5.910e-01
It: 880, Loss = 5.827e-01
It: 890, Loss = 5.734e-01
It: 900, Loss = 5.629e-01
It: 910, Loss = 5.509e-01
It: 920, Loss = 5.373e-01
It: 930, Loss = 5.658e-01
It: 940, Loss = 5.219e-01
It: 950, Loss = 5.070e-01
It: 960, Loss = 4.861e-01
It: 970, Loss = 4.680e-01
It: 980, Loss = 4.518e-01
It: 990, Loss = 5.251e-01
G_pred shape (100, 100)
It: 0, Loss = 1.941e+00
It: 10, Loss = 1.020e+00
It: 20, Loss = 1.025e+00
It: 30, Loss = 1.008e+00
It: 40, Loss = 9.882e-01
It: 50, Loss = 9.773e-01
It: 60, Loss = 9.709e-01
It: 70, Loss = 9.658e-01
It: 80, Loss = 9.610e-01
It: 90, Loss = 9.564e-01
It: 100, Loss = 9.524e-01
It: 110, Loss = 9.498e-01
It: 120, Loss = 9.487e-01
It: 130, Loss = 9.486e-01
It: 140, Loss = 9.485e-01
It: 150, Loss = 9.484e-01
It: 160, Loss = 9.484e-01
It: 170, Loss = 9.483e-01
It: 180, Loss = 9.483e-01
It: 190, Loss = 9.482e-01
It: 200, Loss = 9.482e-01
It: 210, Loss = 9.482e-01
It: 220, Loss = 9.481e-01
It: 230, Loss = 9.481e-01
It: 240, Loss = 9.480e-01
It: 250, Loss = 9.480e-01
It: 260, Loss = 9.480e-01
It: 270, Loss = 9.479e-01
It: 280, Loss = 9.478e-01
It: 290, Loss = 9.478e-01
It: 300, Loss = 9.476e-01
It: 310, Loss = 9.475e-01
It: 320, Loss = 9.472e-01
It: 330, Loss = 9.467e-01
It: 340, Loss = 9.462e-01
It: 350, Loss = 9.459e-01
It: 360, Loss = 9.457e-01
It: 370, Loss = 9.456e-01
It: 380, Loss = 9.455e-01
It: 390, Loss = 9.455e-01
It: 400, Loss = 9.455e-01
It: 410, Loss = 9.454e-01
It: 420, Loss = 9.454e-01
It: 430, Loss = 9.453e-01
It: 440, Loss = 9.453e-01
It: 450, Loss = 9.452e-01
It: 460, Loss = 9.451e-01
It: 470, Loss = 9.451e-01
It: 480, Loss = 9.450e-01
It: 490, Loss = 9.449e-01
It: 500, Loss = 9.448e-01
It: 510, Loss = 9.447e-01
It: 520, Loss = 9.446e-01
It: 530, Loss = 9.445e-01
It: 540, Loss = 9.443e-01
It: 550, Loss = 9.441e-01
It: 560, Loss = 9.439e-01
It: 570, Loss = 9.436e-01
It: 580, Loss = 9.433e-01
It: 590, Loss = 9.429e-01
It: 600, Loss = 9.423e-01
It: 610, Loss = 9.415e-01
It: 620, Loss = 9.403e-01
It: 630, Loss = 9.386e-01
It: 640, Loss = 9.359e-01
It: 650, Loss = 9.317e-01
It: 660, Loss = 9.245e-01
It: 670, Loss = 9.121e-01
It: 680, Loss = 8.914e-01
It: 690, Loss = 8.688e-01
It: 700, Loss = 8.484e-01
It: 710, Loss = 8.566e-01
It: 720, Loss = 8.044e-01
It: 730, Loss = 7.802e-01
It: 740, Loss = 7.588e-01
It: 750, Loss = 7.307e-01
It: 760, Loss = 6.996e-01
It: 770, Loss = 7.282e-01
It: 780, Loss = 6.958e-01
It: 790, Loss = 6.777e-01
It: 800, Loss = 6.697e-01
It: 810, Loss = 6.647e-01
It: 820, Loss = 6.612e-01
It: 830, Loss = 6.583e-01
It: 840, Loss = 6.555e-01
It: 850, Loss = 6.530e-01
It: 860, Loss = 6.507e-01
It: 870, Loss = 6.486e-01
It: 880, Loss = 6.467e-01
It: 890, Loss = 6.448e-01
It: 900, Loss = 6.431e-01
It: 910, Loss = 6.413e-01
It: 920, Loss = 6.396e-01
It: 930, Loss = 6.377e-01
It: 940, Loss = 6.357e-01
It: 950, Loss = 6.336e-01
It: 960, Loss = 6.314e-01
It: 970, Loss = 6.293e-01
It: 980, Loss = 6.972e-01
It: 990, Loss = 6.547e-01
G_pred shape (100, 100)
It: 0, Loss = 1.074e+00
It: 10, Loss = 9.869e-01
It: 20, Loss = 9.887e-01
It: 30, Loss = 9.792e-01
It: 40, Loss = 9.711e-01
It: 50, Loss = 9.668e-01
It: 60, Loss = 9.616e-01
It: 70, Loss = 9.569e-01
It: 80, Loss = 9.544e-01
It: 90, Loss = 9.539e-01
It: 100, Loss = 9.536e-01
It: 110, Loss = 9.533e-01
It: 120, Loss = 9.532e-01
It: 130, Loss = 9.531e-01
It: 140, Loss = 9.530e-01
It: 150, Loss = 9.530e-01
It: 160, Loss = 9.530e-01
It: 170, Loss = 9.529e-01
It: 180, Loss = 9.529e-01
It: 190, Loss = 9.528e-01
It: 200, Loss = 9.528e-01
It: 210, Loss = 9.528e-01
It: 220, Loss = 9.528e-01
It: 230, Loss = 9.527e-01
It: 240, Loss = 9.527e-01
It: 250, Loss = 9.527e-01
It: 260, Loss = 9.526e-01
It: 270, Loss = 9.526e-01
It: 280, Loss = 9.525e-01
It: 290, Loss = 9.525e-01
It: 300, Loss = 9.525e-01
It: 310, Loss = 9.524e-01
It: 320, Loss = 9.524e-01
It: 330, Loss = 9.523e-01
It: 340, Loss = 9.522e-01
It: 350, Loss = 9.522e-01
It: 360, Loss = 9.521e-01
It: 370, Loss = 9.520e-01
It: 380, Loss = 9.519e-01
It: 390, Loss = 9.518e-01
It: 400, Loss = 9.516e-01
It: 410, Loss = 9.514e-01
It: 420, Loss = 9.512e-01
It: 430, Loss = 9.509e-01
It: 440, Loss = 9.505e-01
It: 450, Loss = 9.500e-01
It: 460, Loss = 9.492e-01
It: 470, Loss = 9.481e-01
It: 480, Loss = 9.461e-01
It: 490, Loss = 9.427e-01
It: 500, Loss = 9.370e-01
It: 510, Loss = 9.295e-01
It: 520, Loss = 9.216e-01
It: 530, Loss = 9.088e-01
It: 540, Loss = 8.957e-01
It: 550, Loss = 8.526e-01
It: 560, Loss = 8.432e-01
It: 570, Loss = 8.388e-01
It: 580, Loss = 8.343e-01
It: 590, Loss = 8.311e-01
It: 600, Loss = 8.279e-01
It: 610, Loss = 8.249e-01
It: 620, Loss = 8.215e-01
It: 630, Loss = 8.158e-01
It: 640, Loss = 8.118e-01
It: 650, Loss = 8.074e-01
It: 660, Loss = 8.250e-01
It: 670, Loss = 8.018e-01
It: 680, Loss = 7.947e-01
It: 690, Loss = 7.879e-01
It: 700, Loss = 7.784e-01
It: 710, Loss = 7.652e-01
It: 720, Loss = 7.867e-01
It: 730, Loss = 7.504e-01
It: 740, Loss = 7.289e-01
It: 750, Loss = 7.061e-01
It: 760, Loss = 6.850e-01
It: 770, Loss = 6.663e-01
It: 780, Loss = 6.547e-01
It: 790, Loss = 6.689e-01
It: 800, Loss = 6.536e-01
It: 810, Loss = 6.480e-01
It: 820, Loss = 6.450e-01
It: 830, Loss = 6.431e-01
It: 840, Loss = 6.413e-01
It: 850, Loss = 6.397e-01
It: 860, Loss = 6.383e-01
It: 870, Loss = 6.368e-01
It: 880, Loss = 6.353e-01
It: 890, Loss = 6.338e-01
It: 900, Loss = 6.322e-01
It: 910, Loss = 6.499e-01
It: 920, Loss = 6.350e-01
It: 930, Loss = 6.287e-01
It: 940, Loss = 6.272e-01
It: 950, Loss = 6.245e-01
It: 960, Loss = 6.246e-01
It: 970, Loss = 6.295e-01
It: 980, Loss = 6.224e-01
It: 990, Loss = 6.200e-01
G_pred shape (100, 100)
It: 0, Loss = 1.555e+00
It: 10, Loss = 9.854e-01
It: 20, Loss = 9.944e-01
It: 30, Loss = 9.875e-01
It: 40, Loss = 9.747e-01
It: 50, Loss = 9.648e-01
It: 60, Loss = 9.582e-01
It: 70, Loss = 9.538e-01
It: 80, Loss = 9.515e-01
It: 90, Loss = 9.509e-01
It: 100, Loss = 9.507e-01
It: 110, Loss = 9.506e-01
It: 120, Loss = 9.505e-01
It: 130, Loss = 9.504e-01
It: 140, Loss = 9.503e-01
It: 150, Loss = 9.502e-01
It: 160, Loss = 9.502e-01
It: 170, Loss = 9.501e-01
It: 180, Loss = 9.501e-01
It: 190, Loss = 9.500e-01
It: 200, Loss = 9.499e-01
It: 210, Loss = 9.499e-01
It: 220, Loss = 9.498e-01
It: 230, Loss = 9.497e-01
It: 240, Loss = 9.496e-01
It: 250, Loss = 9.495e-01
It: 260, Loss = 9.493e-01
It: 270, Loss = 9.491e-01
It: 280, Loss = 9.489e-01
It: 290, Loss = 9.487e-01
It: 300, Loss = 9.485e-01
It: 310, Loss = 9.482e-01
It: 320, Loss = 9.478e-01
It: 330, Loss = 9.474e-01
It: 340, Loss = 9.470e-01
It: 350, Loss = 9.468e-01
It: 360, Loss = 9.473e-01
It: 370, Loss = 9.468e-01
It: 380, Loss = 9.465e-01
It: 390, Loss = 9.464e-01
It: 400, Loss = 9.464e-01
It: 410, Loss = 9.463e-01
It: 420, Loss = 9.462e-01
It: 430, Loss = 9.460e-01
It: 440, Loss = 9.459e-01
It: 450, Loss = 9.458e-01
It: 460, Loss = 9.456e-01
It: 470, Loss = 9.455e-01
It: 480, Loss = 9.454e-01
It: 490, Loss = 9.454e-01
It: 500, Loss = 9.452e-01
It: 510, Loss = 9.451e-01
It: 520, Loss = 9.451e-01
It: 530, Loss = 9.450e-01
It: 540, Loss = 9.449e-01
It: 550, Loss = 9.448e-01
It: 560, Loss = 9.448e-01
It: 570, Loss = 9.447e-01
It: 580, Loss = 9.446e-01
It: 590, Loss = 9.444e-01
It: 600, Loss = 9.443e-01
It: 610, Loss = 9.442e-01
It: 620, Loss = 9.440e-01
It: 630, Loss = 9.438e-01
It: 640, Loss = 9.435e-01
It: 650, Loss = 9.433e-01
It: 660, Loss = 9.429e-01
It: 670, Loss = 9.425e-01
It: 680, Loss = 9.420e-01
It: 690, Loss = 9.413e-01
It: 700, Loss = 9.403e-01
It: 710, Loss = 9.390e-01
It: 720, Loss = 9.372e-01
It: 730, Loss = 9.346e-01
It: 740, Loss = 9.306e-01
It: 750, Loss = 9.244e-01
It: 760, Loss = 9.148e-01
It: 770, Loss = 9.010e-01
It: 780, Loss = 9.318e-01
It: 790, Loss = 9.024e-01
It: 800, Loss = 8.881e-01
It: 810, Loss = 8.795e-01
It: 820, Loss = 8.725e-01
It: 830, Loss = 8.676e-01
It: 840, Loss = 8.628e-01
It: 850, Loss = 8.573e-01
It: 860, Loss = 8.506e-01
It: 870, Loss = 8.416e-01
It: 880, Loss = 8.292e-01
It: 890, Loss = 8.108e-01
It: 900, Loss = 7.835e-01
It: 910, Loss = 7.630e-01
It: 920, Loss = 7.370e-01
It: 930, Loss = 7.163e-01
It: 940, Loss = 7.004e-01
It: 950, Loss = 6.869e-01
It: 960, Loss = 6.792e-01
It: 970, Loss = 6.758e-01
It: 980, Loss = 6.626e-01
It: 990, Loss = 6.588e-01
G_pred shape (100, 100)
