Using TensorFlow 2 backend.

noise_ratio =  0.02040816
It: 0, Loss = 1.444e+00
It: 10, Loss = 1.027e+00
It: 20, Loss = 9.756e-01
It: 30, Loss = 9.692e-01
It: 40, Loss = 9.525e-01
It: 50, Loss = 9.400e-01
It: 60, Loss = 9.316e-01
It: 70, Loss = 9.291e-01
It: 80, Loss = 9.280e-01
It: 90, Loss = 9.273e-01
It: 100, Loss = 9.269e-01
It: 110, Loss = 9.264e-01
It: 120, Loss = 9.259e-01
It: 130, Loss = 9.254e-01
It: 140, Loss = 9.249e-01
It: 150, Loss = 9.244e-01
It: 160, Loss = 9.239e-01
It: 170, Loss = 9.235e-01
It: 180, Loss = 9.231e-01
It: 190, Loss = 9.229e-01
It: 200, Loss = 9.227e-01
It: 210, Loss = 9.225e-01
It: 220, Loss = 9.222e-01
It: 230, Loss = 9.220e-01
It: 240, Loss = 9.217e-01
It: 250, Loss = 9.214e-01
It: 260, Loss = 9.211e-01
It: 270, Loss = 9.207e-01
It: 280, Loss = 9.203e-01
It: 290, Loss = 9.198e-01
It: 300, Loss = 9.193e-01
It: 310, Loss = 9.187e-01
It: 320, Loss = 9.180e-01
It: 330, Loss = 9.172e-01
It: 340, Loss = 9.162e-01
It: 350, Loss = 9.151e-01
It: 360, Loss = 9.136e-01
It: 370, Loss = 9.116e-01
It: 380, Loss = 9.084e-01
It: 390, Loss = 9.032e-01
It: 400, Loss = 8.941e-01
It: 410, Loss = 8.773e-01
It: 420, Loss = 8.609e-01
It: 430, Loss = 8.500e-01
It: 440, Loss = 8.348e-01
It: 450, Loss = 8.233e-01
It: 460, Loss = 8.286e-01
It: 470, Loss = 8.017e-01
It: 480, Loss = 7.910e-01
It: 490, Loss = 7.804e-01
It: 500, Loss = 7.687e-01
It: 510, Loss = 7.645e-01
It: 520, Loss = 7.563e-01
It: 530, Loss = 7.299e-01
It: 540, Loss = 7.187e-01
It: 550, Loss = 7.050e-01
It: 560, Loss = 6.708e-01
It: 570, Loss = 6.471e-01
It: 580, Loss = 6.276e-01
It: 590, Loss = 5.939e-01
It: 600, Loss = 5.749e-01
It: 610, Loss = 5.417e-01
It: 620, Loss = 5.251e-01
It: 630, Loss = 4.937e-01
It: 640, Loss = 4.809e-01
It: 650, Loss = 4.528e-01
It: 660, Loss = 4.411e-01
It: 670, Loss = 4.129e-01
It: 680, Loss = 3.889e-01
It: 690, Loss = 3.604e-01
It: 700, Loss = 3.354e-01
It: 710, Loss = 3.346e-01
It: 720, Loss = 3.000e-01
It: 730, Loss = 2.860e-01
It: 740, Loss = 2.668e-01
It: 750, Loss = 2.516e-01
It: 760, Loss = 3.150e-01
It: 770, Loss = 2.434e-01
It: 780, Loss = 2.106e-01
It: 790, Loss = 1.915e-01
It: 800, Loss = 1.772e-01
It: 810, Loss = 1.601e-01
It: 820, Loss = 1.712e-01
It: 830, Loss = 1.322e-01
It: 840, Loss = 1.177e-01
It: 850, Loss = 9.907e-02
It: 860, Loss = 8.356e-02
It: 870, Loss = 1.608e-01
It: 880, Loss = 7.697e-02
It: 890, Loss = 5.844e-02
It: 900, Loss = 6.715e-02
It: 910, Loss = 8.877e-02
It: 920, Loss = 3.854e-02
It: 930, Loss = 3.746e-02
It: 940, Loss = 3.186e-02
It: 950, Loss = 2.640e-02
It: 960, Loss = 2.401e-02
It: 970, Loss = 2.186e-02
It: 980, Loss = 2.011e-02
It: 990, Loss = 2.520e-02
G_pred shape (100, 100)
It: 0, Loss = 9.819e-01
It: 10, Loss = 9.613e-01
It: 20, Loss = 9.724e-01
It: 30, Loss = 9.506e-01
It: 40, Loss = 9.408e-01
It: 50, Loss = 9.332e-01
It: 60, Loss = 9.270e-01
It: 70, Loss = 9.247e-01
It: 80, Loss = 9.236e-01
It: 90, Loss = 9.224e-01
It: 100, Loss = 9.214e-01
It: 110, Loss = 9.210e-01
It: 120, Loss = 9.209e-01
It: 130, Loss = 9.207e-01
It: 140, Loss = 9.206e-01
It: 150, Loss = 9.205e-01
It: 160, Loss = 9.204e-01
It: 170, Loss = 9.203e-01
It: 180, Loss = 9.202e-01
It: 190, Loss = 9.201e-01
It: 200, Loss = 9.200e-01
It: 210, Loss = 9.199e-01
It: 220, Loss = 9.198e-01
It: 230, Loss = 9.197e-01
It: 240, Loss = 9.195e-01
It: 250, Loss = 9.193e-01
It: 260, Loss = 9.192e-01
It: 270, Loss = 9.189e-01
It: 280, Loss = 9.187e-01
It: 290, Loss = 9.184e-01
It: 300, Loss = 9.180e-01
It: 310, Loss = 9.175e-01
It: 320, Loss = 9.169e-01
It: 330, Loss = 9.160e-01
It: 340, Loss = 9.148e-01
It: 350, Loss = 9.128e-01
It: 360, Loss = 9.096e-01
It: 370, Loss = 9.037e-01
It: 380, Loss = 8.923e-01
It: 390, Loss = 8.700e-01
It: 400, Loss = 8.366e-01
It: 410, Loss = 8.329e-01
It: 420, Loss = 8.144e-01
It: 430, Loss = 8.013e-01
It: 440, Loss = 7.854e-01
It: 450, Loss = 7.695e-01
It: 460, Loss = 7.532e-01
It: 470, Loss = 7.404e-01
It: 480, Loss = 7.319e-01
It: 490, Loss = 7.253e-01
It: 500, Loss = 7.199e-01
It: 510, Loss = 7.135e-01
It: 520, Loss = 7.076e-01
It: 530, Loss = 7.028e-01
It: 540, Loss = 7.062e-01
It: 550, Loss = 6.899e-01
It: 560, Loss = 6.765e-01
It: 570, Loss = 6.569e-01
It: 580, Loss = 6.311e-01
It: 590, Loss = 6.061e-01
It: 600, Loss = 5.951e-01
It: 610, Loss = 5.650e-01
It: 620, Loss = 5.475e-01
It: 630, Loss = 5.363e-01
It: 640, Loss = 5.263e-01
It: 650, Loss = 5.295e-01
It: 660, Loss = 5.116e-01
It: 670, Loss = 5.006e-01
It: 680, Loss = 4.888e-01
It: 690, Loss = 4.760e-01
It: 700, Loss = 4.629e-01
It: 710, Loss = 4.825e-01
It: 720, Loss = 4.479e-01
It: 730, Loss = 4.276e-01
It: 740, Loss = 4.129e-01
It: 750, Loss = 3.951e-01
It: 760, Loss = 5.469e-01
It: 770, Loss = 3.913e-01
It: 780, Loss = 3.689e-01
It: 790, Loss = 3.553e-01
It: 800, Loss = 3.394e-01
It: 810, Loss = 3.273e-01
It: 820, Loss = 3.164e-01
It: 830, Loss = 3.128e-01
It: 840, Loss = 3.000e-01
It: 850, Loss = 2.907e-01
It: 860, Loss = 2.830e-01
It: 870, Loss = 2.709e-01
It: 880, Loss = 2.621e-01
It: 890, Loss = 2.523e-01
It: 900, Loss = 2.434e-01
It: 910, Loss = 2.357e-01
It: 920, Loss = 3.084e-01
It: 930, Loss = 2.379e-01
It: 940, Loss = 2.112e-01
It: 950, Loss = 1.986e-01
It: 960, Loss = 1.806e-01
It: 970, Loss = 2.802e-01
It: 980, Loss = 1.572e-01
It: 990, Loss = 1.602e-01
G_pred shape (100, 100)
It: 0, Loss = 3.655e+00
It: 10, Loss = 1.425e+00
It: 20, Loss = 1.174e+00
It: 30, Loss = 9.924e-01
It: 40, Loss = 9.833e-01
It: 50, Loss = 9.779e-01
It: 60, Loss = 9.666e-01
It: 70, Loss = 9.593e-01
It: 80, Loss = 9.535e-01
It: 90, Loss = 9.475e-01
It: 100, Loss = 9.413e-01
It: 110, Loss = 9.352e-01
It: 120, Loss = 9.298e-01
It: 130, Loss = 9.257e-01
It: 140, Loss = 9.233e-01
It: 150, Loss = 9.223e-01
It: 160, Loss = 9.219e-01
It: 170, Loss = 9.217e-01
It: 180, Loss = 9.216e-01
It: 190, Loss = 9.215e-01
It: 200, Loss = 9.214e-01
It: 210, Loss = 9.213e-01
It: 220, Loss = 9.212e-01
It: 230, Loss = 9.211e-01
It: 240, Loss = 9.210e-01
It: 250, Loss = 9.209e-01
It: 260, Loss = 9.208e-01
It: 270, Loss = 9.207e-01
It: 280, Loss = 9.205e-01
It: 290, Loss = 9.204e-01
It: 300, Loss = 9.203e-01
It: 310, Loss = 9.201e-01
It: 320, Loss = 9.199e-01
It: 330, Loss = 9.198e-01
It: 340, Loss = 9.196e-01
It: 350, Loss = 9.194e-01
It: 360, Loss = 9.191e-01
It: 370, Loss = 9.189e-01
It: 380, Loss = 9.186e-01
It: 390, Loss = 9.182e-01
It: 400, Loss = 9.177e-01
It: 410, Loss = 9.169e-01
It: 420, Loss = 9.156e-01
It: 430, Loss = 9.134e-01
It: 440, Loss = 9.106e-01
It: 450, Loss = 9.086e-01
It: 460, Loss = 9.070e-01
It: 470, Loss = 9.050e-01
It: 480, Loss = 9.042e-01
It: 490, Loss = 9.041e-01
It: 500, Loss = 9.034e-01
It: 510, Loss = 9.029e-01
It: 520, Loss = 9.025e-01
It: 530, Loss = 9.021e-01
It: 540, Loss = 9.017e-01
It: 550, Loss = 9.012e-01
It: 560, Loss = 9.007e-01
It: 570, Loss = 9.002e-01
It: 580, Loss = 8.996e-01
It: 590, Loss = 8.989e-01
It: 600, Loss = 8.982e-01
It: 610, Loss = 8.974e-01
It: 620, Loss = 8.964e-01
It: 630, Loss = 8.953e-01
It: 640, Loss = 8.940e-01
It: 650, Loss = 8.925e-01
It: 660, Loss = 8.905e-01
It: 670, Loss = 8.882e-01
It: 680, Loss = 8.852e-01
It: 690, Loss = 8.814e-01
It: 700, Loss = 8.765e-01
It: 710, Loss = 8.703e-01
It: 720, Loss = 8.622e-01
It: 730, Loss = 8.517e-01
It: 740, Loss = 8.386e-01
It: 750, Loss = 8.239e-01
It: 760, Loss = 8.103e-01
It: 770, Loss = 8.018e-01
It: 780, Loss = 7.938e-01
It: 790, Loss = 7.865e-01
It: 800, Loss = 7.789e-01
It: 810, Loss = 7.719e-01
It: 820, Loss = 7.658e-01
It: 830, Loss = 7.604e-01
It: 840, Loss = 7.555e-01
It: 850, Loss = 7.509e-01
It: 860, Loss = 7.520e-01
It: 870, Loss = 7.436e-01
It: 880, Loss = 7.402e-01
It: 890, Loss = 7.368e-01
It: 900, Loss = 7.338e-01
It: 910, Loss = 7.332e-01
It: 920, Loss = 7.271e-01
It: 930, Loss = 7.240e-01
It: 940, Loss = 7.328e-01
It: 950, Loss = 7.242e-01
It: 960, Loss = 7.144e-01
It: 970, Loss = 7.102e-01
It: 980, Loss = 7.048e-01
It: 990, Loss = 6.978e-01
G_pred shape (100, 100)
It: 0, Loss = 1.128e+00
It: 10, Loss = 9.746e-01
It: 20, Loss = 9.563e-01
It: 30, Loss = 9.391e-01
It: 40, Loss = 9.294e-01
It: 50, Loss = 9.272e-01
It: 60, Loss = 9.252e-01
It: 70, Loss = 9.236e-01
It: 80, Loss = 9.228e-01
It: 90, Loss = 9.224e-01
It: 100, Loss = 9.222e-01
It: 110, Loss = 9.220e-01
It: 120, Loss = 9.218e-01
It: 130, Loss = 9.215e-01
It: 140, Loss = 9.213e-01
It: 150, Loss = 9.211e-01
It: 160, Loss = 9.208e-01
It: 170, Loss = 9.205e-01
It: 180, Loss = 9.202e-01
It: 190, Loss = 9.198e-01
It: 200, Loss = 9.193e-01
It: 210, Loss = 9.188e-01
It: 220, Loss = 9.181e-01
It: 230, Loss = 9.173e-01
It: 240, Loss = 9.163e-01
It: 250, Loss = 9.149e-01
It: 260, Loss = 9.126e-01
It: 270, Loss = 9.088e-01
It: 280, Loss = 9.025e-01
It: 290, Loss = 8.965e-01
It: 300, Loss = 8.931e-01
It: 310, Loss = 8.865e-01
It: 320, Loss = 8.752e-01
It: 330, Loss = 8.599e-01
It: 340, Loss = 8.398e-01
It: 350, Loss = 8.317e-01
It: 360, Loss = 8.190e-01
It: 370, Loss = 8.078e-01
It: 380, Loss = 8.035e-01
It: 390, Loss = 7.899e-01
It: 400, Loss = 7.787e-01
It: 410, Loss = 7.717e-01
It: 420, Loss = 7.511e-01
It: 430, Loss = 7.047e-01
It: 440, Loss = 6.419e-01
It: 450, Loss = 6.013e-01
It: 460, Loss = 5.793e-01
It: 470, Loss = 5.651e-01
It: 480, Loss = 5.577e-01
It: 490, Loss = 5.499e-01
It: 500, Loss = 5.481e-01
It: 510, Loss = 5.388e-01
It: 520, Loss = 5.325e-01
It: 530, Loss = 5.252e-01
It: 540, Loss = 5.222e-01
It: 550, Loss = 5.162e-01
It: 560, Loss = 5.116e-01
It: 570, Loss = 5.073e-01
It: 580, Loss = 5.038e-01
It: 590, Loss = 5.016e-01
It: 600, Loss = 4.905e-01
It: 610, Loss = 4.821e-01
It: 620, Loss = 4.726e-01
It: 630, Loss = 4.629e-01
It: 640, Loss = 4.613e-01
It: 650, Loss = 4.323e-01
It: 660, Loss = 4.103e-01
It: 670, Loss = 4.037e-01
It: 680, Loss = 3.806e-01
It: 690, Loss = 3.326e-01
It: 700, Loss = 2.969e-01
It: 710, Loss = 3.737e-01
It: 720, Loss = 2.372e-01
It: 730, Loss = 1.924e-01
It: 740, Loss = 1.466e-01
It: 750, Loss = 2.791e-01
It: 760, Loss = 1.230e-01
It: 770, Loss = 9.402e-02
It: 780, Loss = 7.208e-02
It: 790, Loss = 5.531e-02
It: 800, Loss = 4.422e-02
It: 810, Loss = 3.734e-02
It: 820, Loss = 3.178e-02
It: 830, Loss = 2.770e-02
It: 840, Loss = 2.452e-02
It: 850, Loss = 2.199e-02
It: 860, Loss = 1.996e-02
It: 870, Loss = 1.828e-02
It: 880, Loss = 1.687e-02
It: 890, Loss = 1.569e-02
It: 900, Loss = 2.775e-02
It: 910, Loss = 1.431e-02
It: 920, Loss = 1.700e-02
It: 930, Loss = 1.372e-02
It: 940, Loss = 1.201e-02
It: 950, Loss = 1.158e-02
It: 960, Loss = 1.087e-02
It: 970, Loss = 1.037e-02
It: 980, Loss = 9.926e-03
It: 990, Loss = 9.515e-03
G_pred shape (100, 100)
It: 0, Loss = 1.129e+00
It: 10, Loss = 1.086e+00
It: 20, Loss = 9.694e-01
It: 30, Loss = 9.469e-01
It: 40, Loss = 9.435e-01
It: 50, Loss = 9.378e-01
It: 60, Loss = 9.315e-01
It: 70, Loss = 9.286e-01
It: 80, Loss = 9.261e-01
It: 90, Loss = 9.247e-01
It: 100, Loss = 9.237e-01
It: 110, Loss = 9.232e-01
It: 120, Loss = 9.229e-01
It: 130, Loss = 9.226e-01
It: 140, Loss = 9.224e-01
It: 150, Loss = 9.222e-01
It: 160, Loss = 9.221e-01
It: 170, Loss = 9.219e-01
It: 180, Loss = 9.218e-01
It: 190, Loss = 9.216e-01
It: 200, Loss = 9.215e-01
It: 210, Loss = 9.213e-01
It: 220, Loss = 9.211e-01
It: 230, Loss = 9.210e-01
It: 240, Loss = 9.208e-01
It: 250, Loss = 9.206e-01
It: 260, Loss = 9.203e-01
It: 270, Loss = 9.201e-01
It: 280, Loss = 9.198e-01
It: 290, Loss = 9.194e-01
It: 300, Loss = 9.190e-01
It: 310, Loss = 9.184e-01
It: 320, Loss = 9.177e-01
It: 330, Loss = 9.167e-01
It: 340, Loss = 9.150e-01
It: 350, Loss = 9.124e-01
It: 360, Loss = 9.087e-01
It: 370, Loss = 9.062e-01
It: 380, Loss = 9.060e-01
It: 390, Loss = 9.050e-01
It: 400, Loss = 9.041e-01
It: 410, Loss = 9.033e-01
It: 420, Loss = 9.023e-01
It: 430, Loss = 9.012e-01
It: 440, Loss = 8.997e-01
It: 450, Loss = 8.979e-01
It: 460, Loss = 8.953e-01
It: 470, Loss = 8.917e-01
It: 480, Loss = 8.864e-01
It: 490, Loss = 8.780e-01
It: 500, Loss = 8.628e-01
It: 510, Loss = 8.413e-01
It: 520, Loss = 8.149e-01
It: 530, Loss = 7.937e-01
It: 540, Loss = 7.712e-01
It: 550, Loss = 7.544e-01
It: 560, Loss = 7.465e-01
It: 570, Loss = 7.400e-01
It: 580, Loss = 7.350e-01
It: 590, Loss = 7.302e-01
It: 600, Loss = 7.289e-01
It: 610, Loss = 7.234e-01
It: 620, Loss = 7.200e-01
It: 630, Loss = 7.158e-01
It: 640, Loss = 7.133e-01
It: 650, Loss = 7.172e-01
It: 660, Loss = 7.144e-01
It: 670, Loss = 7.084e-01
It: 680, Loss = 7.072e-01
It: 690, Loss = 7.057e-01
It: 700, Loss = 7.044e-01
It: 710, Loss = 7.028e-01
It: 720, Loss = 7.026e-01
It: 730, Loss = 7.074e-01
It: 740, Loss = 7.016e-01
It: 750, Loss = 6.986e-01
It: 760, Loss = 6.957e-01
It: 770, Loss = 6.932e-01
It: 780, Loss = 6.906e-01
It: 790, Loss = 6.875e-01
It: 800, Loss = 6.836e-01
It: 810, Loss = 6.820e-01
It: 820, Loss = 7.032e-01
It: 830, Loss = 6.759e-01
It: 840, Loss = 6.690e-01
It: 850, Loss = 6.619e-01
It: 860, Loss = 6.515e-01
It: 870, Loss = 6.368e-01
It: 880, Loss = 6.175e-01
It: 890, Loss = 6.034e-01
It: 900, Loss = 6.222e-01
It: 910, Loss = 5.804e-01
It: 920, Loss = 5.651e-01
It: 930, Loss = 5.467e-01
It: 940, Loss = 5.372e-01
It: 950, Loss = 5.423e-01
It: 960, Loss = 5.343e-01
It: 970, Loss = 5.216e-01
It: 980, Loss = 5.189e-01
It: 990, Loss = 5.137e-01
G_pred shape (100, 100)
