Using TensorFlow 2 backend.

noise_ratio =  0.41836735
It: 0, Loss = 1.104e+00
It: 10, Loss = 1.028e+00
It: 20, Loss = 9.926e-01
It: 30, Loss = 9.830e-01
It: 40, Loss = 9.704e-01
It: 50, Loss = 9.633e-01
It: 60, Loss = 9.549e-01
It: 70, Loss = 9.495e-01
It: 80, Loss = 9.477e-01
It: 90, Loss = 9.461e-01
It: 100, Loss = 9.449e-01
It: 110, Loss = 9.441e-01
It: 120, Loss = 9.436e-01
It: 130, Loss = 9.434e-01
It: 140, Loss = 9.433e-01
It: 150, Loss = 9.432e-01
It: 160, Loss = 9.431e-01
It: 170, Loss = 9.430e-01
It: 180, Loss = 9.430e-01
It: 190, Loss = 9.429e-01
It: 200, Loss = 9.428e-01
It: 210, Loss = 9.427e-01
It: 220, Loss = 9.426e-01
It: 230, Loss = 9.425e-01
It: 240, Loss = 9.424e-01
It: 250, Loss = 9.423e-01
It: 260, Loss = 9.422e-01
It: 270, Loss = 9.421e-01
It: 280, Loss = 9.420e-01
It: 290, Loss = 9.418e-01
It: 300, Loss = 9.417e-01
It: 310, Loss = 9.415e-01
It: 320, Loss = 9.414e-01
It: 330, Loss = 9.412e-01
It: 340, Loss = 9.410e-01
It: 350, Loss = 9.408e-01
It: 360, Loss = 9.406e-01
It: 370, Loss = 9.403e-01
It: 380, Loss = 9.400e-01
It: 390, Loss = 9.397e-01
It: 400, Loss = 9.393e-01
It: 410, Loss = 9.389e-01
It: 420, Loss = 9.384e-01
It: 430, Loss = 9.377e-01
It: 440, Loss = 9.369e-01
It: 450, Loss = 9.359e-01
It: 460, Loss = 9.344e-01
It: 470, Loss = 9.324e-01
It: 480, Loss = 9.294e-01
It: 490, Loss = 9.246e-01
It: 500, Loss = 9.162e-01
It: 510, Loss = 9.072e-01
It: 520, Loss = 8.926e-01
It: 530, Loss = 8.781e-01
It: 540, Loss = 8.707e-01
It: 550, Loss = 8.629e-01
It: 560, Loss = 8.604e-01
It: 570, Loss = 8.440e-01
It: 580, Loss = 8.272e-01
It: 590, Loss = 8.110e-01
It: 600, Loss = 7.927e-01
It: 610, Loss = 7.872e-01
It: 620, Loss = 7.524e-01
It: 630, Loss = 7.278e-01
It: 640, Loss = 7.101e-01
It: 650, Loss = 6.984e-01
It: 660, Loss = 6.771e-01
It: 670, Loss = 6.575e-01
It: 680, Loss = 6.640e-01
It: 690, Loss = 6.242e-01
It: 700, Loss = 6.090e-01
It: 710, Loss = 5.916e-01
It: 720, Loss = 6.056e-01
It: 730, Loss = 5.805e-01
It: 740, Loss = 5.663e-01
It: 750, Loss = 5.590e-01
It: 760, Loss = 5.522e-01
It: 770, Loss = 5.836e-01
It: 780, Loss = 5.491e-01
It: 790, Loss = 5.344e-01
It: 800, Loss = 5.272e-01
It: 810, Loss = 5.218e-01
It: 820, Loss = 5.253e-01
It: 830, Loss = 5.267e-01
It: 840, Loss = 5.073e-01
It: 850, Loss = 5.030e-01
It: 860, Loss = 4.978e-01
It: 870, Loss = 4.912e-01
It: 880, Loss = 4.863e-01
It: 890, Loss = 4.822e-01
It: 900, Loss = 4.989e-01
It: 910, Loss = 4.797e-01
It: 920, Loss = 4.682e-01
It: 930, Loss = 4.624e-01
It: 940, Loss = 4.560e-01
It: 950, Loss = 4.481e-01
It: 960, Loss = 5.284e-01
It: 970, Loss = 4.556e-01
It: 980, Loss = 4.311e-01
It: 990, Loss = 4.124e-01
G_pred shape (100, 100)
It: 0, Loss = 1.181e+00
It: 10, Loss = 1.105e+00
It: 20, Loss = 1.019e+00
It: 30, Loss = 9.764e-01
It: 40, Loss = 9.611e-01
It: 50, Loss = 9.559e-01
It: 60, Loss = 9.482e-01
It: 70, Loss = 9.446e-01
It: 80, Loss = 9.435e-01
It: 90, Loss = 9.435e-01
It: 100, Loss = 9.433e-01
It: 110, Loss = 9.431e-01
It: 120, Loss = 9.431e-01
It: 130, Loss = 9.430e-01
It: 140, Loss = 9.429e-01
It: 150, Loss = 9.428e-01
It: 160, Loss = 9.427e-01
It: 170, Loss = 9.427e-01
It: 180, Loss = 9.426e-01
It: 190, Loss = 9.425e-01
It: 200, Loss = 9.424e-01
It: 210, Loss = 9.423e-01
It: 220, Loss = 9.422e-01
It: 230, Loss = 9.421e-01
It: 240, Loss = 9.420e-01
It: 250, Loss = 9.419e-01
It: 260, Loss = 9.418e-01
It: 270, Loss = 9.416e-01
It: 280, Loss = 9.415e-01
It: 290, Loss = 9.413e-01
It: 300, Loss = 9.411e-01
It: 310, Loss = 9.409e-01
It: 320, Loss = 9.406e-01
It: 330, Loss = 9.404e-01
It: 340, Loss = 9.400e-01
It: 350, Loss = 9.397e-01
It: 360, Loss = 9.392e-01
It: 370, Loss = 9.385e-01
It: 380, Loss = 9.373e-01
It: 390, Loss = 9.374e-01
It: 400, Loss = 9.352e-01
It: 410, Loss = 9.329e-01
It: 420, Loss = 9.314e-01
It: 430, Loss = 9.293e-01
It: 440, Loss = 9.262e-01
It: 450, Loss = 9.216e-01
It: 460, Loss = 9.137e-01
It: 470, Loss = 8.998e-01
It: 480, Loss = 8.843e-01
It: 490, Loss = 8.800e-01
It: 500, Loss = 8.703e-01
It: 510, Loss = 8.593e-01
It: 520, Loss = 8.496e-01
It: 530, Loss = 8.378e-01
It: 540, Loss = 8.197e-01
It: 550, Loss = 7.887e-01
It: 560, Loss = 7.446e-01
It: 570, Loss = 7.171e-01
It: 580, Loss = 6.951e-01
It: 590, Loss = 6.760e-01
It: 600, Loss = 6.561e-01
It: 610, Loss = 6.365e-01
It: 620, Loss = 6.242e-01
It: 630, Loss = 6.155e-01
It: 640, Loss = 5.800e-01
It: 650, Loss = 5.611e-01
It: 660, Loss = 6.225e-01
It: 670, Loss = 5.531e-01
It: 680, Loss = 5.278e-01
It: 690, Loss = 5.154e-01
It: 700, Loss = 5.040e-01
It: 710, Loss = 4.937e-01
It: 720, Loss = 4.843e-01
It: 730, Loss = 4.904e-01
It: 740, Loss = 4.887e-01
It: 750, Loss = 4.712e-01
It: 760, Loss = 4.600e-01
It: 770, Loss = 4.495e-01
It: 780, Loss = 4.399e-01
It: 790, Loss = 4.310e-01
It: 800, Loss = 4.304e-01
It: 810, Loss = 4.159e-01
It: 820, Loss = 4.044e-01
It: 830, Loss = 3.924e-01
It: 840, Loss = 3.805e-01
It: 850, Loss = 3.853e-01
It: 860, Loss = 3.729e-01
It: 870, Loss = 3.565e-01
It: 880, Loss = 3.391e-01
It: 890, Loss = 3.269e-01
It: 900, Loss = 3.146e-01
It: 910, Loss = 4.128e-01
It: 920, Loss = 3.027e-01
It: 930, Loss = 2.929e-01
It: 940, Loss = 2.805e-01
It: 950, Loss = 2.713e-01
It: 960, Loss = 2.616e-01
It: 970, Loss = 2.529e-01
It: 980, Loss = 2.458e-01
It: 990, Loss = 2.397e-01
G_pred shape (100, 100)
It: 0, Loss = 1.284e+00
It: 10, Loss = 1.081e+00
It: 20, Loss = 1.024e+00
It: 30, Loss = 9.950e-01
It: 40, Loss = 9.793e-01
It: 50, Loss = 9.688e-01
It: 60, Loss = 9.618e-01
It: 70, Loss = 9.569e-01
It: 80, Loss = 9.527e-01
It: 90, Loss = 9.512e-01
It: 100, Loss = 9.510e-01
It: 110, Loss = 9.510e-01
It: 120, Loss = 9.509e-01
It: 130, Loss = 9.508e-01
It: 140, Loss = 9.508e-01
It: 150, Loss = 9.507e-01
It: 160, Loss = 9.507e-01
It: 170, Loss = 9.507e-01
It: 180, Loss = 9.506e-01
It: 190, Loss = 9.506e-01
It: 200, Loss = 9.506e-01
It: 210, Loss = 9.505e-01
It: 220, Loss = 9.505e-01
It: 230, Loss = 9.504e-01
It: 240, Loss = 9.504e-01
It: 250, Loss = 9.504e-01
It: 260, Loss = 9.503e-01
It: 270, Loss = 9.503e-01
It: 280, Loss = 9.502e-01
It: 290, Loss = 9.502e-01
It: 300, Loss = 9.501e-01
It: 310, Loss = 9.500e-01
It: 320, Loss = 9.500e-01
It: 330, Loss = 9.499e-01
It: 340, Loss = 9.498e-01
It: 350, Loss = 9.497e-01
It: 360, Loss = 9.495e-01
It: 370, Loss = 9.493e-01
It: 380, Loss = 9.489e-01
It: 390, Loss = 9.480e-01
It: 400, Loss = 9.465e-01
It: 410, Loss = 9.456e-01
It: 420, Loss = 9.449e-01
It: 430, Loss = 9.443e-01
It: 440, Loss = 9.438e-01
It: 450, Loss = 9.434e-01
It: 460, Loss = 9.428e-01
It: 470, Loss = 9.421e-01
It: 480, Loss = 9.412e-01
It: 490, Loss = 9.400e-01
It: 500, Loss = 9.384e-01
It: 510, Loss = 9.359e-01
It: 520, Loss = 9.319e-01
It: 530, Loss = 9.248e-01
It: 540, Loss = 9.164e-01
It: 550, Loss = 9.072e-01
It: 560, Loss = 9.012e-01
It: 570, Loss = 8.947e-01
It: 580, Loss = 8.900e-01
It: 590, Loss = 8.857e-01
It: 600, Loss = 8.817e-01
It: 610, Loss = 8.781e-01
It: 620, Loss = 8.745e-01
It: 630, Loss = 8.708e-01
It: 640, Loss = 8.663e-01
It: 650, Loss = 8.604e-01
It: 660, Loss = 8.691e-01
It: 670, Loss = 8.459e-01
It: 680, Loss = 8.306e-01
It: 690, Loss = 8.062e-01
It: 700, Loss = 7.784e-01
It: 710, Loss = 7.461e-01
It: 720, Loss = 7.091e-01
It: 730, Loss = 6.952e-01
It: 740, Loss = 6.611e-01
It: 750, Loss = 6.573e-01
It: 760, Loss = 6.497e-01
It: 770, Loss = 6.406e-01
It: 780, Loss = 6.368e-01
It: 790, Loss = 6.367e-01
It: 800, Loss = 6.290e-01
It: 810, Loss = 6.279e-01
It: 820, Loss = 6.273e-01
It: 830, Loss = 6.247e-01
It: 840, Loss = 6.196e-01
It: 850, Loss = 6.173e-01
It: 860, Loss = 6.159e-01
It: 870, Loss = 6.135e-01
It: 880, Loss = 6.116e-01
It: 890, Loss = 6.256e-01
It: 900, Loss = 6.076e-01
It: 910, Loss = 6.055e-01
It: 920, Loss = 6.033e-01
It: 930, Loss = 6.007e-01
It: 940, Loss = 5.980e-01
It: 950, Loss = 5.954e-01
It: 960, Loss = 5.926e-01
It: 970, Loss = 5.937e-01
It: 980, Loss = 6.050e-01
It: 990, Loss = 5.900e-01
G_pred shape (100, 100)
It: 0, Loss = 1.089e+00
It: 10, Loss = 9.722e-01
It: 20, Loss = 9.564e-01
It: 30, Loss = 9.468e-01
It: 40, Loss = 9.458e-01
It: 50, Loss = 9.441e-01
It: 60, Loss = 9.431e-01
It: 70, Loss = 9.426e-01
It: 80, Loss = 9.425e-01
It: 90, Loss = 9.424e-01
It: 100, Loss = 9.423e-01
It: 110, Loss = 9.422e-01
It: 120, Loss = 9.422e-01
It: 130, Loss = 9.421e-01
It: 140, Loss = 9.420e-01
It: 150, Loss = 9.420e-01
It: 160, Loss = 9.419e-01
It: 170, Loss = 9.418e-01
It: 180, Loss = 9.417e-01
It: 190, Loss = 9.417e-01
It: 200, Loss = 9.416e-01
It: 210, Loss = 9.415e-01
It: 220, Loss = 9.414e-01
It: 230, Loss = 9.413e-01
It: 240, Loss = 9.411e-01
It: 250, Loss = 9.410e-01
It: 260, Loss = 9.409e-01
It: 270, Loss = 9.407e-01
It: 280, Loss = 9.405e-01
It: 290, Loss = 9.403e-01
It: 300, Loss = 9.401e-01
It: 310, Loss = 9.398e-01
It: 320, Loss = 9.394e-01
It: 330, Loss = 9.390e-01
It: 340, Loss = 9.384e-01
It: 350, Loss = 9.374e-01
It: 360, Loss = 9.354e-01
It: 370, Loss = 9.313e-01
It: 380, Loss = 9.318e-01
It: 390, Loss = 9.282e-01
It: 400, Loss = 9.265e-01
It: 410, Loss = 9.238e-01
It: 420, Loss = 9.190e-01
It: 430, Loss = 9.362e-01
It: 440, Loss = 9.096e-01
It: 450, Loss = 9.029e-01
It: 460, Loss = 8.916e-01
It: 470, Loss = 8.804e-01
It: 480, Loss = 8.678e-01
It: 490, Loss = 8.731e-01
It: 500, Loss = 8.413e-01
It: 510, Loss = 8.152e-01
It: 520, Loss = 7.893e-01
It: 530, Loss = 8.447e-01
It: 540, Loss = 7.735e-01
It: 550, Loss = 7.438e-01
It: 560, Loss = 7.193e-01
It: 570, Loss = 6.924e-01
It: 580, Loss = 6.605e-01
It: 590, Loss = 6.244e-01
It: 600, Loss = 6.237e-01
It: 610, Loss = 5.581e-01
It: 620, Loss = 5.242e-01
It: 630, Loss = 4.974e-01
It: 640, Loss = 4.787e-01
It: 650, Loss = 4.787e-01
It: 660, Loss = 4.575e-01
It: 670, Loss = 4.428e-01
It: 680, Loss = 4.323e-01
It: 690, Loss = 4.214e-01
It: 700, Loss = 4.298e-01
It: 710, Loss = 4.066e-01
It: 720, Loss = 3.914e-01
It: 730, Loss = 3.738e-01
It: 740, Loss = 3.567e-01
It: 750, Loss = 4.108e-01
It: 760, Loss = 3.463e-01
It: 770, Loss = 3.233e-01
It: 780, Loss = 2.989e-01
It: 790, Loss = 2.800e-01
It: 800, Loss = 2.657e-01
It: 810, Loss = 2.534e-01
It: 820, Loss = 2.444e-01
It: 830, Loss = 2.379e-01
It: 840, Loss = 2.415e-01
It: 850, Loss = 2.402e-01
It: 860, Loss = 2.284e-01
It: 870, Loss = 2.229e-01
It: 880, Loss = 2.190e-01
It: 890, Loss = 2.161e-01
It: 900, Loss = 2.133e-01
It: 910, Loss = 2.108e-01
It: 920, Loss = 2.084e-01
It: 930, Loss = 2.063e-01
It: 940, Loss = 2.043e-01
It: 950, Loss = 2.026e-01
It: 960, Loss = 2.015e-01
It: 970, Loss = 2.352e-01
It: 980, Loss = 2.074e-01
It: 990, Loss = 2.000e-01
G_pred shape (100, 100)
It: 0, Loss = 1.358e+00
It: 10, Loss = 1.017e+00
It: 20, Loss = 9.935e-01
It: 30, Loss = 9.855e-01
It: 40, Loss = 9.808e-01
It: 50, Loss = 9.769e-01
It: 60, Loss = 9.736e-01
It: 70, Loss = 9.702e-01
It: 80, Loss = 9.665e-01
It: 90, Loss = 9.631e-01
It: 100, Loss = 9.601e-01
It: 110, Loss = 9.579e-01
It: 120, Loss = 9.563e-01
It: 130, Loss = 9.550e-01
It: 140, Loss = 9.540e-01
It: 150, Loss = 9.534e-01
It: 160, Loss = 9.530e-01
It: 170, Loss = 9.527e-01
It: 180, Loss = 9.526e-01
It: 190, Loss = 9.526e-01
It: 200, Loss = 9.525e-01
It: 210, Loss = 9.525e-01
It: 220, Loss = 9.524e-01
It: 230, Loss = 9.523e-01
It: 240, Loss = 9.523e-01
It: 250, Loss = 9.522e-01
It: 260, Loss = 9.521e-01
It: 270, Loss = 9.521e-01
It: 280, Loss = 9.520e-01
It: 290, Loss = 9.518e-01
It: 300, Loss = 9.517e-01
It: 310, Loss = 9.515e-01
It: 320, Loss = 9.512e-01
It: 330, Loss = 9.507e-01
It: 340, Loss = 9.498e-01
It: 350, Loss = 9.488e-01
It: 360, Loss = 9.485e-01
It: 370, Loss = 9.481e-01
It: 380, Loss = 9.476e-01
It: 390, Loss = 9.471e-01
It: 400, Loss = 9.465e-01
It: 410, Loss = 9.460e-01
It: 420, Loss = 9.454e-01
It: 430, Loss = 9.448e-01
It: 440, Loss = 9.442e-01
It: 450, Loss = 9.434e-01
It: 460, Loss = 9.424e-01
It: 470, Loss = 9.411e-01
It: 480, Loss = 9.395e-01
It: 490, Loss = 9.374e-01
It: 500, Loss = 9.347e-01
It: 510, Loss = 9.315e-01
It: 520, Loss = 9.276e-01
It: 530, Loss = 9.229e-01
It: 540, Loss = 9.174e-01
It: 550, Loss = 9.104e-01
It: 560, Loss = 9.011e-01
It: 570, Loss = 8.890e-01
It: 580, Loss = 8.752e-01
It: 590, Loss = 8.603e-01
It: 600, Loss = 8.424e-01
It: 610, Loss = 8.328e-01
It: 620, Loss = 8.154e-01
It: 630, Loss = 8.030e-01
It: 640, Loss = 7.977e-01
It: 650, Loss = 7.900e-01
It: 660, Loss = 7.861e-01
It: 670, Loss = 7.781e-01
It: 680, Loss = 7.774e-01
It: 690, Loss = 7.671e-01
It: 700, Loss = 7.599e-01
It: 710, Loss = 7.498e-01
It: 720, Loss = 7.511e-01
It: 730, Loss = 7.425e-01
It: 740, Loss = 7.232e-01
It: 750, Loss = 7.078e-01
It: 760, Loss = 7.488e-01
It: 770, Loss = 6.863e-01
It: 780, Loss = 6.789e-01
It: 790, Loss = 6.625e-01
It: 800, Loss = 6.467e-01
It: 810, Loss = 6.445e-01
It: 820, Loss = 6.492e-01
It: 830, Loss = 6.324e-01
It: 840, Loss = 6.226e-01
It: 850, Loss = 6.166e-01
It: 860, Loss = 6.119e-01
It: 870, Loss = 6.073e-01
It: 880, Loss = 6.033e-01
It: 890, Loss = 5.996e-01
It: 900, Loss = 5.964e-01
It: 910, Loss = 6.060e-01
It: 920, Loss = 6.024e-01
It: 930, Loss = 5.909e-01
It: 940, Loss = 5.871e-01
It: 950, Loss = 5.845e-01
It: 960, Loss = 5.818e-01
It: 970, Loss = 5.793e-01
It: 980, Loss = 5.766e-01
It: 990, Loss = 5.739e-01
G_pred shape (100, 100)
