Using TensorFlow 2 backend.

noise_ratio =  0.33673469
It: 0, Loss = 1.092e+00
It: 10, Loss = 1.021e+00
It: 20, Loss = 9.832e-01
It: 30, Loss = 9.647e-01
It: 40, Loss = 9.516e-01
It: 50, Loss = 9.435e-01
It: 60, Loss = 9.429e-01
It: 70, Loss = 9.419e-01
It: 80, Loss = 9.415e-01
It: 90, Loss = 9.410e-01
It: 100, Loss = 9.406e-01
It: 110, Loss = 9.403e-01
It: 120, Loss = 9.401e-01
It: 130, Loss = 9.400e-01
It: 140, Loss = 9.399e-01
It: 150, Loss = 9.399e-01
It: 160, Loss = 9.398e-01
It: 170, Loss = 9.397e-01
It: 180, Loss = 9.397e-01
It: 190, Loss = 9.396e-01
It: 200, Loss = 9.395e-01
It: 210, Loss = 9.394e-01
It: 220, Loss = 9.393e-01
It: 230, Loss = 9.392e-01
It: 240, Loss = 9.391e-01
It: 250, Loss = 9.390e-01
It: 260, Loss = 9.389e-01
It: 270, Loss = 9.387e-01
It: 280, Loss = 9.386e-01
It: 290, Loss = 9.384e-01
It: 300, Loss = 9.382e-01
It: 310, Loss = 9.379e-01
It: 320, Loss = 9.376e-01
It: 330, Loss = 9.372e-01
It: 340, Loss = 9.366e-01
It: 350, Loss = 9.357e-01
It: 360, Loss = 9.345e-01
It: 370, Loss = 9.324e-01
It: 380, Loss = 9.290e-01
It: 390, Loss = 9.231e-01
It: 400, Loss = 9.119e-01
It: 410, Loss = 8.912e-01
It: 420, Loss = 8.655e-01
It: 430, Loss = 8.983e-01
It: 440, Loss = 8.595e-01
It: 450, Loss = 8.461e-01
It: 460, Loss = 8.419e-01
It: 470, Loss = 8.355e-01
It: 480, Loss = 8.293e-01
It: 490, Loss = 8.228e-01
It: 500, Loss = 8.161e-01
It: 510, Loss = 8.088e-01
It: 520, Loss = 8.013e-01
It: 530, Loss = 7.933e-01
It: 540, Loss = 7.849e-01
It: 550, Loss = 7.775e-01
It: 560, Loss = 7.719e-01
It: 570, Loss = 7.649e-01
It: 580, Loss = 7.539e-01
It: 590, Loss = 7.436e-01
It: 600, Loss = 7.362e-01
It: 610, Loss = 7.169e-01
It: 620, Loss = 6.997e-01
It: 630, Loss = 6.774e-01
It: 640, Loss = 6.894e-01
It: 650, Loss = 6.264e-01
It: 660, Loss = 5.953e-01
It: 670, Loss = 5.770e-01
It: 680, Loss = 5.766e-01
It: 690, Loss = 5.430e-01
It: 700, Loss = 5.297e-01
It: 710, Loss = 5.198e-01
It: 720, Loss = 5.054e-01
It: 730, Loss = 4.907e-01
It: 740, Loss = 4.990e-01
It: 750, Loss = 4.795e-01
It: 760, Loss = 4.649e-01
It: 770, Loss = 4.526e-01
It: 780, Loss = 4.432e-01
It: 790, Loss = 4.345e-01
It: 800, Loss = 4.247e-01
It: 810, Loss = 5.093e-01
It: 820, Loss = 4.280e-01
It: 830, Loss = 4.098e-01
It: 840, Loss = 3.965e-01
It: 850, Loss = 3.847e-01
It: 860, Loss = 3.747e-01
It: 870, Loss = 3.642e-01
It: 880, Loss = 4.542e-01
It: 890, Loss = 3.636e-01
It: 900, Loss = 3.517e-01
It: 910, Loss = 3.343e-01
It: 920, Loss = 3.215e-01
It: 930, Loss = 3.091e-01
It: 940, Loss = 2.964e-01
It: 950, Loss = 3.497e-01
It: 960, Loss = 2.954e-01
It: 970, Loss = 2.778e-01
It: 980, Loss = 2.638e-01
It: 990, Loss = 2.504e-01
G_pred shape (100, 100)
It: 0, Loss = 2.044e+00
It: 10, Loss = 9.964e-01
It: 20, Loss = 1.017e+00
It: 30, Loss = 1.007e+00
It: 40, Loss = 9.874e-01
It: 50, Loss = 9.753e-01
It: 60, Loss = 9.686e-01
It: 70, Loss = 9.636e-01
It: 80, Loss = 9.590e-01
It: 90, Loss = 9.548e-01
It: 100, Loss = 9.509e-01
It: 110, Loss = 9.477e-01
It: 120, Loss = 9.456e-01
It: 130, Loss = 9.445e-01
It: 140, Loss = 9.440e-01
It: 150, Loss = 9.438e-01
It: 160, Loss = 9.437e-01
It: 170, Loss = 9.435e-01
It: 180, Loss = 9.433e-01
It: 190, Loss = 9.429e-01
It: 200, Loss = 9.418e-01
It: 210, Loss = 9.395e-01
It: 220, Loss = 9.390e-01
It: 230, Loss = 9.385e-01
It: 240, Loss = 9.380e-01
It: 250, Loss = 9.377e-01
It: 260, Loss = 9.376e-01
It: 270, Loss = 9.375e-01
It: 280, Loss = 9.374e-01
It: 290, Loss = 9.373e-01
It: 300, Loss = 9.373e-01
It: 310, Loss = 9.372e-01
It: 320, Loss = 9.371e-01
It: 330, Loss = 9.370e-01
It: 340, Loss = 9.369e-01
It: 350, Loss = 9.368e-01
It: 360, Loss = 9.368e-01
It: 370, Loss = 9.367e-01
It: 380, Loss = 9.365e-01
It: 390, Loss = 9.364e-01
It: 400, Loss = 9.363e-01
It: 410, Loss = 9.362e-01
It: 420, Loss = 9.360e-01
It: 430, Loss = 9.359e-01
It: 440, Loss = 9.357e-01
It: 450, Loss = 9.355e-01
It: 460, Loss = 9.353e-01
It: 470, Loss = 9.352e-01
It: 480, Loss = 9.349e-01
It: 490, Loss = 9.346e-01
It: 500, Loss = 9.343e-01
It: 510, Loss = 9.343e-01
It: 520, Loss = 9.339e-01
It: 530, Loss = 9.336e-01
It: 540, Loss = 9.333e-01
It: 550, Loss = 9.329e-01
It: 560, Loss = 9.326e-01
It: 570, Loss = 9.322e-01
It: 580, Loss = 9.318e-01
It: 590, Loss = 9.314e-01
It: 600, Loss = 9.307e-01
It: 610, Loss = 9.299e-01
It: 620, Loss = 9.290e-01
It: 630, Loss = 9.279e-01
It: 640, Loss = 9.263e-01
It: 650, Loss = 9.240e-01
It: 660, Loss = 9.203e-01
It: 670, Loss = 9.153e-01
It: 680, Loss = 9.092e-01
It: 690, Loss = 9.020e-01
It: 700, Loss = 8.929e-01
It: 710, Loss = 8.826e-01
It: 720, Loss = 8.737e-01
It: 730, Loss = 8.577e-01
It: 740, Loss = 8.479e-01
It: 750, Loss = 8.345e-01
It: 760, Loss = 8.176e-01
It: 770, Loss = 8.136e-01
It: 780, Loss = 7.892e-01
It: 790, Loss = 7.783e-01
It: 800, Loss = 7.743e-01
It: 810, Loss = 7.644e-01
It: 820, Loss = 7.590e-01
It: 830, Loss = 7.605e-01
It: 840, Loss = 7.531e-01
It: 850, Loss = 7.492e-01
It: 860, Loss = 7.408e-01
It: 870, Loss = 8.071e-01
It: 880, Loss = 7.367e-01
It: 890, Loss = 7.310e-01
It: 900, Loss = 7.245e-01
It: 910, Loss = 7.200e-01
It: 920, Loss = 7.132e-01
It: 930, Loss = 7.065e-01
It: 940, Loss = 6.989e-01
It: 950, Loss = 7.111e-01
It: 960, Loss = 7.154e-01
It: 970, Loss = 6.928e-01
It: 980, Loss = 6.802e-01
It: 990, Loss = 6.711e-01
G_pred shape (100, 100)
It: 0, Loss = 9.955e-01
It: 10, Loss = 1.008e+00
It: 20, Loss = 9.748e-01
It: 30, Loss = 9.689e-01
It: 40, Loss = 9.518e-01
It: 50, Loss = 9.463e-01
It: 60, Loss = 9.428e-01
It: 70, Loss = 9.419e-01
It: 80, Loss = 9.414e-01
It: 90, Loss = 9.410e-01
It: 100, Loss = 9.408e-01
It: 110, Loss = 9.407e-01
It: 120, Loss = 9.405e-01
It: 130, Loss = 9.404e-01
It: 140, Loss = 9.403e-01
It: 150, Loss = 9.402e-01
It: 160, Loss = 9.401e-01
It: 170, Loss = 9.400e-01
It: 180, Loss = 9.399e-01
It: 190, Loss = 9.398e-01
It: 200, Loss = 9.397e-01
It: 210, Loss = 9.396e-01
It: 220, Loss = 9.395e-01
It: 230, Loss = 9.394e-01
It: 240, Loss = 9.392e-01
It: 250, Loss = 9.391e-01
It: 260, Loss = 9.388e-01
It: 270, Loss = 9.385e-01
It: 280, Loss = 9.380e-01
It: 290, Loss = 9.369e-01
It: 300, Loss = 9.356e-01
It: 310, Loss = 9.353e-01
It: 320, Loss = 9.346e-01
It: 330, Loss = 9.340e-01
It: 340, Loss = 9.332e-01
It: 350, Loss = 9.326e-01
It: 360, Loss = 9.322e-01
It: 370, Loss = 9.319e-01
It: 380, Loss = 9.313e-01
It: 390, Loss = 9.307e-01
It: 400, Loss = 9.300e-01
It: 410, Loss = 9.291e-01
It: 420, Loss = 9.276e-01
It: 430, Loss = 9.247e-01
It: 440, Loss = 9.192e-01
It: 450, Loss = 9.079e-01
It: 460, Loss = 8.874e-01
It: 470, Loss = 8.650e-01
It: 480, Loss = 8.456e-01
It: 490, Loss = 8.309e-01
It: 500, Loss = 8.215e-01
It: 510, Loss = 8.130e-01
It: 520, Loss = 8.087e-01
It: 530, Loss = 8.047e-01
It: 540, Loss = 8.115e-01
It: 550, Loss = 7.969e-01
It: 560, Loss = 7.904e-01
It: 570, Loss = 7.818e-01
It: 580, Loss = 7.738e-01
It: 590, Loss = 7.616e-01
It: 600, Loss = 7.496e-01
It: 610, Loss = 7.324e-01
It: 620, Loss = 7.369e-01
It: 630, Loss = 7.028e-01
It: 640, Loss = 6.837e-01
It: 650, Loss = 6.764e-01
It: 660, Loss = 6.781e-01
It: 670, Loss = 6.513e-01
It: 680, Loss = 6.365e-01
It: 690, Loss = 6.238e-01
It: 700, Loss = 6.130e-01
It: 710, Loss = 6.508e-01
It: 720, Loss = 6.246e-01
It: 730, Loss = 6.049e-01
It: 740, Loss = 5.977e-01
It: 750, Loss = 5.900e-01
It: 760, Loss = 5.833e-01
It: 770, Loss = 5.771e-01
It: 780, Loss = 5.711e-01
It: 790, Loss = 5.651e-01
It: 800, Loss = 5.591e-01
It: 810, Loss = 5.528e-01
It: 820, Loss = 5.465e-01
It: 830, Loss = 5.646e-01
It: 840, Loss = 5.495e-01
It: 850, Loss = 5.382e-01
It: 860, Loss = 5.258e-01
It: 870, Loss = 5.172e-01
It: 880, Loss = 5.075e-01
It: 890, Loss = 4.968e-01
It: 900, Loss = 4.848e-01
It: 910, Loss = 5.206e-01
It: 920, Loss = 4.997e-01
It: 930, Loss = 4.677e-01
It: 940, Loss = 4.491e-01
It: 950, Loss = 4.368e-01
It: 960, Loss = 4.255e-01
It: 970, Loss = 4.148e-01
It: 980, Loss = 4.036e-01
It: 990, Loss = 3.923e-01
G_pred shape (100, 100)
It: 0, Loss = 1.016e+00
It: 10, Loss = 1.047e+00
It: 20, Loss = 9.812e-01
It: 30, Loss = 9.774e-01
It: 40, Loss = 9.717e-01
It: 50, Loss = 9.620e-01
It: 60, Loss = 9.553e-01
It: 70, Loss = 9.485e-01
It: 80, Loss = 9.451e-01
It: 90, Loss = 9.448e-01
It: 100, Loss = 9.445e-01
It: 110, Loss = 9.443e-01
It: 120, Loss = 9.442e-01
It: 130, Loss = 9.441e-01
It: 140, Loss = 9.440e-01
It: 150, Loss = 9.440e-01
It: 160, Loss = 9.439e-01
It: 170, Loss = 9.439e-01
It: 180, Loss = 9.438e-01
It: 190, Loss = 9.438e-01
It: 200, Loss = 9.437e-01
It: 210, Loss = 9.437e-01
It: 220, Loss = 9.436e-01
It: 230, Loss = 9.436e-01
It: 240, Loss = 9.435e-01
It: 250, Loss = 9.435e-01
It: 260, Loss = 9.434e-01
It: 270, Loss = 9.433e-01
It: 280, Loss = 9.433e-01
It: 290, Loss = 9.432e-01
It: 300, Loss = 9.431e-01
It: 310, Loss = 9.430e-01
It: 320, Loss = 9.429e-01
It: 330, Loss = 9.427e-01
It: 340, Loss = 9.425e-01
It: 350, Loss = 9.423e-01
It: 360, Loss = 9.420e-01
It: 370, Loss = 9.414e-01
It: 380, Loss = 9.406e-01
It: 390, Loss = 9.393e-01
It: 400, Loss = 9.370e-01
It: 410, Loss = 9.334e-01
It: 420, Loss = 9.282e-01
It: 430, Loss = 9.225e-01
It: 440, Loss = 9.170e-01
It: 450, Loss = 9.101e-01
It: 460, Loss = 9.102e-01
It: 470, Loss = 8.911e-01
It: 480, Loss = 8.742e-01
It: 490, Loss = 8.634e-01
It: 500, Loss = 8.808e-01
It: 510, Loss = 8.519e-01
It: 520, Loss = 8.407e-01
It: 530, Loss = 8.318e-01
It: 540, Loss = 8.261e-01
It: 550, Loss = 8.211e-01
It: 560, Loss = 8.157e-01
It: 570, Loss = 8.148e-01
It: 580, Loss = 8.062e-01
It: 590, Loss = 8.005e-01
It: 600, Loss = 7.915e-01
It: 610, Loss = 7.810e-01
It: 620, Loss = 7.661e-01
It: 630, Loss = 8.305e-01
It: 640, Loss = 7.499e-01
It: 650, Loss = 7.228e-01
It: 660, Loss = 7.029e-01
It: 670, Loss = 6.822e-01
It: 680, Loss = 6.676e-01
It: 690, Loss = 6.568e-01
It: 700, Loss = 6.477e-01
It: 710, Loss = 6.403e-01
It: 720, Loss = 6.625e-01
It: 730, Loss = 6.331e-01
It: 740, Loss = 6.229e-01
It: 750, Loss = 6.179e-01
It: 760, Loss = 6.121e-01
It: 770, Loss = 6.109e-01
It: 780, Loss = 6.024e-01
It: 790, Loss = 5.980e-01
It: 800, Loss = 5.934e-01
It: 810, Loss = 5.960e-01
It: 820, Loss = 5.913e-01
It: 830, Loss = 5.833e-01
It: 840, Loss = 5.787e-01
It: 850, Loss = 5.734e-01
It: 860, Loss = 6.122e-01
It: 870, Loss = 5.688e-01
It: 880, Loss = 5.628e-01
It: 890, Loss = 5.587e-01
It: 900, Loss = 5.526e-01
It: 910, Loss = 5.470e-01
It: 920, Loss = 5.478e-01
It: 930, Loss = 5.455e-01
It: 940, Loss = 5.400e-01
It: 950, Loss = 5.289e-01
It: 960, Loss = 5.201e-01
It: 970, Loss = 5.118e-01
It: 980, Loss = 5.024e-01
It: 990, Loss = 5.043e-01
G_pred shape (100, 100)
It: 0, Loss = 1.490e+00
It: 10, Loss = 1.048e+00
It: 20, Loss = 1.003e+00
It: 30, Loss = 9.866e-01
It: 40, Loss = 9.793e-01
It: 50, Loss = 9.742e-01
It: 60, Loss = 9.693e-01
It: 70, Loss = 9.641e-01
It: 80, Loss = 9.592e-01
It: 90, Loss = 9.544e-01
It: 100, Loss = 9.497e-01
It: 110, Loss = 9.459e-01
It: 120, Loss = 9.434e-01
It: 130, Loss = 9.421e-01
It: 140, Loss = 9.415e-01
It: 150, Loss = 9.410e-01
It: 160, Loss = 9.405e-01
It: 170, Loss = 9.401e-01
It: 180, Loss = 9.398e-01
It: 190, Loss = 9.396e-01
It: 200, Loss = 9.394e-01
It: 210, Loss = 9.391e-01
It: 220, Loss = 9.388e-01
It: 230, Loss = 9.383e-01
It: 240, Loss = 9.374e-01
It: 250, Loss = 9.358e-01
It: 260, Loss = 9.426e-01
It: 270, Loss = 9.359e-01
It: 280, Loss = 9.349e-01
It: 290, Loss = 9.347e-01
It: 300, Loss = 9.344e-01
It: 310, Loss = 9.343e-01
It: 320, Loss = 9.341e-01
It: 330, Loss = 9.340e-01
It: 340, Loss = 9.339e-01
It: 350, Loss = 9.338e-01
It: 360, Loss = 9.337e-01
It: 370, Loss = 9.336e-01
It: 380, Loss = 9.335e-01
It: 390, Loss = 9.334e-01
It: 400, Loss = 9.334e-01
It: 410, Loss = 9.333e-01
It: 420, Loss = 9.332e-01
It: 430, Loss = 9.331e-01
It: 440, Loss = 9.330e-01
It: 450, Loss = 9.329e-01
It: 460, Loss = 9.328e-01
It: 470, Loss = 9.326e-01
It: 480, Loss = 9.325e-01
It: 490, Loss = 9.324e-01
It: 500, Loss = 9.322e-01
It: 510, Loss = 9.320e-01
It: 520, Loss = 9.318e-01
It: 530, Loss = 9.316e-01
It: 540, Loss = 9.314e-01
It: 550, Loss = 9.311e-01
It: 560, Loss = 9.307e-01
It: 570, Loss = 9.303e-01
It: 580, Loss = 9.297e-01
It: 590, Loss = 9.289e-01
It: 600, Loss = 9.278e-01
It: 610, Loss = 9.259e-01
It: 620, Loss = 9.225e-01
It: 630, Loss = 9.163e-01
It: 640, Loss = 9.048e-01
It: 650, Loss = 8.860e-01
It: 660, Loss = 8.598e-01
It: 670, Loss = 8.296e-01
It: 680, Loss = 8.095e-01
It: 690, Loss = 7.981e-01
It: 700, Loss = 8.030e-01
It: 710, Loss = 7.896e-01
It: 720, Loss = 7.866e-01
It: 730, Loss = 7.814e-01
It: 740, Loss = 7.779e-01
It: 750, Loss = 7.742e-01
It: 760, Loss = 7.706e-01
It: 770, Loss = 7.673e-01
It: 780, Loss = 7.644e-01
It: 790, Loss = 7.620e-01
It: 800, Loss = 7.601e-01
It: 810, Loss = 7.585e-01
It: 820, Loss = 7.571e-01
It: 830, Loss = 7.557e-01
It: 840, Loss = 7.542e-01
It: 850, Loss = 7.535e-01
It: 860, Loss = 7.509e-01
It: 870, Loss = 7.484e-01
It: 880, Loss = 7.459e-01
It: 890, Loss = 7.419e-01
It: 900, Loss = 7.480e-01
It: 910, Loss = 7.335e-01
It: 920, Loss = 7.234e-01
It: 930, Loss = 7.214e-01
It: 940, Loss = 6.971e-01
It: 950, Loss = 6.808e-01
It: 960, Loss = 6.571e-01
It: 970, Loss = 6.324e-01
It: 980, Loss = 6.342e-01
It: 990, Loss = 6.265e-01
G_pred shape (100, 100)
