Using TensorFlow 2 backend.

noise_ratio =  0.01020408
It: 0, Loss = 1.050e+00
It: 10, Loss = 1.013e+00
It: 20, Loss = 9.593e-01
It: 30, Loss = 9.591e-01
It: 40, Loss = 9.438e-01
It: 50, Loss = 9.387e-01
It: 60, Loss = 9.369e-01
It: 70, Loss = 9.356e-01
It: 80, Loss = 9.340e-01
It: 90, Loss = 9.323e-01
It: 100, Loss = 9.310e-01
It: 110, Loss = 9.305e-01
It: 120, Loss = 9.301e-01
It: 130, Loss = 9.298e-01
It: 140, Loss = 9.296e-01
It: 150, Loss = 9.293e-01
It: 160, Loss = 9.291e-01
It: 170, Loss = 9.289e-01
It: 180, Loss = 9.286e-01
It: 190, Loss = 9.283e-01
It: 200, Loss = 9.279e-01
It: 210, Loss = 9.275e-01
It: 220, Loss = 9.270e-01
It: 230, Loss = 9.264e-01
It: 240, Loss = 9.253e-01
It: 250, Loss = 9.231e-01
It: 260, Loss = 9.189e-01
It: 270, Loss = 9.175e-01
It: 280, Loss = 9.162e-01
It: 290, Loss = 9.152e-01
It: 300, Loss = 9.142e-01
It: 310, Loss = 9.130e-01
It: 320, Loss = 9.116e-01
It: 330, Loss = 9.099e-01
It: 340, Loss = 9.078e-01
It: 350, Loss = 9.050e-01
It: 360, Loss = 9.010e-01
It: 370, Loss = 8.948e-01
It: 380, Loss = 8.867e-01
It: 390, Loss = 8.726e-01
It: 400, Loss = 8.544e-01
It: 410, Loss = 8.431e-01
It: 420, Loss = 8.292e-01
It: 430, Loss = 8.200e-01
It: 440, Loss = 8.107e-01
It: 450, Loss = 8.050e-01
It: 460, Loss = 8.000e-01
It: 470, Loss = 7.951e-01
It: 480, Loss = 7.898e-01
It: 490, Loss = 7.832e-01
It: 500, Loss = 8.850e-01
It: 510, Loss = 7.767e-01
It: 520, Loss = 7.775e-01
It: 530, Loss = 7.609e-01
It: 540, Loss = 7.528e-01
It: 550, Loss = 7.436e-01
It: 560, Loss = 7.356e-01
It: 570, Loss = 7.286e-01
It: 580, Loss = 7.232e-01
It: 590, Loss = 7.185e-01
It: 600, Loss = 7.137e-01
It: 610, Loss = 7.081e-01
It: 620, Loss = 7.016e-01
It: 630, Loss = 6.936e-01
It: 640, Loss = 6.851e-01
It: 650, Loss = 6.765e-01
It: 660, Loss = 6.716e-01
It: 670, Loss = 6.479e-01
It: 680, Loss = 6.218e-01
It: 690, Loss = 5.917e-01
It: 700, Loss = 5.816e-01
It: 710, Loss = 5.721e-01
It: 720, Loss = 5.128e-01
It: 730, Loss = 4.974e-01
It: 740, Loss = 4.743e-01
It: 750, Loss = 4.561e-01
It: 760, Loss = 5.044e-01
It: 770, Loss = 4.384e-01
It: 780, Loss = 4.281e-01
It: 790, Loss = 4.177e-01
It: 800, Loss = 4.092e-01
It: 810, Loss = 4.038e-01
It: 820, Loss = 4.657e-01
It: 830, Loss = 4.000e-01
It: 840, Loss = 3.899e-01
It: 850, Loss = 3.801e-01
It: 860, Loss = 3.723e-01
It: 870, Loss = 3.657e-01
It: 880, Loss = 3.586e-01
It: 890, Loss = 3.507e-01
It: 900, Loss = 3.420e-01
It: 910, Loss = 4.024e-01
It: 920, Loss = 3.409e-01
It: 930, Loss = 3.301e-01
It: 940, Loss = 3.245e-01
It: 950, Loss = 3.094e-01
It: 960, Loss = 2.962e-01
It: 970, Loss = 2.828e-01
It: 980, Loss = 2.690e-01
It: 990, Loss = 2.536e-01
G_pred shape (100, 100)
It: 0, Loss = 1.027e+00
It: 10, Loss = 1.038e+00
It: 20, Loss = 9.676e-01
It: 30, Loss = 9.640e-01
It: 40, Loss = 9.425e-01
It: 50, Loss = 9.335e-01
It: 60, Loss = 9.276e-01
It: 70, Loss = 9.274e-01
It: 80, Loss = 9.271e-01
It: 90, Loss = 9.268e-01
It: 100, Loss = 9.267e-01
It: 110, Loss = 9.266e-01
It: 120, Loss = 9.264e-01
It: 130, Loss = 9.263e-01
It: 140, Loss = 9.262e-01
It: 150, Loss = 9.260e-01
It: 160, Loss = 9.259e-01
It: 170, Loss = 9.257e-01
It: 180, Loss = 9.254e-01
It: 190, Loss = 9.251e-01
It: 200, Loss = 9.247e-01
It: 210, Loss = 9.237e-01
It: 220, Loss = 9.206e-01
It: 230, Loss = 9.164e-01
It: 240, Loss = 9.153e-01
It: 250, Loss = 9.143e-01
It: 260, Loss = 9.136e-01
It: 270, Loss = 9.129e-01
It: 280, Loss = 9.122e-01
It: 290, Loss = 9.115e-01
It: 300, Loss = 9.106e-01
It: 310, Loss = 9.093e-01
It: 320, Loss = 9.074e-01
It: 330, Loss = 9.044e-01
It: 340, Loss = 8.989e-01
It: 350, Loss = 8.887e-01
It: 360, Loss = 8.739e-01
It: 370, Loss = 8.608e-01
It: 380, Loss = 8.481e-01
It: 390, Loss = 8.356e-01
It: 400, Loss = 8.246e-01
It: 410, Loss = 8.135e-01
It: 420, Loss = 8.060e-01
It: 430, Loss = 7.953e-01
It: 440, Loss = 7.830e-01
It: 450, Loss = 7.679e-01
It: 460, Loss = 7.566e-01
It: 470, Loss = 7.464e-01
It: 480, Loss = 7.391e-01
It: 490, Loss = 7.338e-01
It: 500, Loss = 7.280e-01
It: 510, Loss = 7.226e-01
It: 520, Loss = 7.156e-01
It: 530, Loss = 7.059e-01
It: 540, Loss = 7.221e-01
It: 550, Loss = 6.851e-01
It: 560, Loss = 6.761e-01
It: 570, Loss = 6.606e-01
It: 580, Loss = 6.501e-01
It: 590, Loss = 6.410e-01
It: 600, Loss = 6.348e-01
It: 610, Loss = 6.297e-01
It: 620, Loss = 6.413e-01
It: 630, Loss = 6.272e-01
It: 640, Loss = 6.166e-01
It: 650, Loss = 6.123e-01
It: 660, Loss = 6.080e-01
It: 670, Loss = 6.113e-01
It: 680, Loss = 5.989e-01
It: 690, Loss = 5.948e-01
It: 700, Loss = 5.912e-01
It: 710, Loss = 5.842e-01
It: 720, Loss = 5.786e-01
It: 730, Loss = 5.813e-01
It: 740, Loss = 5.722e-01
It: 750, Loss = 5.660e-01
It: 760, Loss = 5.585e-01
It: 770, Loss = 7.391e-01
It: 780, Loss = 5.902e-01
It: 790, Loss = 5.619e-01
It: 800, Loss = 5.493e-01
It: 810, Loss = 5.424e-01
It: 820, Loss = 5.372e-01
It: 830, Loss = 5.366e-01
It: 840, Loss = 5.315e-01
It: 850, Loss = 5.252e-01
It: 860, Loss = 5.191e-01
It: 870, Loss = 5.140e-01
It: 880, Loss = 5.082e-01
It: 890, Loss = 5.022e-01
It: 900, Loss = 5.426e-01
It: 910, Loss = 5.098e-01
It: 920, Loss = 4.928e-01
It: 930, Loss = 4.833e-01
It: 940, Loss = 4.757e-01
It: 950, Loss = 4.696e-01
It: 960, Loss = 4.625e-01
It: 970, Loss = 5.695e-01
It: 980, Loss = 4.569e-01
It: 990, Loss = 4.590e-01
G_pred shape (100, 100)
It: 0, Loss = 2.018e+00
It: 10, Loss = 1.031e+00
It: 20, Loss = 1.008e+00
It: 30, Loss = 1.001e+00
It: 40, Loss = 9.831e-01
It: 50, Loss = 9.714e-01
It: 60, Loss = 9.645e-01
It: 70, Loss = 9.586e-01
It: 80, Loss = 9.527e-01
It: 90, Loss = 9.463e-01
It: 100, Loss = 9.393e-01
It: 110, Loss = 9.324e-01
It: 120, Loss = 9.271e-01
It: 130, Loss = 9.245e-01
It: 140, Loss = 9.237e-01
It: 150, Loss = 9.229e-01
It: 160, Loss = 9.221e-01
It: 170, Loss = 9.215e-01
It: 180, Loss = 9.212e-01
It: 190, Loss = 9.210e-01
It: 200, Loss = 9.208e-01
It: 210, Loss = 9.207e-01
It: 220, Loss = 9.205e-01
It: 230, Loss = 9.204e-01
It: 240, Loss = 9.203e-01
It: 250, Loss = 9.202e-01
It: 260, Loss = 9.201e-01
It: 270, Loss = 9.199e-01
It: 280, Loss = 9.198e-01
It: 290, Loss = 9.197e-01
It: 300, Loss = 9.195e-01
It: 310, Loss = 9.193e-01
It: 320, Loss = 9.191e-01
It: 330, Loss = 9.188e-01
It: 340, Loss = 9.184e-01
It: 350, Loss = 9.177e-01
It: 360, Loss = 9.165e-01
It: 370, Loss = 9.145e-01
It: 380, Loss = 9.114e-01
It: 390, Loss = 9.086e-01
It: 400, Loss = 9.081e-01
It: 410, Loss = 9.076e-01
It: 420, Loss = 9.072e-01
It: 430, Loss = 9.068e-01
It: 440, Loss = 9.063e-01
It: 450, Loss = 9.059e-01
It: 460, Loss = 9.053e-01
It: 470, Loss = 9.047e-01
It: 480, Loss = 9.040e-01
It: 490, Loss = 9.031e-01
It: 500, Loss = 9.021e-01
It: 510, Loss = 9.008e-01
It: 520, Loss = 8.992e-01
It: 530, Loss = 8.972e-01
It: 540, Loss = 8.945e-01
It: 550, Loss = 8.906e-01
It: 560, Loss = 8.844e-01
It: 570, Loss = 8.736e-01
It: 580, Loss = 8.540e-01
It: 590, Loss = 8.281e-01
It: 600, Loss = 8.106e-01
It: 610, Loss = 8.016e-01
It: 620, Loss = 7.896e-01
It: 630, Loss = 7.834e-01
It: 640, Loss = 7.788e-01
It: 650, Loss = 7.748e-01
It: 660, Loss = 7.712e-01
It: 670, Loss = 7.676e-01
It: 680, Loss = 7.640e-01
It: 690, Loss = 7.601e-01
It: 700, Loss = 7.556e-01
It: 710, Loss = 7.496e-01
It: 720, Loss = 7.423e-01
It: 730, Loss = 7.382e-01
It: 740, Loss = 7.299e-01
It: 750, Loss = 7.134e-01
It: 760, Loss = 6.936e-01
It: 770, Loss = 6.753e-01
It: 780, Loss = 6.776e-01
It: 790, Loss = 6.630e-01
It: 800, Loss = 6.531e-01
It: 810, Loss = 6.483e-01
It: 820, Loss = 6.428e-01
It: 830, Loss = 6.371e-01
It: 840, Loss = 6.311e-01
It: 850, Loss = 6.242e-01
It: 860, Loss = 6.161e-01
It: 870, Loss = 6.064e-01
It: 880, Loss = 6.090e-01
It: 890, Loss = 5.864e-01
It: 900, Loss = 5.785e-01
It: 910, Loss = 5.636e-01
It: 920, Loss = 5.913e-01
It: 930, Loss = 5.553e-01
It: 940, Loss = 5.353e-01
It: 950, Loss = 5.191e-01
It: 960, Loss = 5.060e-01
It: 970, Loss = 4.915e-01
It: 980, Loss = 5.449e-01
It: 990, Loss = 5.035e-01
G_pred shape (100, 100)
It: 0, Loss = 6.328e+00
It: 10, Loss = 2.014e+00
It: 20, Loss = 1.197e+00
It: 30, Loss = 9.936e-01
It: 40, Loss = 9.945e-01
It: 50, Loss = 9.837e-01
It: 60, Loss = 9.683e-01
It: 70, Loss = 9.651e-01
It: 80, Loss = 9.624e-01
It: 90, Loss = 9.596e-01
It: 100, Loss = 9.564e-01
It: 110, Loss = 9.531e-01
It: 120, Loss = 9.494e-01
It: 130, Loss = 9.455e-01
It: 140, Loss = 9.412e-01
It: 150, Loss = 9.369e-01
It: 160, Loss = 9.327e-01
It: 170, Loss = 9.292e-01
It: 180, Loss = 9.267e-01
It: 190, Loss = 9.252e-01
It: 200, Loss = 9.243e-01
It: 210, Loss = 9.237e-01
It: 220, Loss = 9.231e-01
It: 230, Loss = 9.226e-01
It: 240, Loss = 9.221e-01
It: 250, Loss = 9.217e-01
It: 260, Loss = 9.214e-01
It: 270, Loss = 9.212e-01
It: 280, Loss = 9.210e-01
It: 290, Loss = 9.208e-01
It: 300, Loss = 9.207e-01
It: 310, Loss = 9.205e-01
It: 320, Loss = 9.203e-01
It: 330, Loss = 9.201e-01
It: 340, Loss = 9.198e-01
It: 350, Loss = 9.195e-01
It: 360, Loss = 9.190e-01
It: 370, Loss = 9.183e-01
It: 380, Loss = 9.173e-01
It: 390, Loss = 9.155e-01
It: 400, Loss = 9.125e-01
It: 410, Loss = 9.086e-01
It: 420, Loss = 9.076e-01
It: 430, Loss = 9.068e-01
It: 440, Loss = 9.061e-01
It: 450, Loss = 9.057e-01
It: 460, Loss = 9.054e-01
It: 470, Loss = 9.052e-01
It: 480, Loss = 9.051e-01
It: 490, Loss = 9.050e-01
It: 500, Loss = 9.049e-01
It: 510, Loss = 9.048e-01
It: 520, Loss = 9.048e-01
It: 530, Loss = 9.047e-01
It: 540, Loss = 9.046e-01
It: 550, Loss = 9.045e-01
It: 560, Loss = 9.044e-01
It: 570, Loss = 9.042e-01
It: 580, Loss = 9.041e-01
It: 590, Loss = 9.039e-01
It: 600, Loss = 9.038e-01
It: 610, Loss = 9.037e-01
It: 620, Loss = 9.036e-01
It: 630, Loss = 9.035e-01
It: 640, Loss = 9.034e-01
It: 650, Loss = 9.034e-01
It: 660, Loss = 9.033e-01
It: 670, Loss = 9.032e-01
It: 680, Loss = 9.031e-01
It: 690, Loss = 9.031e-01
It: 700, Loss = 9.030e-01
It: 710, Loss = 9.029e-01
It: 720, Loss = 9.028e-01
It: 730, Loss = 9.027e-01
It: 740, Loss = 9.026e-01
It: 750, Loss = 9.026e-01
It: 760, Loss = 9.024e-01
It: 770, Loss = 9.023e-01
It: 780, Loss = 9.022e-01
It: 790, Loss = 9.021e-01
It: 800, Loss = 9.020e-01
It: 810, Loss = 9.019e-01
It: 820, Loss = 9.017e-01
It: 830, Loss = 9.016e-01
It: 840, Loss = 9.014e-01
It: 850, Loss = 9.012e-01
It: 860, Loss = 9.010e-01
It: 870, Loss = 9.008e-01
It: 880, Loss = 9.005e-01
It: 890, Loss = 9.002e-01
It: 900, Loss = 8.998e-01
It: 910, Loss = 8.993e-01
It: 920, Loss = 8.988e-01
It: 930, Loss = 8.982e-01
It: 940, Loss = 8.974e-01
It: 950, Loss = 8.964e-01
It: 960, Loss = 8.952e-01
It: 970, Loss = 8.936e-01
It: 980, Loss = 8.916e-01
It: 990, Loss = 8.892e-01
G_pred shape (100, 100)
It: 0, Loss = 1.062e+00
It: 10, Loss = 1.052e+00
It: 20, Loss = 9.762e-01
It: 30, Loss = 9.555e-01
It: 40, Loss = 9.460e-01
It: 50, Loss = 9.323e-01
It: 60, Loss = 9.282e-01
It: 70, Loss = 9.272e-01
It: 80, Loss = 9.250e-01
It: 90, Loss = 9.238e-01
It: 100, Loss = 9.234e-01
It: 110, Loss = 9.229e-01
It: 120, Loss = 9.226e-01
It: 130, Loss = 9.223e-01
It: 140, Loss = 9.221e-01
It: 150, Loss = 9.218e-01
It: 160, Loss = 9.215e-01
It: 170, Loss = 9.212e-01
It: 180, Loss = 9.208e-01
It: 190, Loss = 9.204e-01
It: 200, Loss = 9.200e-01
It: 210, Loss = 9.195e-01
It: 220, Loss = 9.189e-01
It: 230, Loss = 9.182e-01
It: 240, Loss = 9.173e-01
It: 250, Loss = 9.163e-01
It: 260, Loss = 9.149e-01
It: 270, Loss = 9.131e-01
It: 280, Loss = 9.106e-01
It: 290, Loss = 9.066e-01
It: 300, Loss = 8.996e-01
It: 310, Loss = 8.874e-01
It: 320, Loss = 8.773e-01
It: 330, Loss = 8.634e-01
It: 340, Loss = 8.405e-01
It: 350, Loss = 8.387e-01
It: 360, Loss = 8.189e-01
It: 370, Loss = 8.057e-01
It: 380, Loss = 8.019e-01
It: 390, Loss = 7.966e-01
It: 400, Loss = 7.922e-01
It: 410, Loss = 7.868e-01
It: 420, Loss = 7.801e-01
It: 430, Loss = 7.711e-01
It: 440, Loss = 7.575e-01
It: 450, Loss = 7.349e-01
It: 460, Loss = 6.985e-01
It: 470, Loss = 6.714e-01
It: 480, Loss = 6.584e-01
It: 490, Loss = 6.465e-01
It: 500, Loss = 6.321e-01
It: 510, Loss = 6.183e-01
It: 520, Loss = 6.050e-01
It: 530, Loss = 5.935e-01
It: 540, Loss = 5.834e-01
It: 550, Loss = 5.811e-01
It: 560, Loss = 5.681e-01
It: 570, Loss = 5.622e-01
It: 580, Loss = 5.537e-01
It: 590, Loss = 5.705e-01
It: 600, Loss = 5.423e-01
It: 610, Loss = 5.355e-01
It: 620, Loss = 5.253e-01
It: 630, Loss = 5.340e-01
It: 640, Loss = 5.196e-01
It: 650, Loss = 5.117e-01
It: 660, Loss = 4.920e-01
It: 670, Loss = 4.857e-01
It: 680, Loss = 4.756e-01
It: 690, Loss = 4.667e-01
It: 700, Loss = 5.258e-01
It: 710, Loss = 4.542e-01
It: 720, Loss = 4.510e-01
It: 730, Loss = 4.417e-01
It: 740, Loss = 4.315e-01
It: 750, Loss = 4.218e-01
It: 760, Loss = 4.106e-01
It: 770, Loss = 3.986e-01
It: 780, Loss = 3.917e-01
It: 790, Loss = 3.876e-01
It: 800, Loss = 3.693e-01
It: 810, Loss = 3.528e-01
It: 820, Loss = 3.394e-01
It: 830, Loss = 3.242e-01
It: 840, Loss = 3.079e-01
It: 850, Loss = 3.215e-01
It: 860, Loss = 3.172e-01
It: 870, Loss = 2.729e-01
It: 880, Loss = 2.608e-01
It: 890, Loss = 2.385e-01
It: 900, Loss = 2.188e-01
It: 910, Loss = 1.974e-01
It: 920, Loss = 1.997e-01
It: 930, Loss = 2.531e-01
It: 940, Loss = 1.844e-01
It: 950, Loss = 1.539e-01
It: 960, Loss = 1.355e-01
It: 970, Loss = 1.187e-01
It: 980, Loss = 1.060e-01
It: 990, Loss = 9.520e-02
G_pred shape (100, 100)
