Using TensorFlow 2 backend.

noise_ratio =  0.05102041
It: 0, Loss = 1.295e+00
It: 10, Loss = 9.997e-01
It: 20, Loss = 9.747e-01
It: 30, Loss = 9.509e-01
It: 40, Loss = 9.352e-01
It: 50, Loss = 9.311e-01
It: 60, Loss = 9.300e-01
It: 70, Loss = 9.283e-01
It: 80, Loss = 9.274e-01
It: 90, Loss = 9.264e-01
It: 100, Loss = 9.254e-01
It: 110, Loss = 9.243e-01
It: 120, Loss = 9.233e-01
It: 130, Loss = 9.226e-01
It: 140, Loss = 9.221e-01
It: 150, Loss = 9.218e-01
It: 160, Loss = 9.215e-01
It: 170, Loss = 9.212e-01
It: 180, Loss = 9.209e-01
It: 190, Loss = 9.205e-01
It: 200, Loss = 9.201e-01
It: 210, Loss = 9.196e-01
It: 220, Loss = 9.190e-01
It: 230, Loss = 9.182e-01
It: 240, Loss = 9.172e-01
It: 250, Loss = 9.158e-01
It: 260, Loss = 9.138e-01
It: 270, Loss = 9.111e-01
It: 280, Loss = 9.080e-01
It: 290, Loss = 9.053e-01
It: 300, Loss = 9.033e-01
It: 310, Loss = 9.013e-01
It: 320, Loss = 8.988e-01
It: 330, Loss = 8.944e-01
It: 340, Loss = 8.865e-01
It: 350, Loss = 8.713e-01
It: 360, Loss = 8.869e-01
It: 370, Loss = 8.504e-01
It: 380, Loss = 8.358e-01
It: 390, Loss = 8.232e-01
It: 400, Loss = 8.107e-01
It: 410, Loss = 7.966e-01
It: 420, Loss = 7.827e-01
It: 430, Loss = 7.730e-01
It: 440, Loss = 7.669e-01
It: 450, Loss = 7.729e-01
It: 460, Loss = 7.595e-01
It: 470, Loss = 7.514e-01
It: 480, Loss = 7.433e-01
It: 490, Loss = 7.331e-01
It: 500, Loss = 7.202e-01
It: 510, Loss = 7.069e-01
It: 520, Loss = 6.831e-01
It: 530, Loss = 6.874e-01
It: 540, Loss = 6.567e-01
It: 550, Loss = 6.342e-01
It: 560, Loss = 6.535e-01
It: 570, Loss = 5.988e-01
It: 580, Loss = 5.656e-01
It: 590, Loss = 5.226e-01
It: 600, Loss = 4.801e-01
It: 610, Loss = 6.162e-01
It: 620, Loss = 4.190e-01
It: 630, Loss = 3.648e-01
It: 640, Loss = 3.148e-01
It: 650, Loss = 2.773e-01
It: 660, Loss = 2.460e-01
It: 670, Loss = 3.533e-01
It: 680, Loss = 2.615e-01
It: 690, Loss = 2.280e-01
It: 700, Loss = 1.971e-01
It: 710, Loss = 1.836e-01
It: 720, Loss = 1.682e-01
It: 730, Loss = 1.535e-01
It: 740, Loss = 1.391e-01
It: 750, Loss = 1.247e-01
It: 760, Loss = 1.106e-01
It: 770, Loss = 1.378e-01
It: 780, Loss = 1.178e-01
It: 790, Loss = 9.380e-02
It: 800, Loss = 7.764e-02
It: 810, Loss = 6.979e-02
It: 820, Loss = 6.470e-02
It: 830, Loss = 6.020e-02
It: 840, Loss = 5.638e-02
It: 850, Loss = 5.311e-02
It: 860, Loss = 5.038e-02
It: 870, Loss = 8.449e-02
It: 880, Loss = 5.584e-02
It: 890, Loss = 4.452e-02
It: 900, Loss = 4.234e-02
It: 910, Loss = 4.035e-02
It: 920, Loss = 3.844e-02
It: 930, Loss = 3.704e-02
It: 940, Loss = 1.126e-01
It: 950, Loss = 4.517e-02
It: 960, Loss = 3.838e-02
It: 970, Loss = 3.261e-02
It: 980, Loss = 3.172e-02
It: 990, Loss = 3.029e-02
G_pred shape (100, 100)
It: 0, Loss = 1.026e+00
It: 10, Loss = 9.672e-01
It: 20, Loss = 9.864e-01
It: 30, Loss = 9.513e-01
It: 40, Loss = 9.447e-01
It: 50, Loss = 9.372e-01
It: 60, Loss = 9.313e-01
It: 70, Loss = 9.285e-01
It: 80, Loss = 9.270e-01
It: 90, Loss = 9.258e-01
It: 100, Loss = 9.252e-01
It: 110, Loss = 9.250e-01
It: 120, Loss = 9.247e-01
It: 130, Loss = 9.246e-01
It: 140, Loss = 9.244e-01
It: 150, Loss = 9.242e-01
It: 160, Loss = 9.240e-01
It: 170, Loss = 9.238e-01
It: 180, Loss = 9.236e-01
It: 190, Loss = 9.234e-01
It: 200, Loss = 9.232e-01
It: 210, Loss = 9.229e-01
It: 220, Loss = 9.226e-01
It: 230, Loss = 9.222e-01
It: 240, Loss = 9.217e-01
It: 250, Loss = 9.210e-01
It: 260, Loss = 9.200e-01
It: 270, Loss = 9.181e-01
It: 280, Loss = 9.150e-01
It: 290, Loss = 9.122e-01
It: 300, Loss = 9.113e-01
It: 310, Loss = 9.099e-01
It: 320, Loss = 9.087e-01
It: 330, Loss = 9.072e-01
It: 340, Loss = 9.054e-01
It: 350, Loss = 9.031e-01
It: 360, Loss = 9.004e-01
It: 370, Loss = 8.970e-01
It: 380, Loss = 8.932e-01
It: 390, Loss = 8.888e-01
It: 400, Loss = 8.838e-01
It: 410, Loss = 8.777e-01
It: 420, Loss = 8.700e-01
It: 430, Loss = 8.623e-01
It: 440, Loss = 8.535e-01
It: 450, Loss = 8.392e-01
It: 460, Loss = 8.155e-01
It: 470, Loss = 8.067e-01
It: 480, Loss = 7.915e-01
It: 490, Loss = 7.739e-01
It: 500, Loss = 7.570e-01
It: 510, Loss = 7.417e-01
It: 520, Loss = 7.311e-01
It: 530, Loss = 7.249e-01
It: 540, Loss = 7.256e-01
It: 550, Loss = 7.175e-01
It: 560, Loss = 7.124e-01
It: 570, Loss = 7.087e-01
It: 580, Loss = 7.057e-01
It: 590, Loss = 7.029e-01
It: 600, Loss = 7.052e-01
It: 610, Loss = 6.995e-01
It: 620, Loss = 6.965e-01
It: 630, Loss = 6.929e-01
It: 640, Loss = 7.124e-01
It: 650, Loss = 6.902e-01
It: 660, Loss = 6.843e-01
It: 670, Loss = 6.803e-01
It: 680, Loss = 6.806e-01
It: 690, Loss = 6.781e-01
It: 700, Loss = 6.685e-01
It: 710, Loss = 6.829e-01
It: 720, Loss = 6.554e-01
It: 730, Loss = 6.456e-01
It: 740, Loss = 6.383e-01
It: 750, Loss = 6.468e-01
It: 760, Loss = 6.168e-01
It: 770, Loss = 6.015e-01
It: 780, Loss = 5.893e-01
It: 790, Loss = 5.733e-01
It: 800, Loss = 5.808e-01
It: 810, Loss = 5.891e-01
It: 820, Loss = 5.738e-01
It: 830, Loss = 5.578e-01
It: 840, Loss = 5.493e-01
It: 850, Loss = 5.416e-01
It: 860, Loss = 5.346e-01
It: 870, Loss = 5.283e-01
It: 880, Loss = 5.220e-01
It: 890, Loss = 5.154e-01
It: 900, Loss = 5.082e-01
It: 910, Loss = 5.002e-01
It: 920, Loss = 4.914e-01
It: 930, Loss = 4.815e-01
It: 940, Loss = 4.705e-01
It: 950, Loss = 6.160e-01
It: 960, Loss = 5.151e-01
It: 970, Loss = 4.692e-01
It: 980, Loss = 4.447e-01
It: 990, Loss = 4.274e-01
G_pred shape (100, 100)
It: 0, Loss = 1.422e+00
It: 10, Loss = 9.908e-01
It: 20, Loss = 9.785e-01
It: 30, Loss = 9.495e-01
It: 40, Loss = 9.406e-01
It: 50, Loss = 9.379e-01
It: 60, Loss = 9.367e-01
It: 70, Loss = 9.359e-01
It: 80, Loss = 9.348e-01
It: 90, Loss = 9.337e-01
It: 100, Loss = 9.328e-01
It: 110, Loss = 9.324e-01
It: 120, Loss = 9.322e-01
It: 130, Loss = 9.320e-01
It: 140, Loss = 9.319e-01
It: 150, Loss = 9.317e-01
It: 160, Loss = 9.316e-01
It: 170, Loss = 9.315e-01
It: 180, Loss = 9.313e-01
It: 190, Loss = 9.312e-01
It: 200, Loss = 9.310e-01
It: 210, Loss = 9.308e-01
It: 220, Loss = 9.306e-01
It: 230, Loss = 9.304e-01
It: 240, Loss = 9.301e-01
It: 250, Loss = 9.298e-01
It: 260, Loss = 9.294e-01
It: 270, Loss = 9.288e-01
It: 280, Loss = 9.277e-01
It: 290, Loss = 9.257e-01
It: 300, Loss = 9.231e-01
It: 310, Loss = 9.218e-01
It: 320, Loss = 9.208e-01
It: 330, Loss = 9.202e-01
It: 340, Loss = 9.195e-01
It: 350, Loss = 9.189e-01
It: 360, Loss = 9.183e-01
It: 370, Loss = 9.177e-01
It: 380, Loss = 9.170e-01
It: 390, Loss = 9.163e-01
It: 400, Loss = 9.154e-01
It: 410, Loss = 9.143e-01
It: 420, Loss = 9.129e-01
It: 430, Loss = 9.111e-01
It: 440, Loss = 9.085e-01
It: 450, Loss = 9.048e-01
It: 460, Loss = 8.985e-01
It: 470, Loss = 8.841e-01
It: 480, Loss = 8.577e-01
It: 490, Loss = 8.683e-01
It: 500, Loss = 8.315e-01
It: 510, Loss = 8.236e-01
It: 520, Loss = 8.168e-01
It: 530, Loss = 8.091e-01
It: 540, Loss = 8.014e-01
It: 550, Loss = 7.931e-01
It: 560, Loss = 7.840e-01
It: 570, Loss = 7.744e-01
It: 580, Loss = 7.638e-01
It: 590, Loss = 7.520e-01
It: 600, Loss = 7.395e-01
It: 610, Loss = 7.263e-01
It: 620, Loss = 7.494e-01
It: 630, Loss = 7.178e-01
It: 640, Loss = 7.081e-01
It: 650, Loss = 7.014e-01
It: 660, Loss = 6.961e-01
It: 670, Loss = 6.912e-01
It: 680, Loss = 6.860e-01
It: 690, Loss = 6.797e-01
It: 700, Loss = 6.720e-01
It: 710, Loss = 6.623e-01
It: 720, Loss = 6.659e-01
It: 730, Loss = 6.467e-01
It: 740, Loss = 6.382e-01
It: 750, Loss = 6.205e-01
It: 760, Loss = 6.103e-01
It: 770, Loss = 6.111e-01
It: 780, Loss = 6.050e-01
It: 790, Loss = 5.882e-01
It: 800, Loss = 5.809e-01
It: 810, Loss = 5.682e-01
It: 820, Loss = 5.635e-01
It: 830, Loss = 5.489e-01
It: 840, Loss = 5.393e-01
It: 850, Loss = 5.631e-01
It: 860, Loss = 5.246e-01
It: 870, Loss = 5.120e-01
It: 880, Loss = 4.983e-01
It: 890, Loss = 4.817e-01
It: 900, Loss = 5.377e-01
It: 910, Loss = 4.807e-01
It: 920, Loss = 4.518e-01
It: 930, Loss = 4.250e-01
It: 940, Loss = 3.986e-01
It: 950, Loss = 4.893e-01
It: 960, Loss = 4.667e-01
It: 970, Loss = 4.003e-01
It: 980, Loss = 3.568e-01
It: 990, Loss = 3.251e-01
G_pred shape (100, 100)
It: 0, Loss = 1.324e+00
It: 10, Loss = 9.807e-01
It: 20, Loss = 9.679e-01
It: 30, Loss = 9.560e-01
It: 40, Loss = 9.431e-01
It: 50, Loss = 9.343e-01
It: 60, Loss = 9.302e-01
It: 70, Loss = 9.286e-01
It: 80, Loss = 9.273e-01
It: 90, Loss = 9.261e-01
It: 100, Loss = 9.255e-01
It: 110, Loss = 9.252e-01
It: 120, Loss = 9.250e-01
It: 130, Loss = 9.247e-01
It: 140, Loss = 9.246e-01
It: 150, Loss = 9.244e-01
It: 160, Loss = 9.242e-01
It: 170, Loss = 9.240e-01
It: 180, Loss = 9.238e-01
It: 190, Loss = 9.235e-01
It: 200, Loss = 9.233e-01
It: 210, Loss = 9.230e-01
It: 220, Loss = 9.226e-01
It: 230, Loss = 9.221e-01
It: 240, Loss = 9.215e-01
It: 250, Loss = 9.205e-01
It: 260, Loss = 9.189e-01
It: 270, Loss = 9.158e-01
It: 280, Loss = 9.129e-01
It: 290, Loss = 9.118e-01
It: 300, Loss = 9.108e-01
It: 310, Loss = 9.096e-01
It: 320, Loss = 9.082e-01
It: 330, Loss = 9.064e-01
It: 340, Loss = 9.040e-01
It: 350, Loss = 9.008e-01
It: 360, Loss = 8.963e-01
It: 370, Loss = 8.890e-01
It: 380, Loss = 8.756e-01
It: 390, Loss = 8.598e-01
It: 400, Loss = 8.547e-01
It: 410, Loss = 8.441e-01
It: 420, Loss = 8.323e-01
It: 430, Loss = 8.225e-01
It: 440, Loss = 8.120e-01
It: 450, Loss = 8.016e-01
It: 460, Loss = 8.070e-01
It: 470, Loss = 7.928e-01
It: 480, Loss = 7.855e-01
It: 490, Loss = 7.774e-01
It: 500, Loss = 7.696e-01
It: 510, Loss = 7.614e-01
It: 520, Loss = 7.512e-01
It: 530, Loss = 7.682e-01
It: 540, Loss = 7.312e-01
It: 550, Loss = 7.193e-01
It: 560, Loss = 6.971e-01
It: 570, Loss = 6.694e-01
It: 580, Loss = 7.229e-01
It: 590, Loss = 6.399e-01
It: 600, Loss = 6.043e-01
It: 610, Loss = 5.784e-01
It: 620, Loss = 5.638e-01
It: 630, Loss = 5.469e-01
It: 640, Loss = 5.340e-01
It: 650, Loss = 5.216e-01
It: 660, Loss = 5.109e-01
It: 670, Loss = 4.954e-01
It: 680, Loss = 5.229e-01
It: 690, Loss = 4.774e-01
It: 700, Loss = 4.736e-01
It: 710, Loss = 4.439e-01
It: 720, Loss = 4.320e-01
It: 730, Loss = 5.424e-01
It: 740, Loss = 4.181e-01
It: 750, Loss = 3.961e-01
It: 760, Loss = 3.682e-01
It: 770, Loss = 3.571e-01
It: 780, Loss = 4.135e-01
It: 790, Loss = 3.194e-01
It: 800, Loss = 3.079e-01
It: 810, Loss = 2.782e-01
It: 820, Loss = 2.493e-01
It: 830, Loss = 2.237e-01
It: 840, Loss = 2.977e-01
It: 850, Loss = 1.897e-01
It: 860, Loss = 1.770e-01
It: 870, Loss = 1.553e-01
It: 880, Loss = 1.397e-01
It: 890, Loss = 1.275e-01
It: 900, Loss = 1.172e-01
It: 910, Loss = 1.090e-01
It: 920, Loss = 1.020e-01
It: 930, Loss = 9.583e-02
It: 940, Loss = 9.275e-02
It: 950, Loss = 1.634e-01
It: 960, Loss = 1.062e-01
It: 970, Loss = 8.163e-02
It: 980, Loss = 7.720e-02
It: 990, Loss = 7.393e-02
G_pred shape (100, 100)
It: 0, Loss = 1.213e+00
It: 10, Loss = 1.110e+00
It: 20, Loss = 1.017e+00
It: 30, Loss = 9.738e-01
It: 40, Loss = 9.531e-01
It: 50, Loss = 9.419e-01
It: 60, Loss = 9.346e-01
It: 70, Loss = 9.290e-01
It: 80, Loss = 9.255e-01
It: 90, Loss = 9.240e-01
It: 100, Loss = 9.233e-01
It: 110, Loss = 9.226e-01
It: 120, Loss = 9.221e-01
It: 130, Loss = 9.218e-01
It: 140, Loss = 9.216e-01
It: 150, Loss = 9.214e-01
It: 160, Loss = 9.212e-01
It: 170, Loss = 9.210e-01
It: 180, Loss = 9.208e-01
It: 190, Loss = 9.206e-01
It: 200, Loss = 9.204e-01
It: 210, Loss = 9.202e-01
It: 220, Loss = 9.200e-01
It: 230, Loss = 9.197e-01
It: 240, Loss = 9.195e-01
It: 250, Loss = 9.191e-01
It: 260, Loss = 9.188e-01
It: 270, Loss = 9.183e-01
It: 280, Loss = 9.177e-01
It: 290, Loss = 9.169e-01
It: 300, Loss = 9.157e-01
It: 310, Loss = 9.137e-01
It: 320, Loss = 9.112e-01
It: 330, Loss = 9.093e-01
It: 340, Loss = 9.077e-01
It: 350, Loss = 9.063e-01
It: 360, Loss = 9.047e-01
It: 370, Loss = 9.027e-01
It: 380, Loss = 9.001e-01
It: 390, Loss = 8.966e-01
It: 400, Loss = 8.915e-01
It: 410, Loss = 8.837e-01
It: 420, Loss = 8.712e-01
It: 430, Loss = 8.536e-01
It: 440, Loss = 8.370e-01
It: 450, Loss = 8.240e-01
It: 460, Loss = 8.112e-01
It: 470, Loss = 7.990e-01
It: 480, Loss = 7.873e-01
It: 490, Loss = 7.753e-01
It: 500, Loss = 7.595e-01
It: 510, Loss = 7.398e-01
It: 520, Loss = 7.178e-01
It: 530, Loss = 6.977e-01
It: 540, Loss = 6.795e-01
It: 550, Loss = 6.636e-01
It: 560, Loss = 6.476e-01
It: 570, Loss = 6.329e-01
It: 580, Loss = 6.196e-01
It: 590, Loss = 6.108e-01
It: 600, Loss = 5.975e-01
It: 610, Loss = 5.894e-01
It: 620, Loss = 5.868e-01
It: 630, Loss = 5.817e-01
It: 640, Loss = 5.827e-01
It: 650, Loss = 5.734e-01
It: 660, Loss = 5.646e-01
It: 670, Loss = 5.607e-01
It: 680, Loss = 5.562e-01
It: 690, Loss = 5.508e-01
It: 700, Loss = 5.823e-01
It: 710, Loss = 5.475e-01
It: 720, Loss = 5.501e-01
It: 730, Loss = 5.410e-01
It: 740, Loss = 5.339e-01
It: 750, Loss = 5.300e-01
It: 760, Loss = 5.259e-01
It: 770, Loss = 5.224e-01
It: 780, Loss = 5.376e-01
It: 790, Loss = 5.499e-01
It: 800, Loss = 5.230e-01
It: 810, Loss = 5.183e-01
It: 820, Loss = 5.150e-01
It: 830, Loss = 5.128e-01
It: 840, Loss = 5.108e-01
It: 850, Loss = 5.090e-01
It: 860, Loss = 5.072e-01
It: 870, Loss = 5.051e-01
It: 880, Loss = 5.029e-01
It: 890, Loss = 5.002e-01
It: 900, Loss = 4.971e-01
It: 910, Loss = 4.933e-01
It: 920, Loss = 6.918e-01
It: 930, Loss = 5.032e-01
It: 940, Loss = 4.941e-01
It: 950, Loss = 4.834e-01
It: 960, Loss = 4.723e-01
It: 970, Loss = 4.599e-01
It: 980, Loss = 4.428e-01
It: 990, Loss = 4.170e-01
G_pred shape (100, 100)
