Using TensorFlow 2 backend.

noise_ratio =  0.23469388
It: 0, Loss = 1.153e+00
It: 10, Loss = 1.128e+00
It: 20, Loss = 1.020e+00
It: 30, Loss = 9.728e-01
It: 40, Loss = 9.537e-01
It: 50, Loss = 9.464e-01
It: 60, Loss = 9.416e-01
It: 70, Loss = 9.365e-01
It: 80, Loss = 9.345e-01
It: 90, Loss = 9.338e-01
It: 100, Loss = 9.337e-01
It: 110, Loss = 9.335e-01
It: 120, Loss = 9.333e-01
It: 130, Loss = 9.332e-01
It: 140, Loss = 9.331e-01
It: 150, Loss = 9.330e-01
It: 160, Loss = 9.329e-01
It: 170, Loss = 9.327e-01
It: 180, Loss = 9.326e-01
It: 190, Loss = 9.324e-01
It: 200, Loss = 9.322e-01
It: 210, Loss = 9.319e-01
It: 220, Loss = 9.314e-01
It: 230, Loss = 9.305e-01
It: 240, Loss = 9.284e-01
It: 250, Loss = 9.247e-01
It: 260, Loss = 9.228e-01
It: 270, Loss = 9.219e-01
It: 280, Loss = 9.215e-01
It: 290, Loss = 9.213e-01
It: 300, Loss = 9.211e-01
It: 310, Loss = 9.210e-01
It: 320, Loss = 9.209e-01
It: 330, Loss = 9.208e-01
It: 340, Loss = 9.206e-01
It: 350, Loss = 9.205e-01
It: 360, Loss = 9.204e-01
It: 370, Loss = 9.203e-01
It: 380, Loss = 9.201e-01
It: 390, Loss = 9.200e-01
It: 400, Loss = 9.199e-01
It: 410, Loss = 9.197e-01
It: 420, Loss = 9.196e-01
It: 430, Loss = 9.194e-01
It: 440, Loss = 9.193e-01
It: 450, Loss = 9.191e-01
It: 460, Loss = 9.190e-01
It: 470, Loss = 9.188e-01
It: 480, Loss = 9.186e-01
It: 490, Loss = 9.184e-01
It: 500, Loss = 9.181e-01
It: 510, Loss = 9.179e-01
It: 520, Loss = 9.176e-01
It: 530, Loss = 9.173e-01
It: 540, Loss = 9.170e-01
It: 550, Loss = 9.166e-01
It: 560, Loss = 9.162e-01
It: 570, Loss = 9.157e-01
It: 580, Loss = 9.152e-01
It: 590, Loss = 9.146e-01
It: 600, Loss = 9.138e-01
It: 610, Loss = 9.130e-01
It: 620, Loss = 9.119e-01
It: 630, Loss = 9.105e-01
It: 640, Loss = 9.089e-01
It: 650, Loss = 9.068e-01
It: 660, Loss = 9.041e-01
It: 670, Loss = 9.002e-01
It: 680, Loss = 8.934e-01
It: 690, Loss = 8.810e-01
It: 700, Loss = 8.614e-01
It: 710, Loss = 8.441e-01
It: 720, Loss = 8.306e-01
It: 730, Loss = 8.280e-01
It: 740, Loss = 8.103e-01
It: 750, Loss = 7.954e-01
It: 760, Loss = 7.808e-01
It: 770, Loss = 7.729e-01
It: 780, Loss = 7.646e-01
It: 790, Loss = 7.579e-01
It: 800, Loss = 7.526e-01
It: 810, Loss = 7.476e-01
It: 820, Loss = 7.556e-01
It: 830, Loss = 7.682e-01
It: 840, Loss = 7.436e-01
It: 850, Loss = 7.393e-01
It: 860, Loss = 7.342e-01
It: 870, Loss = 7.299e-01
It: 880, Loss = 7.257e-01
It: 890, Loss = 7.211e-01
It: 900, Loss = 7.160e-01
It: 910, Loss = 7.101e-01
It: 920, Loss = 7.033e-01
It: 930, Loss = 7.068e-01
It: 940, Loss = 7.126e-01
It: 950, Loss = 6.978e-01
It: 960, Loss = 6.830e-01
It: 970, Loss = 6.728e-01
It: 980, Loss = 6.616e-01
It: 990, Loss = 6.488e-01
G_pred shape (100, 100)
It: 0, Loss = 1.867e+00
It: 10, Loss = 1.010e+00
It: 20, Loss = 9.837e-01
It: 30, Loss = 9.853e-01
It: 40, Loss = 9.808e-01
It: 50, Loss = 9.742e-01
It: 60, Loss = 9.687e-01
It: 70, Loss = 9.641e-01
It: 80, Loss = 9.595e-01
It: 90, Loss = 9.547e-01
It: 100, Loss = 9.499e-01
It: 110, Loss = 9.453e-01
It: 120, Loss = 9.415e-01
It: 130, Loss = 9.390e-01
It: 140, Loss = 9.376e-01
It: 150, Loss = 9.371e-01
It: 160, Loss = 9.369e-01
It: 170, Loss = 9.367e-01
It: 180, Loss = 9.366e-01
It: 190, Loss = 9.365e-01
It: 200, Loss = 9.364e-01
It: 210, Loss = 9.363e-01
It: 220, Loss = 9.363e-01
It: 230, Loss = 9.362e-01
It: 240, Loss = 9.362e-01
It: 250, Loss = 9.361e-01
It: 260, Loss = 9.361e-01
It: 270, Loss = 9.360e-01
It: 280, Loss = 9.360e-01
It: 290, Loss = 9.359e-01
It: 300, Loss = 9.359e-01
It: 310, Loss = 9.358e-01
It: 320, Loss = 9.357e-01
It: 330, Loss = 9.357e-01
It: 340, Loss = 9.356e-01
It: 350, Loss = 9.356e-01
It: 360, Loss = 9.355e-01
It: 370, Loss = 9.354e-01
It: 380, Loss = 9.353e-01
It: 390, Loss = 9.352e-01
It: 400, Loss = 9.351e-01
It: 410, Loss = 9.350e-01
It: 420, Loss = 9.348e-01
It: 430, Loss = 9.346e-01
It: 440, Loss = 9.344e-01
It: 450, Loss = 9.340e-01
It: 460, Loss = 9.335e-01
It: 470, Loss = 9.326e-01
It: 480, Loss = 9.311e-01
It: 490, Loss = 9.295e-01
It: 500, Loss = 9.290e-01
It: 510, Loss = 9.287e-01
It: 520, Loss = 9.284e-01
It: 530, Loss = 9.282e-01
It: 540, Loss = 9.280e-01
It: 550, Loss = 9.277e-01
It: 560, Loss = 9.274e-01
It: 570, Loss = 9.270e-01
It: 580, Loss = 9.264e-01
It: 590, Loss = 9.257e-01
It: 600, Loss = 9.248e-01
It: 610, Loss = 9.233e-01
It: 620, Loss = 9.212e-01
It: 630, Loss = 9.175e-01
It: 640, Loss = 9.111e-01
It: 650, Loss = 8.983e-01
It: 660, Loss = 8.732e-01
It: 670, Loss = 8.469e-01
It: 680, Loss = 8.322e-01
It: 690, Loss = 8.191e-01
It: 700, Loss = 8.077e-01
It: 710, Loss = 7.963e-01
It: 720, Loss = 7.868e-01
It: 730, Loss = 7.800e-01
It: 740, Loss = 7.753e-01
It: 750, Loss = 7.714e-01
It: 760, Loss = 7.667e-01
It: 770, Loss = 7.585e-01
It: 780, Loss = 7.407e-01
It: 790, Loss = 7.074e-01
It: 800, Loss = 6.821e-01
It: 810, Loss = 6.587e-01
It: 820, Loss = 6.442e-01
It: 830, Loss = 6.359e-01
It: 840, Loss = 6.281e-01
It: 850, Loss = 6.222e-01
It: 860, Loss = 6.257e-01
It: 870, Loss = 6.160e-01
It: 880, Loss = 6.100e-01
It: 890, Loss = 6.078e-01
It: 900, Loss = 6.050e-01
It: 910, Loss = 6.024e-01
It: 920, Loss = 6.002e-01
It: 930, Loss = 5.982e-01
It: 940, Loss = 5.960e-01
It: 950, Loss = 5.982e-01
It: 960, Loss = 5.925e-01
It: 970, Loss = 5.895e-01
It: 980, Loss = 5.873e-01
It: 990, Loss = 5.844e-01
G_pred shape (100, 100)
It: 0, Loss = 1.556e+00
It: 10, Loss = 9.970e-01
It: 20, Loss = 9.769e-01
It: 30, Loss = 9.678e-01
It: 40, Loss = 9.588e-01
It: 50, Loss = 9.499e-01
It: 60, Loss = 9.418e-01
It: 70, Loss = 9.359e-01
It: 80, Loss = 9.325e-01
It: 90, Loss = 9.318e-01
It: 100, Loss = 9.318e-01
It: 110, Loss = 9.317e-01
It: 120, Loss = 9.315e-01
It: 130, Loss = 9.315e-01
It: 140, Loss = 9.314e-01
It: 150, Loss = 9.313e-01
It: 160, Loss = 9.312e-01
It: 170, Loss = 9.312e-01
It: 180, Loss = 9.311e-01
It: 190, Loss = 9.310e-01
It: 200, Loss = 9.309e-01
It: 210, Loss = 9.307e-01
It: 220, Loss = 9.306e-01
It: 230, Loss = 9.305e-01
It: 240, Loss = 9.304e-01
It: 250, Loss = 9.302e-01
It: 260, Loss = 9.300e-01
It: 270, Loss = 9.298e-01
It: 280, Loss = 9.296e-01
It: 290, Loss = 9.293e-01
It: 300, Loss = 9.290e-01
It: 310, Loss = 9.285e-01
It: 320, Loss = 9.277e-01
It: 330, Loss = 9.256e-01
It: 340, Loss = 9.218e-01
It: 350, Loss = 9.214e-01
It: 360, Loss = 9.207e-01
It: 370, Loss = 9.202e-01
It: 380, Loss = 9.197e-01
It: 390, Loss = 9.191e-01
It: 400, Loss = 9.184e-01
It: 410, Loss = 9.177e-01
It: 420, Loss = 9.169e-01
It: 430, Loss = 9.159e-01
It: 440, Loss = 9.149e-01
It: 450, Loss = 9.136e-01
It: 460, Loss = 9.122e-01
It: 470, Loss = 9.106e-01
It: 480, Loss = 9.087e-01
It: 490, Loss = 9.064e-01
It: 500, Loss = 9.037e-01
It: 510, Loss = 9.002e-01
It: 520, Loss = 8.953e-01
It: 530, Loss = 8.880e-01
It: 540, Loss = 8.778e-01
It: 550, Loss = 8.666e-01
It: 560, Loss = 8.517e-01
It: 570, Loss = 8.330e-01
It: 580, Loss = 8.165e-01
It: 590, Loss = 8.042e-01
It: 600, Loss = 7.917e-01
It: 610, Loss = 7.799e-01
It: 620, Loss = 7.734e-01
It: 630, Loss = 7.679e-01
It: 640, Loss = 7.645e-01
It: 650, Loss = 7.617e-01
It: 660, Loss = 7.591e-01
It: 670, Loss = 7.569e-01
It: 680, Loss = 7.562e-01
It: 690, Loss = 7.542e-01
It: 700, Loss = 7.522e-01
It: 710, Loss = 7.503e-01
It: 720, Loss = 7.485e-01
It: 730, Loss = 7.466e-01
It: 740, Loss = 7.443e-01
It: 750, Loss = 7.427e-01
It: 760, Loss = 7.429e-01
It: 770, Loss = 7.352e-01
It: 780, Loss = 7.312e-01
It: 790, Loss = 7.253e-01
It: 800, Loss = 7.236e-01
It: 810, Loss = 7.113e-01
It: 820, Loss = 7.014e-01
It: 830, Loss = 6.911e-01
It: 840, Loss = 6.715e-01
It: 850, Loss = 6.502e-01
It: 860, Loss = 6.370e-01
It: 870, Loss = 6.238e-01
It: 880, Loss = 5.976e-01
It: 890, Loss = 5.728e-01
It: 900, Loss = 5.569e-01
It: 910, Loss = 5.416e-01
It: 920, Loss = 5.268e-01
It: 930, Loss = 5.134e-01
It: 940, Loss = 5.022e-01
It: 950, Loss = 4.927e-01
It: 960, Loss = 5.191e-01
It: 970, Loss = 4.789e-01
It: 980, Loss = 4.667e-01
It: 990, Loss = 4.513e-01
G_pred shape (100, 100)
It: 0, Loss = 2.120e+00
It: 10, Loss = 1.032e+00
It: 20, Loss = 1.010e+00
It: 30, Loss = 1.001e+00
It: 40, Loss = 9.896e-01
It: 50, Loss = 9.804e-01
It: 60, Loss = 9.742e-01
It: 70, Loss = 9.693e-01
It: 80, Loss = 9.646e-01
It: 90, Loss = 9.597e-01
It: 100, Loss = 9.544e-01
It: 110, Loss = 9.490e-01
It: 120, Loss = 9.441e-01
It: 130, Loss = 9.407e-01
It: 140, Loss = 9.394e-01
It: 150, Loss = 9.391e-01
It: 160, Loss = 9.387e-01
It: 170, Loss = 9.382e-01
It: 180, Loss = 9.379e-01
It: 190, Loss = 9.377e-01
It: 200, Loss = 9.374e-01
It: 210, Loss = 9.372e-01
It: 220, Loss = 9.371e-01
It: 230, Loss = 9.369e-01
It: 240, Loss = 9.368e-01
It: 250, Loss = 9.366e-01
It: 260, Loss = 9.364e-01
It: 270, Loss = 9.361e-01
It: 280, Loss = 9.357e-01
It: 290, Loss = 9.348e-01
It: 300, Loss = 9.333e-01
It: 310, Loss = 9.313e-01
It: 320, Loss = 9.305e-01
It: 330, Loss = 9.300e-01
It: 340, Loss = 9.294e-01
It: 350, Loss = 9.290e-01
It: 360, Loss = 9.287e-01
It: 370, Loss = 9.283e-01
It: 380, Loss = 9.280e-01
It: 390, Loss = 9.278e-01
It: 400, Loss = 9.276e-01
It: 410, Loss = 9.274e-01
It: 420, Loss = 9.272e-01
It: 430, Loss = 9.269e-01
It: 440, Loss = 9.267e-01
It: 450, Loss = 9.264e-01
It: 460, Loss = 9.260e-01
It: 470, Loss = 9.256e-01
It: 480, Loss = 9.250e-01
It: 490, Loss = 9.243e-01
It: 500, Loss = 9.233e-01
It: 510, Loss = 9.216e-01
It: 520, Loss = 9.188e-01
It: 530, Loss = 9.136e-01
It: 540, Loss = 9.050e-01
It: 550, Loss = 8.943e-01
It: 560, Loss = 8.852e-01
It: 570, Loss = 8.795e-01
It: 580, Loss = 8.733e-01
It: 590, Loss = 8.682e-01
It: 600, Loss = 8.633e-01
It: 610, Loss = 8.599e-01
It: 620, Loss = 8.550e-01
It: 630, Loss = 8.487e-01
It: 640, Loss = 8.502e-01
It: 650, Loss = 8.408e-01
It: 660, Loss = 8.332e-01
It: 670, Loss = 8.296e-01
It: 680, Loss = 8.255e-01
It: 690, Loss = 8.342e-01
It: 700, Loss = 8.235e-01
It: 710, Loss = 8.176e-01
It: 720, Loss = 8.145e-01
It: 730, Loss = 8.114e-01
It: 740, Loss = 8.077e-01
It: 750, Loss = 8.032e-01
It: 760, Loss = 7.978e-01
It: 770, Loss = 8.368e-01
It: 780, Loss = 7.971e-01
It: 790, Loss = 7.819e-01
It: 800, Loss = 7.779e-01
It: 810, Loss = 7.720e-01
It: 820, Loss = 7.660e-01
It: 830, Loss = 7.600e-01
It: 840, Loss = 7.551e-01
It: 850, Loss = 7.474e-01
It: 860, Loss = 7.547e-01
It: 870, Loss = 7.364e-01
It: 880, Loss = 7.316e-01
It: 890, Loss = 7.245e-01
It: 900, Loss = 7.183e-01
It: 910, Loss = 7.329e-01
It: 920, Loss = 7.111e-01
It: 930, Loss = 7.036e-01
It: 940, Loss = 6.914e-01
It: 950, Loss = 6.840e-01
It: 960, Loss = 6.836e-01
It: 970, Loss = 6.691e-01
It: 980, Loss = 6.433e-01
It: 990, Loss = 6.322e-01
G_pred shape (100, 100)
It: 0, Loss = 1.002e+00
It: 10, Loss = 9.651e-01
It: 20, Loss = 9.690e-01
It: 30, Loss = 9.469e-01
It: 40, Loss = 9.380e-01
It: 50, Loss = 9.345e-01
It: 60, Loss = 9.340e-01
It: 70, Loss = 9.338e-01
It: 80, Loss = 9.333e-01
It: 90, Loss = 9.332e-01
It: 100, Loss = 9.330e-01
It: 110, Loss = 9.328e-01
It: 120, Loss = 9.327e-01
It: 130, Loss = 9.325e-01
It: 140, Loss = 9.324e-01
It: 150, Loss = 9.322e-01
It: 160, Loss = 9.320e-01
It: 170, Loss = 9.318e-01
It: 180, Loss = 9.315e-01
It: 190, Loss = 9.310e-01
It: 200, Loss = 9.295e-01
It: 210, Loss = 9.265e-01
It: 220, Loss = 9.265e-01
It: 230, Loss = 9.253e-01
It: 240, Loss = 9.245e-01
It: 250, Loss = 9.241e-01
It: 260, Loss = 9.239e-01
It: 270, Loss = 9.236e-01
It: 280, Loss = 9.233e-01
It: 290, Loss = 9.229e-01
It: 300, Loss = 9.225e-01
It: 310, Loss = 9.219e-01
It: 320, Loss = 9.213e-01
It: 330, Loss = 9.203e-01
It: 340, Loss = 9.191e-01
It: 350, Loss = 9.175e-01
It: 360, Loss = 9.152e-01
It: 370, Loss = 9.117e-01
It: 380, Loss = 9.063e-01
It: 390, Loss = 8.971e-01
It: 400, Loss = 8.806e-01
It: 410, Loss = 9.235e-01
It: 420, Loss = 8.545e-01
It: 430, Loss = 8.489e-01
It: 440, Loss = 8.359e-01
It: 450, Loss = 8.298e-01
It: 460, Loss = 8.225e-01
It: 470, Loss = 8.128e-01
It: 480, Loss = 7.983e-01
It: 490, Loss = 7.738e-01
It: 500, Loss = 7.518e-01
It: 510, Loss = 7.072e-01
It: 520, Loss = 6.787e-01
It: 530, Loss = 6.517e-01
It: 540, Loss = 6.279e-01
It: 550, Loss = 6.125e-01
It: 560, Loss = 6.015e-01
It: 570, Loss = 6.311e-01
It: 580, Loss = 6.076e-01
It: 590, Loss = 5.926e-01
It: 600, Loss = 5.843e-01
It: 610, Loss = 5.810e-01
It: 620, Loss = 5.774e-01
It: 630, Loss = 5.737e-01
It: 640, Loss = 5.701e-01
It: 650, Loss = 5.656e-01
It: 660, Loss = 5.607e-01
It: 670, Loss = 5.579e-01
It: 680, Loss = 5.593e-01
It: 690, Loss = 5.478e-01
It: 700, Loss = 5.429e-01
It: 710, Loss = 5.370e-01
It: 720, Loss = 5.326e-01
It: 730, Loss = 5.283e-01
It: 740, Loss = 5.253e-01
It: 750, Loss = 5.214e-01
It: 760, Loss = 5.130e-01
It: 770, Loss = 5.031e-01
It: 780, Loss = 5.091e-01
It: 790, Loss = 4.843e-01
It: 800, Loss = 4.495e-01
It: 810, Loss = 4.232e-01
It: 820, Loss = 5.072e-01
It: 830, Loss = 3.789e-01
It: 840, Loss = 3.312e-01
It: 850, Loss = 2.979e-01
It: 860, Loss = 2.639e-01
It: 870, Loss = 2.534e-01
It: 880, Loss = 2.456e-01
It: 890, Loss = 2.127e-01
It: 900, Loss = 1.779e-01
It: 910, Loss = 1.697e-01
It: 920, Loss = 1.633e-01
It: 930, Loss = 1.429e-01
It: 940, Loss = 1.399e-01
It: 950, Loss = 1.352e-01
It: 960, Loss = 1.385e-01
It: 970, Loss = 1.309e-01
It: 980, Loss = 1.231e-01
It: 990, Loss = 1.254e-01
G_pred shape (100, 100)
