Using TensorFlow 2 backend.

noise_ratio =  0.48979592
It: 0, Loss = 2.189e+00
It: 10, Loss = 1.025e+00
It: 20, Loss = 1.038e+00
It: 30, Loss = 1.020e+00
It: 40, Loss = 9.970e-01
It: 50, Loss = 9.837e-01
It: 60, Loss = 9.765e-01
It: 70, Loss = 9.716e-01
It: 80, Loss = 9.677e-01
It: 90, Loss = 9.638e-01
It: 100, Loss = 9.602e-01
It: 110, Loss = 9.572e-01
It: 120, Loss = 9.551e-01
It: 130, Loss = 9.539e-01
It: 140, Loss = 9.533e-01
It: 150, Loss = 9.531e-01
It: 160, Loss = 9.529e-01
It: 170, Loss = 9.527e-01
It: 180, Loss = 9.526e-01
It: 190, Loss = 9.525e-01
It: 200, Loss = 9.524e-01
It: 210, Loss = 9.523e-01
It: 220, Loss = 9.522e-01
It: 230, Loss = 9.521e-01
It: 240, Loss = 9.521e-01
It: 250, Loss = 9.520e-01
It: 260, Loss = 9.519e-01
It: 270, Loss = 9.518e-01
It: 280, Loss = 9.517e-01
It: 290, Loss = 9.515e-01
It: 300, Loss = 9.514e-01
It: 310, Loss = 9.512e-01
It: 320, Loss = 9.509e-01
It: 330, Loss = 9.505e-01
It: 340, Loss = 9.502e-01
It: 350, Loss = 9.501e-01
It: 360, Loss = 9.500e-01
It: 370, Loss = 9.499e-01
It: 380, Loss = 9.498e-01
It: 390, Loss = 9.496e-01
It: 400, Loss = 9.495e-01
It: 410, Loss = 9.493e-01
It: 420, Loss = 9.491e-01
It: 430, Loss = 9.490e-01
It: 440, Loss = 9.487e-01
It: 450, Loss = 9.484e-01
It: 460, Loss = 9.482e-01
It: 470, Loss = 9.481e-01
It: 480, Loss = 9.479e-01
It: 490, Loss = 9.477e-01
It: 500, Loss = 9.476e-01
It: 510, Loss = 9.474e-01
It: 520, Loss = 9.473e-01
It: 530, Loss = 9.471e-01
It: 540, Loss = 9.470e-01
It: 550, Loss = 9.468e-01
It: 560, Loss = 9.466e-01
It: 570, Loss = 9.464e-01
It: 580, Loss = 9.462e-01
It: 590, Loss = 9.459e-01
It: 600, Loss = 9.456e-01
It: 610, Loss = 9.452e-01
It: 620, Loss = 9.448e-01
It: 630, Loss = 9.443e-01
It: 640, Loss = 9.436e-01
It: 650, Loss = 9.429e-01
It: 660, Loss = 9.420e-01
It: 670, Loss = 9.406e-01
It: 680, Loss = 9.389e-01
It: 690, Loss = 9.367e-01
It: 700, Loss = 9.337e-01
It: 710, Loss = 9.298e-01
It: 720, Loss = 9.247e-01
It: 730, Loss = 9.171e-01
It: 740, Loss = 9.046e-01
It: 750, Loss = 9.148e-01
It: 760, Loss = 8.897e-01
It: 770, Loss = 8.770e-01
It: 780, Loss = 8.710e-01
It: 790, Loss = 8.650e-01
It: 800, Loss = 8.601e-01
It: 810, Loss = 8.552e-01
It: 820, Loss = 8.499e-01
It: 830, Loss = 8.437e-01
It: 840, Loss = 8.353e-01
It: 850, Loss = 8.218e-01
It: 860, Loss = 7.966e-01
It: 870, Loss = 7.539e-01
It: 880, Loss = 7.290e-01
It: 890, Loss = 7.225e-01
It: 900, Loss = 7.070e-01
It: 910, Loss = 6.978e-01
It: 920, Loss = 6.874e-01
It: 930, Loss = 6.774e-01
It: 940, Loss = 6.716e-01
It: 950, Loss = 6.613e-01
It: 960, Loss = 6.572e-01
It: 970, Loss = 6.507e-01
It: 980, Loss = 6.422e-01
It: 990, Loss = 6.380e-01
G_pred shape (100, 100)
It: 0, Loss = 1.024e+00
It: 10, Loss = 9.950e-01
It: 20, Loss = 9.701e-01
It: 30, Loss = 9.604e-01
It: 40, Loss = 9.550e-01
It: 50, Loss = 9.547e-01
It: 60, Loss = 9.538e-01
It: 70, Loss = 9.533e-01
It: 80, Loss = 9.530e-01
It: 90, Loss = 9.529e-01
It: 100, Loss = 9.528e-01
It: 110, Loss = 9.527e-01
It: 120, Loss = 9.526e-01
It: 130, Loss = 9.525e-01
It: 140, Loss = 9.524e-01
It: 150, Loss = 9.523e-01
It: 160, Loss = 9.521e-01
It: 170, Loss = 9.520e-01
It: 180, Loss = 9.518e-01
It: 190, Loss = 9.516e-01
It: 200, Loss = 9.514e-01
It: 210, Loss = 9.511e-01
It: 220, Loss = 9.509e-01
It: 230, Loss = 9.506e-01
It: 240, Loss = 9.503e-01
It: 250, Loss = 9.499e-01
It: 260, Loss = 9.496e-01
It: 270, Loss = 9.491e-01
It: 280, Loss = 9.487e-01
It: 290, Loss = 9.482e-01
It: 300, Loss = 9.475e-01
It: 310, Loss = 9.467e-01
It: 320, Loss = 9.456e-01
It: 330, Loss = 9.441e-01
It: 340, Loss = 9.418e-01
It: 350, Loss = 9.380e-01
It: 360, Loss = 9.313e-01
It: 370, Loss = 9.174e-01
It: 380, Loss = 9.987e-01
It: 390, Loss = 8.962e-01
It: 400, Loss = 8.821e-01
It: 410, Loss = 8.733e-01
It: 420, Loss = 8.630e-01
It: 430, Loss = 8.484e-01
It: 440, Loss = 8.248e-01
It: 450, Loss = 8.318e-01
It: 460, Loss = 7.617e-01
It: 470, Loss = 7.279e-01
It: 480, Loss = 7.042e-01
It: 490, Loss = 6.879e-01
It: 500, Loss = 6.739e-01
It: 510, Loss = 6.620e-01
It: 520, Loss = 6.637e-01
It: 530, Loss = 6.410e-01
It: 540, Loss = 6.368e-01
It: 550, Loss = 6.203e-01
It: 560, Loss = 6.092e-01
It: 570, Loss = 5.981e-01
It: 580, Loss = 6.280e-01
It: 590, Loss = 5.921e-01
It: 600, Loss = 5.726e-01
It: 610, Loss = 5.653e-01
It: 620, Loss = 5.586e-01
It: 630, Loss = 5.546e-01
It: 640, Loss = 5.535e-01
It: 650, Loss = 5.406e-01
It: 660, Loss = 5.354e-01
It: 670, Loss = 5.369e-01
It: 680, Loss = 5.250e-01
It: 690, Loss = 5.167e-01
It: 700, Loss = 5.114e-01
It: 710, Loss = 5.029e-01
It: 720, Loss = 4.954e-01
It: 730, Loss = 4.865e-01
It: 740, Loss = 5.221e-01
It: 750, Loss = 4.866e-01
It: 760, Loss = 4.576e-01
It: 770, Loss = 4.452e-01
It: 780, Loss = 4.945e-01
It: 790, Loss = 4.395e-01
It: 800, Loss = 4.165e-01
It: 810, Loss = 3.920e-01
It: 820, Loss = 5.156e-01
It: 830, Loss = 3.726e-01
It: 840, Loss = 3.516e-01
It: 850, Loss = 3.311e-01
It: 860, Loss = 3.135e-01
It: 870, Loss = 3.921e-01
It: 880, Loss = 3.437e-01
It: 890, Loss = 3.150e-01
It: 900, Loss = 2.925e-01
It: 910, Loss = 2.841e-01
It: 920, Loss = 2.787e-01
It: 930, Loss = 2.744e-01
It: 940, Loss = 2.710e-01
It: 950, Loss = 2.683e-01
It: 960, Loss = 2.660e-01
It: 970, Loss = 2.640e-01
It: 980, Loss = 2.623e-01
It: 990, Loss = 2.607e-01
G_pred shape (100, 100)
It: 0, Loss = 1.423e+00
It: 10, Loss = 1.068e+00
It: 20, Loss = 1.022e+00
It: 30, Loss = 9.976e-01
It: 40, Loss = 9.848e-01
It: 50, Loss = 9.765e-01
It: 60, Loss = 9.707e-01
It: 70, Loss = 9.667e-01
It: 80, Loss = 9.636e-01
It: 90, Loss = 9.605e-01
It: 100, Loss = 9.579e-01
It: 110, Loss = 9.560e-01
It: 120, Loss = 9.549e-01
It: 130, Loss = 9.543e-01
It: 140, Loss = 9.539e-01
It: 150, Loss = 9.536e-01
It: 160, Loss = 9.535e-01
It: 170, Loss = 9.534e-01
It: 180, Loss = 9.533e-01
It: 190, Loss = 9.532e-01
It: 200, Loss = 9.532e-01
It: 210, Loss = 9.531e-01
It: 220, Loss = 9.531e-01
It: 230, Loss = 9.531e-01
It: 240, Loss = 9.530e-01
It: 250, Loss = 9.530e-01
It: 260, Loss = 9.529e-01
It: 270, Loss = 9.529e-01
It: 280, Loss = 9.528e-01
It: 290, Loss = 9.528e-01
It: 300, Loss = 9.527e-01
It: 310, Loss = 9.526e-01
It: 320, Loss = 9.526e-01
It: 330, Loss = 9.525e-01
It: 340, Loss = 9.524e-01
It: 350, Loss = 9.522e-01
It: 360, Loss = 9.520e-01
It: 370, Loss = 9.516e-01
It: 380, Loss = 9.513e-01
It: 390, Loss = 9.503e-01
It: 400, Loss = 9.499e-01
It: 410, Loss = 9.498e-01
It: 420, Loss = 9.492e-01
It: 430, Loss = 9.488e-01
It: 440, Loss = 9.484e-01
It: 450, Loss = 9.479e-01
It: 460, Loss = 9.475e-01
It: 470, Loss = 9.472e-01
It: 480, Loss = 9.468e-01
It: 490, Loss = 9.466e-01
It: 500, Loss = 9.465e-01
It: 510, Loss = 9.463e-01
It: 520, Loss = 9.462e-01
It: 530, Loss = 9.460e-01
It: 540, Loss = 9.459e-01
It: 550, Loss = 9.457e-01
It: 560, Loss = 9.455e-01
It: 570, Loss = 9.453e-01
It: 580, Loss = 9.451e-01
It: 590, Loss = 9.449e-01
It: 600, Loss = 9.446e-01
It: 610, Loss = 9.443e-01
It: 620, Loss = 9.440e-01
It: 630, Loss = 9.436e-01
It: 640, Loss = 9.431e-01
It: 650, Loss = 9.425e-01
It: 660, Loss = 9.418e-01
It: 670, Loss = 9.409e-01
It: 680, Loss = 9.397e-01
It: 690, Loss = 9.381e-01
It: 700, Loss = 9.360e-01
It: 710, Loss = 9.329e-01
It: 720, Loss = 9.283e-01
It: 730, Loss = 9.208e-01
It: 740, Loss = 9.147e-01
It: 750, Loss = 9.070e-01
It: 760, Loss = 8.963e-01
It: 770, Loss = 8.882e-01
It: 780, Loss = 8.807e-01
It: 790, Loss = 8.751e-01
It: 800, Loss = 8.709e-01
It: 810, Loss = 8.670e-01
It: 820, Loss = 8.644e-01
It: 830, Loss = 8.601e-01
It: 840, Loss = 8.540e-01
It: 850, Loss = 8.468e-01
It: 860, Loss = 8.346e-01
It: 870, Loss = 8.161e-01
It: 880, Loss = 7.814e-01
It: 890, Loss = 7.548e-01
It: 900, Loss = 7.460e-01
It: 910, Loss = 7.360e-01
It: 920, Loss = 7.276e-01
It: 930, Loss = 7.197e-01
It: 940, Loss = 7.119e-01
It: 950, Loss = 7.048e-01
It: 960, Loss = 7.184e-01
It: 970, Loss = 6.950e-01
It: 980, Loss = 6.896e-01
It: 990, Loss = 6.835e-01
G_pred shape (100, 100)
It: 0, Loss = 7.314e+00
It: 10, Loss = 1.879e+00
It: 20, Loss = 1.001e+00
It: 30, Loss = 1.092e+00
It: 40, Loss = 9.938e-01
It: 50, Loss = 9.912e-01
It: 60, Loss = 9.858e-01
It: 70, Loss = 9.807e-01
It: 80, Loss = 9.787e-01
It: 90, Loss = 9.765e-01
It: 100, Loss = 9.741e-01
It: 110, Loss = 9.716e-01
It: 120, Loss = 9.689e-01
It: 130, Loss = 9.659e-01
It: 140, Loss = 9.626e-01
It: 150, Loss = 9.592e-01
It: 160, Loss = 9.558e-01
It: 170, Loss = 9.526e-01
It: 180, Loss = 9.498e-01
It: 190, Loss = 9.478e-01
It: 200, Loss = 9.467e-01
It: 210, Loss = 9.463e-01
It: 220, Loss = 9.462e-01
It: 230, Loss = 9.462e-01
It: 240, Loss = 9.461e-01
It: 250, Loss = 9.461e-01
It: 260, Loss = 9.461e-01
It: 270, Loss = 9.460e-01
It: 280, Loss = 9.460e-01
It: 290, Loss = 9.460e-01
It: 300, Loss = 9.459e-01
It: 310, Loss = 9.459e-01
It: 320, Loss = 9.458e-01
It: 330, Loss = 9.457e-01
It: 340, Loss = 9.456e-01
It: 350, Loss = 9.454e-01
It: 360, Loss = 9.450e-01
It: 370, Loss = 9.444e-01
It: 380, Loss = 9.435e-01
It: 390, Loss = 9.421e-01
It: 400, Loss = 9.412e-01
It: 410, Loss = 9.409e-01
It: 420, Loss = 9.407e-01
It: 430, Loss = 9.406e-01
It: 440, Loss = 9.405e-01
It: 450, Loss = 9.404e-01
It: 460, Loss = 9.404e-01
It: 470, Loss = 9.403e-01
It: 480, Loss = 9.403e-01
It: 490, Loss = 9.402e-01
It: 500, Loss = 9.402e-01
It: 510, Loss = 9.401e-01
It: 520, Loss = 9.401e-01
It: 530, Loss = 9.400e-01
It: 540, Loss = 9.400e-01
It: 550, Loss = 9.399e-01
It: 560, Loss = 9.399e-01
It: 570, Loss = 9.398e-01
It: 580, Loss = 9.398e-01
It: 590, Loss = 9.397e-01
It: 600, Loss = 9.397e-01
It: 610, Loss = 9.397e-01
It: 620, Loss = 9.396e-01
It: 630, Loss = 9.396e-01
It: 640, Loss = 9.396e-01
It: 650, Loss = 9.396e-01
It: 660, Loss = 9.395e-01
It: 670, Loss = 9.395e-01
It: 680, Loss = 9.395e-01
It: 690, Loss = 9.394e-01
It: 700, Loss = 9.394e-01
It: 710, Loss = 9.394e-01
It: 720, Loss = 9.393e-01
It: 730, Loss = 9.393e-01
It: 740, Loss = 9.393e-01
It: 750, Loss = 9.393e-01
It: 760, Loss = 9.392e-01
It: 770, Loss = 9.392e-01
It: 780, Loss = 9.392e-01
It: 790, Loss = 9.392e-01
It: 800, Loss = 9.391e-01
It: 810, Loss = 9.391e-01
It: 820, Loss = 9.391e-01
It: 830, Loss = 9.390e-01
It: 840, Loss = 9.390e-01
It: 850, Loss = 9.390e-01
It: 860, Loss = 9.389e-01
It: 870, Loss = 9.389e-01
It: 880, Loss = 9.389e-01
It: 890, Loss = 9.388e-01
It: 900, Loss = 9.388e-01
It: 910, Loss = 9.387e-01
It: 920, Loss = 9.387e-01
It: 930, Loss = 9.386e-01
It: 940, Loss = 9.386e-01
It: 950, Loss = 9.385e-01
It: 960, Loss = 9.384e-01
It: 970, Loss = 9.384e-01
It: 980, Loss = 9.383e-01
It: 990, Loss = 9.382e-01
G_pred shape (100, 100)
It: 0, Loss = 1.179e+00
It: 10, Loss = 1.104e+00
It: 20, Loss = 9.909e-01
It: 30, Loss = 9.736e-01
It: 40, Loss = 9.722e-01
It: 50, Loss = 9.642e-01
It: 60, Loss = 9.592e-01
It: 70, Loss = 9.556e-01
It: 80, Loss = 9.533e-01
It: 90, Loss = 9.522e-01
It: 100, Loss = 9.520e-01
It: 110, Loss = 9.519e-01
It: 120, Loss = 9.518e-01
It: 130, Loss = 9.517e-01
It: 140, Loss = 9.517e-01
It: 150, Loss = 9.516e-01
It: 160, Loss = 9.516e-01
It: 170, Loss = 9.516e-01
It: 180, Loss = 9.515e-01
It: 190, Loss = 9.515e-01
It: 200, Loss = 9.514e-01
It: 210, Loss = 9.514e-01
It: 220, Loss = 9.513e-01
It: 230, Loss = 9.513e-01
It: 240, Loss = 9.512e-01
It: 250, Loss = 9.512e-01
It: 260, Loss = 9.511e-01
It: 270, Loss = 9.510e-01
It: 280, Loss = 9.509e-01
It: 290, Loss = 9.508e-01
It: 300, Loss = 9.507e-01
It: 310, Loss = 9.506e-01
It: 320, Loss = 9.503e-01
It: 330, Loss = 9.498e-01
It: 340, Loss = 9.485e-01
It: 350, Loss = 9.463e-01
It: 360, Loss = 9.454e-01
It: 370, Loss = 9.449e-01
It: 380, Loss = 9.442e-01
It: 390, Loss = 9.440e-01
It: 400, Loss = 9.437e-01
It: 410, Loss = 9.435e-01
It: 420, Loss = 9.433e-01
It: 430, Loss = 9.430e-01
It: 440, Loss = 9.427e-01
It: 450, Loss = 9.423e-01
It: 460, Loss = 9.419e-01
It: 470, Loss = 9.413e-01
It: 480, Loss = 9.407e-01
It: 490, Loss = 9.398e-01
It: 500, Loss = 9.386e-01
It: 510, Loss = 9.367e-01
It: 520, Loss = 9.341e-01
It: 530, Loss = 9.288e-01
It: 540, Loss = 9.203e-01
It: 550, Loss = 9.081e-01
It: 560, Loss = 8.872e-01
It: 570, Loss = 8.503e-01
It: 580, Loss = 8.276e-01
It: 590, Loss = 8.128e-01
It: 600, Loss = 8.019e-01
It: 610, Loss = 7.968e-01
It: 620, Loss = 7.922e-01
It: 630, Loss = 7.874e-01
It: 640, Loss = 7.815e-01
It: 650, Loss = 7.745e-01
It: 660, Loss = 7.678e-01
It: 670, Loss = 7.629e-01
It: 680, Loss = 7.566e-01
It: 690, Loss = 7.464e-01
It: 700, Loss = 7.353e-01
It: 710, Loss = 7.356e-01
It: 720, Loss = 7.132e-01
It: 730, Loss = 7.000e-01
It: 740, Loss = 6.878e-01
It: 750, Loss = 6.700e-01
It: 760, Loss = 6.549e-01
It: 770, Loss = 6.397e-01
It: 780, Loss = 6.548e-01
It: 790, Loss = 6.268e-01
It: 800, Loss = 6.204e-01
It: 810, Loss = 6.129e-01
It: 820, Loss = 6.054e-01
It: 830, Loss = 5.974e-01
It: 840, Loss = 5.882e-01
It: 850, Loss = 6.069e-01
It: 860, Loss = 5.784e-01
It: 870, Loss = 5.582e-01
It: 880, Loss = 5.473e-01
It: 890, Loss = 5.396e-01
It: 900, Loss = 5.657e-01
It: 910, Loss = 5.370e-01
It: 920, Loss = 5.236e-01
It: 930, Loss = 5.184e-01
It: 940, Loss = 5.137e-01
It: 950, Loss = 5.127e-01
It: 960, Loss = 5.187e-01
It: 970, Loss = 5.000e-01
It: 980, Loss = 4.936e-01
It: 990, Loss = 4.852e-01
G_pred shape (100, 100)
