Using TensorFlow 2 backend.

noise_ratio =  0.43877551
It: 0, Loss = 1.432e+00
It: 10, Loss = 1.026e+00
It: 20, Loss = 1.001e+00
It: 30, Loss = 9.892e-01
It: 40, Loss = 9.832e-01
It: 50, Loss = 9.800e-01
It: 60, Loss = 9.770e-01
It: 70, Loss = 9.734e-01
It: 80, Loss = 9.695e-01
It: 90, Loss = 9.653e-01
It: 100, Loss = 9.613e-01
It: 110, Loss = 9.584e-01
It: 120, Loss = 9.568e-01
It: 130, Loss = 9.562e-01
It: 140, Loss = 9.557e-01
It: 150, Loss = 9.552e-01
It: 160, Loss = 9.549e-01
It: 170, Loss = 9.546e-01
It: 180, Loss = 9.543e-01
It: 190, Loss = 9.541e-01
It: 200, Loss = 9.539e-01
It: 210, Loss = 9.537e-01
It: 220, Loss = 9.536e-01
It: 230, Loss = 9.535e-01
It: 240, Loss = 9.534e-01
It: 250, Loss = 9.532e-01
It: 260, Loss = 9.531e-01
It: 270, Loss = 9.530e-01
It: 280, Loss = 9.529e-01
It: 290, Loss = 9.527e-01
It: 300, Loss = 9.526e-01
It: 310, Loss = 9.524e-01
It: 320, Loss = 9.522e-01
It: 330, Loss = 9.520e-01
It: 340, Loss = 9.518e-01
It: 350, Loss = 9.515e-01
It: 360, Loss = 9.512e-01
It: 370, Loss = 9.509e-01
It: 380, Loss = 9.504e-01
It: 390, Loss = 9.499e-01
It: 400, Loss = 9.491e-01
It: 410, Loss = 9.481e-01
It: 420, Loss = 9.464e-01
It: 430, Loss = 9.432e-01
It: 440, Loss = 9.372e-01
It: 450, Loss = 9.246e-01
It: 460, Loss = 9.028e-01
It: 470, Loss = 8.790e-01
It: 480, Loss = 8.571e-01
It: 490, Loss = 8.330e-01
It: 500, Loss = 8.181e-01
It: 510, Loss = 8.163e-01
It: 520, Loss = 8.104e-01
It: 530, Loss = 8.078e-01
It: 540, Loss = 8.059e-01
It: 550, Loss = 8.041e-01
It: 560, Loss = 8.024e-01
It: 570, Loss = 8.008e-01
It: 580, Loss = 7.993e-01
It: 590, Loss = 7.978e-01
It: 600, Loss = 7.963e-01
It: 610, Loss = 7.950e-01
It: 620, Loss = 7.937e-01
It: 630, Loss = 7.924e-01
It: 640, Loss = 7.912e-01
It: 650, Loss = 7.901e-01
It: 660, Loss = 7.890e-01
It: 670, Loss = 7.878e-01
It: 680, Loss = 7.865e-01
It: 690, Loss = 7.850e-01
It: 700, Loss = 7.831e-01
It: 710, Loss = 7.806e-01
It: 720, Loss = 7.776e-01
It: 730, Loss = 7.726e-01
It: 740, Loss = 7.670e-01
It: 750, Loss = 7.581e-01
It: 760, Loss = 7.441e-01
It: 770, Loss = 7.334e-01
It: 780, Loss = 7.154e-01
It: 790, Loss = 6.843e-01
It: 800, Loss = 7.220e-01
It: 810, Loss = 6.703e-01
It: 820, Loss = 6.428e-01
It: 830, Loss = 6.272e-01
It: 840, Loss = 6.186e-01
It: 850, Loss = 6.100e-01
It: 860, Loss = 6.148e-01
It: 870, Loss = 6.010e-01
It: 880, Loss = 5.946e-01
It: 890, Loss = 5.916e-01
It: 900, Loss = 5.881e-01
It: 910, Loss = 5.846e-01
It: 920, Loss = 5.811e-01
It: 930, Loss = 5.795e-01
It: 940, Loss = 5.781e-01
It: 950, Loss = 5.756e-01
It: 960, Loss = 5.719e-01
It: 970, Loss = 5.685e-01
It: 980, Loss = 5.656e-01
It: 990, Loss = 5.636e-01
G_pred shape (100, 100)
It: 0, Loss = 1.921e+00
It: 10, Loss = 1.066e+00
It: 20, Loss = 1.055e+00
It: 30, Loss = 1.013e+00
It: 40, Loss = 9.879e-01
It: 50, Loss = 9.805e-01
It: 60, Loss = 9.774e-01
It: 70, Loss = 9.742e-01
It: 80, Loss = 9.706e-01
It: 90, Loss = 9.663e-01
It: 100, Loss = 9.612e-01
It: 110, Loss = 9.559e-01
It: 120, Loss = 9.517e-01
It: 130, Loss = 9.499e-01
It: 140, Loss = 9.498e-01
It: 150, Loss = 9.497e-01
It: 160, Loss = 9.495e-01
It: 170, Loss = 9.494e-01
It: 180, Loss = 9.494e-01
It: 190, Loss = 9.493e-01
It: 200, Loss = 9.493e-01
It: 210, Loss = 9.492e-01
It: 220, Loss = 9.492e-01
It: 230, Loss = 9.492e-01
It: 240, Loss = 9.491e-01
It: 250, Loss = 9.491e-01
It: 260, Loss = 9.490e-01
It: 270, Loss = 9.490e-01
It: 280, Loss = 9.489e-01
It: 290, Loss = 9.488e-01
It: 300, Loss = 9.488e-01
It: 310, Loss = 9.487e-01
It: 320, Loss = 9.487e-01
It: 330, Loss = 9.486e-01
It: 340, Loss = 9.485e-01
It: 350, Loss = 9.484e-01
It: 360, Loss = 9.483e-01
It: 370, Loss = 9.482e-01
It: 380, Loss = 9.481e-01
It: 390, Loss = 9.480e-01
It: 400, Loss = 9.479e-01
It: 410, Loss = 9.477e-01
It: 420, Loss = 9.476e-01
It: 430, Loss = 9.474e-01
It: 440, Loss = 9.472e-01
It: 450, Loss = 9.470e-01
It: 460, Loss = 9.468e-01
It: 470, Loss = 9.465e-01
It: 480, Loss = 9.461e-01
It: 490, Loss = 9.456e-01
It: 500, Loss = 9.449e-01
It: 510, Loss = 9.449e-01
It: 520, Loss = 9.440e-01
It: 530, Loss = 9.435e-01
It: 540, Loss = 9.432e-01
It: 550, Loss = 9.427e-01
It: 560, Loss = 9.421e-01
It: 570, Loss = 9.413e-01
It: 580, Loss = 9.402e-01
It: 590, Loss = 9.387e-01
It: 600, Loss = 9.370e-01
It: 610, Loss = 9.349e-01
It: 620, Loss = 9.322e-01
It: 630, Loss = 9.275e-01
It: 640, Loss = 9.194e-01
It: 650, Loss = 9.112e-01
It: 660, Loss = 9.050e-01
It: 670, Loss = 8.972e-01
It: 680, Loss = 8.894e-01
It: 690, Loss = 8.804e-01
It: 700, Loss = 8.714e-01
It: 710, Loss = 8.633e-01
It: 720, Loss = 8.570e-01
It: 730, Loss = 8.506e-01
It: 740, Loss = 8.428e-01
It: 750, Loss = 8.343e-01
It: 760, Loss = 8.406e-01
It: 770, Loss = 8.288e-01
It: 780, Loss = 8.117e-01
It: 790, Loss = 8.012e-01
It: 800, Loss = 7.913e-01
It: 810, Loss = 7.821e-01
It: 820, Loss = 7.773e-01
It: 830, Loss = 7.652e-01
It: 840, Loss = 7.549e-01
It: 850, Loss = 7.573e-01
It: 860, Loss = 7.334e-01
It: 870, Loss = 7.243e-01
It: 880, Loss = 7.285e-01
It: 890, Loss = 7.004e-01
It: 900, Loss = 6.889e-01
It: 910, Loss = 6.809e-01
It: 920, Loss = 7.536e-01
It: 930, Loss = 6.852e-01
It: 940, Loss = 6.674e-01
It: 950, Loss = 6.619e-01
It: 960, Loss = 6.572e-01
It: 970, Loss = 6.517e-01
It: 980, Loss = 6.457e-01
It: 990, Loss = 6.390e-01
G_pred shape (100, 100)
It: 0, Loss = 1.116e+00
It: 10, Loss = 1.064e+00
It: 20, Loss = 1.012e+00
It: 30, Loss = 9.871e-01
It: 40, Loss = 9.731e-01
It: 50, Loss = 9.633e-01
It: 60, Loss = 9.562e-01
It: 70, Loss = 9.518e-01
It: 80, Loss = 9.508e-01
It: 90, Loss = 9.509e-01
It: 100, Loss = 9.507e-01
It: 110, Loss = 9.506e-01
It: 120, Loss = 9.505e-01
It: 130, Loss = 9.504e-01
It: 140, Loss = 9.504e-01
It: 150, Loss = 9.503e-01
It: 160, Loss = 9.502e-01
It: 170, Loss = 9.502e-01
It: 180, Loss = 9.501e-01
It: 190, Loss = 9.500e-01
It: 200, Loss = 9.499e-01
It: 210, Loss = 9.497e-01
It: 220, Loss = 9.496e-01
It: 230, Loss = 9.495e-01
It: 240, Loss = 9.493e-01
It: 250, Loss = 9.491e-01
It: 260, Loss = 9.489e-01
It: 270, Loss = 9.486e-01
It: 280, Loss = 9.483e-01
It: 290, Loss = 9.479e-01
It: 300, Loss = 9.474e-01
It: 310, Loss = 9.467e-01
It: 320, Loss = 9.459e-01
It: 330, Loss = 9.447e-01
It: 340, Loss = 9.431e-01
It: 350, Loss = 9.410e-01
It: 360, Loss = 9.381e-01
It: 370, Loss = 9.341e-01
It: 380, Loss = 9.288e-01
It: 390, Loss = 9.227e-01
It: 400, Loss = 9.161e-01
It: 410, Loss = 9.057e-01
It: 420, Loss = 8.894e-01
It: 430, Loss = 8.716e-01
It: 440, Loss = 8.643e-01
It: 450, Loss = 8.583e-01
It: 460, Loss = 8.534e-01
It: 470, Loss = 8.498e-01
It: 480, Loss = 8.470e-01
It: 490, Loss = 8.444e-01
It: 500, Loss = 8.416e-01
It: 510, Loss = 8.387e-01
It: 520, Loss = 8.383e-01
It: 530, Loss = 8.328e-01
It: 540, Loss = 8.278e-01
It: 550, Loss = 8.222e-01
It: 560, Loss = 8.147e-01
It: 570, Loss = 8.056e-01
It: 580, Loss = 7.858e-01
It: 590, Loss = 7.559e-01
It: 600, Loss = 7.187e-01
It: 610, Loss = 6.818e-01
It: 620, Loss = 6.741e-01
It: 630, Loss = 6.410e-01
It: 640, Loss = 6.273e-01
It: 650, Loss = 6.217e-01
It: 660, Loss = 6.162e-01
It: 670, Loss = 6.106e-01
It: 680, Loss = 6.047e-01
It: 690, Loss = 5.981e-01
It: 700, Loss = 5.900e-01
It: 710, Loss = 5.801e-01
It: 720, Loss = 5.772e-01
It: 730, Loss = 5.671e-01
It: 740, Loss = 5.597e-01
It: 750, Loss = 5.481e-01
It: 760, Loss = 5.404e-01
It: 770, Loss = 5.333e-01
It: 780, Loss = 5.257e-01
It: 790, Loss = 5.176e-01
It: 800, Loss = 5.119e-01
It: 810, Loss = 5.018e-01
It: 820, Loss = 4.950e-01
It: 830, Loss = 4.899e-01
It: 840, Loss = 4.855e-01
It: 850, Loss = 4.754e-01
It: 860, Loss = 4.752e-01
It: 870, Loss = 4.645e-01
It: 880, Loss = 4.580e-01
It: 890, Loss = 4.695e-01
It: 900, Loss = 4.444e-01
It: 910, Loss = 4.300e-01
It: 920, Loss = 4.195e-01
It: 930, Loss = 4.084e-01
It: 940, Loss = 4.291e-01
It: 950, Loss = 3.883e-01
It: 960, Loss = 3.772e-01
It: 970, Loss = 3.583e-01
It: 980, Loss = 3.425e-01
It: 990, Loss = 4.586e-01
G_pred shape (100, 100)
It: 0, Loss = 1.465e+00
It: 10, Loss = 1.004e+00
It: 20, Loss = 1.002e+00
It: 30, Loss = 9.768e-01
It: 40, Loss = 9.666e-01
It: 50, Loss = 9.611e-01
It: 60, Loss = 9.573e-01
It: 70, Loss = 9.563e-01
It: 80, Loss = 9.558e-01
It: 90, Loss = 9.553e-01
It: 100, Loss = 9.549e-01
It: 110, Loss = 9.547e-01
It: 120, Loss = 9.544e-01
It: 130, Loss = 9.542e-01
It: 140, Loss = 9.540e-01
It: 150, Loss = 9.539e-01
It: 160, Loss = 9.537e-01
It: 170, Loss = 9.536e-01
It: 180, Loss = 9.535e-01
It: 190, Loss = 9.534e-01
It: 200, Loss = 9.534e-01
It: 210, Loss = 9.533e-01
It: 220, Loss = 9.532e-01
It: 230, Loss = 9.531e-01
It: 240, Loss = 9.530e-01
It: 250, Loss = 9.529e-01
It: 260, Loss = 9.528e-01
It: 270, Loss = 9.526e-01
It: 280, Loss = 9.523e-01
It: 290, Loss = 9.518e-01
It: 300, Loss = 9.507e-01
It: 310, Loss = 9.486e-01
It: 320, Loss = 9.467e-01
It: 330, Loss = 9.465e-01
It: 340, Loss = 9.462e-01
It: 350, Loss = 9.461e-01
It: 360, Loss = 9.459e-01
It: 370, Loss = 9.458e-01
It: 380, Loss = 9.457e-01
It: 390, Loss = 9.455e-01
It: 400, Loss = 9.454e-01
It: 410, Loss = 9.452e-01
It: 420, Loss = 9.450e-01
It: 430, Loss = 9.448e-01
It: 440, Loss = 9.445e-01
It: 450, Loss = 9.442e-01
It: 460, Loss = 9.439e-01
It: 470, Loss = 9.436e-01
It: 480, Loss = 9.432e-01
It: 490, Loss = 9.427e-01
It: 500, Loss = 9.421e-01
It: 510, Loss = 9.413e-01
It: 520, Loss = 9.401e-01
It: 530, Loss = 9.381e-01
It: 540, Loss = 9.349e-01
It: 550, Loss = 9.288e-01
It: 560, Loss = 9.176e-01
It: 570, Loss = 9.000e-01
It: 580, Loss = 9.060e-01
It: 590, Loss = 8.870e-01
It: 600, Loss = 8.808e-01
It: 610, Loss = 8.761e-01
It: 620, Loss = 8.726e-01
It: 630, Loss = 8.689e-01
It: 640, Loss = 8.649e-01
It: 650, Loss = 8.596e-01
It: 660, Loss = 8.530e-01
It: 670, Loss = 8.606e-01
It: 680, Loss = 8.461e-01
It: 690, Loss = 8.397e-01
It: 700, Loss = 8.379e-01
It: 710, Loss = 8.347e-01
It: 720, Loss = 8.326e-01
It: 730, Loss = 8.305e-01
It: 740, Loss = 8.282e-01
It: 750, Loss = 8.256e-01
It: 760, Loss = 8.260e-01
It: 770, Loss = 8.374e-01
It: 780, Loss = 8.230e-01
It: 790, Loss = 8.168e-01
It: 800, Loss = 8.121e-01
It: 810, Loss = 8.075e-01
It: 820, Loss = 8.030e-01
It: 830, Loss = 7.977e-01
It: 840, Loss = 7.913e-01
It: 850, Loss = 7.833e-01
It: 860, Loss = 7.747e-01
It: 870, Loss = 7.620e-01
It: 880, Loss = 7.499e-01
It: 890, Loss = 7.311e-01
It: 900, Loss = 7.085e-01
It: 910, Loss = 6.910e-01
It: 920, Loss = 6.846e-01
It: 930, Loss = 6.552e-01
It: 940, Loss = 6.321e-01
It: 950, Loss = 6.165e-01
It: 960, Loss = 6.536e-01
It: 970, Loss = 6.085e-01
It: 980, Loss = 5.971e-01
It: 990, Loss = 5.852e-01
G_pred shape (100, 100)
It: 0, Loss = 3.944e+00
It: 10, Loss = 1.210e+00
It: 20, Loss = 1.160e+00
It: 30, Loss = 1.065e+00
It: 40, Loss = 1.002e+00
It: 50, Loss = 9.805e-01
It: 60, Loss = 9.733e-01
It: 70, Loss = 9.692e-01
It: 80, Loss = 9.656e-01
It: 90, Loss = 9.622e-01
It: 100, Loss = 9.593e-01
It: 110, Loss = 9.570e-01
It: 120, Loss = 9.551e-01
It: 130, Loss = 9.537e-01
It: 140, Loss = 9.527e-01
It: 150, Loss = 9.521e-01
It: 160, Loss = 9.518e-01
It: 170, Loss = 9.516e-01
It: 180, Loss = 9.515e-01
It: 190, Loss = 9.515e-01
It: 200, Loss = 9.514e-01
It: 210, Loss = 9.514e-01
It: 220, Loss = 9.513e-01
It: 230, Loss = 9.513e-01
It: 240, Loss = 9.513e-01
It: 250, Loss = 9.512e-01
It: 260, Loss = 9.512e-01
It: 270, Loss = 9.512e-01
It: 280, Loss = 9.512e-01
It: 290, Loss = 9.511e-01
It: 300, Loss = 9.511e-01
It: 310, Loss = 9.511e-01
It: 320, Loss = 9.510e-01
It: 330, Loss = 9.509e-01
It: 340, Loss = 9.508e-01
It: 350, Loss = 9.506e-01
It: 360, Loss = 9.502e-01
It: 370, Loss = 9.495e-01
It: 380, Loss = 9.488e-01
It: 390, Loss = 9.487e-01
It: 400, Loss = 9.485e-01
It: 410, Loss = 9.482e-01
It: 420, Loss = 9.479e-01
It: 430, Loss = 9.474e-01
It: 440, Loss = 9.471e-01
It: 450, Loss = 9.469e-01
It: 460, Loss = 9.468e-01
It: 470, Loss = 9.466e-01
It: 480, Loss = 9.465e-01
It: 490, Loss = 9.464e-01
It: 500, Loss = 9.462e-01
It: 510, Loss = 9.460e-01
It: 520, Loss = 9.462e-01
It: 530, Loss = 9.458e-01
It: 540, Loss = 9.457e-01
It: 550, Loss = 9.454e-01
It: 560, Loss = 9.452e-01
It: 570, Loss = 9.450e-01
It: 580, Loss = 9.453e-01
It: 590, Loss = 9.448e-01
It: 600, Loss = 9.446e-01
It: 610, Loss = 9.444e-01
It: 620, Loss = 9.443e-01
It: 630, Loss = 9.442e-01
It: 640, Loss = 9.444e-01
It: 650, Loss = 9.441e-01
It: 660, Loss = 9.439e-01
It: 670, Loss = 9.438e-01
It: 680, Loss = 9.437e-01
It: 690, Loss = 9.436e-01
It: 700, Loss = 9.436e-01
It: 710, Loss = 9.439e-01
It: 720, Loss = 9.435e-01
It: 730, Loss = 9.434e-01
It: 740, Loss = 9.433e-01
It: 750, Loss = 9.432e-01
It: 760, Loss = 9.431e-01
It: 770, Loss = 9.430e-01
It: 780, Loss = 9.429e-01
It: 790, Loss = 9.428e-01
It: 800, Loss = 9.427e-01
It: 810, Loss = 9.426e-01
It: 820, Loss = 9.425e-01
It: 830, Loss = 9.423e-01
It: 840, Loss = 9.422e-01
It: 850, Loss = 9.421e-01
It: 860, Loss = 9.419e-01
It: 870, Loss = 9.418e-01
It: 880, Loss = 9.416e-01
It: 890, Loss = 9.422e-01
It: 900, Loss = 9.413e-01
It: 910, Loss = 9.411e-01
It: 920, Loss = 9.409e-01
It: 930, Loss = 9.407e-01
It: 940, Loss = 9.404e-01
It: 950, Loss = 9.402e-01
It: 960, Loss = 9.399e-01
It: 970, Loss = 9.397e-01
It: 980, Loss = 9.394e-01
It: 990, Loss = 9.391e-01
G_pred shape (100, 100)
