Using TensorFlow 2 backend.

noise_ratio =  0.10204082
It: 0, Loss = 1.209e+00
It: 10, Loss = 1.027e+00
It: 20, Loss = 9.802e-01
It: 30, Loss = 9.532e-01
It: 40, Loss = 9.398e-01
It: 50, Loss = 9.323e-01
It: 60, Loss = 9.295e-01
It: 70, Loss = 9.293e-01
It: 80, Loss = 9.284e-01
It: 90, Loss = 9.278e-01
It: 100, Loss = 9.272e-01
It: 110, Loss = 9.264e-01
It: 120, Loss = 9.257e-01
It: 130, Loss = 9.250e-01
It: 140, Loss = 9.246e-01
It: 150, Loss = 9.244e-01
It: 160, Loss = 9.242e-01
It: 170, Loss = 9.240e-01
It: 180, Loss = 9.238e-01
It: 190, Loss = 9.236e-01
It: 200, Loss = 9.234e-01
It: 210, Loss = 9.232e-01
It: 220, Loss = 9.229e-01
It: 230, Loss = 9.226e-01
It: 240, Loss = 9.223e-01
It: 250, Loss = 9.219e-01
It: 260, Loss = 9.214e-01
It: 270, Loss = 9.207e-01
It: 280, Loss = 9.196e-01
It: 290, Loss = 9.176e-01
It: 300, Loss = 9.144e-01
It: 310, Loss = 9.122e-01
It: 320, Loss = 9.107e-01
It: 330, Loss = 9.098e-01
It: 340, Loss = 9.093e-01
It: 350, Loss = 9.087e-01
It: 360, Loss = 9.082e-01
It: 370, Loss = 9.076e-01
It: 380, Loss = 9.071e-01
It: 390, Loss = 9.065e-01
It: 400, Loss = 9.058e-01
It: 410, Loss = 9.050e-01
It: 420, Loss = 9.041e-01
It: 430, Loss = 9.032e-01
It: 440, Loss = 9.020e-01
It: 450, Loss = 9.002e-01
It: 460, Loss = 8.967e-01
It: 470, Loss = 8.900e-01
It: 480, Loss = 9.113e-01
It: 490, Loss = 8.870e-01
It: 500, Loss = 8.661e-01
It: 510, Loss = 8.434e-01
It: 520, Loss = 8.248e-01
It: 530, Loss = 8.126e-01
It: 540, Loss = 8.030e-01
It: 550, Loss = 7.962e-01
It: 560, Loss = 7.907e-01
It: 570, Loss = 7.852e-01
It: 580, Loss = 7.802e-01
It: 590, Loss = 7.793e-01
It: 600, Loss = 7.709e-01
It: 610, Loss = 7.665e-01
It: 620, Loss = 7.642e-01
It: 630, Loss = 7.554e-01
It: 640, Loss = 7.495e-01
It: 650, Loss = 7.448e-01
It: 660, Loss = 7.335e-01
It: 670, Loss = 7.159e-01
It: 680, Loss = 7.046e-01
It: 690, Loss = 6.923e-01
It: 700, Loss = 6.576e-01
It: 710, Loss = 6.449e-01
It: 720, Loss = 6.348e-01
It: 730, Loss = 6.242e-01
It: 740, Loss = 6.304e-01
It: 750, Loss = 6.105e-01
It: 760, Loss = 6.047e-01
It: 770, Loss = 6.041e-01
It: 780, Loss = 5.938e-01
It: 790, Loss = 5.808e-01
It: 800, Loss = 5.856e-01
It: 810, Loss = 5.945e-01
It: 820, Loss = 5.646e-01
It: 830, Loss = 5.487e-01
It: 840, Loss = 5.327e-01
It: 850, Loss = 5.170e-01
It: 860, Loss = 5.350e-01
It: 870, Loss = 5.793e-01
It: 880, Loss = 5.262e-01
It: 890, Loss = 4.865e-01
It: 900, Loss = 4.723e-01
It: 910, Loss = 4.580e-01
It: 920, Loss = 4.455e-01
It: 930, Loss = 4.338e-01
It: 940, Loss = 4.222e-01
It: 950, Loss = 4.101e-01
It: 960, Loss = 4.205e-01
It: 970, Loss = 4.236e-01
It: 980, Loss = 3.878e-01
It: 990, Loss = 3.698e-01
G_pred shape (100, 100)
It: 0, Loss = 1.485e+00
It: 10, Loss = 9.929e-01
It: 20, Loss = 9.808e-01
It: 30, Loss = 9.662e-01
It: 40, Loss = 9.537e-01
It: 50, Loss = 9.438e-01
It: 60, Loss = 9.360e-01
It: 70, Loss = 9.312e-01
It: 80, Loss = 9.284e-01
It: 90, Loss = 9.271e-01
It: 100, Loss = 9.260e-01
It: 110, Loss = 9.252e-01
It: 120, Loss = 9.250e-01
It: 130, Loss = 9.249e-01
It: 140, Loss = 9.248e-01
It: 150, Loss = 9.247e-01
It: 160, Loss = 9.246e-01
It: 170, Loss = 9.245e-01
It: 180, Loss = 9.244e-01
It: 190, Loss = 9.243e-01
It: 200, Loss = 9.242e-01
It: 210, Loss = 9.241e-01
It: 220, Loss = 9.239e-01
It: 230, Loss = 9.237e-01
It: 240, Loss = 9.235e-01
It: 250, Loss = 9.232e-01
It: 260, Loss = 9.227e-01
It: 270, Loss = 9.218e-01
It: 280, Loss = 9.204e-01
It: 290, Loss = 9.181e-01
It: 300, Loss = 9.164e-01
It: 310, Loss = 9.161e-01
It: 320, Loss = 9.155e-01
It: 330, Loss = 9.151e-01
It: 340, Loss = 9.146e-01
It: 350, Loss = 9.141e-01
It: 360, Loss = 9.137e-01
It: 370, Loss = 9.133e-01
It: 380, Loss = 9.129e-01
It: 390, Loss = 9.124e-01
It: 400, Loss = 9.118e-01
It: 410, Loss = 9.112e-01
It: 420, Loss = 9.104e-01
It: 430, Loss = 9.095e-01
It: 440, Loss = 9.083e-01
It: 450, Loss = 9.068e-01
It: 460, Loss = 9.048e-01
It: 470, Loss = 9.023e-01
It: 480, Loss = 8.989e-01
It: 490, Loss = 8.941e-01
It: 500, Loss = 8.873e-01
It: 510, Loss = 8.772e-01
It: 520, Loss = 8.619e-01
It: 530, Loss = 9.067e-01
It: 540, Loss = 8.519e-01
It: 550, Loss = 8.332e-01
It: 560, Loss = 8.171e-01
It: 570, Loss = 8.046e-01
It: 580, Loss = 7.956e-01
It: 590, Loss = 7.858e-01
It: 600, Loss = 7.765e-01
It: 610, Loss = 7.671e-01
It: 620, Loss = 7.575e-01
It: 630, Loss = 8.470e-01
It: 640, Loss = 7.610e-01
It: 650, Loss = 7.433e-01
It: 660, Loss = 7.385e-01
It: 670, Loss = 7.349e-01
It: 680, Loss = 7.318e-01
It: 690, Loss = 7.292e-01
It: 700, Loss = 7.274e-01
It: 710, Loss = 7.256e-01
It: 720, Loss = 7.239e-01
It: 730, Loss = 7.222e-01
It: 740, Loss = 7.204e-01
It: 750, Loss = 7.185e-01
It: 760, Loss = 7.165e-01
It: 770, Loss = 7.142e-01
It: 780, Loss = 7.115e-01
It: 790, Loss = 7.084e-01
It: 800, Loss = 7.047e-01
It: 810, Loss = 7.000e-01
It: 820, Loss = 6.940e-01
It: 830, Loss = 6.861e-01
It: 840, Loss = 6.896e-01
It: 850, Loss = 7.021e-01
It: 860, Loss = 6.713e-01
It: 870, Loss = 6.448e-01
It: 880, Loss = 6.270e-01
It: 890, Loss = 6.067e-01
It: 900, Loss = 5.847e-01
It: 910, Loss = 6.806e-01
It: 920, Loss = 5.721e-01
It: 930, Loss = 5.477e-01
It: 940, Loss = 5.287e-01
It: 950, Loss = 5.158e-01
It: 960, Loss = 5.026e-01
It: 970, Loss = 4.868e-01
It: 980, Loss = 4.673e-01
It: 990, Loss = 5.068e-01
G_pred shape (100, 100)
It: 0, Loss = 1.042e+00
It: 10, Loss = 1.001e+00
It: 20, Loss = 9.977e-01
It: 30, Loss = 9.724e-01
It: 40, Loss = 9.517e-01
It: 50, Loss = 9.438e-01
It: 60, Loss = 9.348e-01
It: 70, Loss = 9.313e-01
It: 80, Loss = 9.309e-01
It: 90, Loss = 9.307e-01
It: 100, Loss = 9.303e-01
It: 110, Loss = 9.301e-01
It: 120, Loss = 9.300e-01
It: 130, Loss = 9.299e-01
It: 140, Loss = 9.298e-01
It: 150, Loss = 9.297e-01
It: 160, Loss = 9.295e-01
It: 170, Loss = 9.294e-01
It: 180, Loss = 9.293e-01
It: 190, Loss = 9.292e-01
It: 200, Loss = 9.291e-01
It: 210, Loss = 9.290e-01
It: 220, Loss = 9.288e-01
It: 230, Loss = 9.287e-01
It: 240, Loss = 9.285e-01
It: 250, Loss = 9.283e-01
It: 260, Loss = 9.279e-01
It: 270, Loss = 9.275e-01
It: 280, Loss = 9.267e-01
It: 290, Loss = 9.255e-01
It: 300, Loss = 9.239e-01
It: 310, Loss = 9.236e-01
It: 320, Loss = 9.231e-01
It: 330, Loss = 9.227e-01
It: 340, Loss = 9.225e-01
It: 350, Loss = 9.222e-01
It: 360, Loss = 9.219e-01
It: 370, Loss = 9.217e-01
It: 380, Loss = 9.214e-01
It: 390, Loss = 9.212e-01
It: 400, Loss = 9.209e-01
It: 410, Loss = 9.206e-01
It: 420, Loss = 9.202e-01
It: 430, Loss = 9.198e-01
It: 440, Loss = 9.193e-01
It: 450, Loss = 9.187e-01
It: 460, Loss = 9.179e-01
It: 470, Loss = 9.170e-01
It: 480, Loss = 9.157e-01
It: 490, Loss = 9.138e-01
It: 500, Loss = 9.110e-01
It: 510, Loss = 9.062e-01
It: 520, Loss = 8.983e-01
It: 530, Loss = 8.860e-01
It: 540, Loss = 8.689e-01
It: 550, Loss = 8.564e-01
It: 560, Loss = 8.442e-01
It: 570, Loss = 8.293e-01
It: 580, Loss = 8.097e-01
It: 590, Loss = 8.121e-01
It: 600, Loss = 7.850e-01
It: 610, Loss = 7.710e-01
It: 620, Loss = 7.613e-01
It: 630, Loss = 7.515e-01
It: 640, Loss = 7.828e-01
It: 650, Loss = 7.540e-01
It: 660, Loss = 7.364e-01
It: 670, Loss = 7.290e-01
It: 680, Loss = 7.187e-01
It: 690, Loss = 7.082e-01
It: 700, Loss = 6.948e-01
It: 710, Loss = 7.583e-01
It: 720, Loss = 6.911e-01
It: 730, Loss = 6.877e-01
It: 740, Loss = 6.682e-01
It: 750, Loss = 6.613e-01
It: 760, Loss = 6.546e-01
It: 770, Loss = 6.496e-01
It: 780, Loss = 6.453e-01
It: 790, Loss = 6.413e-01
It: 800, Loss = 6.374e-01
It: 810, Loss = 6.334e-01
It: 820, Loss = 6.300e-01
It: 830, Loss = 6.604e-01
It: 840, Loss = 6.314e-01
It: 850, Loss = 6.197e-01
It: 860, Loss = 6.151e-01
It: 870, Loss = 6.110e-01
It: 880, Loss = 6.057e-01
It: 890, Loss = 5.999e-01
It: 900, Loss = 5.932e-01
It: 910, Loss = 5.859e-01
It: 920, Loss = 6.032e-01
It: 930, Loss = 5.871e-01
It: 940, Loss = 5.582e-01
It: 950, Loss = 5.438e-01
It: 960, Loss = 5.328e-01
It: 970, Loss = 5.258e-01
It: 980, Loss = 5.269e-01
It: 990, Loss = 5.213e-01
G_pred shape (100, 100)
It: 0, Loss = 1.293e+00
It: 10, Loss = 9.967e-01
It: 20, Loss = 9.872e-01
It: 30, Loss = 9.562e-01
It: 40, Loss = 9.458e-01
It: 50, Loss = 9.390e-01
It: 60, Loss = 9.374e-01
It: 70, Loss = 9.365e-01
It: 80, Loss = 9.357e-01
It: 90, Loss = 9.351e-01
It: 100, Loss = 9.347e-01
It: 110, Loss = 9.344e-01
It: 120, Loss = 9.342e-01
It: 130, Loss = 9.341e-01
It: 140, Loss = 9.340e-01
It: 150, Loss = 9.338e-01
It: 160, Loss = 9.337e-01
It: 170, Loss = 9.336e-01
It: 180, Loss = 9.334e-01
It: 190, Loss = 9.333e-01
It: 200, Loss = 9.331e-01
It: 210, Loss = 9.329e-01
It: 220, Loss = 9.328e-01
It: 230, Loss = 9.326e-01
It: 240, Loss = 9.324e-01
It: 250, Loss = 9.322e-01
It: 260, Loss = 9.319e-01
It: 270, Loss = 9.317e-01
It: 280, Loss = 9.314e-01
It: 290, Loss = 9.311e-01
It: 300, Loss = 9.308e-01
It: 310, Loss = 9.304e-01
It: 320, Loss = 9.301e-01
It: 330, Loss = 9.296e-01
It: 340, Loss = 9.292e-01
It: 350, Loss = 9.287e-01
It: 360, Loss = 9.280e-01
It: 370, Loss = 9.269e-01
It: 380, Loss = 9.252e-01
It: 390, Loss = 9.235e-01
It: 400, Loss = 9.223e-01
It: 410, Loss = 9.212e-01
It: 420, Loss = 9.201e-01
It: 430, Loss = 9.190e-01
It: 440, Loss = 9.178e-01
It: 450, Loss = 9.161e-01
It: 460, Loss = 9.134e-01
It: 470, Loss = 9.084e-01
It: 480, Loss = 8.955e-01
It: 490, Loss = 8.781e-01
It: 500, Loss = 8.507e-01
It: 510, Loss = 8.333e-01
It: 520, Loss = 8.134e-01
It: 530, Loss = 8.055e-01
It: 540, Loss = 7.980e-01
It: 550, Loss = 7.895e-01
It: 560, Loss = 7.794e-01
It: 570, Loss = 7.827e-01
It: 580, Loss = 7.632e-01
It: 590, Loss = 7.463e-01
It: 600, Loss = 7.253e-01
It: 610, Loss = 7.066e-01
It: 620, Loss = 7.016e-01
It: 630, Loss = 6.730e-01
It: 640, Loss = 6.457e-01
It: 650, Loss = 6.319e-01
It: 660, Loss = 6.176e-01
It: 670, Loss = 6.033e-01
It: 680, Loss = 5.864e-01
It: 690, Loss = 5.811e-01
It: 700, Loss = 5.503e-01
It: 710, Loss = 5.354e-01
It: 720, Loss = 5.119e-01
It: 730, Loss = 5.184e-01
It: 740, Loss = 4.923e-01
It: 750, Loss = 4.780e-01
It: 760, Loss = 4.684e-01
It: 770, Loss = 4.702e-01
It: 780, Loss = 4.547e-01
It: 790, Loss = 4.468e-01
It: 800, Loss = 4.416e-01
It: 810, Loss = 4.547e-01
It: 820, Loss = 4.384e-01
It: 830, Loss = 4.273e-01
It: 840, Loss = 4.178e-01
It: 850, Loss = 4.088e-01
It: 860, Loss = 3.976e-01
It: 870, Loss = 3.831e-01
It: 880, Loss = 3.914e-01
It: 890, Loss = 3.688e-01
It: 900, Loss = 3.541e-01
It: 910, Loss = 3.289e-01
It: 920, Loss = 3.071e-01
It: 930, Loss = 2.860e-01
It: 940, Loss = 3.353e-01
It: 950, Loss = 2.751e-01
It: 960, Loss = 2.440e-01
It: 970, Loss = 2.159e-01
It: 980, Loss = 1.882e-01
It: 990, Loss = 1.648e-01
G_pred shape (100, 100)
It: 0, Loss = 1.277e+00
It: 10, Loss = 1.043e+00
It: 20, Loss = 9.839e-01
It: 30, Loss = 9.548e-01
It: 40, Loss = 9.467e-01
It: 50, Loss = 9.401e-01
It: 60, Loss = 9.363e-01
It: 70, Loss = 9.346e-01
It: 80, Loss = 9.334e-01
It: 90, Loss = 9.322e-01
It: 100, Loss = 9.313e-01
It: 110, Loss = 9.310e-01
It: 120, Loss = 9.308e-01
It: 130, Loss = 9.306e-01
It: 140, Loss = 9.305e-01
It: 150, Loss = 9.303e-01
It: 160, Loss = 9.302e-01
It: 170, Loss = 9.301e-01
It: 180, Loss = 9.299e-01
It: 190, Loss = 9.298e-01
It: 200, Loss = 9.296e-01
It: 210, Loss = 9.295e-01
It: 220, Loss = 9.293e-01
It: 230, Loss = 9.291e-01
It: 240, Loss = 9.289e-01
It: 250, Loss = 9.286e-01
It: 260, Loss = 9.284e-01
It: 270, Loss = 9.280e-01
It: 280, Loss = 9.276e-01
It: 290, Loss = 9.270e-01
It: 300, Loss = 9.260e-01
It: 310, Loss = 9.242e-01
It: 320, Loss = 9.223e-01
It: 330, Loss = 9.216e-01
It: 340, Loss = 9.210e-01
It: 350, Loss = 9.205e-01
It: 360, Loss = 9.200e-01
It: 370, Loss = 9.196e-01
It: 380, Loss = 9.191e-01
It: 390, Loss = 9.185e-01
It: 400, Loss = 9.179e-01
It: 410, Loss = 9.172e-01
It: 420, Loss = 9.163e-01
It: 430, Loss = 9.154e-01
It: 440, Loss = 9.142e-01
It: 450, Loss = 9.129e-01
It: 460, Loss = 9.112e-01
It: 470, Loss = 9.092e-01
It: 480, Loss = 9.064e-01
It: 490, Loss = 9.027e-01
It: 500, Loss = 8.974e-01
It: 510, Loss = 8.898e-01
It: 520, Loss = 8.787e-01
It: 530, Loss = 8.690e-01
It: 540, Loss = 8.558e-01
It: 550, Loss = 8.422e-01
It: 560, Loss = 8.448e-01
It: 570, Loss = 8.278e-01
It: 580, Loss = 8.218e-01
It: 590, Loss = 8.148e-01
It: 600, Loss = 8.090e-01
It: 610, Loss = 8.030e-01
It: 620, Loss = 7.962e-01
It: 630, Loss = 7.883e-01
It: 640, Loss = 7.828e-01
It: 650, Loss = 7.678e-01
It: 660, Loss = 7.550e-01
It: 670, Loss = 7.365e-01
It: 680, Loss = 7.295e-01
It: 690, Loss = 7.010e-01
It: 700, Loss = 6.884e-01
It: 710, Loss = 6.727e-01
It: 720, Loss = 6.855e-01
It: 730, Loss = 6.558e-01
It: 740, Loss = 6.365e-01
It: 750, Loss = 6.173e-01
It: 760, Loss = 6.031e-01
It: 770, Loss = 6.123e-01
It: 780, Loss = 5.741e-01
It: 790, Loss = 5.540e-01
It: 800, Loss = 5.327e-01
It: 810, Loss = 5.082e-01
It: 820, Loss = 5.032e-01
It: 830, Loss = 4.845e-01
It: 840, Loss = 4.720e-01
It: 850, Loss = 4.586e-01
It: 860, Loss = 4.461e-01
It: 870, Loss = 4.353e-01
It: 880, Loss = 4.265e-01
It: 890, Loss = 4.170e-01
It: 900, Loss = 4.073e-01
It: 910, Loss = 3.969e-01
It: 920, Loss = 4.237e-01
It: 930, Loss = 3.949e-01
It: 940, Loss = 3.656e-01
It: 950, Loss = 3.538e-01
It: 960, Loss = 3.439e-01
It: 970, Loss = 3.574e-01
It: 980, Loss = 3.330e-01
It: 990, Loss = 3.062e-01
G_pred shape (100, 100)
