Using TensorFlow 2 backend.

noise_ratio =  0.5
It: 0, Loss = 1.064e+00
It: 10, Loss = 9.905e-01
It: 20, Loss = 9.717e-01
It: 30, Loss = 9.565e-01
It: 40, Loss = 9.474e-01
It: 50, Loss = 9.460e-01
It: 60, Loss = 9.450e-01
It: 70, Loss = 9.443e-01
It: 80, Loss = 9.442e-01
It: 90, Loss = 9.439e-01
It: 100, Loss = 9.438e-01
It: 110, Loss = 9.437e-01
It: 120, Loss = 9.437e-01
It: 130, Loss = 9.436e-01
It: 140, Loss = 9.436e-01
It: 150, Loss = 9.436e-01
It: 160, Loss = 9.435e-01
It: 170, Loss = 9.435e-01
It: 180, Loss = 9.435e-01
It: 190, Loss = 9.434e-01
It: 200, Loss = 9.434e-01
It: 210, Loss = 9.434e-01
It: 220, Loss = 9.433e-01
It: 230, Loss = 9.433e-01
It: 240, Loss = 9.432e-01
It: 250, Loss = 9.432e-01
It: 260, Loss = 9.432e-01
It: 270, Loss = 9.431e-01
It: 280, Loss = 9.430e-01
It: 290, Loss = 9.430e-01
It: 300, Loss = 9.429e-01
It: 310, Loss = 9.428e-01
It: 320, Loss = 9.427e-01
It: 330, Loss = 9.426e-01
It: 340, Loss = 9.425e-01
It: 350, Loss = 9.424e-01
It: 360, Loss = 9.423e-01
It: 370, Loss = 9.421e-01
It: 380, Loss = 9.419e-01
It: 390, Loss = 9.416e-01
It: 400, Loss = 9.413e-01
It: 410, Loss = 9.410e-01
It: 420, Loss = 9.405e-01
It: 430, Loss = 9.398e-01
It: 440, Loss = 9.389e-01
It: 450, Loss = 9.376e-01
It: 460, Loss = 9.391e-01
It: 470, Loss = 9.368e-01
It: 480, Loss = 9.339e-01
It: 490, Loss = 9.310e-01
It: 500, Loss = 9.278e-01
It: 510, Loss = 9.234e-01
It: 520, Loss = 9.174e-01
It: 530, Loss = 9.166e-01
It: 540, Loss = 9.027e-01
It: 550, Loss = 8.875e-01
It: 560, Loss = 8.758e-01
It: 570, Loss = 8.656e-01
It: 580, Loss = 8.516e-01
It: 590, Loss = 8.396e-01
It: 600, Loss = 8.290e-01
It: 610, Loss = 8.331e-01
It: 620, Loss = 7.984e-01
It: 630, Loss = 7.845e-01
It: 640, Loss = 7.628e-01
It: 650, Loss = 7.385e-01
It: 660, Loss = 7.260e-01
It: 670, Loss = 7.039e-01
It: 680, Loss = 6.800e-01
It: 690, Loss = 6.564e-01
It: 700, Loss = 6.346e-01
It: 710, Loss = 6.427e-01
It: 720, Loss = 6.061e-01
It: 730, Loss = 5.981e-01
It: 740, Loss = 5.865e-01
It: 750, Loss = 5.787e-01
It: 760, Loss = 5.777e-01
It: 770, Loss = 5.664e-01
It: 780, Loss = 5.637e-01
It: 790, Loss = 5.551e-01
It: 800, Loss = 5.496e-01
It: 810, Loss = 5.510e-01
It: 820, Loss = 5.373e-01
It: 830, Loss = 5.367e-01
It: 840, Loss = 5.256e-01
It: 850, Loss = 5.138e-01
It: 860, Loss = 5.098e-01
It: 870, Loss = 5.037e-01
It: 880, Loss = 4.914e-01
It: 890, Loss = 4.762e-01
It: 900, Loss = 4.592e-01
It: 910, Loss = 4.578e-01
It: 920, Loss = 4.288e-01
It: 930, Loss = 4.177e-01
It: 940, Loss = 4.018e-01
It: 950, Loss = 3.738e-01
It: 960, Loss = 3.593e-01
It: 970, Loss = 3.383e-01
It: 980, Loss = 3.274e-01
It: 990, Loss = 3.421e-01
G_pred shape (100, 100)
It: 0, Loss = 1.096e+00
It: 10, Loss = 1.105e+00
It: 20, Loss = 1.010e+00
It: 30, Loss = 9.851e-01
It: 40, Loss = 9.799e-01
It: 50, Loss = 9.765e-01
It: 60, Loss = 9.711e-01
It: 70, Loss = 9.663e-01
It: 80, Loss = 9.614e-01
It: 90, Loss = 9.573e-01
It: 100, Loss = 9.542e-01
It: 110, Loss = 9.524e-01
It: 120, Loss = 9.518e-01
It: 130, Loss = 9.515e-01
It: 140, Loss = 9.512e-01
It: 150, Loss = 9.511e-01
It: 160, Loss = 9.510e-01
It: 170, Loss = 9.509e-01
It: 180, Loss = 9.509e-01
It: 190, Loss = 9.508e-01
It: 200, Loss = 9.508e-01
It: 210, Loss = 9.508e-01
It: 220, Loss = 9.507e-01
It: 230, Loss = 9.507e-01
It: 240, Loss = 9.507e-01
It: 250, Loss = 9.506e-01
It: 260, Loss = 9.506e-01
It: 270, Loss = 9.506e-01
It: 280, Loss = 9.505e-01
It: 290, Loss = 9.505e-01
It: 300, Loss = 9.504e-01
It: 310, Loss = 9.504e-01
It: 320, Loss = 9.503e-01
It: 330, Loss = 9.503e-01
It: 340, Loss = 9.502e-01
It: 350, Loss = 9.502e-01
It: 360, Loss = 9.501e-01
It: 370, Loss = 9.500e-01
It: 380, Loss = 9.499e-01
It: 390, Loss = 9.498e-01
It: 400, Loss = 9.497e-01
It: 410, Loss = 9.496e-01
It: 420, Loss = 9.495e-01
It: 430, Loss = 9.493e-01
It: 440, Loss = 9.490e-01
It: 450, Loss = 9.487e-01
It: 460, Loss = 9.483e-01
It: 470, Loss = 9.480e-01
It: 480, Loss = 9.478e-01
It: 490, Loss = 9.477e-01
It: 500, Loss = 9.475e-01
It: 510, Loss = 9.473e-01
It: 520, Loss = 9.471e-01
It: 530, Loss = 9.469e-01
It: 540, Loss = 9.466e-01
It: 550, Loss = 9.463e-01
It: 560, Loss = 9.459e-01
It: 570, Loss = 9.455e-01
It: 580, Loss = 9.452e-01
It: 590, Loss = 9.453e-01
It: 600, Loss = 9.449e-01
It: 610, Loss = 9.447e-01
It: 620, Loss = 9.445e-01
It: 630, Loss = 9.443e-01
It: 640, Loss = 9.442e-01
It: 650, Loss = 9.440e-01
It: 660, Loss = 9.438e-01
It: 670, Loss = 9.436e-01
It: 680, Loss = 9.434e-01
It: 690, Loss = 9.434e-01
It: 700, Loss = 9.429e-01
It: 710, Loss = 9.426e-01
It: 720, Loss = 9.422e-01
It: 730, Loss = 9.418e-01
It: 740, Loss = 9.417e-01
It: 750, Loss = 9.410e-01
It: 760, Loss = 9.404e-01
It: 770, Loss = 9.397e-01
It: 780, Loss = 9.388e-01
It: 790, Loss = 9.375e-01
It: 800, Loss = 9.356e-01
It: 810, Loss = 9.327e-01
It: 820, Loss = 9.280e-01
It: 830, Loss = 9.208e-01
It: 840, Loss = 9.109e-01
It: 850, Loss = 9.031e-01
It: 860, Loss = 8.871e-01
It: 870, Loss = 8.684e-01
It: 880, Loss = 8.535e-01
It: 890, Loss = 8.357e-01
It: 900, Loss = 8.274e-01
It: 910, Loss = 8.220e-01
It: 920, Loss = 8.165e-01
It: 930, Loss = 8.114e-01
It: 940, Loss = 8.065e-01
It: 950, Loss = 8.011e-01
It: 960, Loss = 7.949e-01
It: 970, Loss = 7.874e-01
It: 980, Loss = 7.790e-01
It: 990, Loss = 7.856e-01
G_pred shape (100, 100)
It: 0, Loss = 1.215e+00
It: 10, Loss = 1.105e+00
It: 20, Loss = 1.033e+00
It: 30, Loss = 9.970e-01
It: 40, Loss = 9.806e-01
It: 50, Loss = 9.745e-01
It: 60, Loss = 9.711e-01
It: 70, Loss = 9.668e-01
It: 80, Loss = 9.633e-01
It: 90, Loss = 9.607e-01
It: 100, Loss = 9.595e-01
It: 110, Loss = 9.592e-01
It: 120, Loss = 9.589e-01
It: 130, Loss = 9.588e-01
It: 140, Loss = 9.586e-01
It: 150, Loss = 9.585e-01
It: 160, Loss = 9.584e-01
It: 170, Loss = 9.584e-01
It: 180, Loss = 9.583e-01
It: 190, Loss = 9.582e-01
It: 200, Loss = 9.582e-01
It: 210, Loss = 9.581e-01
It: 220, Loss = 9.581e-01
It: 230, Loss = 9.580e-01
It: 240, Loss = 9.580e-01
It: 250, Loss = 9.579e-01
It: 260, Loss = 9.579e-01
It: 270, Loss = 9.579e-01
It: 280, Loss = 9.578e-01
It: 290, Loss = 9.578e-01
It: 300, Loss = 9.577e-01
It: 310, Loss = 9.577e-01
It: 320, Loss = 9.577e-01
It: 330, Loss = 9.576e-01
It: 340, Loss = 9.576e-01
It: 350, Loss = 9.575e-01
It: 360, Loss = 9.575e-01
It: 370, Loss = 9.574e-01
It: 380, Loss = 9.574e-01
It: 390, Loss = 9.573e-01
It: 400, Loss = 9.573e-01
It: 410, Loss = 9.572e-01
It: 420, Loss = 9.571e-01
It: 430, Loss = 9.570e-01
It: 440, Loss = 9.569e-01
It: 450, Loss = 9.568e-01
It: 460, Loss = 9.567e-01
It: 470, Loss = 9.566e-01
It: 480, Loss = 9.564e-01
It: 490, Loss = 9.563e-01
It: 500, Loss = 9.561e-01
It: 510, Loss = 9.559e-01
It: 520, Loss = 9.556e-01
It: 530, Loss = 9.553e-01
It: 540, Loss = 9.550e-01
It: 550, Loss = 9.546e-01
It: 560, Loss = 9.542e-01
It: 570, Loss = 9.536e-01
It: 580, Loss = 9.529e-01
It: 590, Loss = 9.521e-01
It: 600, Loss = 9.514e-01
It: 610, Loss = 9.507e-01
It: 620, Loss = 9.496e-01
It: 630, Loss = 9.488e-01
It: 640, Loss = 9.478e-01
It: 650, Loss = 9.468e-01
It: 660, Loss = 9.457e-01
It: 670, Loss = 9.441e-01
It: 680, Loss = 9.424e-01
It: 690, Loss = 9.402e-01
It: 700, Loss = 9.378e-01
It: 710, Loss = 9.352e-01
It: 720, Loss = 9.328e-01
It: 730, Loss = 9.307e-01
It: 740, Loss = 9.286e-01
It: 750, Loss = 9.266e-01
It: 760, Loss = 9.248e-01
It: 770, Loss = 9.233e-01
It: 780, Loss = 9.214e-01
It: 790, Loss = 9.195e-01
It: 800, Loss = 9.174e-01
It: 810, Loss = 9.156e-01
It: 820, Loss = 9.122e-01
It: 830, Loss = 9.094e-01
It: 840, Loss = 9.068e-01
It: 850, Loss = 9.032e-01
It: 860, Loss = 9.003e-01
It: 870, Loss = 9.015e-01
It: 880, Loss = 8.915e-01
It: 890, Loss = 8.863e-01
It: 900, Loss = 8.804e-01
It: 910, Loss = 8.820e-01
It: 920, Loss = 8.718e-01
It: 930, Loss = 8.630e-01
It: 940, Loss = 8.716e-01
It: 950, Loss = 8.614e-01
It: 960, Loss = 8.534e-01
It: 970, Loss = 8.482e-01
It: 980, Loss = 8.461e-01
It: 990, Loss = 8.443e-01
G_pred shape (100, 100)
It: 0, Loss = 1.075e+00
It: 10, Loss = 1.063e+00
It: 20, Loss = 9.923e-01
It: 30, Loss = 9.735e-01
It: 40, Loss = 9.700e-01
It: 50, Loss = 9.613e-01
It: 60, Loss = 9.566e-01
It: 70, Loss = 9.555e-01
It: 80, Loss = 9.555e-01
It: 90, Loss = 9.552e-01
It: 100, Loss = 9.551e-01
It: 110, Loss = 9.550e-01
It: 120, Loss = 9.549e-01
It: 130, Loss = 9.549e-01
It: 140, Loss = 9.549e-01
It: 150, Loss = 9.548e-01
It: 160, Loss = 9.548e-01
It: 170, Loss = 9.547e-01
It: 180, Loss = 9.547e-01
It: 190, Loss = 9.547e-01
It: 200, Loss = 9.546e-01
It: 210, Loss = 9.546e-01
It: 220, Loss = 9.545e-01
It: 230, Loss = 9.545e-01
It: 240, Loss = 9.545e-01
It: 250, Loss = 9.544e-01
It: 260, Loss = 9.544e-01
It: 270, Loss = 9.543e-01
It: 280, Loss = 9.542e-01
It: 290, Loss = 9.542e-01
It: 300, Loss = 9.541e-01
It: 310, Loss = 9.540e-01
It: 320, Loss = 9.540e-01
It: 330, Loss = 9.539e-01
It: 340, Loss = 9.537e-01
It: 350, Loss = 9.536e-01
It: 360, Loss = 9.534e-01
It: 370, Loss = 9.531e-01
It: 380, Loss = 9.526e-01
It: 390, Loss = 9.518e-01
It: 400, Loss = 9.513e-01
It: 410, Loss = 9.507e-01
It: 420, Loss = 9.501e-01
It: 430, Loss = 9.496e-01
It: 440, Loss = 9.490e-01
It: 450, Loss = 9.484e-01
It: 460, Loss = 9.475e-01
It: 470, Loss = 9.461e-01
It: 480, Loss = 9.437e-01
It: 490, Loss = 9.398e-01
It: 500, Loss = 9.336e-01
It: 510, Loss = 9.248e-01
It: 520, Loss = 9.153e-01
It: 530, Loss = 9.161e-01
It: 540, Loss = 8.963e-01
It: 550, Loss = 8.844e-01
It: 560, Loss = 8.690e-01
It: 570, Loss = 8.450e-01
It: 580, Loss = 8.224e-01
It: 590, Loss = 7.945e-01
It: 600, Loss = 7.510e-01
It: 610, Loss = 7.551e-01
It: 620, Loss = 7.070e-01
It: 630, Loss = 6.985e-01
It: 640, Loss = 6.891e-01
It: 650, Loss = 6.795e-01
It: 660, Loss = 6.714e-01
It: 670, Loss = 6.625e-01
It: 680, Loss = 6.704e-01
It: 690, Loss = 6.544e-01
It: 700, Loss = 6.407e-01
It: 710, Loss = 6.301e-01
It: 720, Loss = 6.167e-01
It: 730, Loss = 6.032e-01
It: 740, Loss = 6.647e-01
It: 750, Loss = 5.953e-01
It: 760, Loss = 5.866e-01
It: 770, Loss = 5.738e-01
It: 780, Loss = 5.617e-01
It: 790, Loss = 5.526e-01
It: 800, Loss = 5.440e-01
It: 810, Loss = 5.358e-01
It: 820, Loss = 5.603e-01
It: 830, Loss = 5.308e-01
It: 840, Loss = 5.136e-01
It: 850, Loss = 5.073e-01
It: 860, Loss = 5.000e-01
It: 870, Loss = 5.278e-01
It: 880, Loss = 4.968e-01
It: 890, Loss = 4.865e-01
It: 900, Loss = 4.767e-01
It: 910, Loss = 4.670e-01
It: 920, Loss = 4.592e-01
It: 930, Loss = 4.503e-01
It: 940, Loss = 4.405e-01
It: 950, Loss = 5.874e-01
It: 960, Loss = 4.696e-01
It: 970, Loss = 4.272e-01
It: 980, Loss = 4.139e-01
It: 990, Loss = 4.046e-01
G_pred shape (100, 100)
It: 0, Loss = 2.397e+00
It: 10, Loss = 1.218e+00
It: 20, Loss = 1.093e+00
It: 30, Loss = 9.963e-01
It: 40, Loss = 9.852e-01
It: 50, Loss = 9.850e-01
It: 60, Loss = 9.801e-01
It: 70, Loss = 9.753e-01
It: 80, Loss = 9.708e-01
It: 90, Loss = 9.660e-01
It: 100, Loss = 9.609e-01
It: 110, Loss = 9.560e-01
It: 120, Loss = 9.523e-01
It: 130, Loss = 9.504e-01
It: 140, Loss = 9.500e-01
It: 150, Loss = 9.500e-01
It: 160, Loss = 9.499e-01
It: 170, Loss = 9.498e-01
It: 180, Loss = 9.498e-01
It: 190, Loss = 9.497e-01
It: 200, Loss = 9.497e-01
It: 210, Loss = 9.496e-01
It: 220, Loss = 9.496e-01
It: 230, Loss = 9.495e-01
It: 240, Loss = 9.495e-01
It: 250, Loss = 9.494e-01
It: 260, Loss = 9.494e-01
It: 270, Loss = 9.493e-01
It: 280, Loss = 9.493e-01
It: 290, Loss = 9.492e-01
It: 300, Loss = 9.491e-01
It: 310, Loss = 9.491e-01
It: 320, Loss = 9.490e-01
It: 330, Loss = 9.489e-01
It: 340, Loss = 9.489e-01
It: 350, Loss = 9.488e-01
It: 360, Loss = 9.487e-01
It: 370, Loss = 9.486e-01
It: 380, Loss = 9.485e-01
It: 390, Loss = 9.483e-01
It: 400, Loss = 9.482e-01
It: 410, Loss = 9.480e-01
It: 420, Loss = 9.477e-01
It: 430, Loss = 9.472e-01
It: 440, Loss = 9.467e-01
It: 450, Loss = 9.464e-01
It: 460, Loss = 9.461e-01
It: 470, Loss = 9.460e-01
It: 480, Loss = 9.458e-01
It: 490, Loss = 9.456e-01
It: 500, Loss = 9.455e-01
It: 510, Loss = 9.453e-01
It: 520, Loss = 9.451e-01
It: 530, Loss = 9.449e-01
It: 540, Loss = 9.447e-01
It: 550, Loss = 9.444e-01
It: 560, Loss = 9.442e-01
It: 570, Loss = 9.439e-01
It: 580, Loss = 9.436e-01
It: 590, Loss = 9.433e-01
It: 600, Loss = 9.429e-01
It: 610, Loss = 9.424e-01
It: 620, Loss = 9.418e-01
It: 630, Loss = 9.411e-01
It: 640, Loss = 9.402e-01
It: 650, Loss = 9.391e-01
It: 660, Loss = 9.375e-01
It: 670, Loss = 9.352e-01
It: 680, Loss = 9.318e-01
It: 690, Loss = 9.270e-01
It: 700, Loss = 9.209e-01
It: 710, Loss = 9.112e-01
It: 720, Loss = 8.927e-01
It: 730, Loss = 8.637e-01
It: 740, Loss = 8.336e-01
It: 750, Loss = 8.104e-01
It: 760, Loss = 7.984e-01
It: 770, Loss = 7.904e-01
It: 780, Loss = 7.824e-01
It: 790, Loss = 7.722e-01
It: 800, Loss = 7.588e-01
It: 810, Loss = 7.425e-01
It: 820, Loss = 7.546e-01
It: 830, Loss = 6.908e-01
It: 840, Loss = 6.647e-01
It: 850, Loss = 6.527e-01
It: 860, Loss = 6.533e-01
It: 870, Loss = 6.363e-01
It: 880, Loss = 6.330e-01
It: 890, Loss = 6.294e-01
It: 900, Loss = 6.265e-01
It: 910, Loss = 6.292e-01
It: 920, Loss = 6.228e-01
It: 930, Loss = 6.220e-01
It: 940, Loss = 6.200e-01
It: 950, Loss = 6.175e-01
It: 960, Loss = 6.148e-01
It: 970, Loss = 6.124e-01
It: 980, Loss = 6.097e-01
It: 990, Loss = 6.073e-01
G_pred shape (100, 100)
