Using TensorFlow 2 backend.

noise_ratio =  0.25510204
It: 0, Loss = 1.184e+00
It: 10, Loss = 1.001e+00
It: 20, Loss = 9.756e-01
It: 30, Loss = 9.682e-01
It: 40, Loss = 9.579e-01
It: 50, Loss = 9.504e-01
It: 60, Loss = 9.471e-01
It: 70, Loss = 9.451e-01
It: 80, Loss = 9.443e-01
It: 90, Loss = 9.439e-01
It: 100, Loss = 9.438e-01
It: 110, Loss = 9.437e-01
It: 120, Loss = 9.436e-01
It: 130, Loss = 9.435e-01
It: 140, Loss = 9.436e-01
It: 150, Loss = 9.434e-01
It: 160, Loss = 9.434e-01
It: 170, Loss = 9.433e-01
It: 180, Loss = 9.433e-01
It: 190, Loss = 9.432e-01
It: 200, Loss = 9.431e-01
It: 210, Loss = 9.430e-01
It: 220, Loss = 9.428e-01
It: 230, Loss = 9.425e-01
It: 240, Loss = 9.415e-01
It: 250, Loss = 9.396e-01
It: 260, Loss = 9.388e-01
It: 270, Loss = 9.378e-01
It: 280, Loss = 9.391e-01
It: 290, Loss = 9.373e-01
It: 300, Loss = 9.372e-01
It: 310, Loss = 9.372e-01
It: 320, Loss = 9.370e-01
It: 330, Loss = 9.370e-01
It: 340, Loss = 9.369e-01
It: 350, Loss = 9.369e-01
It: 360, Loss = 9.368e-01
It: 370, Loss = 9.368e-01
It: 380, Loss = 9.367e-01
It: 390, Loss = 9.367e-01
It: 400, Loss = 9.366e-01
It: 410, Loss = 9.365e-01
It: 420, Loss = 9.365e-01
It: 430, Loss = 9.364e-01
It: 440, Loss = 9.363e-01
It: 450, Loss = 9.363e-01
It: 460, Loss = 9.362e-01
It: 470, Loss = 9.361e-01
It: 480, Loss = 9.360e-01
It: 490, Loss = 9.359e-01
It: 500, Loss = 9.358e-01
It: 510, Loss = 9.357e-01
It: 520, Loss = 9.356e-01
It: 530, Loss = 9.354e-01
It: 540, Loss = 9.353e-01
It: 550, Loss = 9.351e-01
It: 560, Loss = 9.349e-01
It: 570, Loss = 9.346e-01
It: 580, Loss = 9.343e-01
It: 590, Loss = 9.339e-01
It: 600, Loss = 9.335e-01
It: 610, Loss = 9.329e-01
It: 620, Loss = 9.322e-01
It: 630, Loss = 9.313e-01
It: 640, Loss = 9.302e-01
It: 650, Loss = 9.287e-01
It: 660, Loss = 9.267e-01
It: 670, Loss = 9.239e-01
It: 680, Loss = 9.201e-01
It: 690, Loss = 9.145e-01
It: 700, Loss = 9.063e-01
It: 710, Loss = 8.937e-01
It: 720, Loss = 8.747e-01
It: 730, Loss = 8.716e-01
It: 740, Loss = 8.830e-01
It: 750, Loss = 8.514e-01
It: 760, Loss = 8.315e-01
It: 770, Loss = 8.181e-01
It: 780, Loss = 8.052e-01
It: 790, Loss = 7.962e-01
It: 800, Loss = 7.903e-01
It: 810, Loss = 7.859e-01
It: 820, Loss = 7.823e-01
It: 830, Loss = 7.792e-01
It: 840, Loss = 7.763e-01
It: 850, Loss = 7.735e-01
It: 860, Loss = 7.706e-01
It: 870, Loss = 7.676e-01
It: 880, Loss = 7.837e-01
It: 890, Loss = 7.688e-01
It: 900, Loss = 7.586e-01
It: 910, Loss = 7.558e-01
It: 920, Loss = 7.508e-01
It: 930, Loss = 7.459e-01
It: 940, Loss = 7.406e-01
It: 950, Loss = 7.353e-01
It: 960, Loss = 7.285e-01
It: 970, Loss = 7.192e-01
It: 980, Loss = 7.083e-01
It: 990, Loss = 8.424e-01
G_pred shape (100, 100)
It: 0, Loss = 1.243e+00
It: 10, Loss = 9.794e-01
It: 20, Loss = 9.712e-01
It: 30, Loss = 9.570e-01
It: 40, Loss = 9.479e-01
It: 50, Loss = 9.413e-01
It: 60, Loss = 9.386e-01
It: 70, Loss = 9.379e-01
It: 80, Loss = 9.369e-01
It: 90, Loss = 9.363e-01
It: 100, Loss = 9.360e-01
It: 110, Loss = 9.359e-01
It: 120, Loss = 9.357e-01
It: 130, Loss = 9.356e-01
It: 140, Loss = 9.355e-01
It: 150, Loss = 9.354e-01
It: 160, Loss = 9.353e-01
It: 170, Loss = 9.352e-01
It: 180, Loss = 9.351e-01
It: 190, Loss = 9.350e-01
It: 200, Loss = 9.349e-01
It: 210, Loss = 9.349e-01
It: 220, Loss = 9.348e-01
It: 230, Loss = 9.347e-01
It: 240, Loss = 9.346e-01
It: 250, Loss = 9.345e-01
It: 260, Loss = 9.344e-01
It: 270, Loss = 9.342e-01
It: 280, Loss = 9.341e-01
It: 290, Loss = 9.340e-01
It: 300, Loss = 9.338e-01
It: 310, Loss = 9.336e-01
It: 320, Loss = 9.334e-01
It: 330, Loss = 9.331e-01
It: 340, Loss = 9.328e-01
It: 350, Loss = 9.323e-01
It: 360, Loss = 9.317e-01
It: 370, Loss = 9.308e-01
It: 380, Loss = 9.293e-01
It: 390, Loss = 9.267e-01
It: 400, Loss = 9.234e-01
It: 410, Loss = 9.213e-01
It: 420, Loss = 9.203e-01
It: 430, Loss = 9.194e-01
It: 440, Loss = 9.186e-01
It: 450, Loss = 9.178e-01
It: 460, Loss = 9.170e-01
It: 470, Loss = 9.161e-01
It: 480, Loss = 9.153e-01
It: 490, Loss = 9.145e-01
It: 500, Loss = 9.139e-01
It: 510, Loss = 9.133e-01
It: 520, Loss = 9.127e-01
It: 530, Loss = 9.119e-01
It: 540, Loss = 9.109e-01
It: 550, Loss = 9.092e-01
It: 560, Loss = 9.059e-01
It: 570, Loss = 9.055e-01
It: 580, Loss = 8.850e-01
It: 590, Loss = 8.550e-01
It: 600, Loss = 8.491e-01
It: 610, Loss = 8.422e-01
It: 620, Loss = 8.303e-01
It: 630, Loss = 8.217e-01
It: 640, Loss = 8.145e-01
It: 650, Loss = 8.055e-01
It: 660, Loss = 7.951e-01
It: 670, Loss = 8.068e-01
It: 680, Loss = 7.896e-01
It: 690, Loss = 7.759e-01
It: 700, Loss = 7.686e-01
It: 710, Loss = 7.620e-01
It: 720, Loss = 7.579e-01
It: 730, Loss = 7.577e-01
It: 740, Loss = 7.499e-01
It: 750, Loss = 7.463e-01
It: 760, Loss = 7.385e-01
It: 770, Loss = 7.324e-01
It: 780, Loss = 7.416e-01
It: 790, Loss = 7.232e-01
It: 800, Loss = 7.084e-01
It: 810, Loss = 6.940e-01
It: 820, Loss = 6.999e-01
It: 830, Loss = 6.847e-01
It: 840, Loss = 6.671e-01
It: 850, Loss = 6.484e-01
It: 860, Loss = 6.285e-01
It: 870, Loss = 6.040e-01
It: 880, Loss = 6.872e-01
It: 890, Loss = 5.763e-01
It: 900, Loss = 5.502e-01
It: 910, Loss = 5.379e-01
It: 920, Loss = 5.246e-01
It: 930, Loss = 5.139e-01
It: 940, Loss = 5.038e-01
It: 950, Loss = 5.605e-01
It: 960, Loss = 5.124e-01
It: 970, Loss = 4.809e-01
It: 980, Loss = 4.722e-01
It: 990, Loss = 4.610e-01
G_pred shape (100, 100)
It: 0, Loss = 1.498e+00
It: 10, Loss = 1.116e+00
It: 20, Loss = 1.036e+00
It: 30, Loss = 9.975e-01
It: 40, Loss = 9.758e-01
It: 50, Loss = 9.621e-01
It: 60, Loss = 9.558e-01
It: 70, Loss = 9.519e-01
It: 80, Loss = 9.488e-01
It: 90, Loss = 9.478e-01
It: 100, Loss = 9.475e-01
It: 110, Loss = 9.473e-01
It: 120, Loss = 9.471e-01
It: 130, Loss = 9.469e-01
It: 140, Loss = 9.467e-01
It: 150, Loss = 9.464e-01
It: 160, Loss = 9.462e-01
It: 170, Loss = 9.459e-01
It: 180, Loss = 9.456e-01
It: 190, Loss = 9.455e-01
It: 200, Loss = 9.453e-01
It: 210, Loss = 9.453e-01
It: 220, Loss = 9.452e-01
It: 230, Loss = 9.451e-01
It: 240, Loss = 9.451e-01
It: 250, Loss = 9.450e-01
It: 260, Loss = 9.449e-01
It: 270, Loss = 9.448e-01
It: 280, Loss = 9.448e-01
It: 290, Loss = 9.447e-01
It: 300, Loss = 9.446e-01
It: 310, Loss = 9.445e-01
It: 320, Loss = 9.444e-01
It: 330, Loss = 9.444e-01
It: 340, Loss = 9.442e-01
It: 350, Loss = 9.441e-01
It: 360, Loss = 9.440e-01
It: 370, Loss = 9.439e-01
It: 380, Loss = 9.437e-01
It: 390, Loss = 9.435e-01
It: 400, Loss = 9.432e-01
It: 410, Loss = 9.428e-01
It: 420, Loss = 9.422e-01
It: 430, Loss = 9.414e-01
It: 440, Loss = 9.402e-01
It: 450, Loss = 9.386e-01
It: 460, Loss = 9.368e-01
It: 470, Loss = 9.363e-01
It: 480, Loss = 9.355e-01
It: 490, Loss = 9.348e-01
It: 500, Loss = 9.341e-01
It: 510, Loss = 9.334e-01
It: 520, Loss = 9.324e-01
It: 530, Loss = 9.312e-01
It: 540, Loss = 9.296e-01
It: 550, Loss = 9.274e-01
It: 560, Loss = 9.243e-01
It: 570, Loss = 9.197e-01
It: 580, Loss = 9.125e-01
It: 590, Loss = 9.015e-01
It: 600, Loss = 8.848e-01
It: 610, Loss = 8.908e-01
It: 620, Loss = 8.592e-01
It: 630, Loss = 8.536e-01
It: 640, Loss = 8.457e-01
It: 650, Loss = 8.399e-01
It: 660, Loss = 8.335e-01
It: 670, Loss = 8.259e-01
It: 680, Loss = 8.163e-01
It: 690, Loss = 8.036e-01
It: 700, Loss = 7.877e-01
It: 710, Loss = 7.715e-01
It: 720, Loss = 7.583e-01
It: 730, Loss = 7.567e-01
It: 740, Loss = 7.339e-01
It: 750, Loss = 7.172e-01
It: 760, Loss = 6.932e-01
It: 770, Loss = 7.080e-01
It: 780, Loss = 6.501e-01
It: 790, Loss = 6.219e-01
It: 800, Loss = 6.130e-01
It: 810, Loss = 6.052e-01
It: 820, Loss = 5.992e-01
It: 830, Loss = 5.937e-01
It: 840, Loss = 5.896e-01
It: 850, Loss = 5.871e-01
It: 860, Loss = 5.857e-01
It: 870, Loss = 5.817e-01
It: 880, Loss = 5.780e-01
It: 890, Loss = 5.753e-01
It: 900, Loss = 5.724e-01
It: 910, Loss = 5.698e-01
It: 920, Loss = 5.674e-01
It: 930, Loss = 5.642e-01
It: 940, Loss = 5.623e-01
It: 950, Loss = 5.587e-01
It: 960, Loss = 5.557e-01
It: 970, Loss = 5.583e-01
It: 980, Loss = 5.503e-01
It: 990, Loss = 5.462e-01
G_pred shape (100, 100)
It: 0, Loss = 1.100e+00
It: 10, Loss = 9.880e-01
It: 20, Loss = 9.987e-01
It: 30, Loss = 9.776e-01
It: 40, Loss = 9.712e-01
It: 50, Loss = 9.656e-01
It: 60, Loss = 9.611e-01
It: 70, Loss = 9.557e-01
It: 80, Loss = 9.503e-01
It: 90, Loss = 9.453e-01
It: 100, Loss = 9.418e-01
It: 110, Loss = 9.399e-01
It: 120, Loss = 9.389e-01
It: 130, Loss = 9.385e-01
It: 140, Loss = 9.384e-01
It: 150, Loss = 9.382e-01
It: 160, Loss = 9.381e-01
It: 170, Loss = 9.379e-01
It: 180, Loss = 9.377e-01
It: 190, Loss = 9.375e-01
It: 200, Loss = 9.373e-01
It: 210, Loss = 9.371e-01
It: 220, Loss = 9.368e-01
It: 230, Loss = 9.365e-01
It: 240, Loss = 9.361e-01
It: 250, Loss = 9.357e-01
It: 260, Loss = 9.353e-01
It: 270, Loss = 9.348e-01
It: 280, Loss = 9.342e-01
It: 290, Loss = 9.336e-01
It: 300, Loss = 9.330e-01
It: 310, Loss = 9.322e-01
It: 320, Loss = 9.314e-01
It: 330, Loss = 9.306e-01
It: 340, Loss = 9.296e-01
It: 350, Loss = 9.286e-01
It: 360, Loss = 9.273e-01
It: 370, Loss = 9.256e-01
It: 380, Loss = 9.234e-01
It: 390, Loss = 9.210e-01
It: 400, Loss = 9.185e-01
It: 410, Loss = 9.164e-01
It: 420, Loss = 9.142e-01
It: 430, Loss = 9.109e-01
It: 440, Loss = 9.054e-01
It: 450, Loss = 8.956e-01
It: 460, Loss = 8.763e-01
It: 470, Loss = 8.435e-01
It: 480, Loss = 8.290e-01
It: 490, Loss = 8.076e-01
It: 500, Loss = 7.764e-01
It: 510, Loss = 7.622e-01
It: 520, Loss = 7.521e-01
It: 530, Loss = 7.611e-01
It: 540, Loss = 7.386e-01
It: 550, Loss = 7.238e-01
It: 560, Loss = 7.147e-01
It: 570, Loss = 6.991e-01
It: 580, Loss = 6.884e-01
It: 590, Loss = 6.722e-01
It: 600, Loss = 6.701e-01
It: 610, Loss = 6.516e-01
It: 620, Loss = 6.307e-01
It: 630, Loss = 6.715e-01
It: 640, Loss = 5.984e-01
It: 650, Loss = 5.739e-01
It: 660, Loss = 5.580e-01
It: 670, Loss = 5.744e-01
It: 680, Loss = 5.367e-01
It: 690, Loss = 5.185e-01
It: 700, Loss = 5.064e-01
It: 710, Loss = 4.943e-01
It: 720, Loss = 5.495e-01
It: 730, Loss = 4.712e-01
It: 740, Loss = 4.602e-01
It: 750, Loss = 4.385e-01
It: 760, Loss = 4.391e-01
It: 770, Loss = 4.304e-01
It: 780, Loss = 3.991e-01
It: 790, Loss = 3.840e-01
It: 800, Loss = 3.912e-01
It: 810, Loss = 3.685e-01
It: 820, Loss = 3.341e-01
It: 830, Loss = 3.050e-01
It: 840, Loss = 3.985e-01
It: 850, Loss = 2.848e-01
It: 860, Loss = 2.536e-01
It: 870, Loss = 2.341e-01
It: 880, Loss = 2.116e-01
It: 890, Loss = 1.980e-01
It: 900, Loss = 1.866e-01
It: 910, Loss = 1.850e-01
It: 920, Loss = 2.473e-01
It: 930, Loss = 1.818e-01
It: 940, Loss = 1.701e-01
It: 950, Loss = 1.645e-01
It: 960, Loss = 1.587e-01
It: 970, Loss = 1.556e-01
It: 980, Loss = 1.527e-01
It: 990, Loss = 1.502e-01
G_pred shape (100, 100)
It: 0, Loss = 3.117e+00
It: 10, Loss = 1.198e+00
It: 20, Loss = 1.137e+00
It: 30, Loss = 1.024e+00
It: 40, Loss = 9.764e-01
It: 50, Loss = 9.701e-01
It: 60, Loss = 9.681e-01
It: 70, Loss = 9.648e-01
It: 80, Loss = 9.613e-01
It: 90, Loss = 9.577e-01
It: 100, Loss = 9.541e-01
It: 110, Loss = 9.506e-01
It: 120, Loss = 9.473e-01
It: 130, Loss = 9.444e-01
It: 140, Loss = 9.422e-01
It: 150, Loss = 9.409e-01
It: 160, Loss = 9.401e-01
It: 170, Loss = 9.396e-01
It: 180, Loss = 9.393e-01
It: 190, Loss = 9.391e-01
It: 200, Loss = 9.390e-01
It: 210, Loss = 9.389e-01
It: 220, Loss = 9.388e-01
It: 230, Loss = 9.387e-01
It: 240, Loss = 9.386e-01
It: 250, Loss = 9.386e-01
It: 260, Loss = 9.385e-01
It: 270, Loss = 9.384e-01
It: 280, Loss = 9.383e-01
It: 290, Loss = 9.382e-01
It: 300, Loss = 9.381e-01
It: 310, Loss = 9.380e-01
It: 320, Loss = 9.380e-01
It: 330, Loss = 9.379e-01
It: 340, Loss = 9.378e-01
It: 350, Loss = 9.376e-01
It: 360, Loss = 9.375e-01
It: 370, Loss = 9.374e-01
It: 380, Loss = 9.372e-01
It: 390, Loss = 9.370e-01
It: 400, Loss = 9.367e-01
It: 410, Loss = 9.363e-01
It: 420, Loss = 9.355e-01
It: 430, Loss = 9.341e-01
It: 440, Loss = 9.319e-01
It: 450, Loss = 9.297e-01
It: 460, Loss = 9.296e-01
It: 470, Loss = 9.291e-01
It: 480, Loss = 9.289e-01
It: 490, Loss = 9.287e-01
It: 500, Loss = 9.285e-01
It: 510, Loss = 9.282e-01
It: 520, Loss = 9.280e-01
It: 530, Loss = 9.277e-01
It: 540, Loss = 9.275e-01
It: 550, Loss = 9.272e-01
It: 560, Loss = 9.269e-01
It: 570, Loss = 9.266e-01
It: 580, Loss = 9.263e-01
It: 590, Loss = 9.260e-01
It: 600, Loss = 9.257e-01
It: 610, Loss = 9.253e-01
It: 620, Loss = 9.249e-01
It: 630, Loss = 9.245e-01
It: 640, Loss = 9.241e-01
It: 650, Loss = 9.236e-01
It: 660, Loss = 9.231e-01
It: 670, Loss = 9.227e-01
It: 680, Loss = 9.221e-01
It: 690, Loss = 9.216e-01
It: 700, Loss = 9.210e-01
It: 710, Loss = 9.204e-01
It: 720, Loss = 9.198e-01
It: 730, Loss = 9.191e-01
It: 740, Loss = 9.184e-01
It: 750, Loss = 9.176e-01
It: 760, Loss = 9.168e-01
It: 770, Loss = 9.160e-01
It: 780, Loss = 9.150e-01
It: 790, Loss = 9.139e-01
It: 800, Loss = 9.126e-01
It: 810, Loss = 9.109e-01
It: 820, Loss = 9.089e-01
It: 830, Loss = 9.062e-01
It: 840, Loss = 9.025e-01
It: 850, Loss = 8.969e-01
It: 860, Loss = 8.885e-01
It: 870, Loss = 8.764e-01
It: 880, Loss = 8.611e-01
It: 890, Loss = 8.463e-01
It: 900, Loss = 8.345e-01
It: 910, Loss = 8.251e-01
It: 920, Loss = 8.131e-01
It: 930, Loss = 8.062e-01
It: 940, Loss = 8.011e-01
It: 950, Loss = 7.967e-01
It: 960, Loss = 7.919e-01
It: 970, Loss = 7.872e-01
It: 980, Loss = 7.843e-01
It: 990, Loss = 7.769e-01
G_pred shape (100, 100)
