Using TensorFlow 2 backend.

noise_ratio =  0.45918367
It: 0, Loss = 1.045e+00
It: 10, Loss = 9.985e-01
It: 20, Loss = 9.791e-01
It: 30, Loss = 9.666e-01
It: 40, Loss = 9.582e-01
It: 50, Loss = 9.562e-01
It: 60, Loss = 9.555e-01
It: 70, Loss = 9.548e-01
It: 80, Loss = 9.545e-01
It: 90, Loss = 9.544e-01
It: 100, Loss = 9.543e-01
It: 110, Loss = 9.542e-01
It: 120, Loss = 9.541e-01
It: 130, Loss = 9.541e-01
It: 140, Loss = 9.540e-01
It: 150, Loss = 9.539e-01
It: 160, Loss = 9.539e-01
It: 170, Loss = 9.538e-01
It: 180, Loss = 9.537e-01
It: 190, Loss = 9.536e-01
It: 200, Loss = 9.535e-01
It: 210, Loss = 9.535e-01
It: 220, Loss = 9.533e-01
It: 230, Loss = 9.532e-01
It: 240, Loss = 9.531e-01
It: 250, Loss = 9.530e-01
It: 260, Loss = 9.528e-01
It: 270, Loss = 9.526e-01
It: 280, Loss = 9.524e-01
It: 290, Loss = 9.521e-01
It: 300, Loss = 9.518e-01
It: 310, Loss = 9.514e-01
It: 320, Loss = 9.509e-01
It: 330, Loss = 9.503e-01
It: 340, Loss = 9.493e-01
It: 350, Loss = 9.489e-01
It: 360, Loss = 9.462e-01
It: 370, Loss = 9.427e-01
It: 380, Loss = 9.331e-01
It: 390, Loss = 9.144e-01
It: 400, Loss = 8.923e-01
It: 410, Loss = 8.763e-01
It: 420, Loss = 8.680e-01
It: 430, Loss = 8.571e-01
It: 440, Loss = 8.485e-01
It: 450, Loss = 8.878e-01
It: 460, Loss = 8.378e-01
It: 470, Loss = 8.189e-01
It: 480, Loss = 8.028e-01
It: 490, Loss = 7.860e-01
It: 500, Loss = 7.932e-01
It: 510, Loss = 7.526e-01
It: 520, Loss = 7.371e-01
It: 530, Loss = 7.242e-01
It: 540, Loss = 7.152e-01
It: 550, Loss = 7.078e-01
It: 560, Loss = 6.801e-01
It: 570, Loss = 6.624e-01
It: 580, Loss = 6.385e-01
It: 590, Loss = 6.317e-01
It: 600, Loss = 6.019e-01
It: 610, Loss = 5.876e-01
It: 620, Loss = 5.846e-01
It: 630, Loss = 5.721e-01
It: 640, Loss = 5.984e-01
It: 650, Loss = 5.726e-01
It: 660, Loss = 5.512e-01
It: 670, Loss = 5.386e-01
It: 680, Loss = 6.100e-01
It: 690, Loss = 5.325e-01
It: 700, Loss = 5.222e-01
It: 710, Loss = 5.099e-01
It: 720, Loss = 5.002e-01
It: 730, Loss = 5.115e-01
It: 740, Loss = 5.192e-01
It: 750, Loss = 4.943e-01
It: 760, Loss = 4.791e-01
It: 770, Loss = 4.711e-01
It: 780, Loss = 4.646e-01
It: 790, Loss = 4.579e-01
It: 800, Loss = 4.514e-01
It: 810, Loss = 4.464e-01
It: 820, Loss = 5.165e-01
It: 830, Loss = 4.573e-01
It: 840, Loss = 4.399e-01
It: 850, Loss = 4.292e-01
It: 860, Loss = 4.204e-01
It: 870, Loss = 4.144e-01
It: 880, Loss = 4.079e-01
It: 890, Loss = 4.012e-01
It: 900, Loss = 3.947e-01
It: 910, Loss = 3.946e-01
It: 920, Loss = 4.131e-01
It: 930, Loss = 3.893e-01
It: 940, Loss = 3.753e-01
It: 950, Loss = 3.673e-01
It: 960, Loss = 3.603e-01
It: 970, Loss = 3.538e-01
It: 980, Loss = 3.471e-01
It: 990, Loss = 3.403e-01
G_pred shape (100, 100)
It: 0, Loss = 1.668e+00
It: 10, Loss = 1.057e+00
It: 20, Loss = 1.036e+00
It: 30, Loss = 1.009e+00
It: 40, Loss = 9.871e-01
It: 50, Loss = 9.767e-01
It: 60, Loss = 9.709e-01
It: 70, Loss = 9.654e-01
It: 80, Loss = 9.590e-01
It: 90, Loss = 9.519e-01
It: 100, Loss = 9.454e-01
It: 110, Loss = 9.416e-01
It: 120, Loss = 9.410e-01
It: 130, Loss = 9.410e-01
It: 140, Loss = 9.408e-01
It: 150, Loss = 9.407e-01
It: 160, Loss = 9.407e-01
It: 170, Loss = 9.406e-01
It: 180, Loss = 9.406e-01
It: 190, Loss = 9.405e-01
It: 200, Loss = 9.405e-01
It: 210, Loss = 9.405e-01
It: 220, Loss = 9.404e-01
It: 230, Loss = 9.404e-01
It: 240, Loss = 9.404e-01
It: 250, Loss = 9.404e-01
It: 260, Loss = 9.403e-01
It: 270, Loss = 9.403e-01
It: 280, Loss = 9.402e-01
It: 290, Loss = 9.402e-01
It: 300, Loss = 9.402e-01
It: 310, Loss = 9.401e-01
It: 320, Loss = 9.401e-01
It: 330, Loss = 9.400e-01
It: 340, Loss = 9.399e-01
It: 350, Loss = 9.399e-01
It: 360, Loss = 9.398e-01
It: 370, Loss = 9.397e-01
It: 380, Loss = 9.395e-01
It: 390, Loss = 9.394e-01
It: 400, Loss = 9.392e-01
It: 410, Loss = 9.388e-01
It: 420, Loss = 9.382e-01
It: 430, Loss = 9.368e-01
It: 440, Loss = 9.375e-01
It: 450, Loss = 9.357e-01
It: 460, Loss = 9.349e-01
It: 470, Loss = 9.343e-01
It: 480, Loss = 9.339e-01
It: 490, Loss = 9.334e-01
It: 500, Loss = 9.328e-01
It: 510, Loss = 9.322e-01
It: 520, Loss = 9.315e-01
It: 530, Loss = 9.309e-01
It: 540, Loss = 9.304e-01
It: 550, Loss = 9.299e-01
It: 560, Loss = 9.293e-01
It: 570, Loss = 9.287e-01
It: 580, Loss = 9.278e-01
It: 590, Loss = 9.266e-01
It: 600, Loss = 9.251e-01
It: 610, Loss = 9.230e-01
It: 620, Loss = 9.207e-01
It: 630, Loss = 9.182e-01
It: 640, Loss = 9.155e-01
It: 650, Loss = 9.125e-01
It: 660, Loss = 9.092e-01
It: 670, Loss = 9.054e-01
It: 680, Loss = 9.004e-01
It: 690, Loss = 8.931e-01
It: 700, Loss = 8.829e-01
It: 710, Loss = 8.699e-01
It: 720, Loss = 8.575e-01
It: 730, Loss = 8.485e-01
It: 740, Loss = 8.641e-01
It: 750, Loss = 8.405e-01
It: 760, Loss = 8.347e-01
It: 770, Loss = 8.274e-01
It: 780, Loss = 8.211e-01
It: 790, Loss = 8.128e-01
It: 800, Loss = 8.081e-01
It: 810, Loss = 7.957e-01
It: 820, Loss = 7.872e-01
It: 830, Loss = 7.729e-01
It: 840, Loss = 7.654e-01
It: 850, Loss = 7.797e-01
It: 860, Loss = 7.425e-01
It: 870, Loss = 7.344e-01
It: 880, Loss = 7.254e-01
It: 890, Loss = 7.227e-01
It: 900, Loss = 7.197e-01
It: 910, Loss = 7.182e-01
It: 920, Loss = 7.057e-01
It: 930, Loss = 6.992e-01
It: 940, Loss = 6.945e-01
It: 950, Loss = 6.899e-01
It: 960, Loss = 6.849e-01
It: 970, Loss = 6.799e-01
It: 980, Loss = 6.746e-01
It: 990, Loss = 6.690e-01
G_pred shape (100, 100)
It: 0, Loss = 1.044e+00
It: 10, Loss = 1.054e+00
It: 20, Loss = 1.001e+00
It: 30, Loss = 9.821e-01
It: 40, Loss = 9.762e-01
It: 50, Loss = 9.707e-01
It: 60, Loss = 9.649e-01
It: 70, Loss = 9.596e-01
It: 80, Loss = 9.557e-01
It: 90, Loss = 9.545e-01
It: 100, Loss = 9.544e-01
It: 110, Loss = 9.541e-01
It: 120, Loss = 9.539e-01
It: 130, Loss = 9.538e-01
It: 140, Loss = 9.536e-01
It: 150, Loss = 9.535e-01
It: 160, Loss = 9.533e-01
It: 170, Loss = 9.532e-01
It: 180, Loss = 9.530e-01
It: 190, Loss = 9.527e-01
It: 200, Loss = 9.522e-01
It: 210, Loss = 9.520e-01
It: 220, Loss = 9.506e-01
It: 230, Loss = 9.486e-01
It: 240, Loss = 9.515e-01
It: 250, Loss = 9.456e-01
It: 260, Loss = 9.458e-01
It: 270, Loss = 9.452e-01
It: 280, Loss = 9.448e-01
It: 290, Loss = 9.446e-01
It: 300, Loss = 9.443e-01
It: 310, Loss = 9.441e-01
It: 320, Loss = 9.438e-01
It: 330, Loss = 9.435e-01
It: 340, Loss = 9.431e-01
It: 350, Loss = 9.427e-01
It: 360, Loss = 9.421e-01
It: 370, Loss = 9.413e-01
It: 380, Loss = 9.404e-01
It: 390, Loss = 9.390e-01
It: 400, Loss = 9.371e-01
It: 410, Loss = 9.343e-01
It: 420, Loss = 9.295e-01
It: 430, Loss = 9.205e-01
It: 440, Loss = 9.025e-01
It: 450, Loss = 8.811e-01
It: 460, Loss = 8.700e-01
It: 470, Loss = 8.537e-01
It: 480, Loss = 8.429e-01
It: 490, Loss = 8.304e-01
It: 500, Loss = 8.151e-01
It: 510, Loss = 7.956e-01
It: 520, Loss = 7.775e-01
It: 530, Loss = 7.615e-01
It: 540, Loss = 7.453e-01
It: 550, Loss = 7.318e-01
It: 560, Loss = 7.158e-01
It: 570, Loss = 7.085e-01
It: 580, Loss = 6.877e-01
It: 590, Loss = 6.722e-01
It: 600, Loss = 6.613e-01
It: 610, Loss = 6.525e-01
It: 620, Loss = 6.429e-01
It: 630, Loss = 6.361e-01
It: 640, Loss = 6.262e-01
It: 650, Loss = 6.376e-01
It: 660, Loss = 6.205e-01
It: 670, Loss = 6.082e-01
It: 680, Loss = 5.980e-01
It: 690, Loss = 5.892e-01
It: 700, Loss = 5.811e-01
It: 710, Loss = 6.278e-01
It: 720, Loss = 5.938e-01
It: 730, Loss = 5.691e-01
It: 740, Loss = 5.603e-01
It: 750, Loss = 5.530e-01
It: 760, Loss = 5.453e-01
It: 770, Loss = 5.371e-01
It: 780, Loss = 5.282e-01
It: 790, Loss = 5.189e-01
It: 800, Loss = 5.096e-01
It: 810, Loss = 5.034e-01
It: 820, Loss = 5.184e-01
It: 830, Loss = 5.037e-01
It: 840, Loss = 4.934e-01
It: 850, Loss = 4.783e-01
It: 860, Loss = 4.687e-01
It: 870, Loss = 4.596e-01
It: 880, Loss = 4.509e-01
It: 890, Loss = 4.413e-01
It: 900, Loss = 4.374e-01
It: 910, Loss = 4.355e-01
It: 920, Loss = 4.219e-01
It: 930, Loss = 4.109e-01
It: 940, Loss = 3.943e-01
It: 950, Loss = 3.819e-01
It: 960, Loss = 3.681e-01
It: 970, Loss = 3.544e-01
It: 980, Loss = 3.607e-01
It: 990, Loss = 3.609e-01
G_pred shape (100, 100)
It: 0, Loss = 1.134e+00
It: 10, Loss = 1.050e+00
It: 20, Loss = 1.010e+00
It: 30, Loss = 9.885e-01
It: 40, Loss = 9.767e-01
It: 50, Loss = 9.673e-01
It: 60, Loss = 9.594e-01
It: 70, Loss = 9.524e-01
It: 80, Loss = 9.489e-01
It: 90, Loss = 9.490e-01
It: 100, Loss = 9.487e-01
It: 110, Loss = 9.484e-01
It: 120, Loss = 9.484e-01
It: 130, Loss = 9.482e-01
It: 140, Loss = 9.481e-01
It: 150, Loss = 9.480e-01
It: 160, Loss = 9.479e-01
It: 170, Loss = 9.478e-01
It: 180, Loss = 9.477e-01
It: 190, Loss = 9.476e-01
It: 200, Loss = 9.475e-01
It: 210, Loss = 9.473e-01
It: 220, Loss = 9.472e-01
It: 230, Loss = 9.471e-01
It: 240, Loss = 9.467e-01
It: 250, Loss = 9.462e-01
It: 260, Loss = 9.453e-01
It: 270, Loss = 9.443e-01
It: 280, Loss = 9.441e-01
It: 290, Loss = 9.437e-01
It: 300, Loss = 9.434e-01
It: 310, Loss = 9.430e-01
It: 320, Loss = 9.431e-01
It: 330, Loss = 9.425e-01
It: 340, Loss = 9.424e-01
It: 350, Loss = 9.421e-01
It: 360, Loss = 9.419e-01
It: 370, Loss = 9.417e-01
It: 380, Loss = 9.415e-01
It: 390, Loss = 9.412e-01
It: 400, Loss = 9.409e-01
It: 410, Loss = 9.406e-01
It: 420, Loss = 9.402e-01
It: 430, Loss = 9.398e-01
It: 440, Loss = 9.392e-01
It: 450, Loss = 9.385e-01
It: 460, Loss = 9.376e-01
It: 470, Loss = 9.365e-01
It: 480, Loss = 9.349e-01
It: 490, Loss = 9.328e-01
It: 500, Loss = 9.297e-01
It: 510, Loss = 9.251e-01
It: 520, Loss = 9.178e-01
It: 530, Loss = 9.060e-01
It: 540, Loss = 8.937e-01
It: 550, Loss = 8.774e-01
It: 560, Loss = 8.666e-01
It: 570, Loss = 8.558e-01
It: 580, Loss = 8.461e-01
It: 590, Loss = 8.352e-01
It: 600, Loss = 8.234e-01
It: 610, Loss = 8.044e-01
It: 620, Loss = 7.792e-01
It: 630, Loss = 7.911e-01
It: 640, Loss = 7.599e-01
It: 650, Loss = 7.377e-01
It: 660, Loss = 7.157e-01
It: 670, Loss = 6.906e-01
It: 680, Loss = 8.977e-01
It: 690, Loss = 6.634e-01
It: 700, Loss = 6.531e-01
It: 710, Loss = 6.373e-01
It: 720, Loss = 6.303e-01
It: 730, Loss = 6.262e-01
It: 740, Loss = 6.232e-01
It: 750, Loss = 6.212e-01
It: 760, Loss = 6.194e-01
It: 770, Loss = 6.178e-01
It: 780, Loss = 6.163e-01
It: 790, Loss = 6.149e-01
It: 800, Loss = 6.136e-01
It: 810, Loss = 6.123e-01
It: 820, Loss = 6.111e-01
It: 830, Loss = 6.099e-01
It: 840, Loss = 6.087e-01
It: 850, Loss = 6.075e-01
It: 860, Loss = 6.212e-01
It: 870, Loss = 6.058e-01
It: 880, Loss = 6.052e-01
It: 890, Loss = 6.034e-01
It: 900, Loss = 6.020e-01
It: 910, Loss = 6.006e-01
It: 920, Loss = 5.991e-01
It: 930, Loss = 5.975e-01
It: 940, Loss = 5.958e-01
It: 950, Loss = 5.940e-01
It: 960, Loss = 6.097e-01
It: 970, Loss = 5.968e-01
It: 980, Loss = 5.887e-01
It: 990, Loss = 5.856e-01
G_pred shape (100, 100)
It: 0, Loss = 1.028e+00
It: 10, Loss = 1.033e+00
It: 20, Loss = 9.822e-01
It: 30, Loss = 9.817e-01
It: 40, Loss = 9.657e-01
It: 50, Loss = 9.601e-01
It: 60, Loss = 9.531e-01
It: 70, Loss = 9.500e-01
It: 80, Loss = 9.496e-01
It: 90, Loss = 9.493e-01
It: 100, Loss = 9.491e-01
It: 110, Loss = 9.490e-01
It: 120, Loss = 9.489e-01
It: 130, Loss = 9.488e-01
It: 140, Loss = 9.487e-01
It: 150, Loss = 9.487e-01
It: 160, Loss = 9.486e-01
It: 170, Loss = 9.485e-01
It: 180, Loss = 9.484e-01
It: 190, Loss = 9.484e-01
It: 200, Loss = 9.483e-01
It: 210, Loss = 9.482e-01
It: 220, Loss = 9.481e-01
It: 230, Loss = 9.480e-01
It: 240, Loss = 9.478e-01
It: 250, Loss = 9.477e-01
It: 260, Loss = 9.475e-01
It: 270, Loss = 9.473e-01
It: 280, Loss = 9.469e-01
It: 290, Loss = 9.463e-01
It: 300, Loss = 9.452e-01
It: 310, Loss = 9.436e-01
It: 320, Loss = 9.428e-01
It: 330, Loss = 9.423e-01
It: 340, Loss = 9.418e-01
It: 350, Loss = 9.412e-01
It: 360, Loss = 9.408e-01
It: 370, Loss = 9.404e-01
It: 380, Loss = 9.401e-01
It: 390, Loss = 9.398e-01
It: 400, Loss = 9.395e-01
It: 410, Loss = 9.392e-01
It: 420, Loss = 9.388e-01
It: 430, Loss = 9.384e-01
It: 440, Loss = 9.378e-01
It: 450, Loss = 9.371e-01
It: 460, Loss = 9.361e-01
It: 470, Loss = 9.345e-01
It: 480, Loss = 9.323e-01
It: 490, Loss = 9.284e-01
It: 500, Loss = 9.222e-01
It: 510, Loss = 9.138e-01
It: 520, Loss = 9.013e-01
It: 530, Loss = 8.816e-01
It: 540, Loss = 8.668e-01
It: 550, Loss = 8.477e-01
It: 560, Loss = 8.362e-01
It: 570, Loss = 8.282e-01
It: 580, Loss = 8.205e-01
It: 590, Loss = 8.142e-01
It: 600, Loss = 8.143e-01
It: 610, Loss = 8.017e-01
It: 620, Loss = 7.924e-01
It: 630, Loss = 7.866e-01
It: 640, Loss = 7.957e-01
It: 650, Loss = 7.768e-01
It: 660, Loss = 7.705e-01
It: 670, Loss = 7.560e-01
It: 680, Loss = 7.822e-01
It: 690, Loss = 7.284e-01
It: 700, Loss = 7.114e-01
It: 710, Loss = 6.963e-01
It: 720, Loss = 7.248e-01
It: 730, Loss = 6.876e-01
It: 740, Loss = 6.719e-01
It: 750, Loss = 6.623e-01
It: 760, Loss = 6.498e-01
It: 770, Loss = 6.381e-01
It: 780, Loss = 6.272e-01
It: 790, Loss = 6.174e-01
It: 800, Loss = 6.511e-01
It: 810, Loss = 6.086e-01
It: 820, Loss = 5.964e-01
It: 830, Loss = 5.881e-01
It: 840, Loss = 5.803e-01
It: 850, Loss = 5.742e-01
It: 860, Loss = 5.858e-01
It: 870, Loss = 5.568e-01
It: 880, Loss = 5.494e-01
It: 890, Loss = 5.366e-01
It: 900, Loss = 5.256e-01
It: 910, Loss = 5.131e-01
It: 920, Loss = 5.018e-01
It: 930, Loss = 4.893e-01
It: 940, Loss = 4.778e-01
It: 950, Loss = 4.643e-01
It: 960, Loss = 4.520e-01
It: 970, Loss = 4.761e-01
It: 980, Loss = 4.515e-01
It: 990, Loss = 4.321e-01
G_pred shape (100, 100)
