Using TensorFlow 2 backend.

noise_ratio =  0.04081633
It: 0, Loss = 1.370e+00
It: 10, Loss = 1.090e+00
It: 20, Loss = 9.767e-01
It: 30, Loss = 9.753e-01
It: 40, Loss = 9.598e-01
It: 50, Loss = 9.468e-01
It: 60, Loss = 9.406e-01
It: 70, Loss = 9.349e-01
It: 80, Loss = 9.313e-01
It: 90, Loss = 9.293e-01
It: 100, Loss = 9.282e-01
It: 110, Loss = 9.273e-01
It: 120, Loss = 9.268e-01
It: 130, Loss = 9.266e-01
It: 140, Loss = 9.264e-01
It: 150, Loss = 9.262e-01
It: 160, Loss = 9.260e-01
It: 170, Loss = 9.259e-01
It: 180, Loss = 9.257e-01
It: 190, Loss = 9.256e-01
It: 200, Loss = 9.255e-01
It: 210, Loss = 9.253e-01
It: 220, Loss = 9.252e-01
It: 230, Loss = 9.250e-01
It: 240, Loss = 9.248e-01
It: 250, Loss = 9.245e-01
It: 260, Loss = 9.241e-01
It: 270, Loss = 9.236e-01
It: 280, Loss = 9.229e-01
It: 290, Loss = 9.216e-01
It: 300, Loss = 9.199e-01
It: 310, Loss = 9.184e-01
It: 320, Loss = 9.173e-01
It: 330, Loss = 9.165e-01
It: 340, Loss = 9.160e-01
It: 350, Loss = 9.154e-01
It: 360, Loss = 9.146e-01
It: 370, Loss = 9.138e-01
It: 380, Loss = 9.130e-01
It: 390, Loss = 9.121e-01
It: 400, Loss = 9.109e-01
It: 410, Loss = 9.092e-01
It: 420, Loss = 9.068e-01
It: 430, Loss = 9.033e-01
It: 440, Loss = 8.983e-01
It: 450, Loss = 8.912e-01
It: 460, Loss = 8.820e-01
It: 470, Loss = 8.710e-01
It: 480, Loss = 8.597e-01
It: 490, Loss = 8.500e-01
It: 500, Loss = 8.421e-01
It: 510, Loss = 8.356e-01
It: 520, Loss = 8.299e-01
It: 530, Loss = 8.249e-01
It: 540, Loss = 8.210e-01
It: 550, Loss = 8.167e-01
It: 560, Loss = 8.134e-01
It: 570, Loss = 8.106e-01
It: 580, Loss = 8.083e-01
It: 590, Loss = 8.063e-01
It: 600, Loss = 8.046e-01
It: 610, Loss = 8.042e-01
It: 620, Loss = 8.021e-01
It: 630, Loss = 8.005e-01
It: 640, Loss = 7.990e-01
It: 650, Loss = 7.981e-01
It: 660, Loss = 7.965e-01
It: 670, Loss = 7.952e-01
It: 680, Loss = 7.933e-01
It: 690, Loss = 7.912e-01
It: 700, Loss = 7.902e-01
It: 710, Loss = 7.875e-01
It: 720, Loss = 7.852e-01
It: 730, Loss = 7.909e-01
It: 740, Loss = 7.824e-01
It: 750, Loss = 7.773e-01
It: 760, Loss = 7.738e-01
It: 770, Loss = 7.705e-01
It: 780, Loss = 7.675e-01
It: 790, Loss = 7.759e-01
It: 800, Loss = 7.667e-01
It: 810, Loss = 7.612e-01
It: 820, Loss = 7.596e-01
It: 830, Loss = 7.582e-01
It: 840, Loss = 7.562e-01
It: 850, Loss = 7.545e-01
It: 860, Loss = 7.526e-01
It: 870, Loss = 7.510e-01
It: 880, Loss = 7.509e-01
It: 890, Loss = 7.507e-01
It: 900, Loss = 7.459e-01
It: 910, Loss = 7.443e-01
It: 920, Loss = 7.419e-01
It: 930, Loss = 7.396e-01
It: 940, Loss = 7.371e-01
It: 950, Loss = 7.344e-01
It: 960, Loss = 7.315e-01
It: 970, Loss = 7.300e-01
It: 980, Loss = 7.496e-01
It: 990, Loss = 7.287e-01
G_pred shape (100, 100)
It: 0, Loss = 1.967e+00
It: 10, Loss = 9.878e-01
It: 20, Loss = 9.856e-01
It: 30, Loss = 9.830e-01
It: 40, Loss = 9.713e-01
It: 50, Loss = 9.612e-01
It: 60, Loss = 9.533e-01
It: 70, Loss = 9.461e-01
It: 80, Loss = 9.390e-01
It: 90, Loss = 9.324e-01
It: 100, Loss = 9.273e-01
It: 110, Loss = 9.246e-01
It: 120, Loss = 9.236e-01
It: 130, Loss = 9.232e-01
It: 140, Loss = 9.229e-01
It: 150, Loss = 9.227e-01
It: 160, Loss = 9.225e-01
It: 170, Loss = 9.223e-01
It: 180, Loss = 9.222e-01
It: 190, Loss = 9.220e-01
It: 200, Loss = 9.219e-01
It: 210, Loss = 9.218e-01
It: 220, Loss = 9.217e-01
It: 230, Loss = 9.215e-01
It: 240, Loss = 9.214e-01
It: 250, Loss = 9.212e-01
It: 260, Loss = 9.210e-01
It: 270, Loss = 9.207e-01
It: 280, Loss = 9.202e-01
It: 290, Loss = 9.193e-01
It: 300, Loss = 9.179e-01
It: 310, Loss = 9.155e-01
It: 320, Loss = 9.119e-01
It: 330, Loss = 9.102e-01
It: 340, Loss = 9.099e-01
It: 350, Loss = 9.090e-01
It: 360, Loss = 9.083e-01
It: 370, Loss = 9.077e-01
It: 380, Loss = 9.072e-01
It: 390, Loss = 9.067e-01
It: 400, Loss = 9.062e-01
It: 410, Loss = 9.057e-01
It: 420, Loss = 9.049e-01
It: 430, Loss = 9.040e-01
It: 440, Loss = 9.027e-01
It: 450, Loss = 9.010e-01
It: 460, Loss = 8.985e-01
It: 470, Loss = 8.948e-01
It: 480, Loss = 8.893e-01
It: 490, Loss = 8.816e-01
It: 500, Loss = 8.721e-01
It: 510, Loss = 8.611e-01
It: 520, Loss = 8.474e-01
It: 530, Loss = 8.242e-01
It: 540, Loss = 7.867e-01
It: 550, Loss = 7.633e-01
It: 560, Loss = 7.505e-01
It: 570, Loss = 7.415e-01
It: 580, Loss = 7.357e-01
It: 590, Loss = 7.324e-01
It: 600, Loss = 7.273e-01
It: 610, Loss = 7.224e-01
It: 620, Loss = 7.180e-01
It: 630, Loss = 7.135e-01
It: 640, Loss = 7.088e-01
It: 650, Loss = 7.053e-01
It: 660, Loss = 6.992e-01
It: 670, Loss = 6.924e-01
It: 680, Loss = 6.837e-01
It: 690, Loss = 6.741e-01
It: 700, Loss = 6.665e-01
It: 710, Loss = 6.470e-01
It: 720, Loss = 6.299e-01
It: 730, Loss = 6.196e-01
It: 740, Loss = 5.996e-01
It: 750, Loss = 5.890e-01
It: 760, Loss = 5.805e-01
It: 770, Loss = 5.805e-01
It: 780, Loss = 5.665e-01
It: 790, Loss = 5.618e-01
It: 800, Loss = 5.585e-01
It: 810, Loss = 5.493e-01
It: 820, Loss = 5.607e-01
It: 830, Loss = 5.600e-01
It: 840, Loss = 5.435e-01
It: 850, Loss = 5.332e-01
It: 860, Loss = 5.288e-01
It: 870, Loss = 5.234e-01
It: 880, Loss = 5.185e-01
It: 890, Loss = 5.134e-01
It: 900, Loss = 5.080e-01
It: 910, Loss = 5.680e-01
It: 920, Loss = 5.087e-01
It: 930, Loss = 4.994e-01
It: 940, Loss = 4.881e-01
It: 950, Loss = 4.814e-01
It: 960, Loss = 4.744e-01
It: 970, Loss = 4.659e-01
It: 980, Loss = 4.805e-01
It: 990, Loss = 5.284e-01
G_pred shape (100, 100)
It: 0, Loss = 1.561e+00
It: 10, Loss = 1.141e+00
It: 20, Loss = 1.049e+00
It: 30, Loss = 9.944e-01
It: 40, Loss = 9.679e-01
It: 50, Loss = 9.533e-01
It: 60, Loss = 9.457e-01
It: 70, Loss = 9.412e-01
It: 80, Loss = 9.369e-01
It: 90, Loss = 9.341e-01
It: 100, Loss = 9.323e-01
It: 110, Loss = 9.311e-01
It: 120, Loss = 9.300e-01
It: 130, Loss = 9.291e-01
It: 140, Loss = 9.282e-01
It: 150, Loss = 9.274e-01
It: 160, Loss = 9.270e-01
It: 170, Loss = 9.268e-01
It: 180, Loss = 9.266e-01
It: 190, Loss = 9.265e-01
It: 200, Loss = 9.264e-01
It: 210, Loss = 9.263e-01
It: 220, Loss = 9.262e-01
It: 230, Loss = 9.262e-01
It: 240, Loss = 9.261e-01
It: 250, Loss = 9.260e-01
It: 260, Loss = 9.259e-01
It: 270, Loss = 9.259e-01
It: 280, Loss = 9.258e-01
It: 290, Loss = 9.257e-01
It: 300, Loss = 9.256e-01
It: 310, Loss = 9.255e-01
It: 320, Loss = 9.254e-01
It: 330, Loss = 9.253e-01
It: 340, Loss = 9.251e-01
It: 350, Loss = 9.250e-01
It: 360, Loss = 9.248e-01
It: 370, Loss = 9.246e-01
It: 380, Loss = 9.244e-01
It: 390, Loss = 9.242e-01
It: 400, Loss = 9.238e-01
It: 410, Loss = 9.233e-01
It: 420, Loss = 9.226e-01
It: 430, Loss = 9.214e-01
It: 440, Loss = 9.195e-01
It: 450, Loss = 9.167e-01
It: 460, Loss = 9.148e-01
It: 470, Loss = 9.144e-01
It: 480, Loss = 9.138e-01
It: 490, Loss = 9.133e-01
It: 500, Loss = 9.127e-01
It: 510, Loss = 9.122e-01
It: 520, Loss = 9.116e-01
It: 530, Loss = 9.109e-01
It: 540, Loss = 9.103e-01
It: 550, Loss = 9.095e-01
It: 560, Loss = 9.086e-01
It: 570, Loss = 9.076e-01
It: 580, Loss = 9.065e-01
It: 590, Loss = 9.051e-01
It: 600, Loss = 9.034e-01
It: 610, Loss = 9.013e-01
It: 620, Loss = 8.984e-01
It: 630, Loss = 8.950e-01
It: 640, Loss = 8.910e-01
It: 650, Loss = 8.865e-01
It: 660, Loss = 8.814e-01
It: 670, Loss = 8.760e-01
It: 680, Loss = 8.705e-01
It: 690, Loss = 8.642e-01
It: 700, Loss = 8.569e-01
It: 710, Loss = 8.488e-01
It: 720, Loss = 8.403e-01
It: 730, Loss = 8.304e-01
It: 740, Loss = 8.173e-01
It: 750, Loss = 8.009e-01
It: 760, Loss = 7.816e-01
It: 770, Loss = 7.621e-01
It: 780, Loss = 7.501e-01
It: 790, Loss = 7.446e-01
It: 800, Loss = 7.402e-01
It: 810, Loss = 7.366e-01
It: 820, Loss = 7.340e-01
It: 830, Loss = 7.318e-01
It: 840, Loss = 7.281e-01
It: 850, Loss = 7.252e-01
It: 860, Loss = 7.217e-01
It: 870, Loss = 7.176e-01
It: 880, Loss = 7.135e-01
It: 890, Loss = 7.077e-01
It: 900, Loss = 7.010e-01
It: 910, Loss = 6.923e-01
It: 920, Loss = 6.802e-01
It: 930, Loss = 6.676e-01
It: 940, Loss = 6.448e-01
It: 950, Loss = 6.487e-01
It: 960, Loss = 6.081e-01
It: 970, Loss = 5.917e-01
It: 980, Loss = 5.743e-01
It: 990, Loss = 5.638e-01
G_pred shape (100, 100)
It: 0, Loss = 1.687e+00
It: 10, Loss = 1.224e+00
It: 20, Loss = 1.079e+00
It: 30, Loss = 1.004e+00
It: 40, Loss = 9.682e-01
It: 50, Loss = 9.521e-01
It: 60, Loss = 9.458e-01
It: 70, Loss = 9.396e-01
It: 80, Loss = 9.331e-01
It: 90, Loss = 9.288e-01
It: 100, Loss = 9.272e-01
It: 110, Loss = 9.268e-01
It: 120, Loss = 9.268e-01
It: 130, Loss = 9.267e-01
It: 140, Loss = 9.266e-01
It: 150, Loss = 9.265e-01
It: 160, Loss = 9.265e-01
It: 170, Loss = 9.264e-01
It: 180, Loss = 9.264e-01
It: 190, Loss = 9.263e-01
It: 200, Loss = 9.262e-01
It: 210, Loss = 9.262e-01
It: 220, Loss = 9.261e-01
It: 230, Loss = 9.260e-01
It: 240, Loss = 9.259e-01
It: 250, Loss = 9.258e-01
It: 260, Loss = 9.257e-01
It: 270, Loss = 9.256e-01
It: 280, Loss = 9.254e-01
It: 290, Loss = 9.252e-01
It: 300, Loss = 9.250e-01
It: 310, Loss = 9.245e-01
It: 320, Loss = 9.239e-01
It: 330, Loss = 9.225e-01
It: 340, Loss = 9.201e-01
It: 350, Loss = 9.176e-01
It: 360, Loss = 9.165e-01
It: 370, Loss = 9.165e-01
It: 380, Loss = 9.161e-01
It: 390, Loss = 9.159e-01
It: 400, Loss = 9.157e-01
It: 410, Loss = 9.156e-01
It: 420, Loss = 9.154e-01
It: 430, Loss = 9.153e-01
It: 440, Loss = 9.151e-01
It: 450, Loss = 9.150e-01
It: 460, Loss = 9.148e-01
It: 470, Loss = 9.146e-01
It: 480, Loss = 9.144e-01
It: 490, Loss = 9.142e-01
It: 500, Loss = 9.140e-01
It: 510, Loss = 9.137e-01
It: 520, Loss = 9.134e-01
It: 530, Loss = 9.131e-01
It: 540, Loss = 9.127e-01
It: 550, Loss = 9.123e-01
It: 560, Loss = 9.117e-01
It: 570, Loss = 9.123e-01
It: 580, Loss = 9.107e-01
It: 590, Loss = 9.098e-01
It: 600, Loss = 9.089e-01
It: 610, Loss = 9.079e-01
It: 620, Loss = 9.065e-01
It: 630, Loss = 9.048e-01
It: 640, Loss = 9.026e-01
It: 650, Loss = 8.996e-01
It: 660, Loss = 8.954e-01
It: 670, Loss = 8.896e-01
It: 680, Loss = 8.812e-01
It: 690, Loss = 8.680e-01
It: 700, Loss = 8.550e-01
It: 710, Loss = 8.481e-01
It: 720, Loss = 8.389e-01
It: 730, Loss = 8.244e-01
It: 740, Loss = 8.057e-01
It: 750, Loss = 7.922e-01
It: 760, Loss = 7.833e-01
It: 770, Loss = 7.743e-01
It: 780, Loss = 7.613e-01
It: 790, Loss = 7.499e-01
It: 800, Loss = 7.436e-01
It: 810, Loss = 7.276e-01
It: 820, Loss = 7.278e-01
It: 830, Loss = 7.226e-01
It: 840, Loss = 7.167e-01
It: 850, Loss = 7.204e-01
It: 860, Loss = 7.095e-01
It: 870, Loss = 7.056e-01
It: 880, Loss = 7.176e-01
It: 890, Loss = 7.025e-01
It: 900, Loss = 7.019e-01
It: 910, Loss = 6.993e-01
It: 920, Loss = 7.024e-01
It: 930, Loss = 7.007e-01
It: 940, Loss = 6.970e-01
It: 950, Loss = 6.933e-01
It: 960, Loss = 6.937e-01
It: 970, Loss = 6.986e-01
It: 980, Loss = 6.920e-01
It: 990, Loss = 6.900e-01
G_pred shape (100, 100)
It: 0, Loss = 3.032e+00
It: 10, Loss = 1.249e+00
It: 20, Loss = 1.107e+00
It: 30, Loss = 1.011e+00
It: 40, Loss = 9.739e-01
It: 50, Loss = 9.700e-01
It: 60, Loss = 9.655e-01
It: 70, Loss = 9.609e-01
It: 80, Loss = 9.558e-01
It: 90, Loss = 9.509e-01
It: 100, Loss = 9.458e-01
It: 110, Loss = 9.409e-01
It: 120, Loss = 9.364e-01
It: 130, Loss = 9.329e-01
It: 140, Loss = 9.307e-01
It: 150, Loss = 9.295e-01
It: 160, Loss = 9.287e-01
It: 170, Loss = 9.281e-01
It: 180, Loss = 9.274e-01
It: 190, Loss = 9.269e-01
It: 200, Loss = 9.265e-01
It: 210, Loss = 9.262e-01
It: 220, Loss = 9.259e-01
It: 230, Loss = 9.256e-01
It: 240, Loss = 9.254e-01
It: 250, Loss = 9.251e-01
It: 260, Loss = 9.249e-01
It: 270, Loss = 9.247e-01
It: 280, Loss = 9.244e-01
It: 290, Loss = 9.242e-01
It: 300, Loss = 9.239e-01
It: 310, Loss = 9.237e-01
It: 320, Loss = 9.234e-01
It: 330, Loss = 9.231e-01
It: 340, Loss = 9.227e-01
It: 350, Loss = 9.223e-01
It: 360, Loss = 9.218e-01
It: 370, Loss = 9.212e-01
It: 380, Loss = 9.204e-01
It: 390, Loss = 9.194e-01
It: 400, Loss = 9.180e-01
It: 410, Loss = 9.164e-01
It: 420, Loss = 9.146e-01
It: 430, Loss = 9.131e-01
It: 440, Loss = 9.117e-01
It: 450, Loss = 9.105e-01
It: 460, Loss = 9.090e-01
It: 470, Loss = 9.074e-01
It: 480, Loss = 9.053e-01
It: 490, Loss = 9.029e-01
It: 500, Loss = 8.998e-01
It: 510, Loss = 8.959e-01
It: 520, Loss = 8.911e-01
It: 530, Loss = 8.854e-01
It: 540, Loss = 8.795e-01
It: 550, Loss = 8.739e-01
It: 560, Loss = 8.687e-01
It: 570, Loss = 8.631e-01
It: 580, Loss = 8.556e-01
It: 590, Loss = 8.448e-01
It: 600, Loss = 8.287e-01
It: 610, Loss = 8.052e-01
It: 620, Loss = 7.777e-01
It: 630, Loss = 7.584e-01
It: 640, Loss = 7.928e-01
It: 650, Loss = 7.489e-01
It: 660, Loss = 7.476e-01
It: 670, Loss = 7.450e-01
It: 680, Loss = 7.415e-01
It: 690, Loss = 7.389e-01
It: 700, Loss = 7.364e-01
It: 710, Loss = 7.341e-01
It: 720, Loss = 7.316e-01
It: 730, Loss = 7.291e-01
It: 740, Loss = 7.264e-01
It: 750, Loss = 7.236e-01
It: 760, Loss = 7.208e-01
It: 770, Loss = 7.270e-01
It: 780, Loss = 7.176e-01
It: 790, Loss = 7.150e-01
It: 800, Loss = 7.131e-01
It: 810, Loss = 7.108e-01
It: 820, Loss = 7.081e-01
It: 830, Loss = 7.052e-01
It: 840, Loss = 7.020e-01
It: 850, Loss = 6.985e-01
It: 860, Loss = 6.962e-01
It: 870, Loss = 6.945e-01
It: 880, Loss = 6.888e-01
It: 890, Loss = 6.850e-01
It: 900, Loss = 6.810e-01
It: 910, Loss = 6.764e-01
It: 920, Loss = 6.711e-01
It: 930, Loss = 6.651e-01
It: 940, Loss = 6.581e-01
It: 950, Loss = 6.495e-01
It: 960, Loss = 6.474e-01
It: 970, Loss = 6.325e-01
It: 980, Loss = 6.210e-01
It: 990, Loss = 6.084e-01
G_pred shape (100, 100)
