Using TensorFlow 2 backend.

noise_ratio =  0.07142857
It: 0, Loss = 1.236e+00
It: 10, Loss = 1.148e+00
It: 20, Loss = 1.027e+00
It: 30, Loss = 9.821e-01
It: 40, Loss = 9.656e-01
It: 50, Loss = 9.580e-01
It: 60, Loss = 9.495e-01
It: 70, Loss = 9.404e-01
It: 80, Loss = 9.330e-01
It: 90, Loss = 9.276e-01
It: 100, Loss = 9.249e-01
It: 110, Loss = 9.239e-01
It: 120, Loss = 9.233e-01
It: 130, Loss = 9.227e-01
It: 140, Loss = 9.225e-01
It: 150, Loss = 9.223e-01
It: 160, Loss = 9.222e-01
It: 170, Loss = 9.220e-01
It: 180, Loss = 9.219e-01
It: 190, Loss = 9.217e-01
It: 200, Loss = 9.216e-01
It: 210, Loss = 9.215e-01
It: 220, Loss = 9.213e-01
It: 230, Loss = 9.212e-01
It: 240, Loss = 9.210e-01
It: 250, Loss = 9.208e-01
It: 260, Loss = 9.206e-01
It: 270, Loss = 9.204e-01
It: 280, Loss = 9.202e-01
It: 290, Loss = 9.199e-01
It: 300, Loss = 9.196e-01
It: 310, Loss = 9.193e-01
It: 320, Loss = 9.190e-01
It: 330, Loss = 9.185e-01
It: 340, Loss = 9.180e-01
It: 350, Loss = 9.174e-01
It: 360, Loss = 9.167e-01
It: 370, Loss = 9.159e-01
It: 380, Loss = 9.148e-01
It: 390, Loss = 9.135e-01
It: 400, Loss = 9.117e-01
It: 410, Loss = 9.091e-01
It: 420, Loss = 9.053e-01
It: 430, Loss = 8.991e-01
It: 440, Loss = 8.884e-01
It: 450, Loss = 8.700e-01
It: 460, Loss = 8.428e-01
It: 470, Loss = 8.346e-01
It: 480, Loss = 8.159e-01
It: 490, Loss = 8.088e-01
It: 500, Loss = 8.030e-01
It: 510, Loss = 7.976e-01
It: 520, Loss = 7.921e-01
It: 530, Loss = 7.862e-01
It: 540, Loss = 7.797e-01
It: 550, Loss = 7.731e-01
It: 560, Loss = 7.666e-01
It: 570, Loss = 7.603e-01
It: 580, Loss = 7.537e-01
It: 590, Loss = 7.461e-01
It: 600, Loss = 7.369e-01
It: 610, Loss = 7.252e-01
It: 620, Loss = 7.096e-01
It: 630, Loss = 6.889e-01
It: 640, Loss = 6.661e-01
It: 650, Loss = 6.444e-01
It: 660, Loss = 6.226e-01
It: 670, Loss = 5.982e-01
It: 680, Loss = 5.804e-01
It: 690, Loss = 5.509e-01
It: 700, Loss = 5.310e-01
It: 710, Loss = 5.238e-01
It: 720, Loss = 4.979e-01
It: 730, Loss = 4.822e-01
It: 740, Loss = 4.735e-01
It: 750, Loss = 4.523e-01
It: 760, Loss = 4.765e-01
It: 770, Loss = 4.484e-01
It: 780, Loss = 4.348e-01
It: 790, Loss = 4.139e-01
It: 800, Loss = 3.993e-01
It: 810, Loss = 3.830e-01
It: 820, Loss = 3.625e-01
It: 830, Loss = 4.115e-01
It: 840, Loss = 3.427e-01
It: 850, Loss = 3.095e-01
It: 860, Loss = 2.829e-01
It: 870, Loss = 2.551e-01
It: 880, Loss = 2.472e-01
It: 890, Loss = 2.374e-01
It: 900, Loss = 2.074e-01
It: 910, Loss = 1.812e-01
It: 920, Loss = 1.566e-01
It: 930, Loss = 1.374e-01
It: 940, Loss = 1.343e-01
It: 950, Loss = 1.282e-01
It: 960, Loss = 1.199e-01
It: 970, Loss = 1.170e-01
It: 980, Loss = 9.983e-02
It: 990, Loss = 9.211e-02
G_pred shape (100, 100)
It: 0, Loss = 1.280e+00
It: 10, Loss = 9.876e-01
It: 20, Loss = 9.616e-01
It: 30, Loss = 9.454e-01
It: 40, Loss = 9.345e-01
It: 50, Loss = 9.288e-01
It: 60, Loss = 9.258e-01
It: 70, Loss = 9.248e-01
It: 80, Loss = 9.237e-01
It: 90, Loss = 9.232e-01
It: 100, Loss = 9.230e-01
It: 110, Loss = 9.228e-01
It: 120, Loss = 9.226e-01
It: 130, Loss = 9.225e-01
It: 140, Loss = 9.224e-01
It: 150, Loss = 9.223e-01
It: 160, Loss = 9.222e-01
It: 170, Loss = 9.221e-01
It: 180, Loss = 9.220e-01
It: 190, Loss = 9.220e-01
It: 200, Loss = 9.219e-01
It: 210, Loss = 9.218e-01
It: 220, Loss = 9.216e-01
It: 230, Loss = 9.215e-01
It: 240, Loss = 9.213e-01
It: 250, Loss = 9.211e-01
It: 260, Loss = 9.209e-01
It: 270, Loss = 9.205e-01
It: 280, Loss = 9.199e-01
It: 290, Loss = 9.186e-01
It: 300, Loss = 9.152e-01
It: 310, Loss = 9.108e-01
It: 320, Loss = 9.104e-01
It: 330, Loss = 9.096e-01
It: 340, Loss = 9.091e-01
It: 350, Loss = 9.088e-01
It: 360, Loss = 9.086e-01
It: 370, Loss = 9.084e-01
It: 380, Loss = 9.082e-01
It: 390, Loss = 9.079e-01
It: 400, Loss = 9.077e-01
It: 410, Loss = 9.074e-01
It: 420, Loss = 9.072e-01
It: 430, Loss = 9.068e-01
It: 440, Loss = 9.065e-01
It: 450, Loss = 9.061e-01
It: 460, Loss = 9.056e-01
It: 470, Loss = 9.051e-01
It: 480, Loss = 9.048e-01
It: 490, Loss = 9.038e-01
It: 500, Loss = 9.028e-01
It: 510, Loss = 9.017e-01
It: 520, Loss = 9.002e-01
It: 530, Loss = 8.981e-01
It: 540, Loss = 8.983e-01
It: 550, Loss = 8.913e-01
It: 560, Loss = 8.827e-01
It: 570, Loss = 8.663e-01
It: 580, Loss = 8.419e-01
It: 590, Loss = 8.212e-01
It: 600, Loss = 8.126e-01
It: 610, Loss = 7.986e-01
It: 620, Loss = 7.930e-01
It: 630, Loss = 7.860e-01
It: 640, Loss = 7.788e-01
It: 650, Loss = 7.707e-01
It: 660, Loss = 7.604e-01
It: 670, Loss = 7.450e-01
It: 680, Loss = 7.436e-01
It: 690, Loss = 7.160e-01
It: 700, Loss = 6.841e-01
It: 710, Loss = 6.661e-01
It: 720, Loss = 6.548e-01
It: 730, Loss = 6.445e-01
It: 740, Loss = 6.337e-01
It: 750, Loss = 6.682e-01
It: 760, Loss = 6.149e-01
It: 770, Loss = 6.062e-01
It: 780, Loss = 5.985e-01
It: 790, Loss = 5.899e-01
It: 800, Loss = 5.833e-01
It: 810, Loss = 5.975e-01
It: 820, Loss = 5.751e-01
It: 830, Loss = 5.690e-01
It: 840, Loss = 5.618e-01
It: 850, Loss = 5.576e-01
It: 860, Loss = 5.798e-01
It: 870, Loss = 5.511e-01
It: 880, Loss = 5.510e-01
It: 890, Loss = 5.538e-01
It: 900, Loss = 5.433e-01
It: 910, Loss = 5.413e-01
It: 920, Loss = 5.509e-01
It: 930, Loss = 5.428e-01
It: 940, Loss = 5.365e-01
It: 950, Loss = 5.402e-01
It: 960, Loss = 5.357e-01
It: 970, Loss = 5.314e-01
It: 980, Loss = 5.275e-01
It: 990, Loss = 5.250e-01
G_pred shape (100, 100)
It: 0, Loss = 1.174e+00
It: 10, Loss = 9.721e-01
It: 20, Loss = 9.546e-01
It: 30, Loss = 9.398e-01
It: 40, Loss = 9.347e-01
It: 50, Loss = 9.348e-01
It: 60, Loss = 9.330e-01
It: 70, Loss = 9.324e-01
It: 80, Loss = 9.318e-01
It: 90, Loss = 9.316e-01
It: 100, Loss = 9.314e-01
It: 110, Loss = 9.313e-01
It: 120, Loss = 9.311e-01
It: 130, Loss = 9.310e-01
It: 140, Loss = 9.308e-01
It: 150, Loss = 9.307e-01
It: 160, Loss = 9.305e-01
It: 170, Loss = 9.303e-01
It: 180, Loss = 9.301e-01
It: 190, Loss = 9.299e-01
It: 200, Loss = 9.297e-01
It: 210, Loss = 9.294e-01
It: 220, Loss = 9.291e-01
It: 230, Loss = 9.288e-01
It: 240, Loss = 9.283e-01
It: 250, Loss = 9.278e-01
It: 260, Loss = 9.271e-01
It: 270, Loss = 9.261e-01
It: 280, Loss = 9.245e-01
It: 290, Loss = 9.220e-01
It: 300, Loss = 9.200e-01
It: 310, Loss = 9.180e-01
It: 320, Loss = 9.155e-01
It: 330, Loss = 9.120e-01
It: 340, Loss = 9.071e-01
It: 350, Loss = 8.996e-01
It: 360, Loss = 8.828e-01
It: 370, Loss = 8.663e-01
It: 380, Loss = 8.356e-01
It: 390, Loss = 8.153e-01
It: 400, Loss = 7.953e-01
It: 410, Loss = 7.789e-01
It: 420, Loss = 7.614e-01
It: 430, Loss = 7.483e-01
It: 440, Loss = 7.335e-01
It: 450, Loss = 7.262e-01
It: 460, Loss = 7.205e-01
It: 470, Loss = 7.144e-01
It: 480, Loss = 7.063e-01
It: 490, Loss = 7.191e-01
It: 500, Loss = 6.865e-01
It: 510, Loss = 6.646e-01
It: 520, Loss = 6.519e-01
It: 530, Loss = 6.215e-01
It: 540, Loss = 6.096e-01
It: 550, Loss = 5.932e-01
It: 560, Loss = 5.972e-01
It: 570, Loss = 5.789e-01
It: 580, Loss = 5.726e-01
It: 590, Loss = 5.684e-01
It: 600, Loss = 5.647e-01
It: 610, Loss = 5.608e-01
It: 620, Loss = 5.571e-01
It: 630, Loss = 5.533e-01
It: 640, Loss = 5.495e-01
It: 650, Loss = 5.659e-01
It: 660, Loss = 5.569e-01
It: 670, Loss = 5.443e-01
It: 680, Loss = 5.388e-01
It: 690, Loss = 5.359e-01
It: 700, Loss = 5.329e-01
It: 710, Loss = 5.300e-01
It: 720, Loss = 5.272e-01
It: 730, Loss = 5.575e-01
It: 740, Loss = 5.308e-01
It: 750, Loss = 5.297e-01
It: 760, Loss = 5.214e-01
It: 770, Loss = 5.176e-01
It: 780, Loss = 5.147e-01
It: 790, Loss = 5.119e-01
It: 800, Loss = 5.092e-01
It: 810, Loss = 5.062e-01
It: 820, Loss = 5.338e-01
It: 830, Loss = 5.082e-01
It: 840, Loss = 5.022e-01
It: 850, Loss = 4.972e-01
It: 860, Loss = 4.915e-01
It: 870, Loss = 4.860e-01
It: 880, Loss = 4.789e-01
It: 890, Loss = 5.575e-01
It: 900, Loss = 4.922e-01
It: 910, Loss = 4.688e-01
It: 920, Loss = 4.556e-01
It: 930, Loss = 4.427e-01
It: 940, Loss = 4.282e-01
It: 950, Loss = 4.110e-01
It: 960, Loss = 4.312e-01
It: 970, Loss = 4.049e-01
It: 980, Loss = 3.687e-01
It: 990, Loss = 3.393e-01
G_pred shape (100, 100)
It: 0, Loss = 2.030e+00
It: 10, Loss = 1.019e+00
It: 20, Loss = 9.850e-01
It: 30, Loss = 9.861e-01
It: 40, Loss = 9.842e-01
It: 50, Loss = 9.793e-01
It: 60, Loss = 9.749e-01
It: 70, Loss = 9.713e-01
It: 80, Loss = 9.678e-01
It: 90, Loss = 9.642e-01
It: 100, Loss = 9.606e-01
It: 110, Loss = 9.568e-01
It: 120, Loss = 9.526e-01
It: 130, Loss = 9.478e-01
It: 140, Loss = 9.424e-01
It: 150, Loss = 9.370e-01
It: 160, Loss = 9.324e-01
It: 170, Loss = 9.298e-01
It: 180, Loss = 9.289e-01
It: 190, Loss = 9.286e-01
It: 200, Loss = 9.282e-01
It: 210, Loss = 9.278e-01
It: 220, Loss = 9.275e-01
It: 230, Loss = 9.271e-01
It: 240, Loss = 9.266e-01
It: 250, Loss = 9.260e-01
It: 260, Loss = 9.248e-01
It: 270, Loss = 9.231e-01
It: 280, Loss = 9.215e-01
It: 290, Loss = 9.210e-01
It: 300, Loss = 9.208e-01
It: 310, Loss = 9.205e-01
It: 320, Loss = 9.203e-01
It: 330, Loss = 9.201e-01
It: 340, Loss = 9.199e-01
It: 350, Loss = 9.197e-01
It: 360, Loss = 9.195e-01
It: 370, Loss = 9.192e-01
It: 380, Loss = 9.190e-01
It: 390, Loss = 9.188e-01
It: 400, Loss = 9.185e-01
It: 410, Loss = 9.182e-01
It: 420, Loss = 9.178e-01
It: 430, Loss = 9.174e-01
It: 440, Loss = 9.171e-01
It: 450, Loss = 9.167e-01
It: 460, Loss = 9.162e-01
It: 470, Loss = 9.157e-01
It: 480, Loss = 9.151e-01
It: 490, Loss = 9.145e-01
It: 500, Loss = 9.137e-01
It: 510, Loss = 9.127e-01
It: 520, Loss = 9.114e-01
It: 530, Loss = 9.096e-01
It: 540, Loss = 9.071e-01
It: 550, Loss = 9.033e-01
It: 560, Loss = 8.973e-01
It: 570, Loss = 8.877e-01
It: 580, Loss = 8.723e-01
It: 590, Loss = 8.486e-01
It: 600, Loss = 8.183e-01
It: 610, Loss = 8.018e-01
It: 620, Loss = 7.821e-01
It: 630, Loss = 7.643e-01
It: 640, Loss = 7.480e-01
It: 650, Loss = 7.368e-01
It: 660, Loss = 7.314e-01
It: 670, Loss = 7.269e-01
It: 680, Loss = 7.233e-01
It: 690, Loss = 7.209e-01
It: 700, Loss = 7.185e-01
It: 710, Loss = 7.164e-01
It: 720, Loss = 7.144e-01
It: 730, Loss = 7.123e-01
It: 740, Loss = 7.103e-01
It: 750, Loss = 7.083e-01
It: 760, Loss = 7.077e-01
It: 770, Loss = 7.047e-01
It: 780, Loss = 7.017e-01
It: 790, Loss = 6.989e-01
It: 800, Loss = 6.957e-01
It: 810, Loss = 6.919e-01
It: 820, Loss = 6.875e-01
It: 830, Loss = 6.883e-01
It: 840, Loss = 6.777e-01
It: 850, Loss = 6.729e-01
It: 860, Loss = 6.674e-01
It: 870, Loss = 6.734e-01
It: 880, Loss = 6.613e-01
It: 890, Loss = 6.553e-01
It: 900, Loss = 6.499e-01
It: 910, Loss = 6.459e-01
It: 920, Loss = 6.485e-01
It: 930, Loss = 6.432e-01
It: 940, Loss = 6.403e-01
It: 950, Loss = 6.358e-01
It: 960, Loss = 6.330e-01
It: 970, Loss = 6.352e-01
It: 980, Loss = 6.282e-01
It: 990, Loss = 6.267e-01
G_pred shape (100, 100)
It: 0, Loss = 1.366e+00
It: 10, Loss = 1.055e+00
It: 20, Loss = 1.004e+00
It: 30, Loss = 9.783e-01
It: 40, Loss = 9.629e-01
It: 50, Loss = 9.515e-01
It: 60, Loss = 9.437e-01
It: 70, Loss = 9.377e-01
It: 80, Loss = 9.327e-01
It: 90, Loss = 9.291e-01
It: 100, Loss = 9.278e-01
It: 110, Loss = 9.275e-01
It: 120, Loss = 9.273e-01
It: 130, Loss = 9.271e-01
It: 140, Loss = 9.269e-01
It: 150, Loss = 9.268e-01
It: 160, Loss = 9.267e-01
It: 170, Loss = 9.265e-01
It: 180, Loss = 9.264e-01
It: 190, Loss = 9.263e-01
It: 200, Loss = 9.261e-01
It: 210, Loss = 9.259e-01
It: 220, Loss = 9.257e-01
It: 230, Loss = 9.253e-01
It: 240, Loss = 9.247e-01
It: 250, Loss = 9.235e-01
It: 260, Loss = 9.205e-01
It: 270, Loss = 9.170e-01
It: 280, Loss = 9.163e-01
It: 290, Loss = 9.156e-01
It: 300, Loss = 9.153e-01
It: 310, Loss = 9.148e-01
It: 320, Loss = 9.144e-01
It: 330, Loss = 9.134e-01
It: 340, Loss = 9.122e-01
It: 350, Loss = 9.103e-01
It: 360, Loss = 9.074e-01
It: 370, Loss = 9.029e-01
It: 380, Loss = 8.947e-01
It: 390, Loss = 8.814e-01
It: 400, Loss = 8.628e-01
It: 410, Loss = 8.446e-01
It: 420, Loss = 8.245e-01
It: 430, Loss = 8.097e-01
It: 440, Loss = 8.019e-01
It: 450, Loss = 7.954e-01
It: 460, Loss = 7.911e-01
It: 470, Loss = 7.906e-01
It: 480, Loss = 7.863e-01
It: 490, Loss = 7.836e-01
It: 500, Loss = 7.813e-01
It: 510, Loss = 7.792e-01
It: 520, Loss = 7.768e-01
It: 530, Loss = 7.762e-01
It: 540, Loss = 7.724e-01
It: 550, Loss = 7.696e-01
It: 560, Loss = 7.665e-01
It: 570, Loss = 7.639e-01
It: 580, Loss = 7.626e-01
It: 590, Loss = 7.604e-01
It: 600, Loss = 7.571e-01
It: 610, Loss = 7.550e-01
It: 620, Loss = 7.525e-01
It: 630, Loss = 7.502e-01
It: 640, Loss = 7.504e-01
It: 650, Loss = 7.463e-01
It: 660, Loss = 7.431e-01
It: 670, Loss = 7.381e-01
It: 680, Loss = 7.368e-01
It: 690, Loss = 7.284e-01
It: 700, Loss = 7.213e-01
It: 710, Loss = 7.187e-01
It: 720, Loss = 7.085e-01
It: 730, Loss = 7.040e-01
It: 740, Loss = 6.819e-01
It: 750, Loss = 6.398e-01
It: 760, Loss = 6.042e-01
It: 770, Loss = 5.840e-01
It: 780, Loss = 5.699e-01
It: 790, Loss = 5.597e-01
It: 800, Loss = 5.522e-01
It: 810, Loss = 5.808e-01
It: 820, Loss = 5.464e-01
It: 830, Loss = 5.409e-01
It: 840, Loss = 5.366e-01
It: 850, Loss = 5.320e-01
It: 860, Loss = 5.271e-01
It: 870, Loss = 5.644e-01
It: 880, Loss = 5.677e-01
It: 890, Loss = 5.281e-01
It: 900, Loss = 5.211e-01
It: 910, Loss = 5.144e-01
It: 920, Loss = 5.100e-01
It: 930, Loss = 5.054e-01
It: 940, Loss = 5.011e-01
It: 950, Loss = 4.968e-01
It: 960, Loss = 4.925e-01
It: 970, Loss = 4.884e-01
It: 980, Loss = 4.843e-01
It: 990, Loss = 4.801e-01
G_pred shape (100, 100)
