Using TensorFlow 2 backend.

noise_ratio =  0.37755102
It: 0, Loss = 1.148e+00
It: 10, Loss = 9.915e-01
It: 20, Loss = 9.817e-01
It: 30, Loss = 9.665e-01
It: 40, Loss = 9.541e-01
It: 50, Loss = 9.463e-01
It: 60, Loss = 9.457e-01
It: 70, Loss = 9.443e-01
It: 80, Loss = 9.438e-01
It: 90, Loss = 9.433e-01
It: 100, Loss = 9.431e-01
It: 110, Loss = 9.430e-01
It: 120, Loss = 9.428e-01
It: 130, Loss = 9.427e-01
It: 140, Loss = 9.426e-01
It: 150, Loss = 9.425e-01
It: 160, Loss = 9.424e-01
It: 170, Loss = 9.423e-01
It: 180, Loss = 9.422e-01
It: 190, Loss = 9.420e-01
It: 200, Loss = 9.419e-01
It: 210, Loss = 9.418e-01
It: 220, Loss = 9.416e-01
It: 230, Loss = 9.414e-01
It: 240, Loss = 9.411e-01
It: 250, Loss = 9.409e-01
It: 260, Loss = 9.405e-01
It: 270, Loss = 9.402e-01
It: 280, Loss = 9.397e-01
It: 290, Loss = 9.392e-01
It: 300, Loss = 9.386e-01
It: 310, Loss = 9.379e-01
It: 320, Loss = 9.372e-01
It: 330, Loss = 9.364e-01
It: 340, Loss = 9.353e-01
It: 350, Loss = 9.334e-01
It: 360, Loss = 9.289e-01
It: 370, Loss = 9.429e-01
It: 380, Loss = 9.048e-01
It: 390, Loss = 8.935e-01
It: 400, Loss = 8.843e-01
It: 410, Loss = 8.755e-01
It: 420, Loss = 8.677e-01
It: 430, Loss = 8.594e-01
It: 440, Loss = 8.525e-01
It: 450, Loss = 8.398e-01
It: 460, Loss = 8.252e-01
It: 470, Loss = 8.098e-01
It: 480, Loss = 8.028e-01
It: 490, Loss = 7.790e-01
It: 500, Loss = 7.765e-01
It: 510, Loss = 7.459e-01
It: 520, Loss = 7.056e-01
It: 530, Loss = 6.553e-01
It: 540, Loss = 6.226e-01
It: 550, Loss = 6.060e-01
It: 560, Loss = 5.766e-01
It: 570, Loss = 5.654e-01
It: 580, Loss = 5.508e-01
It: 590, Loss = 5.325e-01
It: 600, Loss = 5.189e-01
It: 610, Loss = 5.044e-01
It: 620, Loss = 5.079e-01
It: 630, Loss = 4.773e-01
It: 640, Loss = 4.559e-01
It: 650, Loss = 4.936e-01
It: 660, Loss = 4.198e-01
It: 670, Loss = 4.035e-01
It: 680, Loss = 4.025e-01
It: 690, Loss = 3.695e-01
It: 700, Loss = 3.413e-01
It: 710, Loss = 3.464e-01
It: 720, Loss = 3.146e-01
It: 730, Loss = 2.893e-01
It: 740, Loss = 2.589e-01
It: 750, Loss = 2.445e-01
It: 760, Loss = 2.322e-01
It: 770, Loss = 2.241e-01
It: 780, Loss = 2.358e-01
It: 790, Loss = 2.213e-01
It: 800, Loss = 2.147e-01
It: 810, Loss = 2.097e-01
It: 820, Loss = 2.053e-01
It: 830, Loss = 2.027e-01
It: 840, Loss = 2.010e-01
It: 850, Loss = 2.036e-01
It: 860, Loss = 2.000e-01
It: 870, Loss = 1.971e-01
It: 880, Loss = 1.940e-01
It: 890, Loss = 1.922e-01
It: 900, Loss = 1.907e-01
It: 910, Loss = 1.892e-01
It: 920, Loss = 1.888e-01
It: 930, Loss = 2.007e-01
It: 940, Loss = 1.949e-01
It: 950, Loss = 1.908e-01
It: 960, Loss = 1.869e-01
It: 970, Loss = 1.844e-01
It: 980, Loss = 1.837e-01
It: 990, Loss = 1.829e-01
G_pred shape (100, 100)
It: 0, Loss = 1.079e+00
It: 10, Loss = 1.015e+00
It: 20, Loss = 9.862e-01
It: 30, Loss = 9.817e-01
It: 40, Loss = 9.730e-01
It: 50, Loss = 9.646e-01
It: 60, Loss = 9.575e-01
It: 70, Loss = 9.537e-01
It: 80, Loss = 9.529e-01
It: 90, Loss = 9.517e-01
It: 100, Loss = 9.507e-01
It: 110, Loss = 9.500e-01
It: 120, Loss = 9.498e-01
It: 130, Loss = 9.496e-01
It: 140, Loss = 9.495e-01
It: 150, Loss = 9.494e-01
It: 160, Loss = 9.493e-01
It: 170, Loss = 9.492e-01
It: 180, Loss = 9.491e-01
It: 190, Loss = 9.491e-01
It: 200, Loss = 9.490e-01
It: 210, Loss = 9.490e-01
It: 220, Loss = 9.489e-01
It: 230, Loss = 9.489e-01
It: 240, Loss = 9.488e-01
It: 250, Loss = 9.488e-01
It: 260, Loss = 9.487e-01
It: 270, Loss = 9.486e-01
It: 280, Loss = 9.486e-01
It: 290, Loss = 9.485e-01
It: 300, Loss = 9.484e-01
It: 310, Loss = 9.483e-01
It: 320, Loss = 9.482e-01
It: 330, Loss = 9.481e-01
It: 340, Loss = 9.479e-01
It: 350, Loss = 9.477e-01
It: 360, Loss = 9.473e-01
It: 370, Loss = 9.468e-01
It: 380, Loss = 9.462e-01
It: 390, Loss = 9.455e-01
It: 400, Loss = 9.451e-01
It: 410, Loss = 9.449e-01
It: 420, Loss = 9.446e-01
It: 430, Loss = 9.443e-01
It: 440, Loss = 9.439e-01
It: 450, Loss = 9.435e-01
It: 460, Loss = 9.429e-01
It: 470, Loss = 9.423e-01
It: 480, Loss = 9.416e-01
It: 490, Loss = 9.408e-01
It: 500, Loss = 9.398e-01
It: 510, Loss = 9.384e-01
It: 520, Loss = 9.367e-01
It: 530, Loss = 9.346e-01
It: 540, Loss = 9.318e-01
It: 550, Loss = 9.309e-01
It: 560, Loss = 9.288e-01
It: 570, Loss = 9.230e-01
It: 580, Loss = 9.163e-01
It: 590, Loss = 9.385e-01
It: 600, Loss = 9.015e-01
It: 610, Loss = 8.835e-01
It: 620, Loss = 8.673e-01
It: 630, Loss = 9.354e-01
It: 640, Loss = 8.484e-01
It: 650, Loss = 8.436e-01
It: 660, Loss = 8.298e-01
It: 670, Loss = 8.135e-01
It: 680, Loss = 7.951e-01
It: 690, Loss = 7.987e-01
It: 700, Loss = 7.675e-01
It: 710, Loss = 7.198e-01
It: 720, Loss = 6.746e-01
It: 730, Loss = 6.317e-01
It: 740, Loss = 6.061e-01
It: 750, Loss = 5.798e-01
It: 760, Loss = 5.866e-01
It: 770, Loss = 5.678e-01
It: 780, Loss = 5.518e-01
It: 790, Loss = 5.378e-01
It: 800, Loss = 5.235e-01
It: 810, Loss = 5.124e-01
It: 820, Loss = 5.427e-01
It: 830, Loss = 5.120e-01
It: 840, Loss = 4.969e-01
It: 850, Loss = 4.884e-01
It: 860, Loss = 4.791e-01
It: 870, Loss = 4.714e-01
It: 880, Loss = 4.661e-01
It: 890, Loss = 4.749e-01
It: 900, Loss = 4.576e-01
It: 910, Loss = 4.480e-01
It: 920, Loss = 4.416e-01
It: 930, Loss = 4.366e-01
It: 940, Loss = 4.969e-01
It: 950, Loss = 4.250e-01
It: 960, Loss = 4.212e-01
It: 970, Loss = 4.133e-01
It: 980, Loss = 4.049e-01
It: 990, Loss = 3.970e-01
G_pred shape (100, 100)
It: 0, Loss = 2.812e+00
It: 10, Loss = 1.107e+00
It: 20, Loss = 1.102e+00
It: 30, Loss = 1.037e+00
It: 40, Loss = 9.931e-01
It: 50, Loss = 9.774e-01
It: 60, Loss = 9.714e-01
It: 70, Loss = 9.677e-01
It: 80, Loss = 9.642e-01
It: 90, Loss = 9.605e-01
It: 100, Loss = 9.566e-01
It: 110, Loss = 9.527e-01
It: 120, Loss = 9.490e-01
It: 130, Loss = 9.458e-01
It: 140, Loss = 9.435e-01
It: 150, Loss = 9.422e-01
It: 160, Loss = 9.416e-01
It: 170, Loss = 9.414e-01
It: 180, Loss = 9.413e-01
It: 190, Loss = 9.412e-01
It: 200, Loss = 9.411e-01
It: 210, Loss = 9.410e-01
It: 220, Loss = 9.408e-01
It: 230, Loss = 9.407e-01
It: 240, Loss = 9.405e-01
It: 250, Loss = 9.404e-01
It: 260, Loss = 9.401e-01
It: 270, Loss = 9.398e-01
It: 280, Loss = 9.394e-01
It: 290, Loss = 9.388e-01
It: 300, Loss = 9.384e-01
It: 310, Loss = 9.381e-01
It: 320, Loss = 9.380e-01
It: 330, Loss = 9.376e-01
It: 340, Loss = 9.371e-01
It: 350, Loss = 9.366e-01
It: 360, Loss = 9.361e-01
It: 370, Loss = 9.361e-01
It: 380, Loss = 9.357e-01
It: 390, Loss = 9.355e-01
It: 400, Loss = 9.352e-01
It: 410, Loss = 9.348e-01
It: 420, Loss = 9.345e-01
It: 430, Loss = 9.339e-01
It: 440, Loss = 9.331e-01
It: 450, Loss = 9.334e-01
It: 460, Loss = 9.322e-01
It: 470, Loss = 9.315e-01
It: 480, Loss = 9.312e-01
It: 490, Loss = 9.309e-01
It: 500, Loss = 9.305e-01
It: 510, Loss = 9.300e-01
It: 520, Loss = 9.295e-01
It: 530, Loss = 9.288e-01
It: 540, Loss = 9.281e-01
It: 550, Loss = 9.271e-01
It: 560, Loss = 9.260e-01
It: 570, Loss = 9.245e-01
It: 580, Loss = 9.227e-01
It: 590, Loss = 9.203e-01
It: 600, Loss = 9.172e-01
It: 610, Loss = 9.131e-01
It: 620, Loss = 9.079e-01
It: 630, Loss = 9.015e-01
It: 640, Loss = 8.940e-01
It: 650, Loss = 8.864e-01
It: 660, Loss = 8.794e-01
It: 670, Loss = 8.726e-01
It: 680, Loss = 8.654e-01
It: 690, Loss = 8.578e-01
It: 700, Loss = 8.498e-01
It: 710, Loss = 8.423e-01
It: 720, Loss = 8.366e-01
It: 730, Loss = 8.332e-01
It: 740, Loss = 8.307e-01
It: 750, Loss = 8.283e-01
It: 760, Loss = 8.258e-01
It: 770, Loss = 8.231e-01
It: 780, Loss = 8.196e-01
It: 790, Loss = 8.147e-01
It: 800, Loss = 8.034e-01
It: 810, Loss = 7.808e-01
It: 820, Loss = 7.377e-01
It: 830, Loss = 6.819e-01
It: 840, Loss = 6.677e-01
It: 850, Loss = 6.476e-01
It: 860, Loss = 6.403e-01
It: 870, Loss = 6.349e-01
It: 880, Loss = 6.296e-01
It: 890, Loss = 6.251e-01
It: 900, Loss = 6.208e-01
It: 910, Loss = 6.270e-01
It: 920, Loss = 6.194e-01
It: 930, Loss = 6.123e-01
It: 940, Loss = 6.083e-01
It: 950, Loss = 6.032e-01
It: 960, Loss = 5.996e-01
It: 970, Loss = 5.957e-01
It: 980, Loss = 5.918e-01
It: 990, Loss = 5.884e-01
G_pred shape (100, 100)
It: 0, Loss = 1.058e+00
It: 10, Loss = 9.999e-01
It: 20, Loss = 9.879e-01
It: 30, Loss = 9.699e-01
It: 40, Loss = 9.578e-01
It: 50, Loss = 9.500e-01
It: 60, Loss = 9.461e-01
It: 70, Loss = 9.447e-01
It: 80, Loss = 9.445e-01
It: 90, Loss = 9.441e-01
It: 100, Loss = 9.439e-01
It: 110, Loss = 9.437e-01
It: 120, Loss = 9.435e-01
It: 130, Loss = 9.433e-01
It: 140, Loss = 9.432e-01
It: 150, Loss = 9.430e-01
It: 160, Loss = 9.429e-01
It: 170, Loss = 9.427e-01
It: 180, Loss = 9.426e-01
It: 190, Loss = 9.425e-01
It: 200, Loss = 9.424e-01
It: 210, Loss = 9.423e-01
It: 220, Loss = 9.421e-01
It: 230, Loss = 9.420e-01
It: 240, Loss = 9.418e-01
It: 250, Loss = 9.416e-01
It: 260, Loss = 9.414e-01
It: 270, Loss = 9.411e-01
It: 280, Loss = 9.408e-01
It: 290, Loss = 9.405e-01
It: 300, Loss = 9.401e-01
It: 310, Loss = 9.396e-01
It: 320, Loss = 9.391e-01
It: 330, Loss = 9.385e-01
It: 340, Loss = 9.377e-01
It: 350, Loss = 9.369e-01
It: 360, Loss = 9.359e-01
It: 370, Loss = 9.347e-01
It: 380, Loss = 9.335e-01
It: 390, Loss = 9.319e-01
It: 400, Loss = 9.300e-01
It: 410, Loss = 9.273e-01
It: 420, Loss = 9.236e-01
It: 430, Loss = 9.185e-01
It: 440, Loss = 9.109e-01
It: 450, Loss = 8.994e-01
It: 460, Loss = 8.795e-01
It: 470, Loss = 8.466e-01
It: 480, Loss = 9.874e-01
It: 490, Loss = 8.512e-01
It: 500, Loss = 8.217e-01
It: 510, Loss = 8.104e-01
It: 520, Loss = 8.018e-01
It: 530, Loss = 7.932e-01
It: 540, Loss = 7.862e-01
It: 550, Loss = 7.788e-01
It: 560, Loss = 7.716e-01
It: 570, Loss = 7.641e-01
It: 580, Loss = 7.559e-01
It: 590, Loss = 7.475e-01
It: 600, Loss = 7.552e-01
It: 610, Loss = 7.346e-01
It: 620, Loss = 7.306e-01
It: 630, Loss = 7.221e-01
It: 640, Loss = 7.265e-01
It: 650, Loss = 7.106e-01
It: 660, Loss = 7.057e-01
It: 670, Loss = 7.402e-01
It: 680, Loss = 6.922e-01
It: 690, Loss = 6.917e-01
It: 700, Loss = 6.787e-01
It: 710, Loss = 6.704e-01
It: 720, Loss = 6.685e-01
It: 730, Loss = 6.561e-01
It: 740, Loss = 6.660e-01
It: 750, Loss = 6.497e-01
It: 760, Loss = 6.389e-01
It: 770, Loss = 6.329e-01
It: 780, Loss = 6.130e-01
It: 790, Loss = 6.134e-01
It: 800, Loss = 7.400e-01
It: 810, Loss = 6.521e-01
It: 820, Loss = 6.113e-01
It: 830, Loss = 6.030e-01
It: 840, Loss = 5.931e-01
It: 850, Loss = 5.868e-01
It: 860, Loss = 5.823e-01
It: 870, Loss = 5.783e-01
It: 880, Loss = 5.746e-01
It: 890, Loss = 5.710e-01
It: 900, Loss = 5.676e-01
It: 910, Loss = 5.642e-01
It: 920, Loss = 5.607e-01
It: 930, Loss = 5.571e-01
It: 940, Loss = 5.533e-01
It: 950, Loss = 5.494e-01
It: 960, Loss = 5.452e-01
It: 970, Loss = 5.407e-01
It: 980, Loss = 5.358e-01
It: 990, Loss = 5.304e-01
G_pred shape (100, 100)
It: 0, Loss = 1.092e+00
It: 10, Loss = 1.020e+00
It: 20, Loss = 9.748e-01
It: 30, Loss = 9.597e-01
It: 40, Loss = 9.506e-01
It: 50, Loss = 9.471e-01
It: 60, Loss = 9.469e-01
It: 70, Loss = 9.462e-01
It: 80, Loss = 9.459e-01
It: 90, Loss = 9.458e-01
It: 100, Loss = 9.456e-01
It: 110, Loss = 9.456e-01
It: 120, Loss = 9.455e-01
It: 130, Loss = 9.454e-01
It: 140, Loss = 9.453e-01
It: 150, Loss = 9.453e-01
It: 160, Loss = 9.452e-01
It: 170, Loss = 9.451e-01
It: 180, Loss = 9.451e-01
It: 190, Loss = 9.450e-01
It: 200, Loss = 9.449e-01
It: 210, Loss = 9.449e-01
It: 220, Loss = 9.448e-01
It: 230, Loss = 9.447e-01
It: 240, Loss = 9.447e-01
It: 250, Loss = 9.446e-01
It: 260, Loss = 9.445e-01
It: 270, Loss = 9.444e-01
It: 280, Loss = 9.444e-01
It: 290, Loss = 9.443e-01
It: 300, Loss = 9.442e-01
It: 310, Loss = 9.441e-01
It: 320, Loss = 9.439e-01
It: 330, Loss = 9.438e-01
It: 340, Loss = 9.437e-01
It: 350, Loss = 9.435e-01
It: 360, Loss = 9.434e-01
It: 370, Loss = 9.432e-01
It: 380, Loss = 9.430e-01
It: 390, Loss = 9.428e-01
It: 400, Loss = 9.425e-01
It: 410, Loss = 9.422e-01
It: 420, Loss = 9.419e-01
It: 430, Loss = 9.414e-01
It: 440, Loss = 9.409e-01
It: 450, Loss = 9.403e-01
It: 460, Loss = 9.394e-01
It: 470, Loss = 9.383e-01
It: 480, Loss = 9.367e-01
It: 490, Loss = 9.342e-01
It: 500, Loss = 9.307e-01
It: 510, Loss = 9.255e-01
It: 520, Loss = 9.174e-01
It: 530, Loss = 9.062e-01
It: 540, Loss = 8.913e-01
It: 550, Loss = 8.964e-01
It: 560, Loss = 8.717e-01
It: 570, Loss = 8.592e-01
It: 580, Loss = 8.444e-01
It: 590, Loss = 8.306e-01
It: 600, Loss = 8.149e-01
It: 610, Loss = 8.292e-01
It: 620, Loss = 8.060e-01
It: 630, Loss = 7.882e-01
It: 640, Loss = 7.806e-01
It: 650, Loss = 7.731e-01
It: 660, Loss = 7.626e-01
It: 670, Loss = 8.431e-01
It: 680, Loss = 7.420e-01
It: 690, Loss = 7.181e-01
It: 700, Loss = 6.908e-01
It: 710, Loss = 6.573e-01
It: 720, Loss = 7.456e-01
It: 730, Loss = 7.031e-01
It: 740, Loss = 6.496e-01
It: 750, Loss = 6.298e-01
It: 760, Loss = 6.204e-01
It: 770, Loss = 6.141e-01
It: 780, Loss = 6.071e-01
It: 790, Loss = 6.004e-01
It: 800, Loss = 5.935e-01
It: 810, Loss = 5.863e-01
It: 820, Loss = 5.789e-01
It: 830, Loss = 5.711e-01
It: 840, Loss = 5.628e-01
It: 850, Loss = 5.541e-01
It: 860, Loss = 5.449e-01
It: 870, Loss = 5.366e-01
It: 880, Loss = 5.321e-01
It: 890, Loss = 5.196e-01
It: 900, Loss = 5.118e-01
It: 910, Loss = 5.047e-01
It: 920, Loss = 4.984e-01
It: 930, Loss = 5.140e-01
It: 940, Loss = 4.888e-01
It: 950, Loss = 4.843e-01
It: 960, Loss = 4.784e-01
It: 970, Loss = 4.741e-01
It: 980, Loss = 5.061e-01
It: 990, Loss = 4.828e-01
G_pred shape (100, 100)
