Using TensorFlow 2 backend.

noise_ratio =  0.18367347
It: 0, Loss = 6.483e+00
It: 10, Loss = 2.037e+00
It: 20, Loss = 1.011e+00
It: 30, Loss = 1.036e+00
It: 40, Loss = 9.961e-01
It: 50, Loss = 9.655e-01
It: 60, Loss = 9.669e-01
It: 70, Loss = 9.605e-01
It: 80, Loss = 9.557e-01
It: 90, Loss = 9.522e-01
It: 100, Loss = 9.488e-01
It: 110, Loss = 9.454e-01
It: 120, Loss = 9.421e-01
It: 130, Loss = 9.389e-01
It: 140, Loss = 9.361e-01
It: 150, Loss = 9.339e-01
It: 160, Loss = 9.325e-01
It: 170, Loss = 9.317e-01
It: 180, Loss = 9.313e-01
It: 190, Loss = 9.311e-01
It: 200, Loss = 9.309e-01
It: 210, Loss = 9.307e-01
It: 220, Loss = 9.304e-01
It: 230, Loss = 9.299e-01
It: 240, Loss = 9.290e-01
It: 250, Loss = 9.272e-01
It: 260, Loss = 9.245e-01
It: 270, Loss = 9.225e-01
It: 280, Loss = 9.219e-01
It: 290, Loss = 9.217e-01
It: 300, Loss = 9.214e-01
It: 310, Loss = 9.211e-01
It: 320, Loss = 9.209e-01
It: 330, Loss = 9.206e-01
It: 340, Loss = 9.204e-01
It: 350, Loss = 9.203e-01
It: 360, Loss = 9.202e-01
It: 370, Loss = 9.201e-01
It: 380, Loss = 9.200e-01
It: 390, Loss = 9.199e-01
It: 400, Loss = 9.198e-01
It: 410, Loss = 9.196e-01
It: 420, Loss = 9.195e-01
It: 430, Loss = 9.194e-01
It: 440, Loss = 9.192e-01
It: 450, Loss = 9.190e-01
It: 460, Loss = 9.189e-01
It: 470, Loss = 9.187e-01
It: 480, Loss = 9.186e-01
It: 490, Loss = 9.185e-01
It: 500, Loss = 9.185e-01
It: 510, Loss = 9.184e-01
It: 520, Loss = 9.183e-01
It: 530, Loss = 9.182e-01
It: 540, Loss = 9.182e-01
It: 550, Loss = 9.181e-01
It: 560, Loss = 9.181e-01
It: 570, Loss = 9.181e-01
It: 580, Loss = 9.180e-01
It: 590, Loss = 9.179e-01
It: 600, Loss = 9.178e-01
It: 610, Loss = 9.177e-01
It: 620, Loss = 9.177e-01
It: 630, Loss = 9.177e-01
It: 640, Loss = 9.175e-01
It: 650, Loss = 9.174e-01
It: 660, Loss = 9.173e-01
It: 670, Loss = 9.172e-01
It: 680, Loss = 9.171e-01
It: 690, Loss = 9.173e-01
It: 700, Loss = 9.170e-01
It: 710, Loss = 9.168e-01
It: 720, Loss = 9.167e-01
It: 730, Loss = 9.165e-01
It: 740, Loss = 9.164e-01
It: 750, Loss = 9.162e-01
It: 760, Loss = 9.161e-01
It: 770, Loss = 9.164e-01
It: 780, Loss = 9.157e-01
It: 790, Loss = 9.155e-01
It: 800, Loss = 9.153e-01
It: 810, Loss = 9.150e-01
It: 820, Loss = 9.148e-01
It: 830, Loss = 9.145e-01
It: 840, Loss = 9.141e-01
It: 850, Loss = 9.137e-01
It: 860, Loss = 9.132e-01
It: 870, Loss = 9.127e-01
It: 880, Loss = 9.120e-01
It: 890, Loss = 9.111e-01
It: 900, Loss = 9.100e-01
It: 910, Loss = 9.083e-01
It: 920, Loss = 9.058e-01
It: 930, Loss = 9.017e-01
It: 940, Loss = 8.951e-01
It: 950, Loss = 8.857e-01
It: 960, Loss = 8.750e-01
It: 970, Loss = 8.665e-01
It: 980, Loss = 8.577e-01
It: 990, Loss = 8.520e-01
G_pred shape (100, 100)
It: 0, Loss = 1.264e+00
It: 10, Loss = 9.914e-01
It: 20, Loss = 9.853e-01
It: 30, Loss = 9.622e-01
It: 40, Loss = 9.507e-01
It: 50, Loss = 9.431e-01
It: 60, Loss = 9.391e-01
It: 70, Loss = 9.368e-01
It: 80, Loss = 9.354e-01
It: 90, Loss = 9.347e-01
It: 100, Loss = 9.342e-01
It: 110, Loss = 9.339e-01
It: 120, Loss = 9.337e-01
It: 130, Loss = 9.336e-01
It: 140, Loss = 9.335e-01
It: 150, Loss = 9.334e-01
It: 160, Loss = 9.332e-01
It: 170, Loss = 9.331e-01
It: 180, Loss = 9.329e-01
It: 190, Loss = 9.327e-01
It: 200, Loss = 9.325e-01
It: 210, Loss = 9.322e-01
It: 220, Loss = 9.319e-01
It: 230, Loss = 9.315e-01
It: 240, Loss = 9.307e-01
It: 250, Loss = 9.293e-01
It: 260, Loss = 9.267e-01
It: 270, Loss = 9.242e-01
It: 280, Loss = 9.240e-01
It: 290, Loss = 9.232e-01
It: 300, Loss = 9.228e-01
It: 310, Loss = 9.224e-01
It: 320, Loss = 9.220e-01
It: 330, Loss = 9.216e-01
It: 340, Loss = 9.210e-01
It: 350, Loss = 9.203e-01
It: 360, Loss = 9.195e-01
It: 370, Loss = 9.183e-01
It: 380, Loss = 9.167e-01
It: 390, Loss = 9.144e-01
It: 400, Loss = 9.109e-01
It: 410, Loss = 9.051e-01
It: 420, Loss = 8.946e-01
It: 430, Loss = 9.023e-01
It: 440, Loss = 8.660e-01
It: 450, Loss = 8.415e-01
It: 460, Loss = 8.199e-01
It: 470, Loss = 8.041e-01
It: 480, Loss = 7.887e-01
It: 490, Loss = 7.686e-01
It: 500, Loss = 7.357e-01
It: 510, Loss = 7.020e-01
It: 520, Loss = 6.644e-01
It: 530, Loss = 6.303e-01
It: 540, Loss = 6.148e-01
It: 550, Loss = 6.129e-01
It: 560, Loss = 6.026e-01
It: 570, Loss = 6.154e-01
It: 580, Loss = 5.969e-01
It: 590, Loss = 5.862e-01
It: 600, Loss = 5.840e-01
It: 610, Loss = 5.865e-01
It: 620, Loss = 5.812e-01
It: 630, Loss = 5.780e-01
It: 640, Loss = 5.769e-01
It: 650, Loss = 5.752e-01
It: 660, Loss = 5.740e-01
It: 670, Loss = 5.727e-01
It: 680, Loss = 5.901e-01
It: 690, Loss = 5.731e-01
It: 700, Loss = 5.714e-01
It: 710, Loss = 5.683e-01
It: 720, Loss = 5.673e-01
It: 730, Loss = 5.657e-01
It: 740, Loss = 5.641e-01
It: 750, Loss = 5.624e-01
It: 760, Loss = 5.605e-01
It: 770, Loss = 5.662e-01
It: 780, Loss = 5.601e-01
It: 790, Loss = 5.632e-01
It: 800, Loss = 5.554e-01
It: 810, Loss = 5.541e-01
It: 820, Loss = 5.510e-01
It: 830, Loss = 5.491e-01
It: 840, Loss = 5.469e-01
It: 850, Loss = 5.446e-01
It: 860, Loss = 5.420e-01
It: 870, Loss = 5.392e-01
It: 880, Loss = 6.176e-01
It: 890, Loss = 5.521e-01
It: 900, Loss = 5.345e-01
It: 910, Loss = 5.299e-01
It: 920, Loss = 5.262e-01
It: 930, Loss = 5.224e-01
It: 940, Loss = 5.186e-01
It: 950, Loss = 5.144e-01
It: 960, Loss = 5.362e-01
It: 970, Loss = 5.242e-01
It: 980, Loss = 5.072e-01
It: 990, Loss = 4.989e-01
G_pred shape (100, 100)
It: 0, Loss = 1.289e+00
It: 10, Loss = 1.141e+00
It: 20, Loss = 1.034e+00
It: 30, Loss = 9.790e-01
It: 40, Loss = 9.563e-01
It: 50, Loss = 9.490e-01
It: 60, Loss = 9.452e-01
It: 70, Loss = 9.399e-01
It: 80, Loss = 9.362e-01
It: 90, Loss = 9.344e-01
It: 100, Loss = 9.338e-01
It: 110, Loss = 9.336e-01
It: 120, Loss = 9.334e-01
It: 130, Loss = 9.333e-01
It: 140, Loss = 9.332e-01
It: 150, Loss = 9.331e-01
It: 160, Loss = 9.330e-01
It: 170, Loss = 9.329e-01
It: 180, Loss = 9.328e-01
It: 190, Loss = 9.327e-01
It: 200, Loss = 9.326e-01
It: 210, Loss = 9.325e-01
It: 220, Loss = 9.323e-01
It: 230, Loss = 9.322e-01
It: 240, Loss = 9.321e-01
It: 250, Loss = 9.319e-01
It: 260, Loss = 9.317e-01
It: 270, Loss = 9.315e-01
It: 280, Loss = 9.313e-01
It: 290, Loss = 9.311e-01
It: 300, Loss = 9.308e-01
It: 310, Loss = 9.304e-01
It: 320, Loss = 9.298e-01
It: 330, Loss = 9.289e-01
It: 340, Loss = 9.271e-01
It: 350, Loss = 9.243e-01
It: 360, Loss = 9.227e-01
It: 370, Loss = 9.218e-01
It: 380, Loss = 9.210e-01
It: 390, Loss = 9.204e-01
It: 400, Loss = 9.198e-01
It: 410, Loss = 9.190e-01
It: 420, Loss = 9.182e-01
It: 430, Loss = 9.173e-01
It: 440, Loss = 9.162e-01
It: 450, Loss = 9.150e-01
It: 460, Loss = 9.134e-01
It: 470, Loss = 9.115e-01
It: 480, Loss = 9.093e-01
It: 490, Loss = 9.064e-01
It: 500, Loss = 9.023e-01
It: 510, Loss = 8.958e-01
It: 520, Loss = 8.842e-01
It: 530, Loss = 8.611e-01
It: 540, Loss = 8.166e-01
It: 550, Loss = 7.697e-01
It: 560, Loss = 7.386e-01
It: 570, Loss = 7.282e-01
It: 580, Loss = 7.185e-01
It: 590, Loss = 7.128e-01
It: 600, Loss = 7.064e-01
It: 610, Loss = 7.002e-01
It: 620, Loss = 6.931e-01
It: 630, Loss = 6.837e-01
It: 640, Loss = 6.711e-01
It: 650, Loss = 6.663e-01
It: 660, Loss = 6.401e-01
It: 670, Loss = 6.222e-01
It: 680, Loss = 6.106e-01
It: 690, Loss = 6.032e-01
It: 700, Loss = 5.969e-01
It: 710, Loss = 5.923e-01
It: 720, Loss = 5.875e-01
It: 730, Loss = 5.852e-01
It: 740, Loss = 5.752e-01
It: 750, Loss = 5.700e-01
It: 760, Loss = 6.007e-01
It: 770, Loss = 5.588e-01
It: 780, Loss = 5.567e-01
It: 790, Loss = 5.452e-01
It: 800, Loss = 5.366e-01
It: 810, Loss = 5.265e-01
It: 820, Loss = 6.423e-01
It: 830, Loss = 5.114e-01
It: 840, Loss = 5.110e-01
It: 850, Loss = 4.868e-01
It: 860, Loss = 4.706e-01
It: 870, Loss = 4.527e-01
It: 880, Loss = 4.316e-01
It: 890, Loss = 5.072e-01
It: 900, Loss = 4.174e-01
It: 910, Loss = 3.685e-01
It: 920, Loss = 3.435e-01
It: 930, Loss = 3.146e-01
It: 940, Loss = 2.946e-01
It: 950, Loss = 3.110e-01
It: 960, Loss = 2.687e-01
It: 970, Loss = 2.376e-01
It: 980, Loss = 2.162e-01
It: 990, Loss = 3.197e-01
G_pred shape (100, 100)
It: 0, Loss = 1.085e+00
It: 10, Loss = 1.051e+00
It: 20, Loss = 9.904e-01
It: 30, Loss = 9.681e-01
It: 40, Loss = 9.588e-01
It: 50, Loss = 9.512e-01
It: 60, Loss = 9.408e-01
It: 70, Loss = 9.344e-01
It: 80, Loss = 9.326e-01
It: 90, Loss = 9.313e-01
It: 100, Loss = 9.303e-01
It: 110, Loss = 9.302e-01
It: 120, Loss = 9.298e-01
It: 130, Loss = 9.296e-01
It: 140, Loss = 9.294e-01
It: 150, Loss = 9.293e-01
It: 160, Loss = 9.291e-01
It: 170, Loss = 9.289e-01
It: 180, Loss = 9.287e-01
It: 190, Loss = 9.285e-01
It: 200, Loss = 9.282e-01
It: 210, Loss = 9.279e-01
It: 220, Loss = 9.276e-01
It: 230, Loss = 9.271e-01
It: 240, Loss = 9.265e-01
It: 250, Loss = 9.257e-01
It: 260, Loss = 9.245e-01
It: 270, Loss = 9.226e-01
It: 280, Loss = 9.194e-01
It: 290, Loss = 9.141e-01
It: 300, Loss = 9.052e-01
It: 310, Loss = 8.921e-01
It: 320, Loss = 8.782e-01
It: 330, Loss = 8.679e-01
It: 340, Loss = 8.616e-01
It: 350, Loss = 8.526e-01
It: 360, Loss = 8.423e-01
It: 370, Loss = 8.297e-01
It: 380, Loss = 8.123e-01
It: 390, Loss = 8.281e-01
It: 400, Loss = 7.927e-01
It: 410, Loss = 7.829e-01
It: 420, Loss = 7.724e-01
It: 430, Loss = 7.600e-01
It: 440, Loss = 7.673e-01
It: 450, Loss = 7.319e-01
It: 460, Loss = 7.158e-01
It: 470, Loss = 6.973e-01
It: 480, Loss = 6.747e-01
It: 490, Loss = 6.863e-01
It: 500, Loss = 6.462e-01
It: 510, Loss = 6.227e-01
It: 520, Loss = 6.171e-01
It: 530, Loss = 6.106e-01
It: 540, Loss = 6.066e-01
It: 550, Loss = 6.029e-01
It: 560, Loss = 5.994e-01
It: 570, Loss = 5.960e-01
It: 580, Loss = 5.925e-01
It: 590, Loss = 5.890e-01
It: 600, Loss = 5.853e-01
It: 610, Loss = 6.841e-01
It: 620, Loss = 6.060e-01
It: 630, Loss = 5.802e-01
It: 640, Loss = 5.768e-01
It: 650, Loss = 5.718e-01
It: 660, Loss = 5.682e-01
It: 670, Loss = 5.648e-01
It: 680, Loss = 5.611e-01
It: 690, Loss = 5.574e-01
It: 700, Loss = 5.781e-01
It: 710, Loss = 5.519e-01
It: 720, Loss = 5.541e-01
It: 730, Loss = 5.468e-01
It: 740, Loss = 5.429e-01
It: 750, Loss = 5.386e-01
It: 760, Loss = 5.404e-01
It: 770, Loss = 5.438e-01
It: 780, Loss = 5.347e-01
It: 790, Loss = 5.326e-01
It: 800, Loss = 5.285e-01
It: 810, Loss = 5.237e-01
It: 820, Loss = 5.204e-01
It: 830, Loss = 5.163e-01
It: 840, Loss = 5.118e-01
It: 850, Loss = 5.068e-01
It: 860, Loss = 5.009e-01
It: 870, Loss = 5.827e-01
It: 880, Loss = 5.471e-01
It: 890, Loss = 4.875e-01
It: 900, Loss = 4.845e-01
It: 910, Loss = 4.704e-01
It: 920, Loss = 4.592e-01
It: 930, Loss = 4.461e-01
It: 940, Loss = 4.308e-01
It: 950, Loss = 4.136e-01
It: 960, Loss = 7.479e-01
It: 970, Loss = 4.287e-01
It: 980, Loss = 3.874e-01
It: 990, Loss = 3.734e-01
G_pred shape (100, 100)
It: 0, Loss = 4.075e+00
It: 10, Loss = 1.427e+00
It: 20, Loss = 1.180e+00
It: 30, Loss = 1.014e+00
It: 40, Loss = 9.790e-01
It: 50, Loss = 9.807e-01
It: 60, Loss = 9.768e-01
It: 70, Loss = 9.721e-01
It: 80, Loss = 9.685e-01
It: 90, Loss = 9.650e-01
It: 100, Loss = 9.610e-01
It: 110, Loss = 9.563e-01
It: 120, Loss = 9.508e-01
It: 130, Loss = 9.447e-01
It: 140, Loss = 9.390e-01
It: 150, Loss = 9.352e-01
It: 160, Loss = 9.337e-01
It: 170, Loss = 9.333e-01
It: 180, Loss = 9.330e-01
It: 190, Loss = 9.327e-01
It: 200, Loss = 9.325e-01
It: 210, Loss = 9.322e-01
It: 220, Loss = 9.320e-01
It: 230, Loss = 9.318e-01
It: 240, Loss = 9.316e-01
It: 250, Loss = 9.314e-01
It: 260, Loss = 9.312e-01
It: 270, Loss = 9.311e-01
It: 280, Loss = 9.309e-01
It: 290, Loss = 9.308e-01
It: 300, Loss = 9.307e-01
It: 310, Loss = 9.305e-01
It: 320, Loss = 9.304e-01
It: 330, Loss = 9.302e-01
It: 340, Loss = 9.300e-01
It: 350, Loss = 9.298e-01
It: 360, Loss = 9.295e-01
It: 370, Loss = 9.292e-01
It: 380, Loss = 9.288e-01
It: 390, Loss = 9.282e-01
It: 400, Loss = 9.273e-01
It: 410, Loss = 9.259e-01
It: 420, Loss = 9.236e-01
It: 430, Loss = 9.218e-01
It: 440, Loss = 9.209e-01
It: 450, Loss = 9.197e-01
It: 460, Loss = 9.184e-01
It: 470, Loss = 9.169e-01
It: 480, Loss = 9.151e-01
It: 490, Loss = 9.131e-01
It: 500, Loss = 9.107e-01
It: 510, Loss = 9.082e-01
It: 520, Loss = 9.053e-01
It: 530, Loss = 9.023e-01
It: 540, Loss = 8.989e-01
It: 550, Loss = 8.954e-01
It: 560, Loss = 8.916e-01
It: 570, Loss = 8.868e-01
It: 580, Loss = 8.801e-01
It: 590, Loss = 8.712e-01
It: 600, Loss = 8.609e-01
It: 610, Loss = 8.505e-01
It: 620, Loss = 8.419e-01
It: 630, Loss = 8.348e-01
It: 640, Loss = 8.277e-01
It: 650, Loss = 8.196e-01
It: 660, Loss = 8.110e-01
It: 670, Loss = 8.007e-01
It: 680, Loss = 7.867e-01
It: 690, Loss = 7.671e-01
It: 700, Loss = 7.423e-01
It: 710, Loss = 7.122e-01
It: 720, Loss = 6.821e-01
It: 730, Loss = 6.579e-01
It: 740, Loss = 6.443e-01
It: 750, Loss = 6.356e-01
It: 760, Loss = 6.263e-01
It: 770, Loss = 6.191e-01
It: 780, Loss = 6.139e-01
It: 790, Loss = 6.072e-01
It: 800, Loss = 6.010e-01
It: 810, Loss = 5.975e-01
It: 820, Loss = 5.947e-01
It: 830, Loss = 5.917e-01
It: 840, Loss = 5.867e-01
It: 850, Loss = 5.849e-01
It: 860, Loss = 5.823e-01
It: 870, Loss = 5.802e-01
It: 880, Loss = 5.822e-01
It: 890, Loss = 5.774e-01
It: 900, Loss = 5.734e-01
It: 910, Loss = 5.718e-01
It: 920, Loss = 5.695e-01
It: 930, Loss = 5.695e-01
It: 940, Loss = 5.762e-01
It: 950, Loss = 5.646e-01
It: 960, Loss = 5.625e-01
It: 970, Loss = 5.600e-01
It: 980, Loss = 5.572e-01
It: 990, Loss = 5.544e-01
G_pred shape (100, 100)
