Using TensorFlow 2 backend.

noise_ratio =  0.3877551
It: 0, Loss = 1.109e+00
It: 10, Loss = 1.048e+00
It: 20, Loss = 9.728e-01
It: 30, Loss = 9.692e-01
It: 40, Loss = 9.600e-01
It: 50, Loss = 9.525e-01
It: 60, Loss = 9.494e-01
It: 70, Loss = 9.476e-01
It: 80, Loss = 9.466e-01
It: 90, Loss = 9.463e-01
It: 100, Loss = 9.460e-01
It: 110, Loss = 9.458e-01
It: 120, Loss = 9.456e-01
It: 130, Loss = 9.454e-01
It: 140, Loss = 9.452e-01
It: 150, Loss = 9.451e-01
It: 160, Loss = 9.449e-01
It: 170, Loss = 9.448e-01
It: 180, Loss = 9.447e-01
It: 190, Loss = 9.446e-01
It: 200, Loss = 9.445e-01
It: 210, Loss = 9.444e-01
It: 220, Loss = 9.443e-01
It: 230, Loss = 9.442e-01
It: 240, Loss = 9.441e-01
It: 250, Loss = 9.439e-01
It: 260, Loss = 9.435e-01
It: 270, Loss = 9.426e-01
It: 280, Loss = 9.407e-01
It: 290, Loss = 9.390e-01
It: 300, Loss = 9.382e-01
It: 310, Loss = 9.377e-01
It: 320, Loss = 9.370e-01
It: 330, Loss = 9.363e-01
It: 340, Loss = 9.356e-01
It: 350, Loss = 9.351e-01
It: 360, Loss = 9.347e-01
It: 370, Loss = 9.343e-01
It: 380, Loss = 9.338e-01
It: 390, Loss = 9.334e-01
It: 400, Loss = 9.330e-01
It: 410, Loss = 9.325e-01
It: 420, Loss = 9.320e-01
It: 430, Loss = 9.315e-01
It: 440, Loss = 9.308e-01
It: 450, Loss = 9.297e-01
It: 460, Loss = 9.281e-01
It: 470, Loss = 9.253e-01
It: 480, Loss = 9.202e-01
It: 490, Loss = 9.104e-01
It: 500, Loss = 8.925e-01
It: 510, Loss = 8.663e-01
It: 520, Loss = 8.578e-01
It: 530, Loss = 8.236e-01
It: 540, Loss = 8.086e-01
It: 550, Loss = 7.968e-01
It: 560, Loss = 7.891e-01
It: 570, Loss = 7.848e-01
It: 580, Loss = 7.785e-01
It: 590, Loss = 7.736e-01
It: 600, Loss = 7.651e-01
It: 610, Loss = 7.601e-01
It: 620, Loss = 7.466e-01
It: 630, Loss = 7.409e-01
It: 640, Loss = 7.252e-01
It: 650, Loss = 6.989e-01
It: 660, Loss = 6.742e-01
It: 670, Loss = 6.478e-01
It: 680, Loss = 6.291e-01
It: 690, Loss = 6.219e-01
It: 700, Loss = 6.029e-01
It: 710, Loss = 5.936e-01
It: 720, Loss = 5.866e-01
It: 730, Loss = 5.796e-01
It: 740, Loss = 5.737e-01
It: 750, Loss = 5.697e-01
It: 760, Loss = 5.633e-01
It: 770, Loss = 5.615e-01
It: 780, Loss = 5.562e-01
It: 790, Loss = 5.500e-01
It: 800, Loss = 5.449e-01
It: 810, Loss = 5.341e-01
It: 820, Loss = 5.471e-01
It: 830, Loss = 5.363e-01
It: 840, Loss = 5.221e-01
It: 850, Loss = 5.155e-01
It: 860, Loss = 5.103e-01
It: 870, Loss = 5.038e-01
It: 880, Loss = 4.973e-01
It: 890, Loss = 4.895e-01
It: 900, Loss = 4.858e-01
It: 910, Loss = 5.269e-01
It: 920, Loss = 4.764e-01
It: 930, Loss = 4.595e-01
It: 940, Loss = 4.507e-01
It: 950, Loss = 4.387e-01
It: 960, Loss = 4.276e-01
It: 970, Loss = 4.596e-01
It: 980, Loss = 4.304e-01
It: 990, Loss = 4.054e-01
G_pred shape (100, 100)
It: 0, Loss = 9.969e-01
It: 10, Loss = 9.834e-01
It: 20, Loss = 9.736e-01
It: 30, Loss = 9.649e-01
It: 40, Loss = 9.545e-01
It: 50, Loss = 9.492e-01
It: 60, Loss = 9.484e-01
It: 70, Loss = 9.475e-01
It: 80, Loss = 9.473e-01
It: 90, Loss = 9.471e-01
It: 100, Loss = 9.470e-01
It: 110, Loss = 9.468e-01
It: 120, Loss = 9.467e-01
It: 130, Loss = 9.466e-01
It: 140, Loss = 9.465e-01
It: 150, Loss = 9.463e-01
It: 160, Loss = 9.462e-01
It: 170, Loss = 9.461e-01
It: 180, Loss = 9.459e-01
It: 190, Loss = 9.458e-01
It: 200, Loss = 9.456e-01
It: 210, Loss = 9.454e-01
It: 220, Loss = 9.452e-01
It: 230, Loss = 9.449e-01
It: 240, Loss = 9.446e-01
It: 250, Loss = 9.443e-01
It: 260, Loss = 9.440e-01
It: 270, Loss = 9.435e-01
It: 280, Loss = 9.430e-01
It: 290, Loss = 9.423e-01
It: 300, Loss = 9.415e-01
It: 310, Loss = 9.404e-01
It: 320, Loss = 9.391e-01
It: 330, Loss = 9.454e-01
It: 340, Loss = 9.360e-01
It: 350, Loss = 9.336e-01
It: 360, Loss = 9.314e-01
It: 370, Loss = 9.285e-01
It: 380, Loss = 9.243e-01
It: 390, Loss = 9.180e-01
It: 400, Loss = 9.195e-01
It: 410, Loss = 9.012e-01
It: 420, Loss = 8.764e-01
It: 430, Loss = 8.737e-01
It: 440, Loss = 8.510e-01
It: 450, Loss = 8.390e-01
It: 460, Loss = 8.293e-01
It: 470, Loss = 8.153e-01
It: 480, Loss = 7.911e-01
It: 490, Loss = 7.874e-01
It: 500, Loss = 7.229e-01
It: 510, Loss = 7.032e-01
It: 520, Loss = 6.747e-01
It: 530, Loss = 6.810e-01
It: 540, Loss = 6.537e-01
It: 550, Loss = 6.409e-01
It: 560, Loss = 6.276e-01
It: 570, Loss = 6.167e-01
It: 580, Loss = 6.070e-01
It: 590, Loss = 6.405e-01
It: 600, Loss = 6.056e-01
It: 610, Loss = 5.961e-01
It: 620, Loss = 5.787e-01
It: 630, Loss = 5.992e-01
It: 640, Loss = 5.744e-01
It: 650, Loss = 5.561e-01
It: 660, Loss = 5.471e-01
It: 670, Loss = 5.933e-01
It: 680, Loss = 5.273e-01
It: 690, Loss = 5.198e-01
It: 700, Loss = 4.967e-01
It: 710, Loss = 4.891e-01
It: 720, Loss = 4.517e-01
It: 730, Loss = 4.204e-01
It: 740, Loss = 3.650e-01
It: 750, Loss = 4.044e-01
It: 760, Loss = 2.920e-01
It: 770, Loss = 2.781e-01
It: 780, Loss = 2.554e-01
It: 790, Loss = 2.437e-01
It: 800, Loss = 2.431e-01
It: 810, Loss = 2.660e-01
It: 820, Loss = 2.370e-01
It: 830, Loss = 2.301e-01
It: 840, Loss = 2.264e-01
It: 850, Loss = 2.222e-01
It: 860, Loss = 2.199e-01
It: 870, Loss = 2.177e-01
It: 880, Loss = 2.158e-01
It: 890, Loss = 2.141e-01
It: 900, Loss = 2.125e-01
It: 910, Loss = 2.110e-01
It: 920, Loss = 2.096e-01
It: 930, Loss = 2.082e-01
It: 940, Loss = 2.070e-01
It: 950, Loss = 3.290e-01
It: 960, Loss = 2.167e-01
It: 970, Loss = 2.063e-01
It: 980, Loss = 2.060e-01
It: 990, Loss = 2.040e-01
G_pred shape (100, 100)
It: 0, Loss = 1.022e+00
It: 10, Loss = 1.043e+00
It: 20, Loss = 9.841e-01
It: 30, Loss = 9.806e-01
It: 40, Loss = 9.769e-01
It: 50, Loss = 9.697e-01
It: 60, Loss = 9.637e-01
It: 70, Loss = 9.566e-01
It: 80, Loss = 9.508e-01
It: 90, Loss = 9.488e-01
It: 100, Loss = 9.487e-01
It: 110, Loss = 9.483e-01
It: 120, Loss = 9.482e-01
It: 130, Loss = 9.481e-01
It: 140, Loss = 9.480e-01
It: 150, Loss = 9.479e-01
It: 160, Loss = 9.478e-01
It: 170, Loss = 9.477e-01
It: 180, Loss = 9.476e-01
It: 190, Loss = 9.475e-01
It: 200, Loss = 9.474e-01
It: 210, Loss = 9.473e-01
It: 220, Loss = 9.471e-01
It: 230, Loss = 9.470e-01
It: 240, Loss = 9.469e-01
It: 250, Loss = 9.467e-01
It: 260, Loss = 9.465e-01
It: 270, Loss = 9.463e-01
It: 280, Loss = 9.461e-01
It: 290, Loss = 9.459e-01
It: 300, Loss = 9.456e-01
It: 310, Loss = 9.453e-01
It: 320, Loss = 9.449e-01
It: 330, Loss = 9.445e-01
It: 340, Loss = 9.439e-01
It: 350, Loss = 9.432e-01
It: 360, Loss = 9.422e-01
It: 370, Loss = 9.408e-01
It: 380, Loss = 9.385e-01
It: 390, Loss = 9.344e-01
It: 400, Loss = 9.269e-01
It: 410, Loss = 9.135e-01
It: 420, Loss = 8.926e-01
It: 430, Loss = 8.694e-01
It: 440, Loss = 8.479e-01
It: 450, Loss = 8.391e-01
It: 460, Loss = 8.341e-01
It: 470, Loss = 8.293e-01
It: 480, Loss = 8.249e-01
It: 490, Loss = 8.202e-01
It: 500, Loss = 8.268e-01
It: 510, Loss = 8.107e-01
It: 520, Loss = 8.030e-01
It: 530, Loss = 7.985e-01
It: 540, Loss = 7.958e-01
It: 550, Loss = 7.895e-01
It: 560, Loss = 7.849e-01
It: 570, Loss = 7.787e-01
It: 580, Loss = 7.749e-01
It: 590, Loss = 7.528e-01
It: 600, Loss = 7.486e-01
It: 610, Loss = 7.563e-01
It: 620, Loss = 6.971e-01
It: 630, Loss = 6.687e-01
It: 640, Loss = 6.739e-01
It: 650, Loss = 6.528e-01
It: 660, Loss = 6.386e-01
It: 670, Loss = 6.324e-01
It: 680, Loss = 6.262e-01
It: 690, Loss = 6.209e-01
It: 700, Loss = 6.126e-01
It: 710, Loss = 6.059e-01
It: 720, Loss = 5.995e-01
It: 730, Loss = 5.917e-01
It: 740, Loss = 6.010e-01
It: 750, Loss = 6.018e-01
It: 760, Loss = 5.689e-01
It: 770, Loss = 5.612e-01
It: 780, Loss = 5.494e-01
It: 790, Loss = 5.382e-01
It: 800, Loss = 5.562e-01
It: 810, Loss = 5.220e-01
It: 820, Loss = 5.083e-01
It: 830, Loss = 4.908e-01
It: 840, Loss = 5.308e-01
It: 850, Loss = 4.610e-01
It: 860, Loss = 4.372e-01
It: 870, Loss = 4.032e-01
It: 880, Loss = 5.131e-01
It: 890, Loss = 3.783e-01
It: 900, Loss = 3.175e-01
It: 910, Loss = 2.863e-01
It: 920, Loss = 2.938e-01
It: 930, Loss = 2.627e-01
It: 940, Loss = 2.662e-01
It: 950, Loss = 2.410e-01
It: 960, Loss = 2.316e-01
It: 970, Loss = 2.162e-01
It: 980, Loss = 2.238e-01
It: 990, Loss = 2.280e-01
G_pred shape (100, 100)
It: 0, Loss = 2.100e+00
It: 10, Loss = 9.958e-01
It: 20, Loss = 1.016e+00
It: 30, Loss = 1.011e+00
It: 40, Loss = 9.890e-01
It: 50, Loss = 9.759e-01
It: 60, Loss = 9.694e-01
It: 70, Loss = 9.648e-01
It: 80, Loss = 9.604e-01
It: 90, Loss = 9.565e-01
It: 100, Loss = 9.535e-01
It: 110, Loss = 9.515e-01
It: 120, Loss = 9.504e-01
It: 130, Loss = 9.500e-01
It: 140, Loss = 9.498e-01
It: 150, Loss = 9.497e-01
It: 160, Loss = 9.496e-01
It: 170, Loss = 9.495e-01
It: 180, Loss = 9.495e-01
It: 190, Loss = 9.494e-01
It: 200, Loss = 9.493e-01
It: 210, Loss = 9.492e-01
It: 220, Loss = 9.492e-01
It: 230, Loss = 9.491e-01
It: 240, Loss = 9.490e-01
It: 250, Loss = 9.490e-01
It: 260, Loss = 9.489e-01
It: 270, Loss = 9.488e-01
It: 280, Loss = 9.488e-01
It: 290, Loss = 9.487e-01
It: 300, Loss = 9.487e-01
It: 310, Loss = 9.486e-01
It: 320, Loss = 9.485e-01
It: 330, Loss = 9.485e-01
It: 340, Loss = 9.484e-01
It: 350, Loss = 9.483e-01
It: 360, Loss = 9.483e-01
It: 370, Loss = 9.482e-01
It: 380, Loss = 9.481e-01
It: 390, Loss = 9.480e-01
It: 400, Loss = 9.479e-01
It: 410, Loss = 9.478e-01
It: 420, Loss = 9.476e-01
It: 430, Loss = 9.474e-01
It: 440, Loss = 9.469e-01
It: 450, Loss = 9.457e-01
It: 460, Loss = 9.444e-01
It: 470, Loss = 9.438e-01
It: 480, Loss = 9.429e-01
It: 490, Loss = 9.440e-01
It: 500, Loss = 9.425e-01
It: 510, Loss = 9.421e-01
It: 520, Loss = 9.418e-01
It: 530, Loss = 9.415e-01
It: 540, Loss = 9.412e-01
It: 550, Loss = 9.409e-01
It: 560, Loss = 9.406e-01
It: 570, Loss = 9.403e-01
It: 580, Loss = 9.399e-01
It: 590, Loss = 9.394e-01
It: 600, Loss = 9.389e-01
It: 610, Loss = 9.384e-01
It: 620, Loss = 9.378e-01
It: 630, Loss = 9.372e-01
It: 640, Loss = 9.364e-01
It: 650, Loss = 9.356e-01
It: 660, Loss = 9.347e-01
It: 670, Loss = 9.336e-01
It: 680, Loss = 9.323e-01
It: 690, Loss = 9.311e-01
It: 700, Loss = 9.292e-01
It: 710, Loss = 9.269e-01
It: 720, Loss = 9.241e-01
It: 730, Loss = 9.204e-01
It: 740, Loss = 9.152e-01
It: 750, Loss = 9.077e-01
It: 760, Loss = 8.985e-01
It: 770, Loss = 8.865e-01
It: 780, Loss = 8.742e-01
It: 790, Loss = 8.635e-01
It: 800, Loss = 8.536e-01
It: 810, Loss = 8.437e-01
It: 820, Loss = 8.351e-01
It: 830, Loss = 8.281e-01
It: 840, Loss = 8.221e-01
It: 850, Loss = 8.159e-01
It: 860, Loss = 8.115e-01
It: 870, Loss = 8.066e-01
It: 880, Loss = 8.019e-01
It: 890, Loss = 7.971e-01
It: 900, Loss = 7.930e-01
It: 910, Loss = 7.865e-01
It: 920, Loss = 8.098e-01
It: 930, Loss = 7.776e-01
It: 940, Loss = 7.675e-01
It: 950, Loss = 7.576e-01
It: 960, Loss = 7.459e-01
It: 970, Loss = 7.706e-01
It: 980, Loss = 7.470e-01
It: 990, Loss = 7.173e-01
G_pred shape (100, 100)
It: 0, Loss = 1.051e+00
It: 10, Loss = 1.020e+00
It: 20, Loss = 9.799e-01
It: 30, Loss = 9.681e-01
It: 40, Loss = 9.600e-01
It: 50, Loss = 9.530e-01
It: 60, Loss = 9.493e-01
It: 70, Loss = 9.482e-01
It: 80, Loss = 9.477e-01
It: 90, Loss = 9.471e-01
It: 100, Loss = 9.469e-01
It: 110, Loss = 9.468e-01
It: 120, Loss = 9.467e-01
It: 130, Loss = 9.466e-01
It: 140, Loss = 9.465e-01
It: 150, Loss = 9.464e-01
It: 160, Loss = 9.463e-01
It: 170, Loss = 9.462e-01
It: 180, Loss = 9.460e-01
It: 190, Loss = 9.459e-01
It: 200, Loss = 9.457e-01
It: 210, Loss = 9.456e-01
It: 220, Loss = 9.453e-01
It: 230, Loss = 9.451e-01
It: 240, Loss = 9.449e-01
It: 250, Loss = 9.446e-01
It: 260, Loss = 9.442e-01
It: 270, Loss = 9.438e-01
It: 280, Loss = 9.434e-01
It: 290, Loss = 9.428e-01
It: 300, Loss = 9.419e-01
It: 310, Loss = 9.407e-01
It: 320, Loss = 9.396e-01
It: 330, Loss = 9.390e-01
It: 340, Loss = 9.382e-01
It: 350, Loss = 9.375e-01
It: 360, Loss = 9.367e-01
It: 370, Loss = 9.359e-01
It: 380, Loss = 9.351e-01
It: 390, Loss = 9.343e-01
It: 400, Loss = 9.335e-01
It: 410, Loss = 9.324e-01
It: 420, Loss = 9.312e-01
It: 430, Loss = 9.295e-01
It: 440, Loss = 9.270e-01
It: 450, Loss = 9.231e-01
It: 460, Loss = 9.169e-01
It: 470, Loss = 9.064e-01
It: 480, Loss = 8.905e-01
It: 490, Loss = 8.703e-01
It: 500, Loss = 8.502e-01
It: 510, Loss = 8.175e-01
It: 520, Loss = 8.029e-01
It: 530, Loss = 7.831e-01
It: 540, Loss = 7.744e-01
It: 550, Loss = 7.573e-01
It: 560, Loss = 8.676e-01
It: 570, Loss = 7.879e-01
It: 580, Loss = 7.375e-01
It: 590, Loss = 7.340e-01
It: 600, Loss = 7.232e-01
It: 610, Loss = 7.155e-01
It: 620, Loss = 7.081e-01
It: 630, Loss = 7.008e-01
It: 640, Loss = 6.930e-01
It: 650, Loss = 6.840e-01
It: 660, Loss = 6.736e-01
It: 670, Loss = 6.674e-01
It: 680, Loss = 6.628e-01
It: 690, Loss = 6.463e-01
It: 700, Loss = 6.357e-01
It: 710, Loss = 6.246e-01
It: 720, Loss = 6.114e-01
It: 730, Loss = 5.973e-01
It: 740, Loss = 6.014e-01
It: 750, Loss = 5.742e-01
It: 760, Loss = 5.532e-01
It: 770, Loss = 5.368e-01
It: 780, Loss = 6.910e-01
It: 790, Loss = 5.283e-01
It: 800, Loss = 4.976e-01
It: 810, Loss = 4.862e-01
It: 820, Loss = 4.702e-01
It: 830, Loss = 4.576e-01
It: 840, Loss = 4.456e-01
It: 850, Loss = 4.331e-01
It: 860, Loss = 4.581e-01
It: 870, Loss = 4.358e-01
It: 880, Loss = 4.092e-01
It: 890, Loss = 3.903e-01
It: 900, Loss = 3.746e-01
It: 910, Loss = 3.669e-01
It: 920, Loss = 3.592e-01
It: 930, Loss = 3.385e-01
It: 940, Loss = 3.302e-01
It: 950, Loss = 3.119e-01
It: 960, Loss = 2.999e-01
It: 970, Loss = 2.882e-01
It: 980, Loss = 3.175e-01
It: 990, Loss = 2.972e-01
G_pred shape (100, 100)
