Using TensorFlow 2 backend.

noise_ratio =  0.28571429
It: 0, Loss = 1.148e+00
It: 10, Loss = 9.769e-01
It: 20, Loss = 9.679e-01
It: 30, Loss = 9.542e-01
It: 40, Loss = 9.452e-01
It: 50, Loss = 9.403e-01
It: 60, Loss = 9.399e-01
It: 70, Loss = 9.394e-01
It: 80, Loss = 9.391e-01
It: 90, Loss = 9.391e-01
It: 100, Loss = 9.390e-01
It: 110, Loss = 9.389e-01
It: 120, Loss = 9.388e-01
It: 130, Loss = 9.388e-01
It: 140, Loss = 9.387e-01
It: 150, Loss = 9.386e-01
It: 160, Loss = 9.386e-01
It: 170, Loss = 9.385e-01
It: 180, Loss = 9.384e-01
It: 190, Loss = 9.383e-01
It: 200, Loss = 9.382e-01
It: 210, Loss = 9.381e-01
It: 220, Loss = 9.380e-01
It: 230, Loss = 9.379e-01
It: 240, Loss = 9.377e-01
It: 250, Loss = 9.376e-01
It: 260, Loss = 9.374e-01
It: 270, Loss = 9.372e-01
It: 280, Loss = 9.370e-01
It: 290, Loss = 9.368e-01
It: 300, Loss = 9.365e-01
It: 310, Loss = 9.362e-01
It: 320, Loss = 9.358e-01
It: 330, Loss = 9.353e-01
It: 340, Loss = 9.347e-01
It: 350, Loss = 9.339e-01
It: 360, Loss = 9.329e-01
It: 370, Loss = 9.315e-01
It: 380, Loss = 9.297e-01
It: 390, Loss = 9.272e-01
It: 400, Loss = 9.240e-01
It: 410, Loss = 9.199e-01
It: 420, Loss = 9.143e-01
It: 430, Loss = 9.305e-01
It: 440, Loss = 9.004e-01
It: 450, Loss = 8.902e-01
It: 460, Loss = 8.730e-01
It: 470, Loss = 8.545e-01
It: 480, Loss = 8.645e-01
It: 490, Loss = 8.359e-01
It: 500, Loss = 8.269e-01
It: 510, Loss = 8.219e-01
It: 520, Loss = 8.139e-01
It: 530, Loss = 8.072e-01
It: 540, Loss = 8.011e-01
It: 550, Loss = 7.960e-01
It: 560, Loss = 7.927e-01
It: 570, Loss = 7.900e-01
It: 580, Loss = 7.839e-01
It: 590, Loss = 7.794e-01
It: 600, Loss = 7.743e-01
It: 610, Loss = 7.752e-01
It: 620, Loss = 7.595e-01
It: 630, Loss = 7.505e-01
It: 640, Loss = 7.526e-01
It: 650, Loss = 7.175e-01
It: 660, Loss = 7.049e-01
It: 670, Loss = 6.905e-01
It: 680, Loss = 6.830e-01
It: 690, Loss = 6.768e-01
It: 700, Loss = 6.698e-01
It: 710, Loss = 6.736e-01
It: 720, Loss = 6.653e-01
It: 730, Loss = 6.519e-01
It: 740, Loss = 6.419e-01
It: 750, Loss = 6.314e-01
It: 760, Loss = 6.216e-01
It: 770, Loss = 6.363e-01
It: 780, Loss = 6.233e-01
It: 790, Loss = 6.060e-01
It: 800, Loss = 5.940e-01
It: 810, Loss = 5.865e-01
It: 820, Loss = 5.789e-01
It: 830, Loss = 5.725e-01
It: 840, Loss = 6.116e-01
It: 850, Loss = 5.733e-01
It: 860, Loss = 5.689e-01
It: 870, Loss = 5.591e-01
It: 880, Loss = 5.544e-01
It: 890, Loss = 5.497e-01
It: 900, Loss = 5.497e-01
It: 910, Loss = 5.452e-01
It: 920, Loss = 5.430e-01
It: 930, Loss = 5.355e-01
It: 940, Loss = 5.515e-01
It: 950, Loss = 5.303e-01
It: 960, Loss = 5.226e-01
It: 970, Loss = 5.545e-01
It: 980, Loss = 5.318e-01
It: 990, Loss = 5.063e-01
G_pred shape (100, 100)
It: 0, Loss = 1.291e+00
It: 10, Loss = 1.007e+00
It: 20, Loss = 9.955e-01
It: 30, Loss = 9.718e-01
It: 40, Loss = 9.649e-01
It: 50, Loss = 9.560e-01
It: 60, Loss = 9.469e-01
It: 70, Loss = 9.402e-01
It: 80, Loss = 9.378e-01
It: 90, Loss = 9.373e-01
It: 100, Loss = 9.366e-01
It: 110, Loss = 9.363e-01
It: 120, Loss = 9.362e-01
It: 130, Loss = 9.361e-01
It: 140, Loss = 9.360e-01
It: 150, Loss = 9.359e-01
It: 160, Loss = 9.359e-01
It: 170, Loss = 9.358e-01
It: 180, Loss = 9.358e-01
It: 190, Loss = 9.357e-01
It: 200, Loss = 9.357e-01
It: 210, Loss = 9.356e-01
It: 220, Loss = 9.355e-01
It: 230, Loss = 9.355e-01
It: 240, Loss = 9.354e-01
It: 250, Loss = 9.353e-01
It: 260, Loss = 9.353e-01
It: 270, Loss = 9.352e-01
It: 280, Loss = 9.351e-01
It: 290, Loss = 9.350e-01
It: 300, Loss = 9.349e-01
It: 310, Loss = 9.348e-01
It: 320, Loss = 9.347e-01
It: 330, Loss = 9.345e-01
It: 340, Loss = 9.344e-01
It: 350, Loss = 9.342e-01
It: 360, Loss = 9.340e-01
It: 370, Loss = 9.338e-01
It: 380, Loss = 9.335e-01
It: 390, Loss = 9.332e-01
It: 400, Loss = 9.328e-01
It: 410, Loss = 9.323e-01
It: 420, Loss = 9.313e-01
It: 430, Loss = 9.300e-01
It: 440, Loss = 9.288e-01
It: 450, Loss = 9.280e-01
It: 460, Loss = 9.272e-01
It: 470, Loss = 9.264e-01
It: 480, Loss = 9.256e-01
It: 490, Loss = 9.247e-01
It: 500, Loss = 9.239e-01
It: 510, Loss = 9.228e-01
It: 520, Loss = 9.215e-01
It: 530, Loss = 9.197e-01
It: 540, Loss = 9.174e-01
It: 550, Loss = 9.139e-01
It: 560, Loss = 9.089e-01
It: 570, Loss = 9.008e-01
It: 580, Loss = 8.877e-01
It: 590, Loss = 9.051e-01
It: 600, Loss = 8.574e-01
It: 610, Loss = 8.476e-01
It: 620, Loss = 8.257e-01
It: 630, Loss = 8.138e-01
It: 640, Loss = 8.084e-01
It: 650, Loss = 8.019e-01
It: 660, Loss = 7.975e-01
It: 670, Loss = 7.890e-01
It: 680, Loss = 7.953e-01
It: 690, Loss = 7.807e-01
It: 700, Loss = 7.730e-01
It: 710, Loss = 7.746e-01
It: 720, Loss = 7.618e-01
It: 730, Loss = 7.524e-01
It: 740, Loss = 7.385e-01
It: 750, Loss = 7.400e-01
It: 760, Loss = 7.065e-01
It: 770, Loss = 6.881e-01
It: 780, Loss = 6.428e-01
It: 790, Loss = 7.732e-01
It: 800, Loss = 6.348e-01
It: 810, Loss = 5.849e-01
It: 820, Loss = 5.693e-01
It: 830, Loss = 5.775e-01
It: 840, Loss = 5.576e-01
It: 850, Loss = 5.477e-01
It: 860, Loss = 5.422e-01
It: 870, Loss = 5.370e-01
It: 880, Loss = 5.630e-01
It: 890, Loss = 5.336e-01
It: 900, Loss = 5.236e-01
It: 910, Loss = 5.131e-01
It: 920, Loss = 5.232e-01
It: 930, Loss = 5.035e-01
It: 940, Loss = 5.408e-01
It: 950, Loss = 4.804e-01
It: 960, Loss = 4.768e-01
It: 970, Loss = 4.542e-01
It: 980, Loss = 4.516e-01
It: 990, Loss = 5.202e-01
G_pred shape (100, 100)
It: 0, Loss = 1.312e+00
It: 10, Loss = 1.003e+00
It: 20, Loss = 9.916e-01
It: 30, Loss = 9.631e-01
It: 40, Loss = 9.541e-01
It: 50, Loss = 9.464e-01
It: 60, Loss = 9.427e-01
It: 70, Loss = 9.427e-01
It: 80, Loss = 9.421e-01
It: 90, Loss = 9.418e-01
It: 100, Loss = 9.416e-01
It: 110, Loss = 9.414e-01
It: 120, Loss = 9.412e-01
It: 130, Loss = 9.411e-01
It: 140, Loss = 9.410e-01
It: 150, Loss = 9.410e-01
It: 160, Loss = 9.409e-01
It: 170, Loss = 9.409e-01
It: 180, Loss = 9.408e-01
It: 190, Loss = 9.407e-01
It: 200, Loss = 9.407e-01
It: 210, Loss = 9.406e-01
It: 220, Loss = 9.405e-01
It: 230, Loss = 9.404e-01
It: 240, Loss = 9.403e-01
It: 250, Loss = 9.402e-01
It: 260, Loss = 9.401e-01
It: 270, Loss = 9.399e-01
It: 280, Loss = 9.397e-01
It: 290, Loss = 9.395e-01
It: 300, Loss = 9.393e-01
It: 310, Loss = 9.390e-01
It: 320, Loss = 9.385e-01
It: 330, Loss = 9.379e-01
It: 340, Loss = 9.369e-01
It: 350, Loss = 9.358e-01
It: 360, Loss = 9.349e-01
It: 370, Loss = 9.339e-01
It: 380, Loss = 9.331e-01
It: 390, Loss = 9.322e-01
It: 400, Loss = 9.313e-01
It: 410, Loss = 9.303e-01
It: 420, Loss = 9.292e-01
It: 430, Loss = 9.282e-01
It: 440, Loss = 9.272e-01
It: 450, Loss = 9.268e-01
It: 460, Loss = 9.234e-01
It: 470, Loss = 9.187e-01
It: 480, Loss = 9.083e-01
It: 490, Loss = 8.952e-01
It: 500, Loss = 8.792e-01
It: 510, Loss = 8.728e-01
It: 520, Loss = 8.646e-01
It: 530, Loss = 8.562e-01
It: 540, Loss = 8.638e-01
It: 550, Loss = 8.403e-01
It: 560, Loss = 8.334e-01
It: 570, Loss = 8.219e-01
It: 580, Loss = 8.130e-01
It: 590, Loss = 8.015e-01
It: 600, Loss = 7.928e-01
It: 610, Loss = 7.835e-01
It: 620, Loss = 7.683e-01
It: 630, Loss = 7.586e-01
It: 640, Loss = 7.313e-01
It: 650, Loss = 7.183e-01
It: 660, Loss = 7.113e-01
It: 670, Loss = 6.794e-01
It: 680, Loss = 6.641e-01
It: 690, Loss = 6.494e-01
It: 700, Loss = 6.399e-01
It: 710, Loss = 6.314e-01
It: 720, Loss = 6.304e-01
It: 730, Loss = 6.181e-01
It: 740, Loss = 6.322e-01
It: 750, Loss = 6.063e-01
It: 760, Loss = 5.951e-01
It: 770, Loss = 5.860e-01
It: 780, Loss = 5.963e-01
It: 790, Loss = 5.678e-01
It: 800, Loss = 5.607e-01
It: 810, Loss = 5.413e-01
It: 820, Loss = 5.948e-01
It: 830, Loss = 5.188e-01
It: 840, Loss = 5.065e-01
It: 850, Loss = 4.837e-01
It: 860, Loss = 4.637e-01
It: 870, Loss = 4.399e-01
It: 880, Loss = 5.096e-01
It: 890, Loss = 4.299e-01
It: 900, Loss = 3.929e-01
It: 910, Loss = 3.748e-01
It: 920, Loss = 3.552e-01
It: 930, Loss = 3.544e-01
It: 940, Loss = 3.309e-01
It: 950, Loss = 3.203e-01
It: 960, Loss = 3.047e-01
It: 970, Loss = 3.141e-01
It: 980, Loss = 3.030e-01
It: 990, Loss = 2.813e-01
G_pred shape (100, 100)
It: 0, Loss = 1.028e+00
It: 10, Loss = 1.003e+00
It: 20, Loss = 9.901e-01
It: 30, Loss = 9.858e-01
It: 40, Loss = 9.765e-01
It: 50, Loss = 9.710e-01
It: 60, Loss = 9.644e-01
It: 70, Loss = 9.564e-01
It: 80, Loss = 9.480e-01
It: 90, Loss = 9.442e-01
It: 100, Loss = 9.438e-01
It: 110, Loss = 9.428e-01
It: 120, Loss = 9.425e-01
It: 130, Loss = 9.423e-01
It: 140, Loss = 9.422e-01
It: 150, Loss = 9.421e-01
It: 160, Loss = 9.420e-01
It: 170, Loss = 9.419e-01
It: 180, Loss = 9.419e-01
It: 190, Loss = 9.418e-01
It: 200, Loss = 9.417e-01
It: 210, Loss = 9.416e-01
It: 220, Loss = 9.415e-01
It: 230, Loss = 9.414e-01
It: 240, Loss = 9.413e-01
It: 250, Loss = 9.411e-01
It: 260, Loss = 9.410e-01
It: 270, Loss = 9.407e-01
It: 280, Loss = 9.404e-01
It: 290, Loss = 9.399e-01
It: 300, Loss = 9.383e-01
It: 310, Loss = 9.324e-01
It: 320, Loss = 9.302e-01
It: 330, Loss = 9.290e-01
It: 340, Loss = 9.280e-01
It: 350, Loss = 9.277e-01
It: 360, Loss = 9.273e-01
It: 370, Loss = 9.269e-01
It: 380, Loss = 9.266e-01
It: 390, Loss = 9.262e-01
It: 400, Loss = 9.258e-01
It: 410, Loss = 9.253e-01
It: 420, Loss = 9.249e-01
It: 430, Loss = 9.243e-01
It: 440, Loss = 9.238e-01
It: 450, Loss = 9.231e-01
It: 460, Loss = 9.225e-01
It: 470, Loss = 9.217e-01
It: 480, Loss = 9.210e-01
It: 490, Loss = 9.203e-01
It: 500, Loss = 9.197e-01
It: 510, Loss = 9.192e-01
It: 520, Loss = 9.185e-01
It: 530, Loss = 9.178e-01
It: 540, Loss = 9.166e-01
It: 550, Loss = 9.149e-01
It: 560, Loss = 9.119e-01
It: 570, Loss = 9.060e-01
It: 580, Loss = 8.986e-01
It: 590, Loss = 8.820e-01
It: 600, Loss = 8.563e-01
It: 610, Loss = 8.299e-01
It: 620, Loss = 7.943e-01
It: 630, Loss = 7.823e-01
It: 640, Loss = 7.674e-01
It: 650, Loss = 7.331e-01
It: 660, Loss = 7.146e-01
It: 670, Loss = 6.970e-01
It: 680, Loss = 6.839e-01
It: 690, Loss = 6.739e-01
It: 700, Loss = 6.475e-01
It: 710, Loss = 6.466e-01
It: 720, Loss = 6.173e-01
It: 730, Loss = 5.899e-01
It: 740, Loss = 5.756e-01
It: 750, Loss = 5.911e-01
It: 760, Loss = 5.507e-01
It: 770, Loss = 5.347e-01
It: 780, Loss = 5.230e-01
It: 790, Loss = 5.087e-01
It: 800, Loss = 4.961e-01
It: 810, Loss = 5.361e-01
It: 820, Loss = 4.868e-01
It: 830, Loss = 4.615e-01
It: 840, Loss = 4.481e-01
It: 850, Loss = 4.294e-01
It: 860, Loss = 4.146e-01
It: 870, Loss = 4.407e-01
It: 880, Loss = 3.894e-01
It: 890, Loss = 3.684e-01
It: 900, Loss = 3.678e-01
It: 910, Loss = 3.497e-01
It: 920, Loss = 3.253e-01
It: 930, Loss = 3.037e-01
It: 940, Loss = 3.010e-01
It: 950, Loss = 3.094e-01
It: 960, Loss = 2.843e-01
It: 970, Loss = 2.695e-01
It: 980, Loss = 2.591e-01
It: 990, Loss = 2.479e-01
G_pred shape (100, 100)
It: 0, Loss = 3.591e+00
It: 10, Loss = 1.222e+00
It: 20, Loss = 1.163e+00
It: 30, Loss = 1.039e+00
It: 40, Loss = 9.833e-01
It: 50, Loss = 9.717e-01
It: 60, Loss = 9.677e-01
It: 70, Loss = 9.637e-01
It: 80, Loss = 9.596e-01
It: 90, Loss = 9.555e-01
It: 100, Loss = 9.517e-01
It: 110, Loss = 9.486e-01
It: 120, Loss = 9.457e-01
It: 130, Loss = 9.431e-01
It: 140, Loss = 9.411e-01
It: 150, Loss = 9.396e-01
It: 160, Loss = 9.386e-01
It: 170, Loss = 9.380e-01
It: 180, Loss = 9.378e-01
It: 190, Loss = 9.376e-01
It: 200, Loss = 9.375e-01
It: 210, Loss = 9.374e-01
It: 220, Loss = 9.373e-01
It: 230, Loss = 9.372e-01
It: 240, Loss = 9.371e-01
It: 250, Loss = 9.370e-01
It: 260, Loss = 9.369e-01
It: 270, Loss = 9.368e-01
It: 280, Loss = 9.366e-01
It: 290, Loss = 9.364e-01
It: 300, Loss = 9.361e-01
It: 310, Loss = 9.357e-01
It: 320, Loss = 9.353e-01
It: 330, Loss = 9.348e-01
It: 340, Loss = 9.343e-01
It: 350, Loss = 9.337e-01
It: 360, Loss = 9.331e-01
It: 370, Loss = 9.327e-01
It: 380, Loss = 9.325e-01
It: 390, Loss = 9.325e-01
It: 400, Loss = 9.324e-01
It: 410, Loss = 9.324e-01
It: 420, Loss = 9.324e-01
It: 430, Loss = 9.324e-01
It: 440, Loss = 9.323e-01
It: 450, Loss = 9.323e-01
It: 460, Loss = 9.323e-01
It: 470, Loss = 9.323e-01
It: 480, Loss = 9.323e-01
It: 490, Loss = 9.323e-01
It: 500, Loss = 9.322e-01
It: 510, Loss = 9.322e-01
It: 520, Loss = 9.322e-01
It: 530, Loss = 9.322e-01
It: 540, Loss = 9.322e-01
It: 550, Loss = 9.322e-01
It: 560, Loss = 9.322e-01
It: 570, Loss = 9.321e-01
It: 580, Loss = 9.321e-01
It: 590, Loss = 9.321e-01
It: 600, Loss = 9.321e-01
It: 610, Loss = 9.321e-01
It: 620, Loss = 9.320e-01
It: 630, Loss = 9.320e-01
It: 640, Loss = 9.320e-01
It: 650, Loss = 9.320e-01
It: 660, Loss = 9.320e-01
It: 670, Loss = 9.319e-01
It: 680, Loss = 9.319e-01
It: 690, Loss = 9.319e-01
It: 700, Loss = 9.319e-01
It: 710, Loss = 9.318e-01
It: 720, Loss = 9.318e-01
It: 730, Loss = 9.318e-01
It: 740, Loss = 9.318e-01
It: 750, Loss = 9.317e-01
It: 760, Loss = 9.317e-01
It: 770, Loss = 9.317e-01
It: 780, Loss = 9.317e-01
It: 790, Loss = 9.316e-01
It: 800, Loss = 9.316e-01
It: 810, Loss = 9.317e-01
It: 820, Loss = 9.316e-01
It: 830, Loss = 9.315e-01
It: 840, Loss = 9.315e-01
It: 850, Loss = 9.315e-01
It: 860, Loss = 9.314e-01
It: 870, Loss = 9.316e-01
It: 880, Loss = 9.314e-01
It: 890, Loss = 9.314e-01
It: 900, Loss = 9.313e-01
It: 910, Loss = 9.313e-01
It: 920, Loss = 9.312e-01
It: 930, Loss = 9.312e-01
It: 940, Loss = 9.311e-01
It: 950, Loss = 9.311e-01
It: 960, Loss = 9.313e-01
It: 970, Loss = 9.311e-01
It: 980, Loss = 9.310e-01
It: 990, Loss = 9.309e-01
G_pred shape (100, 100)
