Using TensorFlow 2 backend.

noise_ratio =  0.40816327
It: 0, Loss = 1.009e+00
It: 10, Loss = 1.039e+00
It: 20, Loss = 9.869e-01
It: 30, Loss = 9.774e-01
It: 40, Loss = 9.740e-01
It: 50, Loss = 9.665e-01
It: 60, Loss = 9.601e-01
It: 70, Loss = 9.554e-01
It: 80, Loss = 9.545e-01
It: 90, Loss = 9.540e-01
It: 100, Loss = 9.536e-01
It: 110, Loss = 9.536e-01
It: 120, Loss = 9.535e-01
It: 130, Loss = 9.534e-01
It: 140, Loss = 9.533e-01
It: 150, Loss = 9.533e-01
It: 160, Loss = 9.532e-01
It: 170, Loss = 9.531e-01
It: 180, Loss = 9.531e-01
It: 190, Loss = 9.530e-01
It: 200, Loss = 9.529e-01
It: 210, Loss = 9.528e-01
It: 220, Loss = 9.527e-01
It: 230, Loss = 9.526e-01
It: 240, Loss = 9.524e-01
It: 250, Loss = 9.523e-01
It: 260, Loss = 9.521e-01
It: 270, Loss = 9.518e-01
It: 280, Loss = 9.514e-01
It: 290, Loss = 9.510e-01
It: 300, Loss = 9.505e-01
It: 310, Loss = 9.499e-01
It: 320, Loss = 9.492e-01
It: 330, Loss = 9.485e-01
It: 340, Loss = 9.477e-01
It: 350, Loss = 9.469e-01
It: 360, Loss = 9.462e-01
It: 370, Loss = 9.457e-01
It: 380, Loss = 9.452e-01
It: 390, Loss = 9.447e-01
It: 400, Loss = 9.442e-01
It: 410, Loss = 9.435e-01
It: 420, Loss = 9.427e-01
It: 430, Loss = 9.415e-01
It: 440, Loss = 9.395e-01
It: 450, Loss = 9.355e-01
It: 460, Loss = 9.267e-01
It: 470, Loss = 9.152e-01
It: 480, Loss = 8.985e-01
It: 490, Loss = 8.847e-01
It: 500, Loss = 8.598e-01
It: 510, Loss = 8.355e-01
It: 520, Loss = 8.179e-01
It: 530, Loss = 8.009e-01
It: 540, Loss = 7.837e-01
It: 550, Loss = 7.683e-01
It: 560, Loss = 7.571e-01
It: 570, Loss = 7.590e-01
It: 580, Loss = 7.377e-01
It: 590, Loss = 7.248e-01
It: 600, Loss = 7.067e-01
It: 610, Loss = 7.225e-01
It: 620, Loss = 6.721e-01
It: 630, Loss = 6.484e-01
It: 640, Loss = 6.332e-01
It: 650, Loss = 6.148e-01
It: 660, Loss = 5.935e-01
It: 670, Loss = 5.719e-01
It: 680, Loss = 6.205e-01
It: 690, Loss = 5.557e-01
It: 700, Loss = 5.155e-01
It: 710, Loss = 4.938e-01
It: 720, Loss = 5.324e-01
It: 730, Loss = 4.589e-01
It: 740, Loss = 4.438e-01
It: 750, Loss = 4.163e-01
It: 760, Loss = 3.934e-01
It: 770, Loss = 3.749e-01
It: 780, Loss = 4.428e-01
It: 790, Loss = 3.894e-01
It: 800, Loss = 3.567e-01
It: 810, Loss = 3.377e-01
It: 820, Loss = 3.228e-01
It: 830, Loss = 3.117e-01
It: 840, Loss = 3.009e-01
It: 850, Loss = 2.905e-01
It: 860, Loss = 2.808e-01
It: 870, Loss = 2.917e-01
It: 880, Loss = 3.129e-01
It: 890, Loss = 2.690e-01
It: 900, Loss = 2.578e-01
It: 910, Loss = 2.475e-01
It: 920, Loss = 2.412e-01
It: 930, Loss = 2.342e-01
It: 940, Loss = 2.283e-01
It: 950, Loss = 2.228e-01
It: 960, Loss = 2.256e-01
It: 970, Loss = 2.275e-01
It: 980, Loss = 2.254e-01
It: 990, Loss = 2.111e-01
G_pred shape (100, 100)
It: 0, Loss = 1.236e+00
It: 10, Loss = 1.033e+00
It: 20, Loss = 1.001e+00
It: 30, Loss = 9.853e-01
It: 40, Loss = 9.780e-01
It: 50, Loss = 9.728e-01
It: 60, Loss = 9.683e-01
It: 70, Loss = 9.638e-01
It: 80, Loss = 9.594e-01
It: 90, Loss = 9.557e-01
It: 100, Loss = 9.533e-01
It: 110, Loss = 9.522e-01
It: 120, Loss = 9.518e-01
It: 130, Loss = 9.515e-01
It: 140, Loss = 9.513e-01
It: 150, Loss = 9.511e-01
It: 160, Loss = 9.510e-01
It: 170, Loss = 9.509e-01
It: 180, Loss = 9.508e-01
It: 190, Loss = 9.508e-01
It: 200, Loss = 9.507e-01
It: 210, Loss = 9.507e-01
It: 220, Loss = 9.506e-01
It: 230, Loss = 9.506e-01
It: 240, Loss = 9.505e-01
It: 250, Loss = 9.505e-01
It: 260, Loss = 9.504e-01
It: 270, Loss = 9.504e-01
It: 280, Loss = 9.503e-01
It: 290, Loss = 9.503e-01
It: 300, Loss = 9.502e-01
It: 310, Loss = 9.501e-01
It: 320, Loss = 9.501e-01
It: 330, Loss = 9.500e-01
It: 340, Loss = 9.499e-01
It: 350, Loss = 9.498e-01
It: 360, Loss = 9.495e-01
It: 370, Loss = 9.491e-01
It: 380, Loss = 9.483e-01
It: 390, Loss = 9.475e-01
It: 400, Loss = 9.473e-01
It: 410, Loss = 9.471e-01
It: 420, Loss = 9.468e-01
It: 430, Loss = 9.466e-01
It: 440, Loss = 9.464e-01
It: 450, Loss = 9.465e-01
It: 460, Loss = 9.461e-01
It: 470, Loss = 9.460e-01
It: 480, Loss = 9.457e-01
It: 490, Loss = 9.455e-01
It: 500, Loss = 9.451e-01
It: 510, Loss = 9.450e-01
It: 520, Loss = 9.446e-01
It: 530, Loss = 9.444e-01
It: 540, Loss = 9.442e-01
It: 550, Loss = 9.440e-01
It: 560, Loss = 9.437e-01
It: 570, Loss = 9.436e-01
It: 580, Loss = 9.433e-01
It: 590, Loss = 9.430e-01
It: 600, Loss = 9.426e-01
It: 610, Loss = 9.421e-01
It: 620, Loss = 9.415e-01
It: 630, Loss = 9.407e-01
It: 640, Loss = 9.393e-01
It: 650, Loss = 9.373e-01
It: 660, Loss = 9.342e-01
It: 670, Loss = 9.290e-01
It: 680, Loss = 9.207e-01
It: 690, Loss = 9.086e-01
It: 700, Loss = 8.855e-01
It: 710, Loss = 8.433e-01
It: 720, Loss = 8.143e-01
It: 730, Loss = 8.076e-01
It: 740, Loss = 7.994e-01
It: 750, Loss = 7.952e-01
It: 760, Loss = 7.911e-01
It: 770, Loss = 7.918e-01
It: 780, Loss = 7.865e-01
It: 790, Loss = 7.812e-01
It: 800, Loss = 7.778e-01
It: 810, Loss = 7.743e-01
It: 820, Loss = 7.690e-01
It: 830, Loss = 7.728e-01
It: 840, Loss = 7.632e-01
It: 850, Loss = 7.540e-01
It: 860, Loss = 7.484e-01
It: 870, Loss = 7.474e-01
It: 880, Loss = 7.328e-01
It: 890, Loss = 7.218e-01
It: 900, Loss = 7.085e-01
It: 910, Loss = 6.926e-01
It: 920, Loss = 7.135e-01
It: 930, Loss = 6.655e-01
It: 940, Loss = 6.512e-01
It: 950, Loss = 6.386e-01
It: 960, Loss = 6.302e-01
It: 970, Loss = 6.454e-01
It: 980, Loss = 6.190e-01
It: 990, Loss = 6.093e-01
G_pred shape (100, 100)
It: 0, Loss = 1.196e+00
It: 10, Loss = 9.970e-01
It: 20, Loss = 9.869e-01
It: 30, Loss = 9.716e-01
It: 40, Loss = 9.613e-01
It: 50, Loss = 9.548e-01
It: 60, Loss = 9.520e-01
It: 70, Loss = 9.515e-01
It: 80, Loss = 9.506e-01
It: 90, Loss = 9.502e-01
It: 100, Loss = 9.501e-01
It: 110, Loss = 9.500e-01
It: 120, Loss = 9.499e-01
It: 130, Loss = 9.499e-01
It: 140, Loss = 9.498e-01
It: 150, Loss = 9.497e-01
It: 160, Loss = 9.496e-01
It: 170, Loss = 9.495e-01
It: 180, Loss = 9.494e-01
It: 190, Loss = 9.493e-01
It: 200, Loss = 9.492e-01
It: 210, Loss = 9.491e-01
It: 220, Loss = 9.490e-01
It: 230, Loss = 9.489e-01
It: 240, Loss = 9.487e-01
It: 250, Loss = 9.485e-01
It: 260, Loss = 9.483e-01
It: 270, Loss = 9.479e-01
It: 280, Loss = 9.471e-01
It: 290, Loss = 9.457e-01
It: 300, Loss = 9.438e-01
It: 310, Loss = 9.426e-01
It: 320, Loss = 9.416e-01
It: 330, Loss = 9.408e-01
It: 340, Loss = 9.400e-01
It: 350, Loss = 9.389e-01
It: 360, Loss = 9.375e-01
It: 370, Loss = 9.352e-01
It: 380, Loss = 9.308e-01
It: 390, Loss = 9.213e-01
It: 400, Loss = 9.062e-01
It: 410, Loss = 8.817e-01
It: 420, Loss = 8.577e-01
It: 430, Loss = 8.445e-01
It: 440, Loss = 8.327e-01
It: 450, Loss = 8.179e-01
It: 460, Loss = 8.021e-01
It: 470, Loss = 8.229e-01
It: 480, Loss = 8.021e-01
It: 490, Loss = 7.834e-01
It: 500, Loss = 7.779e-01
It: 510, Loss = 7.724e-01
It: 520, Loss = 7.660e-01
It: 530, Loss = 7.612e-01
It: 540, Loss = 7.774e-01
It: 550, Loss = 7.596e-01
It: 560, Loss = 7.497e-01
It: 570, Loss = 7.441e-01
It: 580, Loss = 7.361e-01
It: 590, Loss = 7.275e-01
It: 600, Loss = 7.215e-01
It: 610, Loss = 7.079e-01
It: 620, Loss = 6.950e-01
It: 630, Loss = 6.823e-01
It: 640, Loss = 6.769e-01
It: 650, Loss = 6.733e-01
It: 660, Loss = 6.386e-01
It: 670, Loss = 6.337e-01
It: 680, Loss = 6.484e-01
It: 690, Loss = 6.227e-01
It: 700, Loss = 6.222e-01
It: 710, Loss = 6.170e-01
It: 720, Loss = 6.153e-01
It: 730, Loss = 6.135e-01
It: 740, Loss = 6.120e-01
It: 750, Loss = 6.247e-01
It: 760, Loss = 6.124e-01
It: 770, Loss = 6.098e-01
It: 780, Loss = 6.078e-01
It: 790, Loss = 6.062e-01
It: 800, Loss = 6.049e-01
It: 810, Loss = 6.037e-01
It: 820, Loss = 6.024e-01
It: 830, Loss = 6.013e-01
It: 840, Loss = 6.120e-01
It: 850, Loss = 6.127e-01
It: 860, Loss = 6.008e-01
It: 870, Loss = 5.975e-01
It: 880, Loss = 5.969e-01
It: 890, Loss = 5.953e-01
It: 900, Loss = 5.942e-01
It: 910, Loss = 5.931e-01
It: 920, Loss = 6.409e-01
It: 930, Loss = 5.925e-01
It: 940, Loss = 5.952e-01
It: 950, Loss = 5.900e-01
It: 960, Loss = 5.889e-01
It: 970, Loss = 5.879e-01
It: 980, Loss = 5.868e-01
It: 990, Loss = 5.858e-01
G_pred shape (100, 100)
It: 0, Loss = 9.963e-01
It: 10, Loss = 9.971e-01
It: 20, Loss = 9.833e-01
It: 30, Loss = 9.751e-01
It: 40, Loss = 9.659e-01
It: 50, Loss = 9.570e-01
It: 60, Loss = 9.492e-01
It: 70, Loss = 9.458e-01
It: 80, Loss = 9.456e-01
It: 90, Loss = 9.449e-01
It: 100, Loss = 9.448e-01
It: 110, Loss = 9.447e-01
It: 120, Loss = 9.446e-01
It: 130, Loss = 9.446e-01
It: 140, Loss = 9.445e-01
It: 150, Loss = 9.444e-01
It: 160, Loss = 9.444e-01
It: 170, Loss = 9.443e-01
It: 180, Loss = 9.443e-01
It: 190, Loss = 9.443e-01
It: 200, Loss = 9.442e-01
It: 210, Loss = 9.441e-01
It: 220, Loss = 9.441e-01
It: 230, Loss = 9.440e-01
It: 240, Loss = 9.440e-01
It: 250, Loss = 9.439e-01
It: 260, Loss = 9.438e-01
It: 270, Loss = 9.437e-01
It: 280, Loss = 9.436e-01
It: 290, Loss = 9.435e-01
It: 300, Loss = 9.434e-01
It: 310, Loss = 9.433e-01
It: 320, Loss = 9.431e-01
It: 330, Loss = 9.429e-01
It: 340, Loss = 9.427e-01
It: 350, Loss = 9.424e-01
It: 360, Loss = 9.420e-01
It: 370, Loss = 9.415e-01
It: 380, Loss = 9.409e-01
It: 390, Loss = 9.400e-01
It: 400, Loss = 9.390e-01
It: 410, Loss = 9.376e-01
It: 420, Loss = 9.360e-01
It: 430, Loss = 9.339e-01
It: 440, Loss = 9.315e-01
It: 450, Loss = 9.282e-01
It: 460, Loss = 9.254e-01
It: 470, Loss = 9.183e-01
It: 480, Loss = 9.098e-01
It: 490, Loss = 8.992e-01
It: 500, Loss = 8.888e-01
It: 510, Loss = 8.728e-01
It: 520, Loss = 8.616e-01
It: 530, Loss = 8.505e-01
It: 540, Loss = 8.450e-01
It: 550, Loss = 8.376e-01
It: 560, Loss = 8.296e-01
It: 570, Loss = 8.351e-01
It: 580, Loss = 8.127e-01
It: 590, Loss = 7.973e-01
It: 600, Loss = 7.807e-01
It: 610, Loss = 7.698e-01
It: 620, Loss = 7.587e-01
It: 630, Loss = 7.414e-01
It: 640, Loss = 7.263e-01
It: 650, Loss = 7.080e-01
It: 660, Loss = 7.182e-01
It: 670, Loss = 6.785e-01
It: 680, Loss = 6.615e-01
It: 690, Loss = 6.580e-01
It: 700, Loss = 6.434e-01
It: 710, Loss = 6.242e-01
It: 720, Loss = 6.152e-01
It: 730, Loss = 6.117e-01
It: 740, Loss = 6.010e-01
It: 750, Loss = 5.950e-01
It: 760, Loss = 5.856e-01
It: 770, Loss = 5.823e-01
It: 780, Loss = 5.835e-01
It: 790, Loss = 5.663e-01
It: 800, Loss = 5.643e-01
It: 810, Loss = 5.291e-01
It: 820, Loss = 5.301e-01
It: 830, Loss = 4.996e-01
It: 840, Loss = 4.586e-01
It: 850, Loss = 4.852e-01
It: 860, Loss = 4.118e-01
It: 870, Loss = 3.964e-01
It: 880, Loss = 4.131e-01
It: 890, Loss = 3.623e-01
It: 900, Loss = 3.570e-01
It: 910, Loss = 3.873e-01
It: 920, Loss = 3.231e-01
It: 930, Loss = 3.218e-01
It: 940, Loss = 3.069e-01
It: 950, Loss = 2.992e-01
It: 960, Loss = 4.850e-01
It: 970, Loss = 3.235e-01
It: 980, Loss = 2.915e-01
It: 990, Loss = 2.861e-01
G_pred shape (100, 100)
It: 0, Loss = 1.195e+00
It: 10, Loss = 1.099e+00
It: 20, Loss = 1.019e+00
It: 30, Loss = 9.806e-01
It: 40, Loss = 9.634e-01
It: 50, Loss = 9.569e-01
It: 60, Loss = 9.533e-01
It: 70, Loss = 9.500e-01
It: 80, Loss = 9.490e-01
It: 90, Loss = 9.484e-01
It: 100, Loss = 9.479e-01
It: 110, Loss = 9.473e-01
It: 120, Loss = 9.467e-01
It: 130, Loss = 9.464e-01
It: 140, Loss = 9.463e-01
It: 150, Loss = 9.462e-01
It: 160, Loss = 9.461e-01
It: 170, Loss = 9.460e-01
It: 180, Loss = 9.460e-01
It: 190, Loss = 9.459e-01
It: 200, Loss = 9.458e-01
It: 210, Loss = 9.458e-01
It: 220, Loss = 9.457e-01
It: 230, Loss = 9.457e-01
It: 240, Loss = 9.456e-01
It: 250, Loss = 9.455e-01
It: 260, Loss = 9.454e-01
It: 270, Loss = 9.453e-01
It: 280, Loss = 9.450e-01
It: 290, Loss = 9.447e-01
It: 300, Loss = 9.442e-01
It: 310, Loss = 9.436e-01
It: 320, Loss = 9.432e-01
It: 330, Loss = 9.430e-01
It: 340, Loss = 9.429e-01
It: 350, Loss = 9.427e-01
It: 360, Loss = 9.425e-01
It: 370, Loss = 9.423e-01
It: 380, Loss = 9.421e-01
It: 390, Loss = 9.418e-01
It: 400, Loss = 9.415e-01
It: 410, Loss = 9.410e-01
It: 420, Loss = 9.405e-01
It: 430, Loss = 9.397e-01
It: 440, Loss = 9.387e-01
It: 450, Loss = 9.373e-01
It: 460, Loss = 9.352e-01
It: 470, Loss = 9.323e-01
It: 480, Loss = 9.281e-01
It: 490, Loss = 9.223e-01
It: 500, Loss = 9.146e-01
It: 510, Loss = 9.042e-01
It: 520, Loss = 8.874e-01
It: 530, Loss = 8.556e-01
It: 540, Loss = 8.339e-01
It: 550, Loss = 8.074e-01
It: 560, Loss = 8.014e-01
It: 570, Loss = 7.980e-01
It: 580, Loss = 7.943e-01
It: 590, Loss = 7.912e-01
It: 600, Loss = 7.879e-01
It: 610, Loss = 7.843e-01
It: 620, Loss = 7.807e-01
It: 630, Loss = 7.772e-01
It: 640, Loss = 7.742e-01
It: 650, Loss = 7.717e-01
It: 660, Loss = 7.698e-01
It: 670, Loss = 7.683e-01
It: 680, Loss = 7.754e-01
It: 690, Loss = 7.706e-01
It: 700, Loss = 7.660e-01
It: 710, Loss = 7.640e-01
It: 720, Loss = 7.624e-01
It: 730, Loss = 7.606e-01
It: 740, Loss = 7.586e-01
It: 750, Loss = 7.562e-01
It: 760, Loss = 7.533e-01
It: 770, Loss = 7.497e-01
It: 780, Loss = 7.576e-01
It: 790, Loss = 7.532e-01
It: 800, Loss = 7.394e-01
It: 810, Loss = 7.333e-01
It: 820, Loss = 7.246e-01
It: 830, Loss = 7.134e-01
It: 840, Loss = 7.026e-01
It: 850, Loss = 6.963e-01
It: 860, Loss = 6.807e-01
It: 870, Loss = 6.716e-01
It: 880, Loss = 6.619e-01
It: 890, Loss = 6.559e-01
It: 900, Loss = 6.510e-01
It: 910, Loss = 6.469e-01
It: 920, Loss = 6.433e-01
It: 930, Loss = 6.402e-01
It: 940, Loss = 6.387e-01
It: 950, Loss = 6.380e-01
It: 960, Loss = 6.309e-01
It: 970, Loss = 6.264e-01
It: 980, Loss = 6.222e-01
It: 990, Loss = 6.173e-01
G_pred shape (100, 100)
