Using TensorFlow 2 backend.

noise_ratio =  0.39795918
It: 0, Loss = 1.245e+00
It: 10, Loss = 9.875e-01
It: 20, Loss = 9.829e-01
It: 30, Loss = 9.628e-01
It: 40, Loss = 9.508e-01
It: 50, Loss = 9.441e-01
It: 60, Loss = 9.428e-01
It: 70, Loss = 9.427e-01
It: 80, Loss = 9.423e-01
It: 90, Loss = 9.422e-01
It: 100, Loss = 9.422e-01
It: 110, Loss = 9.421e-01
It: 120, Loss = 9.421e-01
It: 130, Loss = 9.420e-01
It: 140, Loss = 9.420e-01
It: 150, Loss = 9.419e-01
It: 160, Loss = 9.419e-01
It: 170, Loss = 9.418e-01
It: 180, Loss = 9.418e-01
It: 190, Loss = 9.417e-01
It: 200, Loss = 9.417e-01
It: 210, Loss = 9.416e-01
It: 220, Loss = 9.416e-01
It: 230, Loss = 9.415e-01
It: 240, Loss = 9.414e-01
It: 250, Loss = 9.414e-01
It: 260, Loss = 9.413e-01
It: 270, Loss = 9.412e-01
It: 280, Loss = 9.411e-01
It: 290, Loss = 9.410e-01
It: 300, Loss = 9.409e-01
It: 310, Loss = 9.408e-01
It: 320, Loss = 9.407e-01
It: 330, Loss = 9.405e-01
It: 340, Loss = 9.403e-01
It: 350, Loss = 9.399e-01
It: 360, Loss = 9.394e-01
It: 370, Loss = 9.390e-01
It: 380, Loss = 9.386e-01
It: 390, Loss = 9.383e-01
It: 400, Loss = 9.381e-01
It: 410, Loss = 9.378e-01
It: 420, Loss = 9.375e-01
It: 430, Loss = 9.371e-01
It: 440, Loss = 9.366e-01
It: 450, Loss = 9.359e-01
It: 460, Loss = 9.357e-01
It: 470, Loss = 9.347e-01
It: 480, Loss = 9.338e-01
It: 490, Loss = 9.329e-01
It: 500, Loss = 9.316e-01
It: 510, Loss = 9.299e-01
It: 520, Loss = 9.270e-01
It: 530, Loss = 9.210e-01
It: 540, Loss = 9.028e-01
It: 550, Loss = 8.920e-01
It: 560, Loss = 8.704e-01
It: 570, Loss = 8.643e-01
It: 580, Loss = 8.523e-01
It: 590, Loss = 8.407e-01
It: 600, Loss = 8.297e-01
It: 610, Loss = 8.141e-01
It: 620, Loss = 7.928e-01
It: 630, Loss = 7.680e-01
It: 640, Loss = 7.362e-01
It: 650, Loss = 7.328e-01
It: 660, Loss = 7.057e-01
It: 670, Loss = 6.844e-01
It: 680, Loss = 6.718e-01
It: 690, Loss = 6.601e-01
It: 700, Loss = 6.766e-01
It: 710, Loss = 6.400e-01
It: 720, Loss = 6.344e-01
It: 730, Loss = 6.222e-01
It: 740, Loss = 6.141e-01
It: 750, Loss = 6.092e-01
It: 760, Loss = 5.995e-01
It: 770, Loss = 5.931e-01
It: 780, Loss = 5.948e-01
It: 790, Loss = 5.799e-01
It: 800, Loss = 5.722e-01
It: 810, Loss = 5.612e-01
It: 820, Loss = 5.521e-01
It: 830, Loss = 5.840e-01
It: 840, Loss = 5.505e-01
It: 850, Loss = 5.301e-01
It: 860, Loss = 5.198e-01
It: 870, Loss = 5.091e-01
It: 880, Loss = 7.376e-01
It: 890, Loss = 5.322e-01
It: 900, Loss = 5.054e-01
It: 910, Loss = 4.916e-01
It: 920, Loss = 4.836e-01
It: 930, Loss = 4.749e-01
It: 940, Loss = 4.676e-01
It: 950, Loss = 4.603e-01
It: 960, Loss = 4.528e-01
It: 970, Loss = 4.449e-01
It: 980, Loss = 4.370e-01
It: 990, Loss = 4.942e-01
G_pred shape (100, 100)
It: 0, Loss = 9.981e-01
It: 10, Loss = 9.877e-01
It: 20, Loss = 9.848e-01
It: 30, Loss = 9.681e-01
It: 40, Loss = 9.612e-01
It: 50, Loss = 9.539e-01
It: 60, Loss = 9.515e-01
It: 70, Loss = 9.504e-01
It: 80, Loss = 9.493e-01
It: 90, Loss = 9.487e-01
It: 100, Loss = 9.483e-01
It: 110, Loss = 9.481e-01
It: 120, Loss = 9.480e-01
It: 130, Loss = 9.479e-01
It: 140, Loss = 9.478e-01
It: 150, Loss = 9.478e-01
It: 160, Loss = 9.477e-01
It: 170, Loss = 9.476e-01
It: 180, Loss = 9.476e-01
It: 190, Loss = 9.475e-01
It: 200, Loss = 9.474e-01
It: 210, Loss = 9.473e-01
It: 220, Loss = 9.472e-01
It: 230, Loss = 9.470e-01
It: 240, Loss = 9.467e-01
It: 250, Loss = 9.459e-01
It: 260, Loss = 9.446e-01
It: 270, Loss = 9.441e-01
It: 280, Loss = 9.437e-01
It: 290, Loss = 9.433e-01
It: 300, Loss = 9.428e-01
It: 310, Loss = 9.423e-01
It: 320, Loss = 9.421e-01
It: 330, Loss = 9.420e-01
It: 340, Loss = 9.417e-01
It: 350, Loss = 9.413e-01
It: 360, Loss = 9.410e-01
It: 370, Loss = 9.406e-01
It: 380, Loss = 9.402e-01
It: 390, Loss = 9.396e-01
It: 400, Loss = 9.389e-01
It: 410, Loss = 9.380e-01
It: 420, Loss = 9.365e-01
It: 430, Loss = 9.338e-01
It: 440, Loss = 9.280e-01
It: 450, Loss = 9.146e-01
It: 460, Loss = 8.858e-01
It: 470, Loss = 8.845e-01
It: 480, Loss = 8.353e-01
It: 490, Loss = 8.115e-01
It: 500, Loss = 8.001e-01
It: 510, Loss = 7.938e-01
It: 520, Loss = 7.885e-01
It: 530, Loss = 7.845e-01
It: 540, Loss = 7.811e-01
It: 550, Loss = 7.784e-01
It: 560, Loss = 7.760e-01
It: 570, Loss = 7.739e-01
It: 580, Loss = 7.717e-01
It: 590, Loss = 7.747e-01
It: 600, Loss = 7.677e-01
It: 610, Loss = 7.648e-01
It: 620, Loss = 7.612e-01
It: 630, Loss = 7.566e-01
It: 640, Loss = 7.498e-01
It: 650, Loss = 7.410e-01
It: 660, Loss = 7.441e-01
It: 670, Loss = 7.137e-01
It: 680, Loss = 6.843e-01
It: 690, Loss = 6.633e-01
It: 700, Loss = 6.299e-01
It: 710, Loss = 6.098e-01
It: 720, Loss = 5.884e-01
It: 730, Loss = 5.716e-01
It: 740, Loss = 5.722e-01
It: 750, Loss = 5.454e-01
It: 760, Loss = 5.361e-01
It: 770, Loss = 5.227e-01
It: 780, Loss = 5.056e-01
It: 790, Loss = 5.040e-01
It: 800, Loss = 4.865e-01
It: 810, Loss = 4.818e-01
It: 820, Loss = 4.663e-01
It: 830, Loss = 4.538e-01
It: 840, Loss = 4.667e-01
It: 850, Loss = 4.353e-01
It: 860, Loss = 4.184e-01
It: 870, Loss = 4.001e-01
It: 880, Loss = 3.841e-01
It: 890, Loss = 4.101e-01
It: 900, Loss = 3.486e-01
It: 910, Loss = 3.375e-01
It: 920, Loss = 3.240e-01
It: 930, Loss = 2.951e-01
It: 940, Loss = 2.778e-01
It: 950, Loss = 2.642e-01
It: 960, Loss = 2.659e-01
It: 970, Loss = 2.436e-01
It: 980, Loss = 2.402e-01
It: 990, Loss = 2.324e-01
G_pred shape (100, 100)
It: 0, Loss = 1.095e+00
It: 10, Loss = 1.095e+00
It: 20, Loss = 1.010e+00
It: 30, Loss = 9.783e-01
It: 40, Loss = 9.679e-01
It: 50, Loss = 9.630e-01
It: 60, Loss = 9.567e-01
It: 70, Loss = 9.511e-01
It: 80, Loss = 9.478e-01
It: 90, Loss = 9.469e-01
It: 100, Loss = 9.466e-01
It: 110, Loss = 9.463e-01
It: 120, Loss = 9.461e-01
It: 130, Loss = 9.460e-01
It: 140, Loss = 9.459e-01
It: 150, Loss = 9.458e-01
It: 160, Loss = 9.457e-01
It: 170, Loss = 9.456e-01
It: 180, Loss = 9.456e-01
It: 190, Loss = 9.455e-01
It: 200, Loss = 9.453e-01
It: 210, Loss = 9.452e-01
It: 220, Loss = 9.451e-01
It: 230, Loss = 9.448e-01
It: 240, Loss = 9.443e-01
It: 250, Loss = 9.429e-01
It: 260, Loss = 9.361e-01
It: 270, Loss = 9.376e-01
It: 280, Loss = 9.338e-01
It: 290, Loss = 9.327e-01
It: 300, Loss = 9.320e-01
It: 310, Loss = 9.316e-01
It: 320, Loss = 9.314e-01
It: 330, Loss = 9.312e-01
It: 340, Loss = 9.310e-01
It: 350, Loss = 9.307e-01
It: 360, Loss = 9.305e-01
It: 370, Loss = 9.303e-01
It: 380, Loss = 9.301e-01
It: 390, Loss = 9.298e-01
It: 400, Loss = 9.295e-01
It: 410, Loss = 9.292e-01
It: 420, Loss = 9.289e-01
It: 430, Loss = 9.285e-01
It: 440, Loss = 9.281e-01
It: 450, Loss = 9.276e-01
It: 460, Loss = 9.270e-01
It: 470, Loss = 9.263e-01
It: 480, Loss = 9.255e-01
It: 490, Loss = 9.245e-01
It: 500, Loss = 9.233e-01
It: 510, Loss = 9.219e-01
It: 520, Loss = 9.200e-01
It: 530, Loss = 9.176e-01
It: 540, Loss = 9.140e-01
It: 550, Loss = 9.079e-01
It: 560, Loss = 8.960e-01
It: 570, Loss = 8.745e-01
It: 580, Loss = 9.352e-01
It: 590, Loss = 8.633e-01
It: 600, Loss = 8.334e-01
It: 610, Loss = 8.210e-01
It: 620, Loss = 8.085e-01
It: 630, Loss = 7.938e-01
It: 640, Loss = 7.763e-01
It: 650, Loss = 7.565e-01
It: 660, Loss = 7.321e-01
It: 670, Loss = 7.049e-01
It: 680, Loss = 6.671e-01
It: 690, Loss = 6.343e-01
It: 700, Loss = 6.203e-01
It: 710, Loss = 6.056e-01
It: 720, Loss = 5.915e-01
It: 730, Loss = 6.060e-01
It: 740, Loss = 5.656e-01
It: 750, Loss = 5.566e-01
It: 760, Loss = 5.448e-01
It: 770, Loss = 5.746e-01
It: 780, Loss = 5.338e-01
It: 790, Loss = 5.238e-01
It: 800, Loss = 5.158e-01
It: 810, Loss = 5.080e-01
It: 820, Loss = 4.996e-01
It: 830, Loss = 4.991e-01
It: 840, Loss = 4.934e-01
It: 850, Loss = 4.804e-01
It: 860, Loss = 4.680e-01
It: 870, Loss = 4.557e-01
It: 880, Loss = 4.586e-01
It: 890, Loss = 4.474e-01
It: 900, Loss = 4.278e-01
It: 910, Loss = 4.065e-01
It: 920, Loss = 3.889e-01
It: 930, Loss = 4.261e-01
It: 940, Loss = 3.809e-01
It: 950, Loss = 3.433e-01
It: 960, Loss = 3.218e-01
It: 970, Loss = 3.203e-01
It: 980, Loss = 3.125e-01
It: 990, Loss = 2.848e-01
G_pred shape (100, 100)
It: 0, Loss = 1.412e+00
It: 10, Loss = 1.058e+00
It: 20, Loss = 1.016e+00
It: 30, Loss = 9.937e-01
It: 40, Loss = 9.830e-01
It: 50, Loss = 9.739e-01
It: 60, Loss = 9.664e-01
It: 70, Loss = 9.603e-01
It: 80, Loss = 9.556e-01
It: 90, Loss = 9.522e-01
It: 100, Loss = 9.500e-01
It: 110, Loss = 9.491e-01
It: 120, Loss = 9.488e-01
It: 130, Loss = 9.488e-01
It: 140, Loss = 9.487e-01
It: 150, Loss = 9.486e-01
It: 160, Loss = 9.485e-01
It: 170, Loss = 9.485e-01
It: 180, Loss = 9.484e-01
It: 190, Loss = 9.484e-01
It: 200, Loss = 9.484e-01
It: 210, Loss = 9.483e-01
It: 220, Loss = 9.483e-01
It: 230, Loss = 9.482e-01
It: 240, Loss = 9.482e-01
It: 250, Loss = 9.482e-01
It: 260, Loss = 9.481e-01
It: 270, Loss = 9.481e-01
It: 280, Loss = 9.480e-01
It: 290, Loss = 9.479e-01
It: 300, Loss = 9.479e-01
It: 310, Loss = 9.478e-01
It: 320, Loss = 9.476e-01
It: 330, Loss = 9.474e-01
It: 340, Loss = 9.467e-01
It: 350, Loss = 9.447e-01
It: 360, Loss = 9.432e-01
It: 370, Loss = 9.421e-01
It: 380, Loss = 9.416e-01
It: 390, Loss = 9.413e-01
It: 400, Loss = 9.412e-01
It: 410, Loss = 9.410e-01
It: 420, Loss = 9.408e-01
It: 430, Loss = 9.406e-01
It: 440, Loss = 9.404e-01
It: 450, Loss = 9.402e-01
It: 460, Loss = 9.400e-01
It: 470, Loss = 9.397e-01
It: 480, Loss = 9.394e-01
It: 490, Loss = 9.391e-01
It: 500, Loss = 9.387e-01
It: 510, Loss = 9.383e-01
It: 520, Loss = 9.378e-01
It: 530, Loss = 9.373e-01
It: 540, Loss = 9.366e-01
It: 550, Loss = 9.357e-01
It: 560, Loss = 9.346e-01
It: 570, Loss = 9.331e-01
It: 580, Loss = 9.311e-01
It: 590, Loss = 9.283e-01
It: 600, Loss = 9.244e-01
It: 610, Loss = 9.186e-01
It: 620, Loss = 9.106e-01
It: 630, Loss = 8.995e-01
It: 640, Loss = 8.845e-01
It: 650, Loss = 8.650e-01
It: 660, Loss = 8.473e-01
It: 670, Loss = 8.393e-01
It: 680, Loss = 8.318e-01
It: 690, Loss = 8.253e-01
It: 700, Loss = 8.185e-01
It: 710, Loss = 8.106e-01
It: 720, Loss = 8.007e-01
It: 730, Loss = 7.904e-01
It: 740, Loss = 7.731e-01
It: 750, Loss = 7.517e-01
It: 760, Loss = 7.399e-01
It: 770, Loss = 7.178e-01
It: 780, Loss = 7.063e-01
It: 790, Loss = 6.918e-01
It: 800, Loss = 6.935e-01
It: 810, Loss = 6.749e-01
It: 820, Loss = 6.511e-01
It: 830, Loss = 6.385e-01
It: 840, Loss = 6.509e-01
It: 850, Loss = 6.304e-01
It: 860, Loss = 6.197e-01
It: 870, Loss = 6.148e-01
It: 880, Loss = 6.090e-01
It: 890, Loss = 6.197e-01
It: 900, Loss = 6.152e-01
It: 910, Loss = 6.082e-01
It: 920, Loss = 6.011e-01
It: 930, Loss = 5.989e-01
It: 940, Loss = 5.971e-01
It: 950, Loss = 5.946e-01
It: 960, Loss = 5.920e-01
It: 970, Loss = 5.892e-01
It: 980, Loss = 5.988e-01
It: 990, Loss = 5.859e-01
G_pred shape (100, 100)
It: 0, Loss = 1.047e+00
It: 10, Loss = 1.004e+00
It: 20, Loss = 9.729e-01
It: 30, Loss = 9.634e-01
It: 40, Loss = 9.582e-01
It: 50, Loss = 9.560e-01
It: 60, Loss = 9.555e-01
It: 70, Loss = 9.544e-01
It: 80, Loss = 9.537e-01
It: 90, Loss = 9.532e-01
It: 100, Loss = 9.530e-01
It: 110, Loss = 9.530e-01
It: 120, Loss = 9.529e-01
It: 130, Loss = 9.529e-01
It: 140, Loss = 9.528e-01
It: 150, Loss = 9.528e-01
It: 160, Loss = 9.528e-01
It: 170, Loss = 9.527e-01
It: 180, Loss = 9.527e-01
It: 190, Loss = 9.526e-01
It: 200, Loss = 9.526e-01
It: 210, Loss = 9.525e-01
It: 220, Loss = 9.525e-01
It: 230, Loss = 9.524e-01
It: 240, Loss = 9.523e-01
It: 250, Loss = 9.523e-01
It: 260, Loss = 9.522e-01
It: 270, Loss = 9.521e-01
It: 280, Loss = 9.521e-01
It: 290, Loss = 9.520e-01
It: 300, Loss = 9.519e-01
It: 310, Loss = 9.518e-01
It: 320, Loss = 9.517e-01
It: 330, Loss = 9.516e-01
It: 340, Loss = 9.515e-01
It: 350, Loss = 9.513e-01
It: 360, Loss = 9.512e-01
It: 370, Loss = 9.510e-01
It: 380, Loss = 9.508e-01
It: 390, Loss = 9.506e-01
It: 400, Loss = 9.503e-01
It: 410, Loss = 9.500e-01
It: 420, Loss = 9.496e-01
It: 430, Loss = 9.491e-01
It: 440, Loss = 9.484e-01
It: 450, Loss = 9.473e-01
It: 460, Loss = 9.457e-01
It: 470, Loss = 9.443e-01
It: 480, Loss = 9.429e-01
It: 490, Loss = 9.409e-01
It: 500, Loss = 9.379e-01
It: 510, Loss = 9.330e-01
It: 520, Loss = 9.235e-01
It: 530, Loss = 9.296e-01
It: 540, Loss = 9.088e-01
It: 550, Loss = 8.929e-01
It: 560, Loss = 8.822e-01
It: 570, Loss = 8.741e-01
It: 580, Loss = 8.663e-01
It: 590, Loss = 8.598e-01
It: 600, Loss = 8.565e-01
It: 610, Loss = 8.445e-01
It: 620, Loss = 8.357e-01
It: 630, Loss = 8.251e-01
It: 640, Loss = 8.082e-01
It: 650, Loss = 7.966e-01
It: 660, Loss = 7.953e-01
It: 670, Loss = 7.616e-01
It: 680, Loss = 7.512e-01
It: 690, Loss = 7.337e-01
It: 700, Loss = 8.056e-01
It: 710, Loss = 7.310e-01
It: 720, Loss = 6.895e-01
It: 730, Loss = 6.722e-01
It: 740, Loss = 6.705e-01
It: 750, Loss = 6.466e-01
It: 760, Loss = 6.405e-01
It: 770, Loss = 6.262e-01
It: 780, Loss = 6.184e-01
It: 790, Loss = 6.111e-01
It: 800, Loss = 6.042e-01
It: 810, Loss = 5.997e-01
It: 820, Loss = 6.654e-01
It: 830, Loss = 5.923e-01
It: 840, Loss = 5.888e-01
It: 850, Loss = 5.854e-01
It: 860, Loss = 5.821e-01
It: 870, Loss = 5.793e-01
It: 880, Loss = 5.766e-01
It: 890, Loss = 5.739e-01
It: 900, Loss = 5.712e-01
It: 910, Loss = 5.683e-01
It: 920, Loss = 5.650e-01
It: 930, Loss = 5.658e-01
It: 940, Loss = 5.601e-01
It: 950, Loss = 5.547e-01
It: 960, Loss = 5.509e-01
It: 970, Loss = 5.459e-01
It: 980, Loss = 5.401e-01
It: 990, Loss = 5.339e-01
G_pred shape (100, 100)
