Using TensorFlow 2 backend.

noise_ratio =  0.03061224
It: 0, Loss = 1.940e+00
It: 10, Loss = 1.069e+00
It: 20, Loss = 9.907e-01
It: 30, Loss = 9.683e-01
It: 40, Loss = 9.614e-01
It: 50, Loss = 9.550e-01
It: 60, Loss = 9.497e-01
It: 70, Loss = 9.438e-01
It: 80, Loss = 9.385e-01
It: 90, Loss = 9.341e-01
It: 100, Loss = 9.305e-01
It: 110, Loss = 9.277e-01
It: 120, Loss = 9.258e-01
It: 130, Loss = 9.244e-01
It: 140, Loss = 9.239e-01
It: 150, Loss = 9.237e-01
It: 160, Loss = 9.234e-01
It: 170, Loss = 9.232e-01
It: 180, Loss = 9.230e-01
It: 190, Loss = 9.229e-01
It: 200, Loss = 9.227e-01
It: 210, Loss = 9.225e-01
It: 220, Loss = 9.224e-01
It: 230, Loss = 9.222e-01
It: 240, Loss = 9.220e-01
It: 250, Loss = 9.217e-01
It: 260, Loss = 9.214e-01
It: 270, Loss = 9.208e-01
It: 280, Loss = 9.198e-01
It: 290, Loss = 9.178e-01
It: 300, Loss = 9.145e-01
It: 310, Loss = 9.109e-01
It: 320, Loss = 9.101e-01
It: 330, Loss = 9.096e-01
It: 340, Loss = 9.093e-01
It: 350, Loss = 9.090e-01
It: 360, Loss = 9.088e-01
It: 370, Loss = 9.087e-01
It: 380, Loss = 9.085e-01
It: 390, Loss = 9.083e-01
It: 400, Loss = 9.081e-01
It: 410, Loss = 9.079e-01
It: 420, Loss = 9.077e-01
It: 430, Loss = 9.075e-01
It: 440, Loss = 9.073e-01
It: 450, Loss = 9.070e-01
It: 460, Loss = 9.068e-01
It: 470, Loss = 9.065e-01
It: 480, Loss = 9.061e-01
It: 490, Loss = 9.058e-01
It: 500, Loss = 9.053e-01
It: 510, Loss = 9.049e-01
It: 520, Loss = 9.043e-01
It: 530, Loss = 9.036e-01
It: 540, Loss = 9.026e-01
It: 550, Loss = 9.014e-01
It: 560, Loss = 8.997e-01
It: 570, Loss = 8.974e-01
It: 580, Loss = 8.940e-01
It: 590, Loss = 8.890e-01
It: 600, Loss = 8.822e-01
It: 610, Loss = 8.730e-01
It: 620, Loss = 8.604e-01
It: 630, Loss = 8.447e-01
It: 640, Loss = 8.333e-01
It: 650, Loss = 8.235e-01
It: 660, Loss = 8.142e-01
It: 670, Loss = 8.068e-01
It: 680, Loss = 8.003e-01
It: 690, Loss = 7.972e-01
It: 700, Loss = 7.880e-01
It: 710, Loss = 7.803e-01
It: 720, Loss = 7.710e-01
It: 730, Loss = 7.653e-01
It: 740, Loss = 7.459e-01
It: 750, Loss = 7.317e-01
It: 760, Loss = 7.170e-01
It: 770, Loss = 7.046e-01
It: 780, Loss = 6.973e-01
It: 790, Loss = 6.770e-01
It: 800, Loss = 6.623e-01
It: 810, Loss = 6.492e-01
It: 820, Loss = 6.724e-01
It: 830, Loss = 6.165e-01
It: 840, Loss = 5.994e-01
It: 850, Loss = 5.747e-01
It: 860, Loss = 5.653e-01
It: 870, Loss = 5.541e-01
It: 880, Loss = 5.478e-01
It: 890, Loss = 5.612e-01
It: 900, Loss = 5.421e-01
It: 910, Loss = 5.367e-01
It: 920, Loss = 5.324e-01
It: 930, Loss = 5.290e-01
It: 940, Loss = 5.249e-01
It: 950, Loss = 5.365e-01
It: 960, Loss = 5.182e-01
It: 970, Loss = 5.120e-01
It: 980, Loss = 5.068e-01
It: 990, Loss = 5.013e-01
G_pred shape (100, 100)
It: 0, Loss = 1.290e+01
It: 10, Loss = 3.128e+00
It: 20, Loss = 1.432e+00
It: 30, Loss = 1.022e+00
It: 40, Loss = 1.064e+00
It: 50, Loss = 1.015e+00
It: 60, Loss = 9.874e-01
It: 70, Loss = 9.805e-01
It: 80, Loss = 9.770e-01
It: 90, Loss = 9.734e-01
It: 100, Loss = 9.700e-01
It: 110, Loss = 9.670e-01
It: 120, Loss = 9.640e-01
It: 130, Loss = 9.610e-01
It: 140, Loss = 9.581e-01
It: 150, Loss = 9.552e-01
It: 160, Loss = 9.523e-01
It: 170, Loss = 9.495e-01
It: 180, Loss = 9.467e-01
It: 190, Loss = 9.440e-01
It: 200, Loss = 9.414e-01
It: 210, Loss = 9.389e-01
It: 220, Loss = 9.367e-01
It: 230, Loss = 9.347e-01
It: 240, Loss = 9.329e-01
It: 250, Loss = 9.314e-01
It: 260, Loss = 9.302e-01
It: 270, Loss = 9.293e-01
It: 280, Loss = 9.285e-01
It: 290, Loss = 9.280e-01
It: 300, Loss = 9.275e-01
It: 310, Loss = 9.272e-01
It: 320, Loss = 9.269e-01
It: 330, Loss = 9.267e-01
It: 340, Loss = 9.264e-01
It: 350, Loss = 9.263e-01
It: 360, Loss = 9.261e-01
It: 370, Loss = 9.259e-01
It: 380, Loss = 9.258e-01
It: 390, Loss = 9.257e-01
It: 400, Loss = 9.257e-01
It: 410, Loss = 9.256e-01
It: 420, Loss = 9.255e-01
It: 430, Loss = 9.255e-01
It: 440, Loss = 9.254e-01
It: 450, Loss = 9.254e-01
It: 460, Loss = 9.253e-01
It: 470, Loss = 9.253e-01
It: 480, Loss = 9.252e-01
It: 490, Loss = 9.252e-01
It: 500, Loss = 9.251e-01
It: 510, Loss = 9.251e-01
It: 520, Loss = 9.251e-01
It: 530, Loss = 9.250e-01
It: 540, Loss = 9.250e-01
It: 550, Loss = 9.249e-01
It: 560, Loss = 9.249e-01
It: 570, Loss = 9.248e-01
It: 580, Loss = 9.247e-01
It: 590, Loss = 9.247e-01
It: 600, Loss = 9.246e-01
It: 610, Loss = 9.245e-01
It: 620, Loss = 9.245e-01
It: 630, Loss = 9.244e-01
It: 640, Loss = 9.243e-01
It: 650, Loss = 9.241e-01
It: 660, Loss = 9.240e-01
It: 670, Loss = 9.238e-01
It: 680, Loss = 9.236e-01
It: 690, Loss = 9.232e-01
It: 700, Loss = 9.228e-01
It: 710, Loss = 9.222e-01
It: 720, Loss = 9.215e-01
It: 730, Loss = 9.208e-01
It: 740, Loss = 9.201e-01
It: 750, Loss = 9.197e-01
It: 760, Loss = 9.195e-01
It: 770, Loss = 9.194e-01
It: 780, Loss = 9.193e-01
It: 790, Loss = 9.192e-01
It: 800, Loss = 9.191e-01
It: 810, Loss = 9.191e-01
It: 820, Loss = 9.190e-01
It: 830, Loss = 9.189e-01
It: 840, Loss = 9.188e-01
It: 850, Loss = 9.187e-01
It: 860, Loss = 9.187e-01
It: 870, Loss = 9.186e-01
It: 880, Loss = 9.185e-01
It: 890, Loss = 9.184e-01
It: 900, Loss = 9.183e-01
It: 910, Loss = 9.182e-01
It: 920, Loss = 9.181e-01
It: 930, Loss = 9.180e-01
It: 940, Loss = 9.179e-01
It: 950, Loss = 9.178e-01
It: 960, Loss = 9.176e-01
It: 970, Loss = 9.175e-01
It: 980, Loss = 9.174e-01
It: 990, Loss = 9.172e-01
G_pred shape (100, 100)
It: 0, Loss = 3.002e+00
It: 10, Loss = 1.204e+00
It: 20, Loss = 1.141e+00
It: 30, Loss = 1.043e+00
It: 40, Loss = 9.876e-01
It: 50, Loss = 9.761e-01
It: 60, Loss = 9.718e-01
It: 70, Loss = 9.683e-01
It: 80, Loss = 9.643e-01
It: 90, Loss = 9.601e-01
It: 100, Loss = 9.558e-01
It: 110, Loss = 9.511e-01
It: 120, Loss = 9.463e-01
It: 130, Loss = 9.414e-01
It: 140, Loss = 9.370e-01
It: 150, Loss = 9.334e-01
It: 160, Loss = 9.310e-01
It: 170, Loss = 9.296e-01
It: 180, Loss = 9.287e-01
It: 190, Loss = 9.280e-01
It: 200, Loss = 9.274e-01
It: 210, Loss = 9.270e-01
It: 220, Loss = 9.268e-01
It: 230, Loss = 9.267e-01
It: 240, Loss = 9.265e-01
It: 250, Loss = 9.264e-01
It: 260, Loss = 9.262e-01
It: 270, Loss = 9.261e-01
It: 280, Loss = 9.260e-01
It: 290, Loss = 9.258e-01
It: 300, Loss = 9.257e-01
It: 310, Loss = 9.256e-01
It: 320, Loss = 9.254e-01
It: 330, Loss = 9.253e-01
It: 340, Loss = 9.252e-01
It: 350, Loss = 9.250e-01
It: 360, Loss = 9.248e-01
It: 370, Loss = 9.247e-01
It: 380, Loss = 9.245e-01
It: 390, Loss = 9.243e-01
It: 400, Loss = 9.241e-01
It: 410, Loss = 9.238e-01
It: 420, Loss = 9.235e-01
It: 430, Loss = 9.231e-01
It: 440, Loss = 9.227e-01
It: 450, Loss = 9.220e-01
It: 460, Loss = 9.209e-01
It: 470, Loss = 9.192e-01
It: 480, Loss = 9.170e-01
It: 490, Loss = 9.148e-01
It: 500, Loss = 9.134e-01
It: 510, Loss = 9.121e-01
It: 520, Loss = 9.111e-01
It: 530, Loss = 9.112e-01
It: 540, Loss = 9.095e-01
It: 550, Loss = 9.087e-01
It: 560, Loss = 9.077e-01
It: 570, Loss = 9.067e-01
It: 580, Loss = 9.055e-01
It: 590, Loss = 9.042e-01
It: 600, Loss = 9.026e-01
It: 610, Loss = 9.007e-01
It: 620, Loss = 8.984e-01
It: 630, Loss = 8.956e-01
It: 640, Loss = 8.920e-01
It: 650, Loss = 8.875e-01
It: 660, Loss = 8.820e-01
It: 670, Loss = 8.760e-01
It: 680, Loss = 8.702e-01
It: 690, Loss = 8.646e-01
It: 700, Loss = 8.586e-01
It: 710, Loss = 8.529e-01
It: 720, Loss = 8.474e-01
It: 730, Loss = 8.410e-01
It: 740, Loss = 8.336e-01
It: 750, Loss = 8.264e-01
It: 760, Loss = 8.212e-01
It: 770, Loss = 8.182e-01
It: 780, Loss = 8.083e-01
It: 790, Loss = 7.968e-01
It: 800, Loss = 7.887e-01
It: 810, Loss = 7.858e-01
It: 820, Loss = 7.711e-01
It: 830, Loss = 7.595e-01
It: 840, Loss = 7.588e-01
It: 850, Loss = 7.484e-01
It: 860, Loss = 7.283e-01
It: 870, Loss = 7.031e-01
It: 880, Loss = 6.839e-01
It: 890, Loss = 6.543e-01
It: 900, Loss = 6.280e-01
It: 910, Loss = 6.023e-01
It: 920, Loss = 5.881e-01
It: 930, Loss = 5.748e-01
It: 940, Loss = 5.800e-01
It: 950, Loss = 5.655e-01
It: 960, Loss = 5.615e-01
It: 970, Loss = 5.590e-01
It: 980, Loss = 5.564e-01
It: 990, Loss = 5.542e-01
G_pred shape (100, 100)
It: 0, Loss = 1.046e+00
It: 10, Loss = 1.012e+00
It: 20, Loss = 9.718e-01
It: 30, Loss = 9.710e-01
It: 40, Loss = 9.559e-01
It: 50, Loss = 9.504e-01
It: 60, Loss = 9.438e-01
It: 70, Loss = 9.409e-01
It: 80, Loss = 9.399e-01
It: 90, Loss = 9.388e-01
It: 100, Loss = 9.376e-01
It: 110, Loss = 9.367e-01
It: 120, Loss = 9.361e-01
It: 130, Loss = 9.358e-01
It: 140, Loss = 9.355e-01
It: 150, Loss = 9.353e-01
It: 160, Loss = 9.351e-01
It: 170, Loss = 9.349e-01
It: 180, Loss = 9.347e-01
It: 190, Loss = 9.345e-01
It: 200, Loss = 9.344e-01
It: 210, Loss = 9.342e-01
It: 220, Loss = 9.340e-01
It: 230, Loss = 9.338e-01
It: 240, Loss = 9.336e-01
It: 250, Loss = 9.333e-01
It: 260, Loss = 9.330e-01
It: 270, Loss = 9.327e-01
It: 280, Loss = 9.323e-01
It: 290, Loss = 9.317e-01
It: 300, Loss = 9.309e-01
It: 310, Loss = 9.295e-01
It: 320, Loss = 9.276e-01
It: 330, Loss = 9.260e-01
It: 340, Loss = 9.253e-01
It: 350, Loss = 9.245e-01
It: 360, Loss = 9.238e-01
It: 370, Loss = 9.230e-01
It: 380, Loss = 9.222e-01
It: 390, Loss = 9.211e-01
It: 400, Loss = 9.197e-01
It: 410, Loss = 9.176e-01
It: 420, Loss = 9.144e-01
It: 430, Loss = 9.087e-01
It: 440, Loss = 8.980e-01
It: 450, Loss = 8.771e-01
It: 460, Loss = 8.554e-01
It: 470, Loss = 8.283e-01
It: 480, Loss = 8.177e-01
It: 490, Loss = 8.065e-01
It: 500, Loss = 7.970e-01
It: 510, Loss = 7.880e-01
It: 520, Loss = 7.791e-01
It: 530, Loss = 7.739e-01
It: 540, Loss = 7.632e-01
It: 550, Loss = 7.483e-01
It: 560, Loss = 7.258e-01
It: 570, Loss = 7.006e-01
It: 580, Loss = 6.620e-01
It: 590, Loss = 6.364e-01
It: 600, Loss = 6.220e-01
It: 610, Loss = 6.102e-01
It: 620, Loss = 5.971e-01
It: 630, Loss = 5.887e-01
It: 640, Loss = 5.731e-01
It: 650, Loss = 5.527e-01
It: 660, Loss = 5.462e-01
It: 670, Loss = 5.288e-01
It: 680, Loss = 5.087e-01
It: 690, Loss = 4.972e-01
It: 700, Loss = 4.777e-01
It: 710, Loss = 4.661e-01
It: 720, Loss = 4.504e-01
It: 730, Loss = 4.359e-01
It: 740, Loss = 4.246e-01
It: 750, Loss = 4.407e-01
It: 760, Loss = 4.122e-01
It: 770, Loss = 3.908e-01
It: 780, Loss = 3.754e-01
It: 790, Loss = 3.855e-01
It: 800, Loss = 3.578e-01
It: 810, Loss = 3.321e-01
It: 820, Loss = 3.650e-01
It: 830, Loss = 3.081e-01
It: 840, Loss = 2.969e-01
It: 850, Loss = 2.743e-01
It: 860, Loss = 2.543e-01
It: 870, Loss = 3.848e-01
It: 880, Loss = 2.603e-01
It: 890, Loss = 2.212e-01
It: 900, Loss = 1.893e-01
It: 910, Loss = 1.784e-01
It: 920, Loss = 1.697e-01
It: 930, Loss = 1.372e-01
It: 940, Loss = 1.213e-01
It: 950, Loss = 1.024e-01
It: 960, Loss = 8.871e-02
It: 970, Loss = 1.465e-01
It: 980, Loss = 7.639e-02
It: 990, Loss = 6.706e-02
G_pred shape (100, 100)
It: 0, Loss = 1.126e+00
It: 10, Loss = 9.873e-01
It: 20, Loss = 9.725e-01
It: 30, Loss = 9.610e-01
It: 40, Loss = 9.467e-01
It: 50, Loss = 9.371e-01
It: 60, Loss = 9.311e-01
It: 70, Loss = 9.272e-01
It: 80, Loss = 9.253e-01
It: 90, Loss = 9.246e-01
It: 100, Loss = 9.241e-01
It: 110, Loss = 9.238e-01
It: 120, Loss = 9.236e-01
It: 130, Loss = 9.234e-01
It: 140, Loss = 9.233e-01
It: 150, Loss = 9.231e-01
It: 160, Loss = 9.230e-01
It: 170, Loss = 9.228e-01
It: 180, Loss = 9.227e-01
It: 190, Loss = 9.225e-01
It: 200, Loss = 9.224e-01
It: 210, Loss = 9.222e-01
It: 220, Loss = 9.220e-01
It: 230, Loss = 9.217e-01
It: 240, Loss = 9.215e-01
It: 250, Loss = 9.212e-01
It: 260, Loss = 9.207e-01
It: 270, Loss = 9.201e-01
It: 280, Loss = 9.191e-01
It: 290, Loss = 9.169e-01
It: 300, Loss = 9.121e-01
It: 310, Loss = 9.171e-01
It: 320, Loss = 9.080e-01
It: 330, Loss = 9.061e-01
It: 340, Loss = 9.041e-01
It: 350, Loss = 9.017e-01
It: 360, Loss = 8.979e-01
It: 370, Loss = 8.907e-01
It: 380, Loss = 8.772e-01
It: 390, Loss = 8.563e-01
It: 400, Loss = 8.379e-01
It: 410, Loss = 8.287e-01
It: 420, Loss = 8.192e-01
It: 430, Loss = 8.045e-01
It: 440, Loss = 7.972e-01
It: 450, Loss = 7.917e-01
It: 460, Loss = 7.871e-01
It: 470, Loss = 7.810e-01
It: 480, Loss = 7.771e-01
It: 490, Loss = 7.714e-01
It: 500, Loss = 7.665e-01
It: 510, Loss = 7.844e-01
It: 520, Loss = 7.563e-01
It: 530, Loss = 7.507e-01
It: 540, Loss = 7.398e-01
It: 550, Loss = 7.823e-01
It: 560, Loss = 7.313e-01
It: 570, Loss = 7.158e-01
It: 580, Loss = 7.019e-01
It: 590, Loss = 7.561e-01
It: 600, Loss = 6.863e-01
It: 610, Loss = 6.701e-01
It: 620, Loss = 6.564e-01
It: 630, Loss = 6.440e-01
It: 640, Loss = 6.305e-01
It: 650, Loss = 6.241e-01
It: 660, Loss = 6.103e-01
It: 670, Loss = 6.050e-01
It: 680, Loss = 5.957e-01
It: 690, Loss = 5.883e-01
It: 700, Loss = 5.823e-01
It: 710, Loss = 5.775e-01
It: 720, Loss = 5.732e-01
It: 730, Loss = 5.694e-01
It: 740, Loss = 5.655e-01
It: 750, Loss = 5.661e-01
It: 760, Loss = 5.584e-01
It: 770, Loss = 5.660e-01
It: 780, Loss = 5.547e-01
It: 790, Loss = 5.499e-01
It: 800, Loss = 5.506e-01
It: 810, Loss = 5.505e-01
It: 820, Loss = 5.424e-01
It: 830, Loss = 5.369e-01
It: 840, Loss = 5.338e-01
It: 850, Loss = 5.489e-01
It: 860, Loss = 5.311e-01
It: 870, Loss = 5.265e-01
It: 880, Loss = 5.197e-01
It: 890, Loss = 5.145e-01
It: 900, Loss = 5.730e-01
It: 910, Loss = 5.132e-01
It: 920, Loss = 5.075e-01
It: 930, Loss = 4.964e-01
It: 940, Loss = 4.896e-01
It: 950, Loss = 4.817e-01
It: 960, Loss = 4.721e-01
It: 970, Loss = 4.601e-01
It: 980, Loss = 5.884e-01
It: 990, Loss = 4.574e-01
G_pred shape (100, 100)
