Using TensorFlow 2 backend.

noise_ratio =  0.2244898
It: 0, Loss = 1.087e+00
It: 10, Loss = 1.077e+00
It: 20, Loss = 9.781e-01
It: 30, Loss = 9.660e-01
It: 40, Loss = 9.591e-01
It: 50, Loss = 9.460e-01
It: 60, Loss = 9.393e-01
It: 70, Loss = 9.349e-01
It: 80, Loss = 9.339e-01
It: 90, Loss = 9.336e-01
It: 100, Loss = 9.331e-01
It: 110, Loss = 9.328e-01
It: 120, Loss = 9.327e-01
It: 130, Loss = 9.326e-01
It: 140, Loss = 9.325e-01
It: 150, Loss = 9.324e-01
It: 160, Loss = 9.323e-01
It: 170, Loss = 9.322e-01
It: 180, Loss = 9.321e-01
It: 190, Loss = 9.320e-01
It: 200, Loss = 9.318e-01
It: 210, Loss = 9.317e-01
It: 220, Loss = 9.315e-01
It: 230, Loss = 9.314e-01
It: 240, Loss = 9.312e-01
It: 250, Loss = 9.310e-01
It: 260, Loss = 9.308e-01
It: 270, Loss = 9.306e-01
It: 280, Loss = 9.303e-01
It: 290, Loss = 9.300e-01
It: 300, Loss = 9.296e-01
It: 310, Loss = 9.292e-01
It: 320, Loss = 9.288e-01
It: 330, Loss = 9.282e-01
It: 340, Loss = 9.276e-01
It: 350, Loss = 9.268e-01
It: 360, Loss = 9.258e-01
It: 370, Loss = 9.247e-01
It: 380, Loss = 9.233e-01
It: 390, Loss = 9.214e-01
It: 400, Loss = 9.185e-01
It: 410, Loss = 9.135e-01
It: 420, Loss = 9.030e-01
It: 430, Loss = 8.790e-01
It: 440, Loss = 8.500e-01
It: 450, Loss = 8.440e-01
It: 460, Loss = 8.312e-01
It: 470, Loss = 8.165e-01
It: 480, Loss = 8.001e-01
It: 490, Loss = 7.750e-01
It: 500, Loss = 7.434e-01
It: 510, Loss = 7.295e-01
It: 520, Loss = 6.951e-01
It: 530, Loss = 6.563e-01
It: 540, Loss = 6.475e-01
It: 550, Loss = 6.171e-01
It: 560, Loss = 6.019e-01
It: 570, Loss = 5.917e-01
It: 580, Loss = 5.860e-01
It: 590, Loss = 5.818e-01
It: 600, Loss = 5.784e-01
It: 610, Loss = 5.753e-01
It: 620, Loss = 5.748e-01
It: 630, Loss = 5.816e-01
It: 640, Loss = 5.718e-01
It: 650, Loss = 5.658e-01
It: 660, Loss = 5.614e-01
It: 670, Loss = 5.582e-01
It: 680, Loss = 5.543e-01
It: 690, Loss = 5.501e-01
It: 700, Loss = 5.620e-01
It: 710, Loss = 5.601e-01
It: 720, Loss = 5.406e-01
It: 730, Loss = 5.325e-01
It: 740, Loss = 5.249e-01
It: 750, Loss = 5.161e-01
It: 760, Loss = 5.045e-01
It: 770, Loss = 4.918e-01
It: 780, Loss = 4.817e-01
It: 790, Loss = 4.612e-01
It: 800, Loss = 4.407e-01
It: 810, Loss = 4.190e-01
It: 820, Loss = 5.608e-01
It: 830, Loss = 4.081e-01
It: 840, Loss = 3.919e-01
It: 850, Loss = 3.757e-01
It: 860, Loss = 3.615e-01
It: 870, Loss = 3.452e-01
It: 880, Loss = 3.259e-01
It: 890, Loss = 3.061e-01
It: 900, Loss = 2.941e-01
It: 910, Loss = 2.680e-01
It: 920, Loss = 2.467e-01
It: 930, Loss = 2.206e-01
It: 940, Loss = 1.977e-01
It: 950, Loss = 1.788e-01
It: 960, Loss = 1.784e-01
It: 970, Loss = 1.698e-01
It: 980, Loss = 1.512e-01
It: 990, Loss = 1.394e-01
G_pred shape (100, 100)
It: 0, Loss = 1.097e+00
It: 10, Loss = 1.002e+00
It: 20, Loss = 9.650e-01
It: 30, Loss = 9.583e-01
It: 40, Loss = 9.492e-01
It: 50, Loss = 9.408e-01
It: 60, Loss = 9.359e-01
It: 70, Loss = 9.350e-01
It: 80, Loss = 9.345e-01
It: 90, Loss = 9.337e-01
It: 100, Loss = 9.332e-01
It: 110, Loss = 9.329e-01
It: 120, Loss = 9.327e-01
It: 130, Loss = 9.326e-01
It: 140, Loss = 9.325e-01
It: 150, Loss = 9.324e-01
It: 160, Loss = 9.323e-01
It: 170, Loss = 9.322e-01
It: 180, Loss = 9.321e-01
It: 190, Loss = 9.320e-01
It: 200, Loss = 9.319e-01
It: 210, Loss = 9.317e-01
It: 220, Loss = 9.316e-01
It: 230, Loss = 9.314e-01
It: 240, Loss = 9.311e-01
It: 250, Loss = 9.306e-01
It: 260, Loss = 9.295e-01
It: 270, Loss = 9.272e-01
It: 280, Loss = 9.248e-01
It: 290, Loss = 9.241e-01
It: 300, Loss = 9.232e-01
It: 310, Loss = 9.228e-01
It: 320, Loss = 9.224e-01
It: 330, Loss = 9.220e-01
It: 340, Loss = 9.216e-01
It: 350, Loss = 9.212e-01
It: 360, Loss = 9.207e-01
It: 370, Loss = 9.201e-01
It: 380, Loss = 9.194e-01
It: 390, Loss = 9.185e-01
It: 400, Loss = 9.174e-01
It: 410, Loss = 9.159e-01
It: 420, Loss = 9.140e-01
It: 430, Loss = 9.114e-01
It: 440, Loss = 9.252e-01
It: 450, Loss = 9.107e-01
It: 460, Loss = 9.027e-01
It: 470, Loss = 8.960e-01
It: 480, Loss = 8.862e-01
It: 490, Loss = 8.682e-01
It: 500, Loss = 8.590e-01
It: 510, Loss = 8.172e-01
It: 520, Loss = 7.874e-01
It: 530, Loss = 7.673e-01
It: 540, Loss = 7.459e-01
It: 550, Loss = 7.456e-01
It: 560, Loss = 7.286e-01
It: 570, Loss = 7.139e-01
It: 580, Loss = 7.120e-01
It: 590, Loss = 7.084e-01
It: 600, Loss = 7.010e-01
It: 610, Loss = 6.937e-01
It: 620, Loss = 7.055e-01
It: 630, Loss = 6.918e-01
It: 640, Loss = 6.802e-01
It: 650, Loss = 6.757e-01
It: 660, Loss = 6.686e-01
It: 670, Loss = 6.631e-01
It: 680, Loss = 7.029e-01
It: 690, Loss = 6.586e-01
It: 700, Loss = 6.535e-01
It: 710, Loss = 6.449e-01
It: 720, Loss = 6.372e-01
It: 730, Loss = 6.349e-01
It: 740, Loss = 6.241e-01
It: 750, Loss = 6.162e-01
It: 760, Loss = 6.232e-01
It: 770, Loss = 6.213e-01
It: 780, Loss = 6.015e-01
It: 790, Loss = 5.872e-01
It: 800, Loss = 5.740e-01
It: 810, Loss = 5.620e-01
It: 820, Loss = 7.571e-01
It: 830, Loss = 5.923e-01
It: 840, Loss = 5.492e-01
It: 850, Loss = 5.382e-01
It: 860, Loss = 5.320e-01
It: 870, Loss = 5.239e-01
It: 880, Loss = 5.168e-01
It: 890, Loss = 5.091e-01
It: 900, Loss = 4.999e-01
It: 910, Loss = 4.946e-01
It: 920, Loss = 4.951e-01
It: 930, Loss = 4.714e-01
It: 940, Loss = 4.466e-01
It: 950, Loss = 5.162e-01
It: 960, Loss = 4.273e-01
It: 970, Loss = 3.816e-01
It: 980, Loss = 3.325e-01
It: 990, Loss = 3.472e-01
G_pred shape (100, 100)
It: 0, Loss = 1.290e+00
It: 10, Loss = 1.098e+00
It: 20, Loss = 1.035e+00
It: 30, Loss = 1.000e+00
It: 40, Loss = 9.822e-01
It: 50, Loss = 9.707e-01
It: 60, Loss = 9.629e-01
It: 70, Loss = 9.572e-01
It: 80, Loss = 9.516e-01
It: 90, Loss = 9.461e-01
It: 100, Loss = 9.415e-01
It: 110, Loss = 9.386e-01
It: 120, Loss = 9.375e-01
It: 130, Loss = 9.371e-01
It: 140, Loss = 9.368e-01
It: 150, Loss = 9.365e-01
It: 160, Loss = 9.363e-01
It: 170, Loss = 9.360e-01
It: 180, Loss = 9.358e-01
It: 190, Loss = 9.356e-01
It: 200, Loss = 9.353e-01
It: 210, Loss = 9.348e-01
It: 220, Loss = 9.341e-01
It: 230, Loss = 9.327e-01
It: 240, Loss = 9.295e-01
It: 250, Loss = 9.252e-01
It: 260, Loss = 9.243e-01
It: 270, Loss = 9.233e-01
It: 280, Loss = 9.227e-01
It: 290, Loss = 9.226e-01
It: 300, Loss = 9.218e-01
It: 310, Loss = 9.213e-01
It: 320, Loss = 9.209e-01
It: 330, Loss = 9.207e-01
It: 340, Loss = 9.205e-01
It: 350, Loss = 9.203e-01
It: 360, Loss = 9.202e-01
It: 370, Loss = 9.201e-01
It: 380, Loss = 9.199e-01
It: 390, Loss = 9.198e-01
It: 400, Loss = 9.197e-01
It: 410, Loss = 9.196e-01
It: 420, Loss = 9.195e-01
It: 430, Loss = 9.194e-01
It: 440, Loss = 9.192e-01
It: 450, Loss = 9.191e-01
It: 460, Loss = 9.190e-01
It: 470, Loss = 9.188e-01
It: 480, Loss = 9.186e-01
It: 490, Loss = 9.184e-01
It: 500, Loss = 9.182e-01
It: 510, Loss = 9.180e-01
It: 520, Loss = 9.177e-01
It: 530, Loss = 9.174e-01
It: 540, Loss = 9.170e-01
It: 550, Loss = 9.165e-01
It: 560, Loss = 9.158e-01
It: 570, Loss = 9.149e-01
It: 580, Loss = 9.136e-01
It: 590, Loss = 9.118e-01
It: 600, Loss = 9.090e-01
It: 610, Loss = 9.048e-01
It: 620, Loss = 8.977e-01
It: 630, Loss = 8.851e-01
It: 640, Loss = 8.612e-01
It: 650, Loss = 8.340e-01
It: 660, Loss = 8.284e-01
It: 670, Loss = 8.180e-01
It: 680, Loss = 8.136e-01
It: 690, Loss = 8.084e-01
It: 700, Loss = 8.023e-01
It: 710, Loss = 7.949e-01
It: 720, Loss = 7.855e-01
It: 730, Loss = 7.733e-01
It: 740, Loss = 7.561e-01
It: 750, Loss = 7.590e-01
It: 760, Loss = 7.345e-01
It: 770, Loss = 7.040e-01
It: 780, Loss = 6.748e-01
It: 790, Loss = 6.526e-01
It: 800, Loss = 6.373e-01
It: 810, Loss = 6.194e-01
It: 820, Loss = 6.031e-01
It: 830, Loss = 5.910e-01
It: 840, Loss = 5.832e-01
It: 850, Loss = 5.780e-01
It: 860, Loss = 5.649e-01
It: 870, Loss = 5.589e-01
It: 880, Loss = 5.457e-01
It: 890, Loss = 5.337e-01
It: 900, Loss = 5.232e-01
It: 910, Loss = 5.180e-01
It: 920, Loss = 5.058e-01
It: 930, Loss = 4.945e-01
It: 940, Loss = 4.875e-01
It: 950, Loss = 4.668e-01
It: 960, Loss = 4.543e-01
It: 970, Loss = 4.414e-01
It: 980, Loss = 4.295e-01
It: 990, Loss = 4.219e-01
G_pred shape (100, 100)
It: 0, Loss = 1.363e+00
It: 10, Loss = 1.201e+00
It: 20, Loss = 1.068e+00
It: 30, Loss = 1.000e+00
It: 40, Loss = 9.741e-01
It: 50, Loss = 9.667e-01
It: 60, Loss = 9.604e-01
It: 70, Loss = 9.522e-01
It: 80, Loss = 9.459e-01
It: 90, Loss = 9.404e-01
It: 100, Loss = 9.372e-01
It: 110, Loss = 9.362e-01
It: 120, Loss = 9.360e-01
It: 130, Loss = 9.358e-01
It: 140, Loss = 9.357e-01
It: 150, Loss = 9.356e-01
It: 160, Loss = 9.355e-01
It: 170, Loss = 9.354e-01
It: 180, Loss = 9.354e-01
It: 190, Loss = 9.353e-01
It: 200, Loss = 9.352e-01
It: 210, Loss = 9.352e-01
It: 220, Loss = 9.351e-01
It: 230, Loss = 9.350e-01
It: 240, Loss = 9.349e-01
It: 250, Loss = 9.349e-01
It: 260, Loss = 9.348e-01
It: 270, Loss = 9.347e-01
It: 280, Loss = 9.346e-01
It: 290, Loss = 9.346e-01
It: 300, Loss = 9.345e-01
It: 310, Loss = 9.344e-01
It: 320, Loss = 9.343e-01
It: 330, Loss = 9.342e-01
It: 340, Loss = 9.341e-01
It: 350, Loss = 9.340e-01
It: 360, Loss = 9.339e-01
It: 370, Loss = 9.338e-01
It: 380, Loss = 9.337e-01
It: 390, Loss = 9.335e-01
It: 400, Loss = 9.334e-01
It: 410, Loss = 9.333e-01
It: 420, Loss = 9.331e-01
It: 430, Loss = 9.330e-01
It: 440, Loss = 9.328e-01
It: 450, Loss = 9.327e-01
It: 460, Loss = 9.325e-01
It: 470, Loss = 9.324e-01
It: 480, Loss = 9.322e-01
It: 490, Loss = 9.320e-01
It: 500, Loss = 9.319e-01
It: 510, Loss = 9.317e-01
It: 520, Loss = 9.315e-01
It: 530, Loss = 9.313e-01
It: 540, Loss = 9.311e-01
It: 550, Loss = 9.309e-01
It: 560, Loss = 9.307e-01
It: 570, Loss = 9.305e-01
It: 580, Loss = 9.302e-01
It: 590, Loss = 9.299e-01
It: 600, Loss = 9.296e-01
It: 610, Loss = 9.293e-01
It: 620, Loss = 9.289e-01
It: 630, Loss = 9.285e-01
It: 640, Loss = 9.280e-01
It: 650, Loss = 9.275e-01
It: 660, Loss = 9.268e-01
It: 670, Loss = 9.261e-01
It: 680, Loss = 9.252e-01
It: 690, Loss = 9.240e-01
It: 700, Loss = 9.225e-01
It: 710, Loss = 9.204e-01
It: 720, Loss = 9.171e-01
It: 730, Loss = 9.118e-01
It: 740, Loss = 9.028e-01
It: 750, Loss = 8.893e-01
It: 760, Loss = 8.691e-01
It: 770, Loss = 8.507e-01
It: 780, Loss = 8.323e-01
It: 790, Loss = 8.161e-01
It: 800, Loss = 8.019e-01
It: 810, Loss = 7.839e-01
It: 820, Loss = 7.583e-01
It: 830, Loss = 7.256e-01
It: 840, Loss = 7.153e-01
It: 850, Loss = 6.900e-01
It: 860, Loss = 6.758e-01
It: 870, Loss = 6.521e-01
It: 880, Loss = 6.294e-01
It: 890, Loss = 6.069e-01
It: 900, Loss = 6.088e-01
It: 910, Loss = 5.809e-01
It: 920, Loss = 5.572e-01
It: 930, Loss = 5.341e-01
It: 940, Loss = 5.171e-01
It: 950, Loss = 5.150e-01
It: 960, Loss = 4.911e-01
It: 970, Loss = 4.828e-01
It: 980, Loss = 4.707e-01
It: 990, Loss = 4.600e-01
G_pred shape (100, 100)
It: 0, Loss = 1.754e+00
It: 10, Loss = 1.005e+00
It: 20, Loss = 1.014e+00
It: 30, Loss = 1.005e+00
It: 40, Loss = 9.889e-01
It: 50, Loss = 9.800e-01
It: 60, Loss = 9.754e-01
It: 70, Loss = 9.722e-01
It: 80, Loss = 9.698e-01
It: 90, Loss = 9.670e-01
It: 100, Loss = 9.637e-01
It: 110, Loss = 9.595e-01
It: 120, Loss = 9.544e-01
It: 130, Loss = 9.487e-01
It: 140, Loss = 9.436e-01
It: 150, Loss = 9.410e-01
It: 160, Loss = 9.406e-01
It: 170, Loss = 9.402e-01
It: 180, Loss = 9.398e-01
It: 190, Loss = 9.396e-01
It: 200, Loss = 9.394e-01
It: 210, Loss = 9.393e-01
It: 220, Loss = 9.391e-01
It: 230, Loss = 9.390e-01
It: 240, Loss = 9.389e-01
It: 250, Loss = 9.387e-01
It: 260, Loss = 9.385e-01
It: 270, Loss = 9.382e-01
It: 280, Loss = 9.376e-01
It: 290, Loss = 9.362e-01
It: 300, Loss = 9.330e-01
It: 310, Loss = 9.319e-01
It: 320, Loss = 9.303e-01
It: 330, Loss = 9.289e-01
It: 340, Loss = 9.274e-01
It: 350, Loss = 9.268e-01
It: 360, Loss = 9.262e-01
It: 370, Loss = 9.256e-01
It: 380, Loss = 9.251e-01
It: 390, Loss = 9.246e-01
It: 400, Loss = 9.239e-01
It: 410, Loss = 9.231e-01
It: 420, Loss = 9.220e-01
It: 430, Loss = 9.203e-01
It: 440, Loss = 9.175e-01
It: 450, Loss = 9.127e-01
It: 460, Loss = 9.048e-01
It: 470, Loss = 8.942e-01
It: 480, Loss = 8.851e-01
It: 490, Loss = 8.716e-01
It: 500, Loss = 8.529e-01
It: 510, Loss = 8.287e-01
It: 520, Loss = 8.110e-01
It: 530, Loss = 7.860e-01
It: 540, Loss = 7.781e-01
It: 550, Loss = 7.688e-01
It: 560, Loss = 7.708e-01
It: 570, Loss = 7.567e-01
It: 580, Loss = 7.457e-01
It: 590, Loss = 7.357e-01
It: 600, Loss = 7.632e-01
It: 610, Loss = 7.233e-01
It: 620, Loss = 7.149e-01
It: 630, Loss = 7.073e-01
It: 640, Loss = 6.949e-01
It: 650, Loss = 7.730e-01
It: 660, Loss = 6.754e-01
It: 670, Loss = 6.653e-01
It: 680, Loss = 6.420e-01
It: 690, Loss = 6.295e-01
It: 700, Loss = 6.187e-01
It: 710, Loss = 6.146e-01
It: 720, Loss = 6.058e-01
It: 730, Loss = 6.012e-01
It: 740, Loss = 5.967e-01
It: 750, Loss = 5.933e-01
It: 760, Loss = 5.892e-01
It: 770, Loss = 5.854e-01
It: 780, Loss = 5.829e-01
It: 790, Loss = 6.031e-01
It: 800, Loss = 5.770e-01
It: 810, Loss = 5.774e-01
It: 820, Loss = 5.719e-01
It: 830, Loss = 5.695e-01
It: 840, Loss = 5.669e-01
It: 850, Loss = 5.645e-01
It: 860, Loss = 5.621e-01
It: 870, Loss = 5.656e-01
It: 880, Loss = 5.754e-01
It: 890, Loss = 5.565e-01
It: 900, Loss = 5.553e-01
It: 910, Loss = 5.522e-01
It: 920, Loss = 5.503e-01
It: 930, Loss = 5.482e-01
It: 940, Loss = 5.461e-01
It: 950, Loss = 5.447e-01
It: 960, Loss = 5.494e-01
It: 970, Loss = 5.421e-01
It: 980, Loss = 5.409e-01
It: 990, Loss = 5.379e-01
G_pred shape (100, 100)
