Using TensorFlow 2 backend.

noise_ratio =  0.31632653
It: 0, Loss = 2.851e+00
It: 10, Loss = 1.120e+00
It: 20, Loss = 1.084e+00
It: 30, Loss = 1.035e+00
It: 40, Loss = 9.963e-01
It: 50, Loss = 9.804e-01
It: 60, Loss = 9.740e-01
It: 70, Loss = 9.698e-01
It: 80, Loss = 9.659e-01
It: 90, Loss = 9.622e-01
It: 100, Loss = 9.584e-01
It: 110, Loss = 9.545e-01
It: 120, Loss = 9.507e-01
It: 130, Loss = 9.473e-01
It: 140, Loss = 9.448e-01
It: 150, Loss = 9.432e-01
It: 160, Loss = 9.424e-01
It: 170, Loss = 9.422e-01
It: 180, Loss = 9.421e-01
It: 190, Loss = 9.421e-01
It: 200, Loss = 9.420e-01
It: 210, Loss = 9.420e-01
It: 220, Loss = 9.419e-01
It: 230, Loss = 9.419e-01
It: 240, Loss = 9.418e-01
It: 250, Loss = 9.418e-01
It: 260, Loss = 9.417e-01
It: 270, Loss = 9.417e-01
It: 280, Loss = 9.416e-01
It: 290, Loss = 9.416e-01
It: 300, Loss = 9.415e-01
It: 310, Loss = 9.415e-01
It: 320, Loss = 9.414e-01
It: 330, Loss = 9.414e-01
It: 340, Loss = 9.413e-01
It: 350, Loss = 9.413e-01
It: 360, Loss = 9.412e-01
It: 370, Loss = 9.412e-01
It: 380, Loss = 9.411e-01
It: 390, Loss = 9.411e-01
It: 400, Loss = 9.410e-01
It: 410, Loss = 9.410e-01
It: 420, Loss = 9.409e-01
It: 430, Loss = 9.408e-01
It: 440, Loss = 9.408e-01
It: 450, Loss = 9.407e-01
It: 460, Loss = 9.407e-01
It: 470, Loss = 9.406e-01
It: 480, Loss = 9.405e-01
It: 490, Loss = 9.405e-01
It: 500, Loss = 9.404e-01
It: 510, Loss = 9.403e-01
It: 520, Loss = 9.402e-01
It: 530, Loss = 9.401e-01
It: 540, Loss = 9.400e-01
It: 550, Loss = 9.399e-01
It: 560, Loss = 9.398e-01
It: 570, Loss = 9.397e-01
It: 580, Loss = 9.395e-01
It: 590, Loss = 9.392e-01
It: 600, Loss = 9.387e-01
It: 610, Loss = 9.377e-01
It: 620, Loss = 9.368e-01
It: 630, Loss = 9.364e-01
It: 640, Loss = 9.356e-01
It: 650, Loss = 9.349e-01
It: 660, Loss = 9.345e-01
It: 670, Loss = 9.341e-01
It: 680, Loss = 9.340e-01
It: 690, Loss = 9.336e-01
It: 700, Loss = 9.334e-01
It: 710, Loss = 9.332e-01
It: 720, Loss = 9.330e-01
It: 730, Loss = 9.327e-01
It: 740, Loss = 9.325e-01
It: 750, Loss = 9.322e-01
It: 760, Loss = 9.319e-01
It: 770, Loss = 9.316e-01
It: 780, Loss = 9.312e-01
It: 790, Loss = 9.308e-01
It: 800, Loss = 9.324e-01
It: 810, Loss = 9.303e-01
It: 820, Loss = 9.298e-01
It: 830, Loss = 9.293e-01
It: 840, Loss = 9.289e-01
It: 850, Loss = 9.284e-01
It: 860, Loss = 9.290e-01
It: 870, Loss = 9.282e-01
It: 880, Loss = 9.275e-01
It: 890, Loss = 9.272e-01
It: 900, Loss = 9.269e-01
It: 910, Loss = 9.266e-01
It: 920, Loss = 9.264e-01
It: 930, Loss = 9.262e-01
It: 940, Loss = 9.260e-01
It: 950, Loss = 9.258e-01
It: 960, Loss = 9.256e-01
It: 970, Loss = 9.254e-01
It: 980, Loss = 9.251e-01
It: 990, Loss = 9.249e-01
G_pred shape (100, 100)
It: 0, Loss = 9.963e-01
It: 10, Loss = 9.951e-01
It: 20, Loss = 9.748e-01
It: 30, Loss = 9.680e-01
It: 40, Loss = 9.565e-01
It: 50, Loss = 9.496e-01
It: 60, Loss = 9.460e-01
It: 70, Loss = 9.452e-01
It: 80, Loss = 9.444e-01
It: 90, Loss = 9.438e-01
It: 100, Loss = 9.434e-01
It: 110, Loss = 9.431e-01
It: 120, Loss = 9.428e-01
It: 130, Loss = 9.426e-01
It: 140, Loss = 9.423e-01
It: 150, Loss = 9.421e-01
It: 160, Loss = 9.419e-01
It: 170, Loss = 9.417e-01
It: 180, Loss = 9.415e-01
It: 190, Loss = 9.413e-01
It: 200, Loss = 9.411e-01
It: 210, Loss = 9.408e-01
It: 220, Loss = 9.406e-01
It: 230, Loss = 9.402e-01
It: 240, Loss = 9.398e-01
It: 250, Loss = 9.390e-01
It: 260, Loss = 9.369e-01
It: 270, Loss = 9.340e-01
It: 280, Loss = 9.338e-01
It: 290, Loss = 9.332e-01
It: 300, Loss = 9.324e-01
It: 310, Loss = 9.315e-01
It: 320, Loss = 9.300e-01
It: 330, Loss = 9.276e-01
It: 340, Loss = 9.235e-01
It: 350, Loss = 9.155e-01
It: 360, Loss = 8.987e-01
It: 370, Loss = 9.072e-01
It: 380, Loss = 8.646e-01
It: 390, Loss = 8.401e-01
It: 400, Loss = 8.246e-01
It: 410, Loss = 8.139e-01
It: 420, Loss = 8.087e-01
It: 430, Loss = 8.049e-01
It: 440, Loss = 8.017e-01
It: 450, Loss = 7.985e-01
It: 460, Loss = 7.949e-01
It: 470, Loss = 7.919e-01
It: 480, Loss = 7.866e-01
It: 490, Loss = 7.901e-01
It: 500, Loss = 7.743e-01
It: 510, Loss = 7.619e-01
It: 520, Loss = 7.533e-01
It: 530, Loss = 7.381e-01
It: 540, Loss = 7.166e-01
It: 550, Loss = 6.935e-01
It: 560, Loss = 6.801e-01
It: 570, Loss = 6.537e-01
It: 580, Loss = 6.333e-01
It: 590, Loss = 6.169e-01
It: 600, Loss = 6.002e-01
It: 610, Loss = 5.742e-01
It: 620, Loss = 5.832e-01
It: 630, Loss = 5.453e-01
It: 640, Loss = 5.119e-01
It: 650, Loss = 4.792e-01
It: 660, Loss = 5.172e-01
It: 670, Loss = 4.162e-01
It: 680, Loss = 3.876e-01
It: 690, Loss = 3.675e-01
It: 700, Loss = 3.261e-01
It: 710, Loss = 2.902e-01
It: 720, Loss = 4.855e-01
It: 730, Loss = 2.971e-01
It: 740, Loss = 2.550e-01
It: 750, Loss = 2.204e-01
It: 760, Loss = 2.018e-01
It: 770, Loss = 1.879e-01
It: 780, Loss = 1.786e-01
It: 790, Loss = 1.714e-01
It: 800, Loss = 1.723e-01
It: 810, Loss = 1.738e-01
It: 820, Loss = 1.667e-01
It: 830, Loss = 1.596e-01
It: 840, Loss = 1.558e-01
It: 850, Loss = 1.540e-01
It: 860, Loss = 1.518e-01
It: 870, Loss = 1.500e-01
It: 880, Loss = 1.484e-01
It: 890, Loss = 1.470e-01
It: 900, Loss = 1.457e-01
It: 910, Loss = 1.445e-01
It: 920, Loss = 1.434e-01
It: 930, Loss = 1.424e-01
It: 940, Loss = 1.416e-01
It: 950, Loss = 1.415e-01
It: 960, Loss = 1.818e-01
It: 970, Loss = 1.449e-01
It: 980, Loss = 1.423e-01
It: 990, Loss = 1.399e-01
G_pred shape (100, 100)
It: 0, Loss = 1.000e+00
It: 10, Loss = 9.938e-01
It: 20, Loss = 9.911e-01
It: 30, Loss = 9.742e-01
It: 40, Loss = 9.628e-01
It: 50, Loss = 9.555e-01
It: 60, Loss = 9.486e-01
It: 70, Loss = 9.423e-01
It: 80, Loss = 9.393e-01
It: 90, Loss = 9.388e-01
It: 100, Loss = 9.385e-01
It: 110, Loss = 9.382e-01
It: 120, Loss = 9.381e-01
It: 130, Loss = 9.380e-01
It: 140, Loss = 9.379e-01
It: 150, Loss = 9.378e-01
It: 160, Loss = 9.377e-01
It: 170, Loss = 9.376e-01
It: 180, Loss = 9.375e-01
It: 190, Loss = 9.374e-01
It: 200, Loss = 9.372e-01
It: 210, Loss = 9.369e-01
It: 220, Loss = 9.365e-01
It: 230, Loss = 9.358e-01
It: 240, Loss = 9.342e-01
It: 250, Loss = 9.349e-01
It: 260, Loss = 9.327e-01
It: 270, Loss = 9.323e-01
It: 280, Loss = 9.321e-01
It: 290, Loss = 9.320e-01
It: 300, Loss = 9.318e-01
It: 310, Loss = 9.317e-01
It: 320, Loss = 9.315e-01
It: 330, Loss = 9.313e-01
It: 340, Loss = 9.311e-01
It: 350, Loss = 9.309e-01
It: 360, Loss = 9.306e-01
It: 370, Loss = 9.303e-01
It: 380, Loss = 9.299e-01
It: 390, Loss = 9.294e-01
It: 400, Loss = 9.287e-01
It: 410, Loss = 9.279e-01
It: 420, Loss = 9.269e-01
It: 430, Loss = 9.254e-01
It: 440, Loss = 9.230e-01
It: 450, Loss = 9.192e-01
It: 460, Loss = 9.124e-01
It: 470, Loss = 9.006e-01
It: 480, Loss = 8.827e-01
It: 490, Loss = 8.523e-01
It: 500, Loss = 8.474e-01
It: 510, Loss = 8.070e-01
It: 520, Loss = 7.942e-01
It: 530, Loss = 7.848e-01
It: 540, Loss = 7.795e-01
It: 550, Loss = 7.742e-01
It: 560, Loss = 7.688e-01
It: 570, Loss = 7.620e-01
It: 580, Loss = 7.537e-01
It: 590, Loss = 7.434e-01
It: 600, Loss = 7.446e-01
It: 610, Loss = 7.274e-01
It: 620, Loss = 7.217e-01
It: 630, Loss = 7.066e-01
It: 640, Loss = 6.929e-01
It: 650, Loss = 6.807e-01
It: 660, Loss = 6.697e-01
It: 670, Loss = 6.579e-01
It: 680, Loss = 6.490e-01
It: 690, Loss = 6.416e-01
It: 700, Loss = 6.352e-01
It: 710, Loss = 6.269e-01
It: 720, Loss = 6.185e-01
It: 730, Loss = 6.101e-01
It: 740, Loss = 6.052e-01
It: 750, Loss = 5.914e-01
It: 760, Loss = 5.740e-01
It: 770, Loss = 5.525e-01
It: 780, Loss = 5.726e-01
It: 790, Loss = 5.619e-01
It: 800, Loss = 5.377e-01
It: 810, Loss = 5.026e-01
It: 820, Loss = 4.866e-01
It: 830, Loss = 4.700e-01
It: 840, Loss = 4.573e-01
It: 850, Loss = 4.444e-01
It: 860, Loss = 4.319e-01
It: 870, Loss = 4.191e-01
It: 880, Loss = 4.074e-01
It: 890, Loss = 4.741e-01
It: 900, Loss = 4.029e-01
It: 910, Loss = 3.833e-01
It: 920, Loss = 3.706e-01
It: 930, Loss = 3.561e-01
It: 940, Loss = 3.421e-01
It: 950, Loss = 3.272e-01
It: 960, Loss = 4.012e-01
It: 970, Loss = 3.311e-01
It: 980, Loss = 2.975e-01
It: 990, Loss = 2.810e-01
G_pred shape (100, 100)
It: 0, Loss = 1.435e+00
It: 10, Loss = 1.004e+00
It: 20, Loss = 9.878e-01
It: 30, Loss = 9.824e-01
It: 40, Loss = 9.774e-01
It: 50, Loss = 9.724e-01
It: 60, Loss = 9.673e-01
It: 70, Loss = 9.618e-01
It: 80, Loss = 9.555e-01
It: 90, Loss = 9.496e-01
It: 100, Loss = 9.461e-01
It: 110, Loss = 9.450e-01
It: 120, Loss = 9.447e-01
It: 130, Loss = 9.442e-01
It: 140, Loss = 9.439e-01
It: 150, Loss = 9.439e-01
It: 160, Loss = 9.438e-01
It: 170, Loss = 9.437e-01
It: 180, Loss = 9.436e-01
It: 190, Loss = 9.435e-01
It: 200, Loss = 9.435e-01
It: 210, Loss = 9.434e-01
It: 220, Loss = 9.433e-01
It: 230, Loss = 9.433e-01
It: 240, Loss = 9.432e-01
It: 250, Loss = 9.431e-01
It: 260, Loss = 9.430e-01
It: 270, Loss = 9.430e-01
It: 280, Loss = 9.429e-01
It: 290, Loss = 9.428e-01
It: 300, Loss = 9.427e-01
It: 310, Loss = 9.426e-01
It: 320, Loss = 9.425e-01
It: 330, Loss = 9.423e-01
It: 340, Loss = 9.422e-01
It: 350, Loss = 9.420e-01
It: 360, Loss = 9.418e-01
It: 370, Loss = 9.416e-01
It: 380, Loss = 9.413e-01
It: 390, Loss = 9.409e-01
It: 400, Loss = 9.404e-01
It: 410, Loss = 9.395e-01
It: 420, Loss = 9.383e-01
It: 430, Loss = 9.372e-01
It: 440, Loss = 9.363e-01
It: 450, Loss = 9.354e-01
It: 460, Loss = 9.341e-01
It: 470, Loss = 9.322e-01
It: 480, Loss = 9.294e-01
It: 490, Loss = 9.241e-01
It: 500, Loss = 9.114e-01
It: 510, Loss = 8.828e-01
It: 520, Loss = 8.584e-01
It: 530, Loss = 8.461e-01
It: 540, Loss = 8.343e-01
It: 550, Loss = 8.220e-01
It: 560, Loss = 8.049e-01
It: 570, Loss = 7.856e-01
It: 580, Loss = 7.733e-01
It: 590, Loss = 7.558e-01
It: 600, Loss = 7.488e-01
It: 610, Loss = 7.419e-01
It: 620, Loss = 7.341e-01
It: 630, Loss = 7.278e-01
It: 640, Loss = 7.212e-01
It: 650, Loss = 7.095e-01
It: 660, Loss = 7.018e-01
It: 670, Loss = 7.174e-01
It: 680, Loss = 6.977e-01
It: 690, Loss = 6.940e-01
It: 700, Loss = 6.877e-01
It: 710, Loss = 6.823e-01
It: 720, Loss = 6.779e-01
It: 730, Loss = 6.732e-01
It: 740, Loss = 6.684e-01
It: 750, Loss = 6.634e-01
It: 760, Loss = 6.583e-01
It: 770, Loss = 6.547e-01
It: 780, Loss = 6.521e-01
It: 790, Loss = 6.464e-01
It: 800, Loss = 6.410e-01
It: 810, Loss = 6.360e-01
It: 820, Loss = 6.310e-01
It: 830, Loss = 6.257e-01
It: 840, Loss = 6.488e-01
It: 850, Loss = 6.266e-01
It: 860, Loss = 6.202e-01
It: 870, Loss = 6.113e-01
It: 880, Loss = 6.067e-01
It: 890, Loss = 6.026e-01
It: 900, Loss = 5.984e-01
It: 910, Loss = 5.945e-01
It: 920, Loss = 5.938e-01
It: 930, Loss = 5.885e-01
It: 940, Loss = 5.843e-01
It: 950, Loss = 5.790e-01
It: 960, Loss = 5.837e-01
It: 970, Loss = 5.869e-01
It: 980, Loss = 5.751e-01
It: 990, Loss = 5.687e-01
G_pred shape (100, 100)
It: 0, Loss = 1.002e+00
It: 10, Loss = 9.908e-01
It: 20, Loss = 9.548e-01
It: 30, Loss = 9.488e-01
It: 40, Loss = 9.437e-01
It: 50, Loss = 9.427e-01
It: 60, Loss = 9.413e-01
It: 70, Loss = 9.406e-01
It: 80, Loss = 9.405e-01
It: 90, Loss = 9.403e-01
It: 100, Loss = 9.402e-01
It: 110, Loss = 9.401e-01
It: 120, Loss = 9.400e-01
It: 130, Loss = 9.399e-01
It: 140, Loss = 9.398e-01
It: 150, Loss = 9.397e-01
It: 160, Loss = 9.396e-01
It: 170, Loss = 9.394e-01
It: 180, Loss = 9.393e-01
It: 190, Loss = 9.391e-01
It: 200, Loss = 9.388e-01
It: 210, Loss = 9.384e-01
It: 220, Loss = 9.379e-01
It: 230, Loss = 9.375e-01
It: 240, Loss = 9.371e-01
It: 250, Loss = 9.367e-01
It: 260, Loss = 9.364e-01
It: 270, Loss = 9.362e-01
It: 280, Loss = 9.359e-01
It: 290, Loss = 9.355e-01
It: 300, Loss = 9.351e-01
It: 310, Loss = 9.346e-01
It: 320, Loss = 9.341e-01
It: 330, Loss = 9.335e-01
It: 340, Loss = 9.328e-01
It: 350, Loss = 9.320e-01
It: 360, Loss = 9.308e-01
It: 370, Loss = 9.294e-01
It: 380, Loss = 9.273e-01
It: 390, Loss = 9.238e-01
It: 400, Loss = 9.168e-01
It: 410, Loss = 9.064e-01
It: 420, Loss = 8.923e-01
It: 430, Loss = 8.752e-01
It: 440, Loss = 8.706e-01
It: 450, Loss = 8.563e-01
It: 460, Loss = 8.502e-01
It: 470, Loss = 8.462e-01
It: 480, Loss = 8.431e-01
It: 490, Loss = 8.386e-01
It: 500, Loss = 8.354e-01
It: 510, Loss = 8.445e-01
It: 520, Loss = 8.325e-01
It: 530, Loss = 8.260e-01
It: 540, Loss = 8.208e-01
It: 550, Loss = 8.251e-01
It: 560, Loss = 8.145e-01
It: 570, Loss = 8.077e-01
It: 580, Loss = 8.016e-01
It: 590, Loss = 8.026e-01
It: 600, Loss = 7.842e-01
It: 610, Loss = 7.713e-01
It: 620, Loss = 8.226e-01
It: 630, Loss = 7.551e-01
It: 640, Loss = 7.283e-01
It: 650, Loss = 7.156e-01
It: 660, Loss = 7.045e-01
It: 670, Loss = 7.004e-01
It: 680, Loss = 6.871e-01
It: 690, Loss = 6.705e-01
It: 700, Loss = 6.568e-01
It: 710, Loss = 7.337e-01
It: 720, Loss = 6.488e-01
It: 730, Loss = 6.237e-01
It: 740, Loss = 6.061e-01
It: 750, Loss = 5.933e-01
It: 760, Loss = 5.792e-01
It: 770, Loss = 5.671e-01
It: 780, Loss = 5.588e-01
It: 790, Loss = 5.917e-01
It: 800, Loss = 5.570e-01
It: 810, Loss = 5.421e-01
It: 820, Loss = 5.321e-01
It: 830, Loss = 5.229e-01
It: 840, Loss = 5.778e-01
It: 850, Loss = 5.132e-01
It: 860, Loss = 4.930e-01
It: 870, Loss = 4.808e-01
It: 880, Loss = 4.820e-01
It: 890, Loss = 4.493e-01
It: 900, Loss = 4.314e-01
It: 910, Loss = 3.979e-01
It: 920, Loss = 4.113e-01
It: 930, Loss = 3.737e-01
It: 940, Loss = 3.458e-01
It: 950, Loss = 3.108e-01
It: 960, Loss = 2.717e-01
It: 970, Loss = 2.408e-01
It: 980, Loss = 3.953e-01
It: 990, Loss = 2.720e-01
G_pred shape (100, 100)
