Using TensorFlow 2 backend.

noise_ratio =  0.06122449
It: 0, Loss = 1.076e+00
It: 10, Loss = 1.003e+00
It: 20, Loss = 1.007e+00
It: 30, Loss = 9.816e-01
It: 40, Loss = 9.659e-01
It: 50, Loss = 9.606e-01
It: 60, Loss = 9.525e-01
It: 70, Loss = 9.456e-01
It: 80, Loss = 9.391e-01
It: 90, Loss = 9.336e-01
It: 100, Loss = 9.299e-01
It: 110, Loss = 9.284e-01
It: 120, Loss = 9.279e-01
It: 130, Loss = 9.274e-01
It: 140, Loss = 9.271e-01
It: 150, Loss = 9.269e-01
It: 160, Loss = 9.267e-01
It: 170, Loss = 9.266e-01
It: 180, Loss = 9.264e-01
It: 190, Loss = 9.262e-01
It: 200, Loss = 9.260e-01
It: 210, Loss = 9.257e-01
It: 220, Loss = 9.254e-01
It: 230, Loss = 9.250e-01
It: 240, Loss = 9.243e-01
It: 250, Loss = 9.231e-01
It: 260, Loss = 9.210e-01
It: 270, Loss = 9.176e-01
It: 280, Loss = 9.157e-01
It: 290, Loss = 9.149e-01
It: 300, Loss = 9.145e-01
It: 310, Loss = 9.142e-01
It: 320, Loss = 9.141e-01
It: 330, Loss = 9.139e-01
It: 340, Loss = 9.137e-01
It: 350, Loss = 9.135e-01
It: 360, Loss = 9.134e-01
It: 370, Loss = 9.132e-01
It: 380, Loss = 9.130e-01
It: 390, Loss = 9.127e-01
It: 400, Loss = 9.125e-01
It: 410, Loss = 9.122e-01
It: 420, Loss = 9.119e-01
It: 430, Loss = 9.116e-01
It: 440, Loss = 9.112e-01
It: 450, Loss = 9.108e-01
It: 460, Loss = 9.104e-01
It: 470, Loss = 9.099e-01
It: 480, Loss = 9.093e-01
It: 490, Loss = 9.087e-01
It: 500, Loss = 9.080e-01
It: 510, Loss = 9.072e-01
It: 520, Loss = 9.064e-01
It: 530, Loss = 9.055e-01
It: 540, Loss = 9.047e-01
It: 550, Loss = 9.038e-01
It: 560, Loss = 9.029e-01
It: 570, Loss = 9.020e-01
It: 580, Loss = 9.011e-01
It: 590, Loss = 9.001e-01
It: 600, Loss = 8.990e-01
It: 610, Loss = 8.978e-01
It: 620, Loss = 8.964e-01
It: 630, Loss = 8.947e-01
It: 640, Loss = 8.925e-01
It: 650, Loss = 8.898e-01
It: 660, Loss = 8.861e-01
It: 670, Loss = 8.810e-01
It: 680, Loss = 8.739e-01
It: 690, Loss = 8.663e-01
It: 700, Loss = 8.576e-01
It: 710, Loss = 8.450e-01
It: 720, Loss = 8.330e-01
It: 730, Loss = 8.147e-01
It: 740, Loss = 7.978e-01
It: 750, Loss = 7.733e-01
It: 760, Loss = 7.674e-01
It: 770, Loss = 7.356e-01
It: 780, Loss = 7.170e-01
It: 790, Loss = 6.975e-01
It: 800, Loss = 7.056e-01
It: 810, Loss = 6.710e-01
It: 820, Loss = 6.438e-01
It: 830, Loss = 6.232e-01
It: 840, Loss = 6.522e-01
It: 850, Loss = 5.843e-01
It: 860, Loss = 5.556e-01
It: 870, Loss = 5.216e-01
It: 880, Loss = 6.185e-01
It: 890, Loss = 5.017e-01
It: 900, Loss = 4.510e-01
It: 910, Loss = 4.124e-01
It: 920, Loss = 3.750e-01
It: 930, Loss = 3.417e-01
It: 940, Loss = 3.103e-01
It: 950, Loss = 2.932e-01
It: 960, Loss = 2.845e-01
It: 970, Loss = 2.555e-01
It: 980, Loss = 2.426e-01
It: 990, Loss = 2.279e-01
G_pred shape (100, 100)
It: 0, Loss = 1.826e+00
It: 10, Loss = 1.019e+00
It: 20, Loss = 9.810e-01
It: 30, Loss = 9.671e-01
It: 40, Loss = 9.603e-01
It: 50, Loss = 9.543e-01
It: 60, Loss = 9.480e-01
It: 70, Loss = 9.417e-01
It: 80, Loss = 9.364e-01
It: 90, Loss = 9.337e-01
It: 100, Loss = 9.327e-01
It: 110, Loss = 9.318e-01
It: 120, Loss = 9.307e-01
It: 130, Loss = 9.297e-01
It: 140, Loss = 9.287e-01
It: 150, Loss = 9.279e-01
It: 160, Loss = 9.273e-01
It: 170, Loss = 9.269e-01
It: 180, Loss = 9.266e-01
It: 190, Loss = 9.262e-01
It: 200, Loss = 9.260e-01
It: 210, Loss = 9.257e-01
It: 220, Loss = 9.254e-01
It: 230, Loss = 9.251e-01
It: 240, Loss = 9.248e-01
It: 250, Loss = 9.245e-01
It: 260, Loss = 9.241e-01
It: 270, Loss = 9.236e-01
It: 280, Loss = 9.230e-01
It: 290, Loss = 9.222e-01
It: 300, Loss = 9.209e-01
It: 310, Loss = 9.186e-01
It: 320, Loss = 9.147e-01
It: 330, Loss = 9.101e-01
It: 340, Loss = 9.077e-01
It: 350, Loss = 9.054e-01
It: 360, Loss = 9.035e-01
It: 370, Loss = 9.011e-01
It: 380, Loss = 8.982e-01
It: 390, Loss = 8.942e-01
It: 400, Loss = 8.884e-01
It: 410, Loss = 8.803e-01
It: 420, Loss = 8.702e-01
It: 430, Loss = 8.594e-01
It: 440, Loss = 8.502e-01
It: 450, Loss = 8.423e-01
It: 460, Loss = 8.351e-01
It: 470, Loss = 8.289e-01
It: 480, Loss = 8.223e-01
It: 490, Loss = 8.150e-01
It: 500, Loss = 8.077e-01
It: 510, Loss = 8.014e-01
It: 520, Loss = 7.965e-01
It: 530, Loss = 7.945e-01
It: 540, Loss = 7.904e-01
It: 550, Loss = 7.870e-01
It: 560, Loss = 7.843e-01
It: 570, Loss = 7.818e-01
It: 580, Loss = 7.794e-01
It: 590, Loss = 7.769e-01
It: 600, Loss = 7.745e-01
It: 610, Loss = 7.720e-01
It: 620, Loss = 7.695e-01
It: 630, Loss = 7.671e-01
It: 640, Loss = 7.648e-01
It: 650, Loss = 7.627e-01
It: 660, Loss = 7.609e-01
It: 670, Loss = 7.592e-01
It: 680, Loss = 7.576e-01
It: 690, Loss = 7.564e-01
It: 700, Loss = 7.547e-01
It: 710, Loss = 7.548e-01
It: 720, Loss = 7.518e-01
It: 730, Loss = 7.503e-01
It: 740, Loss = 7.489e-01
It: 750, Loss = 7.496e-01
It: 760, Loss = 7.458e-01
It: 770, Loss = 7.439e-01
It: 780, Loss = 7.435e-01
It: 790, Loss = 7.404e-01
It: 800, Loss = 7.409e-01
It: 810, Loss = 7.378e-01
It: 820, Loss = 7.344e-01
It: 830, Loss = 7.366e-01
It: 840, Loss = 7.299e-01
It: 850, Loss = 7.268e-01
It: 860, Loss = 7.224e-01
It: 870, Loss = 7.168e-01
It: 880, Loss = 7.169e-01
It: 890, Loss = 7.175e-01
It: 900, Loss = 6.974e-01
It: 910, Loss = 6.844e-01
It: 920, Loss = 6.669e-01
It: 930, Loss = 6.448e-01
It: 940, Loss = 6.245e-01
It: 950, Loss = 5.925e-01
It: 960, Loss = 5.585e-01
It: 970, Loss = 5.353e-01
It: 980, Loss = 4.986e-01
It: 990, Loss = 4.754e-01
G_pred shape (100, 100)
It: 0, Loss = 1.912e+00
It: 10, Loss = 1.030e+00
It: 20, Loss = 1.001e+00
It: 30, Loss = 9.839e-01
It: 40, Loss = 9.673e-01
It: 50, Loss = 9.552e-01
It: 60, Loss = 9.453e-01
It: 70, Loss = 9.366e-01
It: 80, Loss = 9.303e-01
It: 90, Loss = 9.272e-01
It: 100, Loss = 9.262e-01
It: 110, Loss = 9.257e-01
It: 120, Loss = 9.251e-01
It: 130, Loss = 9.248e-01
It: 140, Loss = 9.246e-01
It: 150, Loss = 9.245e-01
It: 160, Loss = 9.243e-01
It: 170, Loss = 9.242e-01
It: 180, Loss = 9.240e-01
It: 190, Loss = 9.239e-01
It: 200, Loss = 9.237e-01
It: 210, Loss = 9.236e-01
It: 220, Loss = 9.234e-01
It: 230, Loss = 9.232e-01
It: 240, Loss = 9.230e-01
It: 250, Loss = 9.228e-01
It: 260, Loss = 9.226e-01
It: 270, Loss = 9.224e-01
It: 280, Loss = 9.222e-01
It: 290, Loss = 9.219e-01
It: 300, Loss = 9.216e-01
It: 310, Loss = 9.213e-01
It: 320, Loss = 9.209e-01
It: 330, Loss = 9.205e-01
It: 340, Loss = 9.201e-01
It: 350, Loss = 9.196e-01
It: 360, Loss = 9.190e-01
It: 370, Loss = 9.183e-01
It: 380, Loss = 9.175e-01
It: 390, Loss = 9.165e-01
It: 400, Loss = 9.154e-01
It: 410, Loss = 9.139e-01
It: 420, Loss = 9.119e-01
It: 430, Loss = 9.092e-01
It: 440, Loss = 9.057e-01
It: 450, Loss = 9.013e-01
It: 460, Loss = 8.965e-01
It: 470, Loss = 8.918e-01
It: 480, Loss = 8.874e-01
It: 490, Loss = 8.832e-01
It: 500, Loss = 8.789e-01
It: 510, Loss = 8.734e-01
It: 520, Loss = 8.653e-01
It: 530, Loss = 8.540e-01
It: 540, Loss = 8.408e-01
It: 550, Loss = 8.307e-01
It: 560, Loss = 8.233e-01
It: 570, Loss = 8.165e-01
It: 580, Loss = 8.136e-01
It: 590, Loss = 8.082e-01
It: 600, Loss = 8.016e-01
It: 610, Loss = 7.956e-01
It: 620, Loss = 7.904e-01
It: 630, Loss = 7.850e-01
It: 640, Loss = 7.800e-01
It: 650, Loss = 7.752e-01
It: 660, Loss = 7.718e-01
It: 670, Loss = 7.656e-01
It: 680, Loss = 7.588e-01
It: 690, Loss = 7.520e-01
It: 700, Loss = 7.458e-01
It: 710, Loss = 7.395e-01
It: 720, Loss = 7.302e-01
It: 730, Loss = 7.175e-01
It: 740, Loss = 7.336e-01
It: 750, Loss = 6.923e-01
It: 760, Loss = 6.761e-01
It: 770, Loss = 6.512e-01
It: 780, Loss = 6.261e-01
It: 790, Loss = 6.071e-01
It: 800, Loss = 5.800e-01
It: 810, Loss = 5.634e-01
It: 820, Loss = 5.519e-01
It: 830, Loss = 5.420e-01
It: 840, Loss = 5.338e-01
It: 850, Loss = 5.301e-01
It: 860, Loss = 5.241e-01
It: 870, Loss = 5.251e-01
It: 880, Loss = 5.203e-01
It: 890, Loss = 5.136e-01
It: 900, Loss = 5.106e-01
It: 910, Loss = 5.069e-01
It: 920, Loss = 5.270e-01
It: 930, Loss = 5.180e-01
It: 940, Loss = 5.027e-01
It: 950, Loss = 4.968e-01
It: 960, Loss = 4.942e-01
It: 970, Loss = 4.913e-01
It: 980, Loss = 4.883e-01
It: 990, Loss = 4.854e-01
G_pred shape (100, 100)
It: 0, Loss = 2.085e+00
It: 10, Loss = 9.992e-01
It: 20, Loss = 1.011e+00
It: 30, Loss = 1.009e+00
It: 40, Loss = 9.857e-01
It: 50, Loss = 9.736e-01
It: 60, Loss = 9.674e-01
It: 70, Loss = 9.633e-01
It: 80, Loss = 9.594e-01
It: 90, Loss = 9.553e-01
It: 100, Loss = 9.510e-01
It: 110, Loss = 9.467e-01
It: 120, Loss = 9.426e-01
It: 130, Loss = 9.393e-01
It: 140, Loss = 9.369e-01
It: 150, Loss = 9.353e-01
It: 160, Loss = 9.341e-01
It: 170, Loss = 9.330e-01
It: 180, Loss = 9.319e-01
It: 190, Loss = 9.311e-01
It: 200, Loss = 9.305e-01
It: 210, Loss = 9.303e-01
It: 220, Loss = 9.302e-01
It: 230, Loss = 9.300e-01
It: 240, Loss = 9.299e-01
It: 250, Loss = 9.297e-01
It: 260, Loss = 9.296e-01
It: 270, Loss = 9.294e-01
It: 280, Loss = 9.293e-01
It: 290, Loss = 9.291e-01
It: 300, Loss = 9.289e-01
It: 310, Loss = 9.287e-01
It: 320, Loss = 9.285e-01
It: 330, Loss = 9.283e-01
It: 340, Loss = 9.281e-01
It: 350, Loss = 9.278e-01
It: 360, Loss = 9.275e-01
It: 370, Loss = 9.272e-01
It: 380, Loss = 9.268e-01
It: 390, Loss = 9.263e-01
It: 400, Loss = 9.259e-01
It: 410, Loss = 9.253e-01
It: 420, Loss = 9.246e-01
It: 430, Loss = 9.238e-01
It: 440, Loss = 9.229e-01
It: 450, Loss = 9.217e-01
It: 460, Loss = 9.203e-01
It: 470, Loss = 9.185e-01
It: 480, Loss = 9.161e-01
It: 490, Loss = 9.129e-01
It: 500, Loss = 9.083e-01
It: 510, Loss = 9.007e-01
It: 520, Loss = 8.883e-01
It: 530, Loss = 8.691e-01
It: 540, Loss = 8.603e-01
It: 550, Loss = 8.320e-01
It: 560, Loss = 8.265e-01
It: 570, Loss = 8.165e-01
It: 580, Loss = 8.088e-01
It: 590, Loss = 8.018e-01
It: 600, Loss = 7.947e-01
It: 610, Loss = 7.874e-01
It: 620, Loss = 7.798e-01
It: 630, Loss = 7.717e-01
It: 640, Loss = 7.722e-01
It: 650, Loss = 7.578e-01
It: 660, Loss = 7.596e-01
It: 670, Loss = 7.495e-01
It: 680, Loss = 7.398e-01
It: 690, Loss = 7.347e-01
It: 700, Loss = 7.303e-01
It: 710, Loss = 7.263e-01
It: 720, Loss = 7.229e-01
It: 730, Loss = 7.225e-01
It: 740, Loss = 7.315e-01
It: 750, Loss = 7.169e-01
It: 760, Loss = 7.157e-01
It: 770, Loss = 7.139e-01
It: 780, Loss = 7.118e-01
It: 790, Loss = 7.100e-01
It: 800, Loss = 7.082e-01
It: 810, Loss = 7.062e-01
It: 820, Loss = 7.041e-01
It: 830, Loss = 7.017e-01
It: 840, Loss = 6.989e-01
It: 850, Loss = 7.040e-01
It: 860, Loss = 6.969e-01
It: 870, Loss = 6.956e-01
It: 880, Loss = 6.892e-01
It: 890, Loss = 6.835e-01
It: 900, Loss = 6.786e-01
It: 910, Loss = 6.725e-01
It: 920, Loss = 6.656e-01
It: 930, Loss = 6.783e-01
It: 940, Loss = 6.579e-01
It: 950, Loss = 6.441e-01
It: 960, Loss = 6.363e-01
It: 970, Loss = 7.092e-01
It: 980, Loss = 6.447e-01
It: 990, Loss = 6.221e-01
G_pred shape (100, 100)
It: 0, Loss = 1.386e+00
It: 10, Loss = 1.108e+00
It: 20, Loss = 1.034e+00
It: 30, Loss = 9.929e-01
It: 40, Loss = 9.701e-01
It: 50, Loss = 9.599e-01
It: 60, Loss = 9.550e-01
It: 70, Loss = 9.493e-01
It: 80, Loss = 9.430e-01
It: 90, Loss = 9.371e-01
It: 100, Loss = 9.322e-01
It: 110, Loss = 9.288e-01
It: 120, Loss = 9.268e-01
It: 130, Loss = 9.255e-01
It: 140, Loss = 9.248e-01
It: 150, Loss = 9.243e-01
It: 160, Loss = 9.238e-01
It: 170, Loss = 9.235e-01
It: 180, Loss = 9.231e-01
It: 190, Loss = 9.227e-01
It: 200, Loss = 9.223e-01
It: 210, Loss = 9.217e-01
It: 220, Loss = 9.209e-01
It: 230, Loss = 9.195e-01
It: 240, Loss = 9.170e-01
It: 250, Loss = 9.137e-01
It: 260, Loss = 9.123e-01
It: 270, Loss = 9.114e-01
It: 280, Loss = 9.111e-01
It: 290, Loss = 9.108e-01
It: 300, Loss = 9.105e-01
It: 310, Loss = 9.103e-01
It: 320, Loss = 9.101e-01
It: 330, Loss = 9.099e-01
It: 340, Loss = 9.096e-01
It: 350, Loss = 9.094e-01
It: 360, Loss = 9.092e-01
It: 370, Loss = 9.089e-01
It: 380, Loss = 9.086e-01
It: 390, Loss = 9.082e-01
It: 400, Loss = 9.078e-01
It: 410, Loss = 9.072e-01
It: 420, Loss = 9.066e-01
It: 430, Loss = 9.058e-01
It: 440, Loss = 9.048e-01
It: 450, Loss = 9.036e-01
It: 460, Loss = 9.020e-01
It: 470, Loss = 9.000e-01
It: 480, Loss = 8.974e-01
It: 490, Loss = 8.943e-01
It: 500, Loss = 8.905e-01
It: 510, Loss = 8.858e-01
It: 520, Loss = 8.798e-01
It: 530, Loss = 8.718e-01
It: 540, Loss = 8.606e-01
It: 550, Loss = 8.440e-01
It: 560, Loss = 8.224e-01
It: 570, Loss = 8.228e-01
It: 580, Loss = 8.111e-01
It: 590, Loss = 8.108e-01
It: 600, Loss = 8.002e-01
It: 610, Loss = 7.965e-01
It: 620, Loss = 7.912e-01
It: 630, Loss = 7.866e-01
It: 640, Loss = 7.816e-01
It: 650, Loss = 7.761e-01
It: 660, Loss = 7.701e-01
It: 670, Loss = 7.633e-01
It: 680, Loss = 7.554e-01
It: 690, Loss = 7.457e-01
It: 700, Loss = 7.327e-01
It: 710, Loss = 7.143e-01
It: 720, Loss = 6.955e-01
It: 730, Loss = 6.868e-01
It: 740, Loss = 6.913e-01
It: 750, Loss = 6.747e-01
It: 760, Loss = 6.661e-01
It: 770, Loss = 6.594e-01
It: 780, Loss = 6.536e-01
It: 790, Loss = 6.481e-01
It: 800, Loss = 6.423e-01
It: 810, Loss = 6.364e-01
It: 820, Loss = 6.302e-01
It: 830, Loss = 6.235e-01
It: 840, Loss = 6.162e-01
It: 850, Loss = 6.083e-01
It: 860, Loss = 6.000e-01
It: 870, Loss = 5.919e-01
It: 880, Loss = 5.843e-01
It: 890, Loss = 6.181e-01
It: 900, Loss = 5.951e-01
It: 910, Loss = 5.776e-01
It: 920, Loss = 5.716e-01
It: 930, Loss = 5.669e-01
It: 940, Loss = 5.627e-01
It: 950, Loss = 5.593e-01
It: 960, Loss = 5.561e-01
It: 970, Loss = 5.530e-01
It: 980, Loss = 5.499e-01
It: 990, Loss = 5.470e-01
G_pred shape (100, 100)
