Using TensorFlow 2 backend.

noise_ratio =  0.34693878
It: 0, Loss = 1.024e+00
It: 10, Loss = 9.879e-01
It: 20, Loss = 9.819e-01
It: 30, Loss = 9.720e-01
It: 40, Loss = 9.604e-01
It: 50, Loss = 9.525e-01
It: 60, Loss = 9.474e-01
It: 70, Loss = 9.464e-01
It: 80, Loss = 9.458e-01
It: 90, Loss = 9.456e-01
It: 100, Loss = 9.455e-01
It: 110, Loss = 9.455e-01
It: 120, Loss = 9.454e-01
It: 130, Loss = 9.453e-01
It: 140, Loss = 9.453e-01
It: 150, Loss = 9.452e-01
It: 160, Loss = 9.451e-01
It: 170, Loss = 9.451e-01
It: 180, Loss = 9.450e-01
It: 190, Loss = 9.449e-01
It: 200, Loss = 9.448e-01
It: 210, Loss = 9.447e-01
It: 220, Loss = 9.446e-01
It: 230, Loss = 9.445e-01
It: 240, Loss = 9.443e-01
It: 250, Loss = 9.442e-01
It: 260, Loss = 9.440e-01
It: 270, Loss = 9.437e-01
It: 280, Loss = 9.434e-01
It: 290, Loss = 9.428e-01
It: 300, Loss = 9.424e-01
It: 310, Loss = 9.424e-01
It: 320, Loss = 9.420e-01
It: 330, Loss = 9.417e-01
It: 340, Loss = 9.414e-01
It: 350, Loss = 9.411e-01
It: 360, Loss = 9.408e-01
It: 370, Loss = 9.404e-01
It: 380, Loss = 9.399e-01
It: 390, Loss = 9.392e-01
It: 400, Loss = 9.385e-01
It: 410, Loss = 9.375e-01
It: 420, Loss = 9.364e-01
It: 430, Loss = 9.358e-01
It: 440, Loss = 9.374e-01
It: 450, Loss = 9.342e-01
It: 460, Loss = 9.317e-01
It: 470, Loss = 9.289e-01
It: 480, Loss = 9.254e-01
It: 490, Loss = 9.202e-01
It: 500, Loss = 9.127e-01
It: 510, Loss = 9.140e-01
It: 520, Loss = 8.958e-01
It: 530, Loss = 8.824e-01
It: 540, Loss = 8.705e-01
It: 550, Loss = 8.738e-01
It: 560, Loss = 8.537e-01
It: 570, Loss = 8.382e-01
It: 580, Loss = 8.263e-01
It: 590, Loss = 8.113e-01
It: 600, Loss = 8.596e-01
It: 610, Loss = 7.940e-01
It: 620, Loss = 7.674e-01
It: 630, Loss = 7.447e-01
It: 640, Loss = 7.253e-01
It: 650, Loss = 7.046e-01
It: 660, Loss = 6.865e-01
It: 670, Loss = 7.084e-01
It: 680, Loss = 6.685e-01
It: 690, Loss = 6.451e-01
It: 700, Loss = 6.326e-01
It: 710, Loss = 6.234e-01
It: 720, Loss = 6.058e-01
It: 730, Loss = 6.535e-01
It: 740, Loss = 6.020e-01
It: 750, Loss = 5.968e-01
It: 760, Loss = 5.801e-01
It: 770, Loss = 5.762e-01
It: 780, Loss = 5.721e-01
It: 790, Loss = 5.677e-01
It: 800, Loss = 5.641e-01
It: 810, Loss = 5.608e-01
It: 820, Loss = 5.575e-01
It: 830, Loss = 5.542e-01
It: 840, Loss = 5.507e-01
It: 850, Loss = 5.469e-01
It: 860, Loss = 5.441e-01
It: 870, Loss = 5.440e-01
It: 880, Loss = 5.455e-01
It: 890, Loss = 5.340e-01
It: 900, Loss = 5.283e-01
It: 910, Loss = 5.230e-01
It: 920, Loss = 5.173e-01
It: 930, Loss = 5.112e-01
It: 940, Loss = 5.047e-01
It: 950, Loss = 5.085e-01
It: 960, Loss = 4.936e-01
It: 970, Loss = 4.869e-01
It: 980, Loss = 4.803e-01
It: 990, Loss = 4.918e-01
G_pred shape (100, 100)
It: 0, Loss = 2.038e+00
It: 10, Loss = 1.082e+00
It: 20, Loss = 1.055e+00
It: 30, Loss = 1.010e+00
It: 40, Loss = 9.849e-01
It: 50, Loss = 9.769e-01
It: 60, Loss = 9.725e-01
It: 70, Loss = 9.675e-01
It: 80, Loss = 9.624e-01
It: 90, Loss = 9.570e-01
It: 100, Loss = 9.516e-01
It: 110, Loss = 9.474e-01
It: 120, Loss = 9.457e-01
It: 130, Loss = 9.455e-01
It: 140, Loss = 9.452e-01
It: 150, Loss = 9.450e-01
It: 160, Loss = 9.448e-01
It: 170, Loss = 9.447e-01
It: 180, Loss = 9.447e-01
It: 190, Loss = 9.446e-01
It: 200, Loss = 9.445e-01
It: 210, Loss = 9.444e-01
It: 220, Loss = 9.444e-01
It: 230, Loss = 9.443e-01
It: 240, Loss = 9.442e-01
It: 250, Loss = 9.442e-01
It: 260, Loss = 9.441e-01
It: 270, Loss = 9.440e-01
It: 280, Loss = 9.439e-01
It: 290, Loss = 9.439e-01
It: 300, Loss = 9.438e-01
It: 310, Loss = 9.437e-01
It: 320, Loss = 9.436e-01
It: 330, Loss = 9.435e-01
It: 340, Loss = 9.434e-01
It: 350, Loss = 9.433e-01
It: 360, Loss = 9.431e-01
It: 370, Loss = 9.429e-01
It: 380, Loss = 9.426e-01
It: 390, Loss = 9.420e-01
It: 400, Loss = 9.406e-01
It: 410, Loss = 9.387e-01
It: 420, Loss = 9.385e-01
It: 430, Loss = 9.380e-01
It: 440, Loss = 9.377e-01
It: 450, Loss = 9.374e-01
It: 460, Loss = 9.371e-01
It: 470, Loss = 9.367e-01
It: 480, Loss = 9.364e-01
It: 490, Loss = 9.359e-01
It: 500, Loss = 9.354e-01
It: 510, Loss = 9.349e-01
It: 520, Loss = 9.342e-01
It: 530, Loss = 9.334e-01
It: 540, Loss = 9.323e-01
It: 550, Loss = 9.311e-01
It: 560, Loss = 9.295e-01
It: 570, Loss = 9.277e-01
It: 580, Loss = 9.249e-01
It: 590, Loss = 9.216e-01
It: 600, Loss = 9.176e-01
It: 610, Loss = 9.128e-01
It: 620, Loss = 9.065e-01
It: 630, Loss = 8.980e-01
It: 640, Loss = 8.856e-01
It: 650, Loss = 8.943e-01
It: 660, Loss = 8.691e-01
It: 670, Loss = 8.576e-01
It: 680, Loss = 8.540e-01
It: 690, Loss = 8.493e-01
It: 700, Loss = 8.451e-01
It: 710, Loss = 8.403e-01
It: 720, Loss = 8.348e-01
It: 730, Loss = 8.289e-01
It: 740, Loss = 8.230e-01
It: 750, Loss = 8.175e-01
It: 760, Loss = 8.127e-01
It: 770, Loss = 8.085e-01
It: 780, Loss = 8.162e-01
It: 790, Loss = 8.019e-01
It: 800, Loss = 8.009e-01
It: 810, Loss = 7.952e-01
It: 820, Loss = 7.905e-01
It: 830, Loss = 7.849e-01
It: 840, Loss = 7.797e-01
It: 850, Loss = 7.780e-01
It: 860, Loss = 7.720e-01
It: 870, Loss = 7.583e-01
It: 880, Loss = 7.460e-01
It: 890, Loss = 7.307e-01
It: 900, Loss = 7.204e-01
It: 910, Loss = 6.945e-01
It: 920, Loss = 6.729e-01
It: 930, Loss = 6.606e-01
It: 940, Loss = 6.533e-01
It: 950, Loss = 6.397e-01
It: 960, Loss = 6.289e-01
It: 970, Loss = 6.212e-01
It: 980, Loss = 6.142e-01
It: 990, Loss = 6.086e-01
G_pred shape (100, 100)
It: 0, Loss = 2.738e+00
It: 10, Loss = 1.052e+00
It: 20, Loss = 1.051e+00
It: 30, Loss = 1.024e+00
It: 40, Loss = 9.952e-01
It: 50, Loss = 9.790e-01
It: 60, Loss = 9.705e-01
It: 70, Loss = 9.647e-01
It: 80, Loss = 9.594e-01
It: 90, Loss = 9.544e-01
It: 100, Loss = 9.497e-01
It: 110, Loss = 9.459e-01
It: 120, Loss = 9.433e-01
It: 130, Loss = 9.420e-01
It: 140, Loss = 9.415e-01
It: 150, Loss = 9.414e-01
It: 160, Loss = 9.413e-01
It: 170, Loss = 9.411e-01
It: 180, Loss = 9.410e-01
It: 190, Loss = 9.409e-01
It: 200, Loss = 9.409e-01
It: 210, Loss = 9.408e-01
It: 220, Loss = 9.407e-01
It: 230, Loss = 9.406e-01
It: 240, Loss = 9.406e-01
It: 250, Loss = 9.405e-01
It: 260, Loss = 9.404e-01
It: 270, Loss = 9.402e-01
It: 280, Loss = 9.400e-01
It: 290, Loss = 9.395e-01
It: 300, Loss = 9.388e-01
It: 310, Loss = 9.380e-01
It: 320, Loss = 9.378e-01
It: 330, Loss = 9.375e-01
It: 340, Loss = 9.373e-01
It: 350, Loss = 9.372e-01
It: 360, Loss = 9.371e-01
It: 370, Loss = 9.372e-01
It: 380, Loss = 9.370e-01
It: 390, Loss = 9.369e-01
It: 400, Loss = 9.369e-01
It: 410, Loss = 9.368e-01
It: 420, Loss = 9.367e-01
It: 430, Loss = 9.369e-01
It: 440, Loss = 9.367e-01
It: 450, Loss = 9.366e-01
It: 460, Loss = 9.365e-01
It: 470, Loss = 9.364e-01
It: 480, Loss = 9.363e-01
It: 490, Loss = 9.362e-01
It: 500, Loss = 9.362e-01
It: 510, Loss = 9.363e-01
It: 520, Loss = 9.360e-01
It: 530, Loss = 9.359e-01
It: 540, Loss = 9.358e-01
It: 550, Loss = 9.357e-01
It: 560, Loss = 9.355e-01
It: 570, Loss = 9.354e-01
It: 580, Loss = 9.354e-01
It: 590, Loss = 9.352e-01
It: 600, Loss = 9.352e-01
It: 610, Loss = 9.350e-01
It: 620, Loss = 9.349e-01
It: 630, Loss = 9.348e-01
It: 640, Loss = 9.346e-01
It: 650, Loss = 9.345e-01
It: 660, Loss = 9.343e-01
It: 670, Loss = 9.342e-01
It: 680, Loss = 9.340e-01
It: 690, Loss = 9.338e-01
It: 700, Loss = 9.336e-01
It: 710, Loss = 9.334e-01
It: 720, Loss = 9.331e-01
It: 730, Loss = 9.328e-01
It: 740, Loss = 9.325e-01
It: 750, Loss = 9.321e-01
It: 760, Loss = 9.318e-01
It: 770, Loss = 9.310e-01
It: 780, Loss = 9.302e-01
It: 790, Loss = 9.292e-01
It: 800, Loss = 9.278e-01
It: 810, Loss = 9.258e-01
It: 820, Loss = 9.228e-01
It: 830, Loss = 9.182e-01
It: 840, Loss = 9.107e-01
It: 850, Loss = 8.987e-01
It: 860, Loss = 8.819e-01
It: 870, Loss = 8.651e-01
It: 880, Loss = 8.501e-01
It: 890, Loss = 8.361e-01
It: 900, Loss = 8.187e-01
It: 910, Loss = 7.981e-01
It: 920, Loss = 7.670e-01
It: 930, Loss = 7.465e-01
It: 940, Loss = 7.108e-01
It: 950, Loss = 6.895e-01
It: 960, Loss = 6.743e-01
It: 970, Loss = 6.624e-01
It: 980, Loss = 6.517e-01
It: 990, Loss = 6.823e-01
G_pred shape (100, 100)
It: 0, Loss = 1.119e+00
It: 10, Loss = 1.089e+00
It: 20, Loss = 1.002e+00
It: 30, Loss = 9.739e-01
It: 40, Loss = 9.651e-01
It: 50, Loss = 9.588e-01
It: 60, Loss = 9.502e-01
It: 70, Loss = 9.425e-01
It: 80, Loss = 9.379e-01
It: 90, Loss = 9.374e-01
It: 100, Loss = 9.372e-01
It: 110, Loss = 9.367e-01
It: 120, Loss = 9.365e-01
It: 130, Loss = 9.363e-01
It: 140, Loss = 9.361e-01
It: 150, Loss = 9.359e-01
It: 160, Loss = 9.358e-01
It: 170, Loss = 9.356e-01
It: 180, Loss = 9.354e-01
It: 190, Loss = 9.352e-01
It: 200, Loss = 9.350e-01
It: 210, Loss = 9.345e-01
It: 220, Loss = 9.331e-01
It: 230, Loss = 9.306e-01
It: 240, Loss = 9.294e-01
It: 250, Loss = 9.283e-01
It: 260, Loss = 9.278e-01
It: 270, Loss = 9.272e-01
It: 280, Loss = 9.267e-01
It: 290, Loss = 9.263e-01
It: 300, Loss = 9.259e-01
It: 310, Loss = 9.255e-01
It: 320, Loss = 9.250e-01
It: 330, Loss = 9.245e-01
It: 340, Loss = 9.239e-01
It: 350, Loss = 9.232e-01
It: 360, Loss = 9.224e-01
It: 370, Loss = 9.213e-01
It: 380, Loss = 9.200e-01
It: 390, Loss = 9.185e-01
It: 400, Loss = 9.164e-01
It: 410, Loss = 9.134e-01
It: 420, Loss = 9.094e-01
It: 430, Loss = 9.050e-01
It: 440, Loss = 9.008e-01
It: 450, Loss = 8.962e-01
It: 460, Loss = 8.895e-01
It: 470, Loss = 8.765e-01
It: 480, Loss = 8.494e-01
It: 490, Loss = 8.187e-01
It: 500, Loss = 8.008e-01
It: 510, Loss = 7.887e-01
It: 520, Loss = 7.837e-01
It: 530, Loss = 7.787e-01
It: 540, Loss = 7.745e-01
It: 550, Loss = 7.702e-01
It: 560, Loss = 7.784e-01
It: 570, Loss = 7.659e-01
It: 580, Loss = 7.589e-01
It: 590, Loss = 7.514e-01
It: 600, Loss = 7.408e-01
It: 610, Loss = 7.255e-01
It: 620, Loss = 7.453e-01
It: 630, Loss = 7.001e-01
It: 640, Loss = 6.820e-01
It: 650, Loss = 6.665e-01
It: 660, Loss = 6.515e-01
It: 670, Loss = 6.463e-01
It: 680, Loss = 6.376e-01
It: 690, Loss = 6.352e-01
It: 700, Loss = 6.265e-01
It: 710, Loss = 6.215e-01
It: 720, Loss = 6.339e-01
It: 730, Loss = 6.166e-01
It: 740, Loss = 6.170e-01
It: 750, Loss = 6.145e-01
It: 760, Loss = 6.118e-01
It: 770, Loss = 6.370e-01
It: 780, Loss = 6.138e-01
It: 790, Loss = 6.094e-01
It: 800, Loss = 6.063e-01
It: 810, Loss = 6.046e-01
It: 820, Loss = 6.031e-01
It: 830, Loss = 6.016e-01
It: 840, Loss = 5.999e-01
It: 850, Loss = 5.984e-01
It: 860, Loss = 6.248e-01
It: 870, Loss = 5.996e-01
It: 880, Loss = 5.959e-01
It: 890, Loss = 5.914e-01
It: 900, Loss = 5.898e-01
It: 910, Loss = 5.875e-01
It: 920, Loss = 5.854e-01
It: 930, Loss = 5.832e-01
It: 940, Loss = 5.810e-01
It: 950, Loss = 5.798e-01
It: 960, Loss = 6.001e-01
It: 970, Loss = 5.860e-01
It: 980, Loss = 5.724e-01
It: 990, Loss = 5.699e-01
G_pred shape (100, 100)
It: 0, Loss = 1.576e+00
It: 10, Loss = 9.986e-01
It: 20, Loss = 9.801e-01
It: 30, Loss = 9.747e-01
It: 40, Loss = 9.665e-01
It: 50, Loss = 9.590e-01
It: 60, Loss = 9.532e-01
It: 70, Loss = 9.489e-01
It: 80, Loss = 9.449e-01
It: 90, Loss = 9.422e-01
It: 100, Loss = 9.410e-01
It: 110, Loss = 9.408e-01
It: 120, Loss = 9.408e-01
It: 130, Loss = 9.407e-01
It: 140, Loss = 9.406e-01
It: 150, Loss = 9.405e-01
It: 160, Loss = 9.405e-01
It: 170, Loss = 9.404e-01
It: 180, Loss = 9.403e-01
It: 190, Loss = 9.402e-01
It: 200, Loss = 9.400e-01
It: 210, Loss = 9.397e-01
It: 220, Loss = 9.388e-01
It: 230, Loss = 9.369e-01
It: 240, Loss = 9.350e-01
It: 250, Loss = 9.344e-01
It: 260, Loss = 9.341e-01
It: 270, Loss = 9.339e-01
It: 280, Loss = 9.337e-01
It: 290, Loss = 9.336e-01
It: 300, Loss = 9.334e-01
It: 310, Loss = 9.333e-01
It: 320, Loss = 9.331e-01
It: 330, Loss = 9.329e-01
It: 340, Loss = 9.327e-01
It: 350, Loss = 9.324e-01
It: 360, Loss = 9.322e-01
It: 370, Loss = 9.322e-01
It: 380, Loss = 9.320e-01
It: 390, Loss = 9.319e-01
It: 400, Loss = 9.319e-01
It: 410, Loss = 9.318e-01
It: 420, Loss = 9.317e-01
It: 430, Loss = 9.317e-01
It: 440, Loss = 9.316e-01
It: 450, Loss = 9.315e-01
It: 460, Loss = 9.315e-01
It: 470, Loss = 9.315e-01
It: 480, Loss = 9.314e-01
It: 490, Loss = 9.313e-01
It: 500, Loss = 9.312e-01
It: 510, Loss = 9.311e-01
It: 520, Loss = 9.310e-01
It: 530, Loss = 9.309e-01
It: 540, Loss = 9.308e-01
It: 550, Loss = 9.307e-01
It: 560, Loss = 9.306e-01
It: 570, Loss = 9.306e-01
It: 580, Loss = 9.303e-01
It: 590, Loss = 9.302e-01
It: 600, Loss = 9.300e-01
It: 610, Loss = 9.298e-01
It: 620, Loss = 9.296e-01
It: 630, Loss = 9.294e-01
It: 640, Loss = 9.292e-01
It: 650, Loss = 9.290e-01
It: 660, Loss = 9.287e-01
It: 670, Loss = 9.284e-01
It: 680, Loss = 9.281e-01
It: 690, Loss = 9.278e-01
It: 700, Loss = 9.274e-01
It: 710, Loss = 9.270e-01
It: 720, Loss = 9.265e-01
It: 730, Loss = 9.260e-01
It: 740, Loss = 9.255e-01
It: 750, Loss = 9.248e-01
It: 760, Loss = 9.241e-01
It: 770, Loss = 9.232e-01
It: 780, Loss = 9.221e-01
It: 790, Loss = 9.209e-01
It: 800, Loss = 9.196e-01
It: 810, Loss = 9.176e-01
It: 820, Loss = 9.149e-01
It: 830, Loss = 9.110e-01
It: 840, Loss = 9.049e-01
It: 850, Loss = 8.940e-01
It: 860, Loss = 8.762e-01
It: 870, Loss = 8.628e-01
It: 880, Loss = 8.495e-01
It: 890, Loss = 8.376e-01
It: 900, Loss = 8.262e-01
It: 910, Loss = 8.144e-01
It: 920, Loss = 8.021e-01
It: 930, Loss = 7.873e-01
It: 940, Loss = 7.676e-01
It: 950, Loss = 7.391e-01
It: 960, Loss = 7.197e-01
It: 970, Loss = 6.836e-01
It: 980, Loss = 6.601e-01
It: 990, Loss = 6.450e-01
G_pred shape (100, 100)
