Using TensorFlow 2 backend.

noise_ratio =  0.20408163
It: 0, Loss = 1.177e+00
It: 10, Loss = 1.008e+00
It: 20, Loss = 9.788e-01
It: 30, Loss = 9.657e-01
It: 40, Loss = 9.556e-01
It: 50, Loss = 9.483e-01
It: 60, Loss = 9.418e-01
It: 70, Loss = 9.395e-01
It: 80, Loss = 9.382e-01
It: 90, Loss = 9.363e-01
It: 100, Loss = 9.350e-01
It: 110, Loss = 9.345e-01
It: 120, Loss = 9.341e-01
It: 130, Loss = 9.337e-01
It: 140, Loss = 9.335e-01
It: 150, Loss = 9.332e-01
It: 160, Loss = 9.330e-01
It: 170, Loss = 9.328e-01
It: 180, Loss = 9.327e-01
It: 190, Loss = 9.325e-01
It: 200, Loss = 9.324e-01
It: 210, Loss = 9.322e-01
It: 220, Loss = 9.321e-01
It: 230, Loss = 9.320e-01
It: 240, Loss = 9.318e-01
It: 250, Loss = 9.317e-01
It: 260, Loss = 9.314e-01
It: 270, Loss = 9.312e-01
It: 280, Loss = 9.308e-01
It: 290, Loss = 9.301e-01
It: 300, Loss = 9.289e-01
It: 310, Loss = 9.267e-01
It: 320, Loss = 9.237e-01
It: 330, Loss = 9.222e-01
It: 340, Loss = 9.216e-01
It: 350, Loss = 9.212e-01
It: 360, Loss = 9.208e-01
It: 370, Loss = 9.205e-01
It: 380, Loss = 9.202e-01
It: 390, Loss = 9.198e-01
It: 400, Loss = 9.194e-01
It: 410, Loss = 9.188e-01
It: 420, Loss = 9.182e-01
It: 430, Loss = 9.175e-01
It: 440, Loss = 9.165e-01
It: 450, Loss = 9.151e-01
It: 460, Loss = 9.131e-01
It: 470, Loss = 9.100e-01
It: 480, Loss = 9.047e-01
It: 490, Loss = 8.953e-01
It: 500, Loss = 8.886e-01
It: 510, Loss = 8.708e-01
It: 520, Loss = 8.512e-01
It: 530, Loss = 8.261e-01
It: 540, Loss = 8.516e-01
It: 550, Loss = 8.154e-01
It: 560, Loss = 7.966e-01
It: 570, Loss = 7.850e-01
It: 580, Loss = 7.754e-01
It: 590, Loss = 7.672e-01
It: 600, Loss = 7.591e-01
It: 610, Loss = 7.507e-01
It: 620, Loss = 7.406e-01
It: 630, Loss = 7.302e-01
It: 640, Loss = 7.180e-01
It: 650, Loss = 7.036e-01
It: 660, Loss = 6.844e-01
It: 670, Loss = 6.647e-01
It: 680, Loss = 6.475e-01
It: 690, Loss = 6.860e-01
It: 700, Loss = 6.220e-01
It: 710, Loss = 6.138e-01
It: 720, Loss = 5.952e-01
It: 730, Loss = 5.764e-01
It: 740, Loss = 5.602e-01
It: 750, Loss = 5.524e-01
It: 760, Loss = 5.550e-01
It: 770, Loss = 5.343e-01
It: 780, Loss = 5.258e-01
It: 790, Loss = 5.189e-01
It: 800, Loss = 5.113e-01
It: 810, Loss = 5.060e-01
It: 820, Loss = 5.269e-01
It: 830, Loss = 4.971e-01
It: 840, Loss = 4.799e-01
It: 850, Loss = 4.636e-01
It: 860, Loss = 4.468e-01
It: 870, Loss = 4.513e-01
It: 880, Loss = 4.246e-01
It: 890, Loss = 4.060e-01
It: 900, Loss = 3.790e-01
It: 910, Loss = 3.541e-01
It: 920, Loss = 5.882e-01
It: 930, Loss = 3.327e-01
It: 940, Loss = 2.979e-01
It: 950, Loss = 2.478e-01
It: 960, Loss = 2.085e-01
It: 970, Loss = 1.838e-01
It: 980, Loss = 2.101e-01
It: 990, Loss = 1.488e-01
G_pred shape (100, 100)
It: 0, Loss = 2.329e+00
It: 10, Loss = 1.028e+00
It: 20, Loss = 9.883e-01
It: 30, Loss = 9.850e-01
It: 40, Loss = 9.792e-01
It: 50, Loss = 9.705e-01
It: 60, Loss = 9.626e-01
It: 70, Loss = 9.555e-01
It: 80, Loss = 9.493e-01
It: 90, Loss = 9.440e-01
It: 100, Loss = 9.401e-01
It: 110, Loss = 9.378e-01
It: 120, Loss = 9.368e-01
It: 130, Loss = 9.365e-01
It: 140, Loss = 9.363e-01
It: 150, Loss = 9.361e-01
It: 160, Loss = 9.359e-01
It: 170, Loss = 9.357e-01
It: 180, Loss = 9.356e-01
It: 190, Loss = 9.354e-01
It: 200, Loss = 9.352e-01
It: 210, Loss = 9.351e-01
It: 220, Loss = 9.349e-01
It: 230, Loss = 9.348e-01
It: 240, Loss = 9.346e-01
It: 250, Loss = 9.344e-01
It: 260, Loss = 9.341e-01
It: 270, Loss = 9.338e-01
It: 280, Loss = 9.333e-01
It: 290, Loss = 9.324e-01
It: 300, Loss = 9.307e-01
It: 310, Loss = 9.288e-01
It: 320, Loss = 9.282e-01
It: 330, Loss = 9.280e-01
It: 340, Loss = 9.277e-01
It: 350, Loss = 9.275e-01
It: 360, Loss = 9.273e-01
It: 370, Loss = 9.271e-01
It: 380, Loss = 9.269e-01
It: 390, Loss = 9.266e-01
It: 400, Loss = 9.264e-01
It: 410, Loss = 9.262e-01
It: 420, Loss = 9.259e-01
It: 430, Loss = 9.256e-01
It: 440, Loss = 9.255e-01
It: 450, Loss = 9.251e-01
It: 460, Loss = 9.248e-01
It: 470, Loss = 9.244e-01
It: 480, Loss = 9.241e-01
It: 490, Loss = 9.237e-01
It: 500, Loss = 9.233e-01
It: 510, Loss = 9.229e-01
It: 520, Loss = 9.224e-01
It: 530, Loss = 9.218e-01
It: 540, Loss = 9.211e-01
It: 550, Loss = 9.203e-01
It: 560, Loss = 9.194e-01
It: 570, Loss = 9.182e-01
It: 580, Loss = 9.168e-01
It: 590, Loss = 9.151e-01
It: 600, Loss = 9.132e-01
It: 610, Loss = 9.106e-01
It: 620, Loss = 9.077e-01
It: 630, Loss = 9.046e-01
It: 640, Loss = 9.015e-01
It: 650, Loss = 8.985e-01
It: 660, Loss = 8.956e-01
It: 670, Loss = 8.927e-01
It: 680, Loss = 8.896e-01
It: 690, Loss = 8.863e-01
It: 700, Loss = 8.825e-01
It: 710, Loss = 8.785e-01
It: 720, Loss = 8.730e-01
It: 730, Loss = 8.670e-01
It: 740, Loss = 8.604e-01
It: 750, Loss = 8.535e-01
It: 760, Loss = 8.464e-01
It: 770, Loss = 8.387e-01
It: 780, Loss = 8.301e-01
It: 790, Loss = 8.195e-01
It: 800, Loss = 8.066e-01
It: 810, Loss = 7.910e-01
It: 820, Loss = 7.728e-01
It: 830, Loss = 7.537e-01
It: 840, Loss = 7.465e-01
It: 850, Loss = 7.319e-01
It: 860, Loss = 7.250e-01
It: 870, Loss = 7.195e-01
It: 880, Loss = 7.142e-01
It: 890, Loss = 7.090e-01
It: 900, Loss = 7.032e-01
It: 910, Loss = 6.969e-01
It: 920, Loss = 6.899e-01
It: 930, Loss = 6.868e-01
It: 940, Loss = 6.801e-01
It: 950, Loss = 6.678e-01
It: 960, Loss = 6.585e-01
It: 970, Loss = 6.484e-01
It: 980, Loss = 6.380e-01
It: 990, Loss = 6.410e-01
G_pred shape (100, 100)
It: 0, Loss = 1.883e+00
It: 10, Loss = 9.844e-01
It: 20, Loss = 9.920e-01
It: 30, Loss = 9.850e-01
It: 40, Loss = 9.705e-01
It: 50, Loss = 9.584e-01
It: 60, Loss = 9.492e-01
It: 70, Loss = 9.414e-01
It: 80, Loss = 9.360e-01
It: 90, Loss = 9.340e-01
It: 100, Loss = 9.340e-01
It: 110, Loss = 9.338e-01
It: 120, Loss = 9.336e-01
It: 130, Loss = 9.334e-01
It: 140, Loss = 9.333e-01
It: 150, Loss = 9.332e-01
It: 160, Loss = 9.331e-01
It: 170, Loss = 9.330e-01
It: 180, Loss = 9.328e-01
It: 190, Loss = 9.326e-01
It: 200, Loss = 9.324e-01
It: 210, Loss = 9.321e-01
It: 220, Loss = 9.315e-01
It: 230, Loss = 9.301e-01
It: 240, Loss = 9.272e-01
It: 250, Loss = 9.248e-01
It: 260, Loss = 9.230e-01
It: 270, Loss = 9.221e-01
It: 280, Loss = 9.213e-01
It: 290, Loss = 9.208e-01
It: 300, Loss = 9.204e-01
It: 310, Loss = 9.200e-01
It: 320, Loss = 9.196e-01
It: 330, Loss = 9.192e-01
It: 340, Loss = 9.188e-01
It: 350, Loss = 9.184e-01
It: 360, Loss = 9.179e-01
It: 370, Loss = 9.174e-01
It: 380, Loss = 9.168e-01
It: 390, Loss = 9.161e-01
It: 400, Loss = 9.153e-01
It: 410, Loss = 9.143e-01
It: 420, Loss = 9.130e-01
It: 430, Loss = 9.114e-01
It: 440, Loss = 9.091e-01
It: 450, Loss = 9.057e-01
It: 460, Loss = 8.999e-01
It: 470, Loss = 8.890e-01
It: 480, Loss = 8.711e-01
It: 490, Loss = 8.537e-01
It: 500, Loss = 8.425e-01
It: 510, Loss = 8.332e-01
It: 520, Loss = 8.250e-01
It: 530, Loss = 8.149e-01
It: 540, Loss = 8.055e-01
It: 550, Loss = 7.936e-01
It: 560, Loss = 7.788e-01
It: 570, Loss = 7.601e-01
It: 580, Loss = 7.331e-01
It: 590, Loss = 7.106e-01
It: 600, Loss = 7.101e-01
It: 610, Loss = 6.826e-01
It: 620, Loss = 6.675e-01
It: 630, Loss = 6.536e-01
It: 640, Loss = 6.396e-01
It: 650, Loss = 6.645e-01
It: 660, Loss = 6.167e-01
It: 670, Loss = 6.067e-01
It: 680, Loss = 5.973e-01
It: 690, Loss = 5.893e-01
It: 700, Loss = 5.933e-01
It: 710, Loss = 5.888e-01
It: 720, Loss = 5.704e-01
It: 730, Loss = 5.637e-01
It: 740, Loss = 5.545e-01
It: 750, Loss = 5.455e-01
It: 760, Loss = 5.371e-01
It: 770, Loss = 5.283e-01
It: 780, Loss = 5.180e-01
It: 790, Loss = 5.819e-01
It: 800, Loss = 5.000e-01
It: 810, Loss = 4.868e-01
It: 820, Loss = 4.737e-01
It: 830, Loss = 4.568e-01
It: 840, Loss = 4.403e-01
It: 850, Loss = 4.324e-01
It: 860, Loss = 4.245e-01
It: 870, Loss = 4.119e-01
It: 880, Loss = 3.998e-01
It: 890, Loss = 3.894e-01
It: 900, Loss = 3.823e-01
It: 910, Loss = 3.760e-01
It: 920, Loss = 3.807e-01
It: 930, Loss = 3.733e-01
It: 940, Loss = 3.672e-01
It: 950, Loss = 3.532e-01
It: 960, Loss = 3.482e-01
It: 970, Loss = 3.408e-01
It: 980, Loss = 3.345e-01
It: 990, Loss = 4.563e-01
G_pred shape (100, 100)
It: 0, Loss = 1.061e+00
It: 10, Loss = 9.880e-01
It: 20, Loss = 9.623e-01
It: 30, Loss = 9.459e-01
It: 40, Loss = 9.382e-01
It: 50, Loss = 9.358e-01
It: 60, Loss = 9.352e-01
It: 70, Loss = 9.344e-01
It: 80, Loss = 9.343e-01
It: 90, Loss = 9.341e-01
It: 100, Loss = 9.340e-01
It: 110, Loss = 9.339e-01
It: 120, Loss = 9.338e-01
It: 130, Loss = 9.338e-01
It: 140, Loss = 9.337e-01
It: 150, Loss = 9.336e-01
It: 160, Loss = 9.335e-01
It: 170, Loss = 9.334e-01
It: 180, Loss = 9.332e-01
It: 190, Loss = 9.331e-01
It: 200, Loss = 9.329e-01
It: 210, Loss = 9.328e-01
It: 220, Loss = 9.326e-01
It: 230, Loss = 9.323e-01
It: 240, Loss = 9.320e-01
It: 250, Loss = 9.317e-01
It: 260, Loss = 9.312e-01
It: 270, Loss = 9.306e-01
It: 280, Loss = 9.297e-01
It: 290, Loss = 9.284e-01
It: 300, Loss = 9.261e-01
It: 310, Loss = 9.220e-01
It: 320, Loss = 9.160e-01
It: 330, Loss = 9.090e-01
It: 340, Loss = 9.000e-01
It: 350, Loss = 8.908e-01
It: 360, Loss = 8.888e-01
It: 370, Loss = 8.791e-01
It: 380, Loss = 8.643e-01
It: 390, Loss = 8.522e-01
It: 400, Loss = 8.374e-01
It: 410, Loss = 8.350e-01
It: 420, Loss = 8.253e-01
It: 430, Loss = 8.186e-01
It: 440, Loss = 8.107e-01
It: 450, Loss = 8.036e-01
It: 460, Loss = 7.973e-01
It: 470, Loss = 7.918e-01
It: 480, Loss = 7.905e-01
It: 490, Loss = 7.849e-01
It: 500, Loss = 7.786e-01
It: 510, Loss = 7.787e-01
It: 520, Loss = 7.702e-01
It: 530, Loss = 7.639e-01
It: 540, Loss = 7.543e-01
It: 550, Loss = 7.461e-01
It: 560, Loss = 7.431e-01
It: 570, Loss = 7.267e-01
It: 580, Loss = 7.043e-01
It: 590, Loss = 6.811e-01
It: 600, Loss = 6.482e-01
It: 610, Loss = 6.221e-01
It: 620, Loss = 6.537e-01
It: 630, Loss = 5.966e-01
It: 640, Loss = 5.858e-01
It: 650, Loss = 5.763e-01
It: 660, Loss = 5.646e-01
It: 670, Loss = 5.712e-01
It: 680, Loss = 5.673e-01
It: 690, Loss = 5.270e-01
It: 700, Loss = 5.115e-01
It: 710, Loss = 4.879e-01
It: 720, Loss = 4.739e-01
It: 730, Loss = 4.703e-01
It: 740, Loss = 4.498e-01
It: 750, Loss = 4.399e-01
It: 760, Loss = 4.799e-01
It: 770, Loss = 4.365e-01
It: 780, Loss = 4.223e-01
It: 790, Loss = 4.120e-01
It: 800, Loss = 4.055e-01
It: 810, Loss = 4.267e-01
It: 820, Loss = 3.954e-01
It: 830, Loss = 3.827e-01
It: 840, Loss = 4.362e-01
It: 850, Loss = 3.867e-01
It: 860, Loss = 3.648e-01
It: 870, Loss = 3.483e-01
It: 880, Loss = 3.358e-01
It: 890, Loss = 3.161e-01
It: 900, Loss = 3.809e-01
It: 910, Loss = 3.102e-01
It: 920, Loss = 2.672e-01
It: 930, Loss = 3.524e-01
It: 940, Loss = 2.566e-01
It: 950, Loss = 2.181e-01
It: 960, Loss = 1.847e-01
It: 970, Loss = 1.722e-01
It: 980, Loss = 2.364e-01
It: 990, Loss = 1.870e-01
G_pred shape (100, 100)
It: 0, Loss = 1.199e+00
It: 10, Loss = 1.129e+00
It: 20, Loss = 1.027e+00
It: 30, Loss = 9.837e-01
It: 40, Loss = 9.674e-01
It: 50, Loss = 9.613e-01
It: 60, Loss = 9.548e-01
It: 70, Loss = 9.464e-01
It: 80, Loss = 9.395e-01
It: 90, Loss = 9.350e-01
It: 100, Loss = 9.334e-01
It: 110, Loss = 9.323e-01
It: 120, Loss = 9.314e-01
It: 130, Loss = 9.312e-01
It: 140, Loss = 9.312e-01
It: 150, Loss = 9.311e-01
It: 160, Loss = 9.310e-01
It: 170, Loss = 9.309e-01
It: 180, Loss = 9.309e-01
It: 190, Loss = 9.308e-01
It: 200, Loss = 9.307e-01
It: 210, Loss = 9.307e-01
It: 220, Loss = 9.306e-01
It: 230, Loss = 9.305e-01
It: 240, Loss = 9.304e-01
It: 250, Loss = 9.303e-01
It: 260, Loss = 9.302e-01
It: 270, Loss = 9.301e-01
It: 280, Loss = 9.299e-01
It: 290, Loss = 9.297e-01
It: 300, Loss = 9.295e-01
It: 310, Loss = 9.292e-01
It: 320, Loss = 9.287e-01
It: 330, Loss = 9.280e-01
It: 340, Loss = 9.267e-01
It: 350, Loss = 9.246e-01
It: 360, Loss = 9.224e-01
It: 370, Loss = 9.216e-01
It: 380, Loss = 9.210e-01
It: 390, Loss = 9.207e-01
It: 400, Loss = 9.205e-01
It: 410, Loss = 9.202e-01
It: 420, Loss = 9.200e-01
It: 430, Loss = 9.198e-01
It: 440, Loss = 9.196e-01
It: 450, Loss = 9.194e-01
It: 460, Loss = 9.192e-01
It: 470, Loss = 9.189e-01
It: 480, Loss = 9.187e-01
It: 490, Loss = 9.184e-01
It: 500, Loss = 9.181e-01
It: 510, Loss = 9.177e-01
It: 520, Loss = 9.173e-01
It: 530, Loss = 9.169e-01
It: 540, Loss = 9.164e-01
It: 550, Loss = 9.158e-01
It: 560, Loss = 9.151e-01
It: 570, Loss = 9.142e-01
It: 580, Loss = 9.132e-01
It: 590, Loss = 9.119e-01
It: 600, Loss = 9.103e-01
It: 610, Loss = 9.082e-01
It: 620, Loss = 9.053e-01
It: 630, Loss = 9.008e-01
It: 640, Loss = 8.931e-01
It: 650, Loss = 8.780e-01
It: 660, Loss = 8.520e-01
It: 670, Loss = 8.556e-01
It: 680, Loss = 8.288e-01
It: 690, Loss = 8.122e-01
It: 700, Loss = 7.975e-01
It: 710, Loss = 7.821e-01
It: 720, Loss = 7.632e-01
It: 730, Loss = 7.448e-01
It: 740, Loss = 7.616e-01
It: 750, Loss = 7.248e-01
It: 760, Loss = 7.047e-01
It: 770, Loss = 6.880e-01
It: 780, Loss = 6.714e-01
It: 790, Loss = 6.837e-01
It: 800, Loss = 6.384e-01
It: 810, Loss = 6.232e-01
It: 820, Loss = 6.169e-01
It: 830, Loss = 5.926e-01
It: 840, Loss = 5.758e-01
It: 850, Loss = 5.932e-01
It: 860, Loss = 5.668e-01
It: 870, Loss = 5.608e-01
It: 880, Loss = 5.515e-01
It: 890, Loss = 5.458e-01
It: 900, Loss = 5.460e-01
It: 910, Loss = 5.381e-01
It: 920, Loss = 5.359e-01
It: 930, Loss = 5.255e-01
It: 940, Loss = 5.198e-01
It: 950, Loss = 5.133e-01
It: 960, Loss = 5.118e-01
It: 970, Loss = 4.993e-01
It: 980, Loss = 4.869e-01
It: 990, Loss = 4.723e-01
G_pred shape (100, 100)
