Using TensorFlow 2 backend.

noise_ratio =  0.36734694
It: 0, Loss = 1.038e+00
It: 10, Loss = 9.800e-01
It: 20, Loss = 9.865e-01
It: 30, Loss = 9.609e-01
It: 40, Loss = 9.569e-01
It: 50, Loss = 9.507e-01
It: 60, Loss = 9.485e-01
It: 70, Loss = 9.477e-01
It: 80, Loss = 9.470e-01
It: 90, Loss = 9.465e-01
It: 100, Loss = 9.463e-01
It: 110, Loss = 9.461e-01
It: 120, Loss = 9.460e-01
It: 130, Loss = 9.459e-01
It: 140, Loss = 9.458e-01
It: 150, Loss = 9.456e-01
It: 160, Loss = 9.455e-01
It: 170, Loss = 9.454e-01
It: 180, Loss = 9.452e-01
It: 190, Loss = 9.451e-01
It: 200, Loss = 9.449e-01
It: 210, Loss = 9.447e-01
It: 220, Loss = 9.446e-01
It: 230, Loss = 9.444e-01
It: 240, Loss = 9.442e-01
It: 250, Loss = 9.439e-01
It: 260, Loss = 9.437e-01
It: 270, Loss = 9.434e-01
It: 280, Loss = 9.432e-01
It: 290, Loss = 9.429e-01
It: 300, Loss = 9.425e-01
It: 310, Loss = 9.421e-01
It: 320, Loss = 9.417e-01
It: 330, Loss = 9.412e-01
It: 340, Loss = 9.405e-01
It: 350, Loss = 9.396e-01
It: 360, Loss = 9.384e-01
It: 370, Loss = 9.366e-01
It: 380, Loss = 9.337e-01
It: 390, Loss = 9.290e-01
It: 400, Loss = 9.222e-01
It: 410, Loss = 9.126e-01
It: 420, Loss = 8.995e-01
It: 430, Loss = 8.843e-01
It: 440, Loss = 8.772e-01
It: 450, Loss = 8.645e-01
It: 460, Loss = 8.551e-01
It: 470, Loss = 8.464e-01
It: 480, Loss = 8.355e-01
It: 490, Loss = 8.379e-01
It: 500, Loss = 8.179e-01
It: 510, Loss = 7.986e-01
It: 520, Loss = 7.919e-01
It: 530, Loss = 7.804e-01
It: 540, Loss = 7.653e-01
It: 550, Loss = 7.556e-01
It: 560, Loss = 7.468e-01
It: 570, Loss = 7.455e-01
It: 580, Loss = 7.220e-01
It: 590, Loss = 7.085e-01
It: 600, Loss = 6.835e-01
It: 610, Loss = 6.848e-01
It: 620, Loss = 6.581e-01
It: 630, Loss = 6.375e-01
It: 640, Loss = 6.258e-01
It: 650, Loss = 6.178e-01
It: 660, Loss = 6.135e-01
It: 670, Loss = 6.103e-01
It: 680, Loss = 6.079e-01
It: 690, Loss = 6.059e-01
It: 700, Loss = 6.041e-01
It: 710, Loss = 6.074e-01
It: 720, Loss = 6.054e-01
It: 730, Loss = 6.009e-01
It: 740, Loss = 5.980e-01
It: 750, Loss = 5.955e-01
It: 760, Loss = 5.934e-01
It: 770, Loss = 5.910e-01
It: 780, Loss = 5.884e-01
It: 790, Loss = 5.856e-01
It: 800, Loss = 6.158e-01
It: 810, Loss = 5.887e-01
It: 820, Loss = 5.826e-01
It: 830, Loss = 5.786e-01
It: 840, Loss = 5.757e-01
It: 850, Loss = 5.731e-01
It: 860, Loss = 5.711e-01
It: 870, Loss = 5.692e-01
It: 880, Loss = 5.675e-01
It: 890, Loss = 5.658e-01
It: 900, Loss = 5.643e-01
It: 910, Loss = 5.627e-01
It: 920, Loss = 5.611e-01
It: 930, Loss = 5.594e-01
It: 940, Loss = 5.583e-01
It: 950, Loss = 5.801e-01
It: 960, Loss = 5.624e-01
It: 970, Loss = 5.550e-01
It: 980, Loss = 5.518e-01
It: 990, Loss = 5.497e-01
G_pred shape (100, 100)
It: 0, Loss = 1.154e+00
It: 10, Loss = 9.761e-01
It: 20, Loss = 9.656e-01
It: 30, Loss = 9.502e-01
It: 40, Loss = 9.459e-01
It: 50, Loss = 9.447e-01
It: 60, Loss = 9.434e-01
It: 70, Loss = 9.427e-01
It: 80, Loss = 9.424e-01
It: 90, Loss = 9.424e-01
It: 100, Loss = 9.423e-01
It: 110, Loss = 9.422e-01
It: 120, Loss = 9.421e-01
It: 130, Loss = 9.420e-01
It: 140, Loss = 9.419e-01
It: 150, Loss = 9.418e-01
It: 160, Loss = 9.416e-01
It: 170, Loss = 9.415e-01
It: 180, Loss = 9.414e-01
It: 190, Loss = 9.412e-01
It: 200, Loss = 9.410e-01
It: 210, Loss = 9.408e-01
It: 220, Loss = 9.406e-01
It: 230, Loss = 9.404e-01
It: 240, Loss = 9.401e-01
It: 250, Loss = 9.398e-01
It: 260, Loss = 9.394e-01
It: 270, Loss = 9.389e-01
It: 280, Loss = 9.383e-01
It: 290, Loss = 9.375e-01
It: 300, Loss = 9.365e-01
It: 310, Loss = 9.349e-01
It: 320, Loss = 9.325e-01
It: 330, Loss = 9.283e-01
It: 340, Loss = 9.203e-01
It: 350, Loss = 9.044e-01
It: 360, Loss = 8.849e-01
It: 370, Loss = 9.018e-01
It: 380, Loss = 8.850e-01
It: 390, Loss = 8.744e-01
It: 400, Loss = 8.692e-01
It: 410, Loss = 8.659e-01
It: 420, Loss = 8.620e-01
It: 430, Loss = 8.577e-01
It: 440, Loss = 8.527e-01
It: 450, Loss = 8.465e-01
It: 460, Loss = 8.386e-01
It: 470, Loss = 8.281e-01
It: 480, Loss = 9.347e-01
It: 490, Loss = 8.219e-01
It: 500, Loss = 8.032e-01
It: 510, Loss = 7.897e-01
It: 520, Loss = 7.685e-01
It: 530, Loss = 7.437e-01
It: 540, Loss = 7.135e-01
It: 550, Loss = 7.404e-01
It: 560, Loss = 7.027e-01
It: 570, Loss = 6.795e-01
It: 580, Loss = 6.599e-01
It: 590, Loss = 6.427e-01
It: 600, Loss = 6.205e-01
It: 610, Loss = 6.044e-01
It: 620, Loss = 6.061e-01
It: 630, Loss = 5.948e-01
It: 640, Loss = 5.901e-01
It: 650, Loss = 5.846e-01
It: 660, Loss = 5.816e-01
It: 670, Loss = 5.817e-01
It: 680, Loss = 5.775e-01
It: 690, Loss = 5.757e-01
It: 700, Loss = 5.737e-01
It: 710, Loss = 5.719e-01
It: 720, Loss = 5.701e-01
It: 730, Loss = 5.681e-01
It: 740, Loss = 5.661e-01
It: 750, Loss = 5.640e-01
It: 760, Loss = 5.617e-01
It: 770, Loss = 5.592e-01
It: 780, Loss = 5.830e-01
It: 790, Loss = 5.575e-01
It: 800, Loss = 5.513e-01
It: 810, Loss = 5.467e-01
It: 820, Loss = 5.418e-01
It: 830, Loss = 5.352e-01
It: 840, Loss = 5.309e-01
It: 850, Loss = 5.242e-01
It: 860, Loss = 5.127e-01
It: 870, Loss = 4.968e-01
It: 880, Loss = 4.813e-01
It: 890, Loss = 5.119e-01
It: 900, Loss = 4.720e-01
It: 910, Loss = 4.364e-01
It: 920, Loss = 4.066e-01
It: 930, Loss = 5.128e-01
It: 940, Loss = 4.114e-01
It: 950, Loss = 3.186e-01
It: 960, Loss = 2.794e-01
It: 970, Loss = 2.533e-01
It: 980, Loss = 2.276e-01
It: 990, Loss = 2.927e-01
G_pred shape (100, 100)
It: 0, Loss = 1.077e+00
It: 10, Loss = 1.079e+00
It: 20, Loss = 9.957e-01
It: 30, Loss = 9.779e-01
It: 40, Loss = 9.751e-01
It: 50, Loss = 9.693e-01
It: 60, Loss = 9.627e-01
It: 70, Loss = 9.568e-01
It: 80, Loss = 9.508e-01
It: 90, Loss = 9.461e-01
It: 100, Loss = 9.439e-01
It: 110, Loss = 9.434e-01
It: 120, Loss = 9.431e-01
It: 130, Loss = 9.429e-01
It: 140, Loss = 9.428e-01
It: 150, Loss = 9.428e-01
It: 160, Loss = 9.427e-01
It: 170, Loss = 9.427e-01
It: 180, Loss = 9.426e-01
It: 190, Loss = 9.426e-01
It: 200, Loss = 9.425e-01
It: 210, Loss = 9.424e-01
It: 220, Loss = 9.424e-01
It: 230, Loss = 9.423e-01
It: 240, Loss = 9.423e-01
It: 250, Loss = 9.422e-01
It: 260, Loss = 9.421e-01
It: 270, Loss = 9.421e-01
It: 280, Loss = 9.420e-01
It: 290, Loss = 9.419e-01
It: 300, Loss = 9.418e-01
It: 310, Loss = 9.418e-01
It: 320, Loss = 9.417e-01
It: 330, Loss = 9.415e-01
It: 340, Loss = 9.414e-01
It: 350, Loss = 9.413e-01
It: 360, Loss = 9.412e-01
It: 370, Loss = 9.410e-01
It: 380, Loss = 9.409e-01
It: 390, Loss = 9.407e-01
It: 400, Loss = 9.405e-01
It: 410, Loss = 9.402e-01
It: 420, Loss = 9.399e-01
It: 430, Loss = 9.396e-01
It: 440, Loss = 9.392e-01
It: 450, Loss = 9.388e-01
It: 460, Loss = 9.382e-01
It: 470, Loss = 9.375e-01
It: 480, Loss = 9.366e-01
It: 490, Loss = 9.354e-01
It: 500, Loss = 9.337e-01
It: 510, Loss = 9.312e-01
It: 520, Loss = 9.273e-01
It: 530, Loss = 9.207e-01
It: 540, Loss = 9.082e-01
It: 550, Loss = 8.844e-01
It: 560, Loss = 8.496e-01
It: 570, Loss = 8.486e-01
It: 580, Loss = 8.272e-01
It: 590, Loss = 8.119e-01
It: 600, Loss = 7.958e-01
It: 610, Loss = 7.766e-01
It: 620, Loss = 7.502e-01
It: 630, Loss = 7.203e-01
It: 640, Loss = 7.043e-01
It: 650, Loss = 6.635e-01
It: 660, Loss = 6.455e-01
It: 670, Loss = 6.316e-01
It: 680, Loss = 6.215e-01
It: 690, Loss = 6.114e-01
It: 700, Loss = 6.049e-01
It: 710, Loss = 5.992e-01
It: 720, Loss = 5.922e-01
It: 730, Loss = 5.873e-01
It: 740, Loss = 5.818e-01
It: 750, Loss = 5.755e-01
It: 760, Loss = 5.720e-01
It: 770, Loss = 5.643e-01
It: 780, Loss = 5.576e-01
It: 790, Loss = 5.546e-01
It: 800, Loss = 5.439e-01
It: 810, Loss = 5.357e-01
It: 820, Loss = 5.207e-01
It: 830, Loss = 5.059e-01
It: 840, Loss = 4.901e-01
It: 850, Loss = 4.782e-01
It: 860, Loss = 4.669e-01
It: 870, Loss = 4.639e-01
It: 880, Loss = 4.442e-01
It: 890, Loss = 4.374e-01
It: 900, Loss = 4.254e-01
It: 910, Loss = 4.199e-01
It: 920, Loss = 4.118e-01
It: 930, Loss = 4.045e-01
It: 940, Loss = 3.972e-01
It: 950, Loss = 3.898e-01
It: 960, Loss = 5.179e-01
It: 970, Loss = 4.182e-01
It: 980, Loss = 3.991e-01
It: 990, Loss = 3.758e-01
G_pred shape (100, 100)
It: 0, Loss = 1.112e+00
It: 10, Loss = 9.876e-01
It: 20, Loss = 9.663e-01
It: 30, Loss = 9.523e-01
It: 40, Loss = 9.438e-01
It: 50, Loss = 9.431e-01
It: 60, Loss = 9.425e-01
It: 70, Loss = 9.421e-01
It: 80, Loss = 9.420e-01
It: 90, Loss = 9.419e-01
It: 100, Loss = 9.419e-01
It: 110, Loss = 9.418e-01
It: 120, Loss = 9.417e-01
It: 130, Loss = 9.417e-01
It: 140, Loss = 9.416e-01
It: 150, Loss = 9.415e-01
It: 160, Loss = 9.414e-01
It: 170, Loss = 9.414e-01
It: 180, Loss = 9.413e-01
It: 190, Loss = 9.412e-01
It: 200, Loss = 9.411e-01
It: 210, Loss = 9.410e-01
It: 220, Loss = 9.409e-01
It: 230, Loss = 9.408e-01
It: 240, Loss = 9.406e-01
It: 250, Loss = 9.405e-01
It: 260, Loss = 9.403e-01
It: 270, Loss = 9.401e-01
It: 280, Loss = 9.399e-01
It: 290, Loss = 9.396e-01
It: 300, Loss = 9.393e-01
It: 310, Loss = 9.389e-01
It: 320, Loss = 9.383e-01
It: 330, Loss = 9.374e-01
It: 340, Loss = 9.354e-01
It: 350, Loss = 9.323e-01
It: 360, Loss = 9.335e-01
It: 370, Loss = 9.295e-01
It: 380, Loss = 9.261e-01
It: 390, Loss = 9.201e-01
It: 400, Loss = 9.225e-01
It: 410, Loss = 8.969e-01
It: 420, Loss = 8.837e-01
It: 430, Loss = 8.720e-01
It: 440, Loss = 8.629e-01
It: 450, Loss = 8.566e-01
It: 460, Loss = 8.454e-01
It: 470, Loss = 8.331e-01
It: 480, Loss = 8.251e-01
It: 490, Loss = 8.124e-01
It: 500, Loss = 8.105e-01
It: 510, Loss = 8.034e-01
It: 520, Loss = 7.981e-01
It: 530, Loss = 8.020e-01
It: 540, Loss = 7.874e-01
It: 550, Loss = 7.730e-01
It: 560, Loss = 7.960e-01
It: 570, Loss = 7.411e-01
It: 580, Loss = 7.275e-01
It: 590, Loss = 7.201e-01
It: 600, Loss = 7.136e-01
It: 610, Loss = 7.048e-01
It: 620, Loss = 6.923e-01
It: 630, Loss = 6.831e-01
It: 640, Loss = 7.379e-01
It: 650, Loss = 7.072e-01
It: 660, Loss = 6.746e-01
It: 670, Loss = 6.604e-01
It: 680, Loss = 6.535e-01
It: 690, Loss = 6.727e-01
It: 700, Loss = 6.392e-01
It: 710, Loss = 6.315e-01
It: 720, Loss = 7.468e-01
It: 730, Loss = 7.140e-01
It: 740, Loss = 6.457e-01
It: 750, Loss = 6.154e-01
It: 760, Loss = 6.060e-01
It: 770, Loss = 5.968e-01
It: 780, Loss = 5.871e-01
It: 790, Loss = 5.760e-01
It: 800, Loss = 5.681e-01
It: 810, Loss = 5.674e-01
It: 820, Loss = 5.520e-01
It: 830, Loss = 5.391e-01
It: 840, Loss = 5.247e-01
It: 850, Loss = 5.128e-01
It: 860, Loss = 4.994e-01
It: 870, Loss = 4.853e-01
It: 880, Loss = 4.951e-01
It: 890, Loss = 4.681e-01
It: 900, Loss = 4.542e-01
It: 910, Loss = 4.601e-01
It: 920, Loss = 4.408e-01
It: 930, Loss = 4.267e-01
It: 940, Loss = 4.397e-01
It: 950, Loss = 4.252e-01
It: 960, Loss = 4.093e-01
It: 970, Loss = 3.987e-01
It: 980, Loss = 4.557e-01
It: 990, Loss = 3.932e-01
G_pred shape (100, 100)
It: 0, Loss = 1.716e+00
It: 10, Loss = 1.036e+00
It: 20, Loss = 1.028e+00
It: 30, Loss = 9.989e-01
It: 40, Loss = 9.776e-01
It: 50, Loss = 9.678e-01
It: 60, Loss = 9.610e-01
It: 70, Loss = 9.544e-01
It: 80, Loss = 9.487e-01
It: 90, Loss = 9.454e-01
It: 100, Loss = 9.445e-01
It: 110, Loss = 9.441e-01
It: 120, Loss = 9.437e-01
It: 130, Loss = 9.435e-01
It: 140, Loss = 9.433e-01
It: 150, Loss = 9.431e-01
It: 160, Loss = 9.430e-01
It: 170, Loss = 9.429e-01
It: 180, Loss = 9.428e-01
It: 190, Loss = 9.427e-01
It: 200, Loss = 9.426e-01
It: 210, Loss = 9.424e-01
It: 220, Loss = 9.423e-01
It: 230, Loss = 9.422e-01
It: 240, Loss = 9.420e-01
It: 250, Loss = 9.419e-01
It: 260, Loss = 9.417e-01
It: 270, Loss = 9.415e-01
It: 280, Loss = 9.413e-01
It: 290, Loss = 9.410e-01
It: 300, Loss = 9.407e-01
It: 310, Loss = 9.403e-01
It: 320, Loss = 9.398e-01
It: 330, Loss = 9.392e-01
It: 340, Loss = 9.384e-01
It: 350, Loss = 9.373e-01
It: 360, Loss = 9.356e-01
It: 370, Loss = 9.328e-01
It: 380, Loss = 9.280e-01
It: 390, Loss = 9.190e-01
It: 400, Loss = 9.033e-01
It: 410, Loss = 8.885e-01
It: 420, Loss = 8.755e-01
It: 430, Loss = 8.626e-01
It: 440, Loss = 8.500e-01
It: 450, Loss = 8.315e-01
It: 460, Loss = 8.121e-01
It: 470, Loss = 8.028e-01
It: 480, Loss = 7.936e-01
It: 490, Loss = 7.901e-01
It: 500, Loss = 7.859e-01
It: 510, Loss = 7.823e-01
It: 520, Loss = 7.782e-01
It: 530, Loss = 7.889e-01
It: 540, Loss = 7.704e-01
It: 550, Loss = 7.635e-01
It: 560, Loss = 7.517e-01
It: 570, Loss = 8.038e-01
It: 580, Loss = 7.292e-01
It: 590, Loss = 6.967e-01
It: 600, Loss = 6.520e-01
It: 610, Loss = 6.212e-01
It: 620, Loss = 6.209e-01
It: 630, Loss = 5.982e-01
It: 640, Loss = 5.873e-01
It: 650, Loss = 5.789e-01
It: 660, Loss = 5.726e-01
It: 670, Loss = 6.070e-01
It: 680, Loss = 5.735e-01
It: 690, Loss = 5.663e-01
It: 700, Loss = 5.610e-01
It: 710, Loss = 5.567e-01
It: 720, Loss = 5.531e-01
It: 730, Loss = 5.499e-01
It: 740, Loss = 5.469e-01
It: 750, Loss = 5.438e-01
It: 760, Loss = 5.406e-01
It: 770, Loss = 5.373e-01
It: 780, Loss = 5.927e-01
It: 790, Loss = 5.526e-01
It: 800, Loss = 5.369e-01
It: 810, Loss = 5.268e-01
It: 820, Loss = 5.211e-01
It: 830, Loss = 5.153e-01
It: 840, Loss = 5.082e-01
It: 850, Loss = 4.992e-01
It: 860, Loss = 4.857e-01
It: 870, Loss = 7.945e-01
It: 880, Loss = 4.863e-01
It: 890, Loss = 4.661e-01
It: 900, Loss = 4.334e-01
It: 910, Loss = 4.074e-01
It: 920, Loss = 3.818e-01
It: 930, Loss = 3.558e-01
It: 940, Loss = 8.516e-01
It: 950, Loss = 4.099e-01
It: 960, Loss = 3.610e-01
It: 970, Loss = 3.319e-01
It: 980, Loss = 3.114e-01
It: 990, Loss = 2.935e-01
G_pred shape (100, 100)
