Using TensorFlow 2 backend.

noise_ratio =  0.35714286
It: 0, Loss = 3.621e+00
It: 10, Loss = 1.449e+00
It: 20, Loss = 1.141e+00
It: 30, Loss = 9.906e-01
It: 40, Loss = 9.898e-01
It: 50, Loss = 9.889e-01
It: 60, Loss = 9.814e-01
It: 70, Loss = 9.775e-01
It: 80, Loss = 9.753e-01
It: 90, Loss = 9.731e-01
It: 100, Loss = 9.707e-01
It: 110, Loss = 9.681e-01
It: 120, Loss = 9.651e-01
It: 130, Loss = 9.617e-01
It: 140, Loss = 9.579e-01
It: 150, Loss = 9.541e-01
It: 160, Loss = 9.506e-01
It: 170, Loss = 9.481e-01
It: 180, Loss = 9.466e-01
It: 190, Loss = 9.457e-01
It: 200, Loss = 9.452e-01
It: 210, Loss = 9.447e-01
It: 220, Loss = 9.443e-01
It: 230, Loss = 9.439e-01
It: 240, Loss = 9.437e-01
It: 250, Loss = 9.434e-01
It: 260, Loss = 9.432e-01
It: 270, Loss = 9.429e-01
It: 280, Loss = 9.425e-01
It: 290, Loss = 9.421e-01
It: 300, Loss = 9.417e-01
It: 310, Loss = 9.412e-01
It: 320, Loss = 9.405e-01
It: 330, Loss = 9.395e-01
It: 340, Loss = 9.386e-01
It: 350, Loss = 9.382e-01
It: 360, Loss = 9.375e-01
It: 370, Loss = 9.367e-01
It: 380, Loss = 9.361e-01
It: 390, Loss = 9.359e-01
It: 400, Loss = 9.356e-01
It: 410, Loss = 9.353e-01
It: 420, Loss = 9.350e-01
It: 430, Loss = 9.346e-01
It: 440, Loss = 9.341e-01
It: 450, Loss = 9.335e-01
It: 460, Loss = 9.328e-01
It: 470, Loss = 9.319e-01
It: 480, Loss = 9.307e-01
It: 490, Loss = 9.293e-01
It: 500, Loss = 9.274e-01
It: 510, Loss = 9.251e-01
It: 520, Loss = 9.225e-01
It: 530, Loss = 9.196e-01
It: 540, Loss = 9.167e-01
It: 550, Loss = 9.141e-01
It: 560, Loss = 9.118e-01
It: 570, Loss = 9.096e-01
It: 580, Loss = 9.071e-01
It: 590, Loss = 9.040e-01
It: 600, Loss = 8.995e-01
It: 610, Loss = 8.921e-01
It: 620, Loss = 8.797e-01
It: 630, Loss = 8.607e-01
It: 640, Loss = 8.373e-01
It: 650, Loss = 8.182e-01
It: 660, Loss = 8.092e-01
It: 670, Loss = 8.057e-01
It: 680, Loss = 8.028e-01
It: 690, Loss = 8.006e-01
It: 700, Loss = 7.986e-01
It: 710, Loss = 7.967e-01
It: 720, Loss = 7.950e-01
It: 730, Loss = 7.930e-01
It: 740, Loss = 7.906e-01
It: 750, Loss = 7.880e-01
It: 760, Loss = 7.855e-01
It: 770, Loss = 7.823e-01
It: 780, Loss = 7.795e-01
It: 790, Loss = 7.757e-01
It: 800, Loss = 7.716e-01
It: 810, Loss = 7.671e-01
It: 820, Loss = 7.720e-01
It: 830, Loss = 7.589e-01
It: 840, Loss = 7.522e-01
It: 850, Loss = 7.449e-01
It: 860, Loss = 7.364e-01
It: 870, Loss = 7.391e-01
It: 880, Loss = 7.238e-01
It: 890, Loss = 7.042e-01
It: 900, Loss = 6.877e-01
It: 910, Loss = 6.684e-01
It: 920, Loss = 6.640e-01
It: 930, Loss = 6.406e-01
It: 940, Loss = 6.359e-01
It: 950, Loss = 6.307e-01
It: 960, Loss = 6.274e-01
It: 970, Loss = 6.246e-01
It: 980, Loss = 6.281e-01
It: 990, Loss = 6.213e-01
G_pred shape (100, 100)
It: 0, Loss = 1.137e+00
It: 10, Loss = 9.703e-01
It: 20, Loss = 9.650e-01
It: 30, Loss = 9.574e-01
It: 40, Loss = 9.519e-01
It: 50, Loss = 9.502e-01
It: 60, Loss = 9.493e-01
It: 70, Loss = 9.489e-01
It: 80, Loss = 9.485e-01
It: 90, Loss = 9.484e-01
It: 100, Loss = 9.482e-01
It: 110, Loss = 9.480e-01
It: 120, Loss = 9.478e-01
It: 130, Loss = 9.476e-01
It: 140, Loss = 9.473e-01
It: 150, Loss = 9.470e-01
It: 160, Loss = 9.467e-01
It: 170, Loss = 9.463e-01
It: 180, Loss = 9.458e-01
It: 190, Loss = 9.451e-01
It: 200, Loss = 9.441e-01
It: 210, Loss = 9.425e-01
It: 220, Loss = 9.394e-01
It: 230, Loss = 9.327e-01
It: 240, Loss = 9.168e-01
It: 250, Loss = 8.832e-01
It: 260, Loss = 8.425e-01
It: 270, Loss = 8.343e-01
It: 280, Loss = 8.209e-01
It: 290, Loss = 7.998e-01
It: 300, Loss = 7.946e-01
It: 310, Loss = 7.905e-01
It: 320, Loss = 7.873e-01
It: 330, Loss = 7.845e-01
It: 340, Loss = 7.819e-01
It: 350, Loss = 7.795e-01
It: 360, Loss = 7.774e-01
It: 370, Loss = 7.753e-01
It: 380, Loss = 7.734e-01
It: 390, Loss = 7.712e-01
It: 400, Loss = 7.686e-01
It: 410, Loss = 7.652e-01
It: 420, Loss = 7.607e-01
It: 430, Loss = 8.762e-01
It: 440, Loss = 7.591e-01
It: 450, Loss = 7.513e-01
It: 460, Loss = 7.481e-01
It: 470, Loss = 7.406e-01
It: 480, Loss = 7.324e-01
It: 490, Loss = 7.240e-01
It: 500, Loss = 7.138e-01
It: 510, Loss = 7.031e-01
It: 520, Loss = 7.320e-01
It: 530, Loss = 6.911e-01
It: 540, Loss = 6.754e-01
It: 550, Loss = 6.641e-01
It: 560, Loss = 6.511e-01
It: 570, Loss = 6.598e-01
It: 580, Loss = 6.505e-01
It: 590, Loss = 6.272e-01
It: 600, Loss = 6.114e-01
It: 610, Loss = 5.988e-01
It: 620, Loss = 5.886e-01
It: 630, Loss = 5.847e-01
It: 640, Loss = 6.136e-01
It: 650, Loss = 5.743e-01
It: 660, Loss = 5.708e-01
It: 670, Loss = 5.600e-01
It: 680, Loss = 5.519e-01
It: 690, Loss = 5.422e-01
It: 700, Loss = 5.307e-01
It: 710, Loss = 5.184e-01
It: 720, Loss = 5.563e-01
It: 730, Loss = 5.454e-01
It: 740, Loss = 5.042e-01
It: 750, Loss = 4.809e-01
It: 760, Loss = 4.591e-01
It: 770, Loss = 4.416e-01
It: 780, Loss = 4.348e-01
It: 790, Loss = 4.517e-01
It: 800, Loss = 3.975e-01
It: 810, Loss = 3.852e-01
It: 820, Loss = 4.017e-01
It: 830, Loss = 3.552e-01
It: 840, Loss = 3.434e-01
It: 850, Loss = 3.215e-01
It: 860, Loss = 3.143e-01
It: 870, Loss = 3.136e-01
It: 880, Loss = 3.012e-01
It: 890, Loss = 2.915e-01
It: 900, Loss = 2.772e-01
It: 910, Loss = 2.703e-01
It: 920, Loss = 2.638e-01
It: 930, Loss = 2.619e-01
It: 940, Loss = 2.564e-01
It: 950, Loss = 2.522e-01
It: 960, Loss = 2.468e-01
It: 970, Loss = 2.414e-01
It: 980, Loss = 2.387e-01
It: 990, Loss = 2.479e-01
G_pred shape (100, 100)
It: 0, Loss = 1.189e+00
It: 10, Loss = 1.030e+00
It: 20, Loss = 9.900e-01
It: 30, Loss = 9.776e-01
It: 40, Loss = 9.699e-01
It: 50, Loss = 9.607e-01
It: 60, Loss = 9.544e-01
It: 70, Loss = 9.515e-01
It: 80, Loss = 9.509e-01
It: 90, Loss = 9.502e-01
It: 100, Loss = 9.492e-01
It: 110, Loss = 9.483e-01
It: 120, Loss = 9.479e-01
It: 130, Loss = 9.478e-01
It: 140, Loss = 9.476e-01
It: 150, Loss = 9.475e-01
It: 160, Loss = 9.474e-01
It: 170, Loss = 9.473e-01
It: 180, Loss = 9.472e-01
It: 190, Loss = 9.471e-01
It: 200, Loss = 9.470e-01
It: 210, Loss = 9.469e-01
It: 220, Loss = 9.468e-01
It: 230, Loss = 9.467e-01
It: 240, Loss = 9.466e-01
It: 250, Loss = 9.464e-01
It: 260, Loss = 9.463e-01
It: 270, Loss = 9.461e-01
It: 280, Loss = 9.459e-01
It: 290, Loss = 9.457e-01
It: 300, Loss = 9.453e-01
It: 310, Loss = 9.445e-01
It: 320, Loss = 9.432e-01
It: 330, Loss = 9.421e-01
It: 340, Loss = 9.416e-01
It: 350, Loss = 9.411e-01
It: 360, Loss = 9.405e-01
It: 370, Loss = 9.399e-01
It: 380, Loss = 9.394e-01
It: 390, Loss = 9.390e-01
It: 400, Loss = 9.385e-01
It: 410, Loss = 9.377e-01
It: 420, Loss = 9.367e-01
It: 430, Loss = 9.351e-01
It: 440, Loss = 9.324e-01
It: 450, Loss = 9.278e-01
It: 460, Loss = 9.195e-01
It: 470, Loss = 9.038e-01
It: 480, Loss = 8.758e-01
It: 490, Loss = 8.402e-01
It: 500, Loss = 8.274e-01
It: 510, Loss = 8.174e-01
It: 520, Loss = 8.123e-01
It: 530, Loss = 8.010e-01
It: 540, Loss = 7.966e-01
It: 550, Loss = 7.937e-01
It: 560, Loss = 7.915e-01
It: 570, Loss = 7.893e-01
It: 580, Loss = 7.873e-01
It: 590, Loss = 7.853e-01
It: 600, Loss = 7.832e-01
It: 610, Loss = 7.811e-01
It: 620, Loss = 7.789e-01
It: 630, Loss = 7.767e-01
It: 640, Loss = 7.745e-01
It: 650, Loss = 7.723e-01
It: 660, Loss = 7.703e-01
It: 670, Loss = 7.683e-01
It: 680, Loss = 7.664e-01
It: 690, Loss = 7.645e-01
It: 700, Loss = 7.625e-01
It: 710, Loss = 7.604e-01
It: 720, Loss = 7.620e-01
It: 730, Loss = 7.600e-01
It: 740, Loss = 7.557e-01
It: 750, Loss = 7.532e-01
It: 760, Loss = 7.507e-01
It: 770, Loss = 7.482e-01
It: 780, Loss = 7.454e-01
It: 790, Loss = 7.422e-01
It: 800, Loss = 7.385e-01
It: 810, Loss = 7.408e-01
It: 820, Loss = 7.364e-01
It: 830, Loss = 7.304e-01
It: 840, Loss = 7.216e-01
It: 850, Loss = 7.140e-01
It: 860, Loss = 7.039e-01
It: 870, Loss = 7.004e-01
It: 880, Loss = 7.421e-01
It: 890, Loss = 6.795e-01
It: 900, Loss = 6.605e-01
It: 910, Loss = 6.355e-01
It: 920, Loss = 6.062e-01
It: 930, Loss = 5.669e-01
It: 940, Loss = 5.874e-01
It: 950, Loss = 5.137e-01
It: 960, Loss = 4.804e-01
It: 970, Loss = 4.612e-01
It: 980, Loss = 4.417e-01
It: 990, Loss = 4.713e-01
G_pred shape (100, 100)
It: 0, Loss = 1.187e+00
It: 10, Loss = 9.954e-01
It: 20, Loss = 9.889e-01
It: 30, Loss = 9.757e-01
It: 40, Loss = 9.659e-01
It: 50, Loss = 9.571e-01
It: 60, Loss = 9.491e-01
It: 70, Loss = 9.460e-01
It: 80, Loss = 9.449e-01
It: 90, Loss = 9.439e-01
It: 100, Loss = 9.433e-01
It: 110, Loss = 9.428e-01
It: 120, Loss = 9.425e-01
It: 130, Loss = 9.424e-01
It: 140, Loss = 9.423e-01
It: 150, Loss = 9.422e-01
It: 160, Loss = 9.421e-01
It: 170, Loss = 9.421e-01
It: 180, Loss = 9.420e-01
It: 190, Loss = 9.419e-01
It: 200, Loss = 9.418e-01
It: 210, Loss = 9.417e-01
It: 220, Loss = 9.416e-01
It: 230, Loss = 9.415e-01
It: 240, Loss = 9.414e-01
It: 250, Loss = 9.412e-01
It: 260, Loss = 9.411e-01
It: 270, Loss = 9.409e-01
It: 280, Loss = 9.407e-01
It: 290, Loss = 9.405e-01
It: 300, Loss = 9.403e-01
It: 310, Loss = 9.400e-01
It: 320, Loss = 9.396e-01
It: 330, Loss = 9.392e-01
It: 340, Loss = 9.386e-01
It: 350, Loss = 9.380e-01
It: 360, Loss = 9.370e-01
It: 370, Loss = 9.357e-01
It: 380, Loss = 9.344e-01
It: 390, Loss = 9.322e-01
It: 400, Loss = 9.284e-01
It: 410, Loss = 9.233e-01
It: 420, Loss = 9.164e-01
It: 430, Loss = 9.075e-01
It: 440, Loss = 9.078e-01
It: 450, Loss = 8.932e-01
It: 460, Loss = 8.714e-01
It: 470, Loss = 8.398e-01
It: 480, Loss = 8.834e-01
It: 490, Loss = 8.247e-01
It: 500, Loss = 8.000e-01
It: 510, Loss = 7.881e-01
It: 520, Loss = 7.762e-01
It: 530, Loss = 7.663e-01
It: 540, Loss = 7.565e-01
It: 550, Loss = 7.457e-01
It: 560, Loss = 7.325e-01
It: 570, Loss = 7.155e-01
It: 580, Loss = 7.314e-01
It: 590, Loss = 6.873e-01
It: 600, Loss = 6.736e-01
It: 610, Loss = 6.547e-01
It: 620, Loss = 6.372e-01
It: 630, Loss = 6.224e-01
It: 640, Loss = 6.126e-01
It: 650, Loss = 5.943e-01
It: 660, Loss = 5.822e-01
It: 670, Loss = 5.659e-01
It: 680, Loss = 5.590e-01
It: 690, Loss = 5.370e-01
It: 700, Loss = 5.226e-01
It: 710, Loss = 5.005e-01
It: 720, Loss = 4.874e-01
It: 730, Loss = 4.830e-01
It: 740, Loss = 4.678e-01
It: 750, Loss = 4.518e-01
It: 760, Loss = 4.341e-01
It: 770, Loss = 4.258e-01
It: 780, Loss = 4.400e-01
It: 790, Loss = 4.017e-01
It: 800, Loss = 3.789e-01
It: 810, Loss = 3.539e-01
It: 820, Loss = 4.638e-01
It: 830, Loss = 3.579e-01
It: 840, Loss = 3.100e-01
It: 850, Loss = 2.837e-01
It: 860, Loss = 2.585e-01
It: 870, Loss = 2.736e-01
It: 880, Loss = 2.392e-01
It: 890, Loss = 2.296e-01
It: 900, Loss = 2.194e-01
It: 910, Loss = 2.108e-01
It: 920, Loss = 2.042e-01
It: 930, Loss = 1.996e-01
It: 940, Loss = 1.956e-01
It: 950, Loss = 2.691e-01
It: 960, Loss = 2.002e-01
It: 970, Loss = 1.952e-01
It: 980, Loss = 1.903e-01
It: 990, Loss = 1.849e-01
G_pred shape (100, 100)
It: 0, Loss = 1.121e+00
It: 10, Loss = 9.838e-01
It: 20, Loss = 9.755e-01
It: 30, Loss = 9.640e-01
It: 40, Loss = 9.533e-01
It: 50, Loss = 9.464e-01
It: 60, Loss = 9.459e-01
It: 70, Loss = 9.453e-01
It: 80, Loss = 9.448e-01
It: 90, Loss = 9.447e-01
It: 100, Loss = 9.446e-01
It: 110, Loss = 9.444e-01
It: 120, Loss = 9.443e-01
It: 130, Loss = 9.442e-01
It: 140, Loss = 9.441e-01
It: 150, Loss = 9.439e-01
It: 160, Loss = 9.438e-01
It: 170, Loss = 9.437e-01
It: 180, Loss = 9.435e-01
It: 190, Loss = 9.433e-01
It: 200, Loss = 9.432e-01
It: 210, Loss = 9.430e-01
It: 220, Loss = 9.428e-01
It: 230, Loss = 9.426e-01
It: 240, Loss = 9.424e-01
It: 250, Loss = 9.422e-01
It: 260, Loss = 9.419e-01
It: 270, Loss = 9.417e-01
It: 280, Loss = 9.414e-01
It: 290, Loss = 9.411e-01
It: 300, Loss = 9.407e-01
It: 310, Loss = 9.402e-01
It: 320, Loss = 9.396e-01
It: 330, Loss = 9.387e-01
It: 340, Loss = 9.374e-01
It: 350, Loss = 9.358e-01
It: 360, Loss = 9.344e-01
It: 370, Loss = 9.323e-01
It: 380, Loss = 9.286e-01
It: 390, Loss = 9.208e-01
It: 400, Loss = 9.331e-01
It: 410, Loss = 8.962e-01
It: 420, Loss = 8.680e-01
It: 430, Loss = 8.326e-01
It: 440, Loss = 8.016e-01
It: 450, Loss = 7.737e-01
It: 460, Loss = 7.531e-01
It: 470, Loss = 7.371e-01
It: 480, Loss = 7.272e-01
It: 490, Loss = 7.190e-01
It: 500, Loss = 7.089e-01
It: 510, Loss = 7.445e-01
It: 520, Loss = 7.009e-01
It: 530, Loss = 6.829e-01
It: 540, Loss = 6.704e-01
It: 550, Loss = 6.543e-01
It: 560, Loss = 6.350e-01
It: 570, Loss = 6.292e-01
It: 580, Loss = 6.070e-01
It: 590, Loss = 5.911e-01
It: 600, Loss = 5.840e-01
It: 610, Loss = 5.791e-01
It: 620, Loss = 5.720e-01
It: 630, Loss = 5.686e-01
It: 640, Loss = 5.830e-01
It: 650, Loss = 5.674e-01
It: 660, Loss = 5.635e-01
It: 670, Loss = 5.597e-01
It: 680, Loss = 5.565e-01
It: 690, Loss = 5.537e-01
It: 700, Loss = 5.779e-01
It: 710, Loss = 5.599e-01
It: 720, Loss = 5.506e-01
It: 730, Loss = 5.450e-01
It: 740, Loss = 5.403e-01
It: 750, Loss = 5.364e-01
It: 760, Loss = 5.444e-01
It: 770, Loss = 5.347e-01
It: 780, Loss = 5.246e-01
It: 790, Loss = 5.222e-01
It: 800, Loss = 5.308e-01
It: 810, Loss = 5.184e-01
It: 820, Loss = 5.088e-01
It: 830, Loss = 5.012e-01
It: 840, Loss = 5.028e-01
It: 850, Loss = 4.961e-01
It: 860, Loss = 4.846e-01
It: 870, Loss = 4.717e-01
It: 880, Loss = 4.675e-01
It: 890, Loss = 4.613e-01
It: 900, Loss = 4.395e-01
It: 910, Loss = 4.233e-01
It: 920, Loss = 4.075e-01
It: 930, Loss = 4.144e-01
It: 940, Loss = 3.808e-01
It: 950, Loss = 3.480e-01
It: 960, Loss = 3.233e-01
It: 970, Loss = 3.625e-01
It: 980, Loss = 2.898e-01
It: 990, Loss = 2.534e-01
G_pred shape (100, 100)
