Using TensorFlow 2 backend.

noise_ratio =  0.42857143
It: 0, Loss = 1.201e+00
It: 10, Loss = 1.003e+00
It: 20, Loss = 9.769e-01
It: 30, Loss = 9.709e-01
It: 40, Loss = 9.622e-01
It: 50, Loss = 9.540e-01
It: 60, Loss = 9.497e-01
It: 70, Loss = 9.489e-01
It: 80, Loss = 9.480e-01
It: 90, Loss = 9.473e-01
It: 100, Loss = 9.470e-01
It: 110, Loss = 9.469e-01
It: 120, Loss = 9.468e-01
It: 130, Loss = 9.467e-01
It: 140, Loss = 9.466e-01
It: 150, Loss = 9.465e-01
It: 160, Loss = 9.465e-01
It: 170, Loss = 9.464e-01
It: 180, Loss = 9.463e-01
It: 190, Loss = 9.462e-01
It: 200, Loss = 9.462e-01
It: 210, Loss = 9.461e-01
It: 220, Loss = 9.460e-01
It: 230, Loss = 9.459e-01
It: 240, Loss = 9.458e-01
It: 250, Loss = 9.457e-01
It: 260, Loss = 9.455e-01
It: 270, Loss = 9.454e-01
It: 280, Loss = 9.453e-01
It: 290, Loss = 9.451e-01
It: 300, Loss = 9.450e-01
It: 310, Loss = 9.448e-01
It: 320, Loss = 9.446e-01
It: 330, Loss = 9.444e-01
It: 340, Loss = 9.442e-01
It: 350, Loss = 9.440e-01
It: 360, Loss = 9.438e-01
It: 370, Loss = 9.435e-01
It: 380, Loss = 9.432e-01
It: 390, Loss = 9.428e-01
It: 400, Loss = 9.424e-01
It: 410, Loss = 9.418e-01
It: 420, Loss = 9.412e-01
It: 430, Loss = 9.404e-01
It: 440, Loss = 9.394e-01
It: 450, Loss = 9.384e-01
It: 460, Loss = 9.371e-01
It: 470, Loss = 9.356e-01
It: 480, Loss = 9.344e-01
It: 490, Loss = 9.320e-01
It: 500, Loss = 9.291e-01
It: 510, Loss = 9.239e-01
It: 520, Loss = 9.150e-01
It: 530, Loss = 8.977e-01
It: 540, Loss = 9.420e-01
It: 550, Loss = 8.822e-01
It: 560, Loss = 8.739e-01
It: 570, Loss = 8.543e-01
It: 580, Loss = 8.352e-01
It: 590, Loss = 8.055e-01
It: 600, Loss = 7.686e-01
It: 610, Loss = 7.675e-01
It: 620, Loss = 7.380e-01
It: 630, Loss = 7.136e-01
It: 640, Loss = 6.939e-01
It: 650, Loss = 6.711e-01
It: 660, Loss = 6.498e-01
It: 670, Loss = 6.353e-01
It: 680, Loss = 6.021e-01
It: 690, Loss = 5.836e-01
It: 700, Loss = 5.671e-01
It: 710, Loss = 5.531e-01
It: 720, Loss = 5.440e-01
It: 730, Loss = 5.286e-01
It: 740, Loss = 5.146e-01
It: 750, Loss = 4.993e-01
It: 760, Loss = 5.206e-01
It: 770, Loss = 4.765e-01
It: 780, Loss = 4.595e-01
It: 790, Loss = 4.396e-01
It: 800, Loss = 4.650e-01
It: 810, Loss = 4.102e-01
It: 820, Loss = 3.818e-01
It: 830, Loss = 4.351e-01
It: 840, Loss = 4.448e-01
It: 850, Loss = 3.675e-01
It: 860, Loss = 3.263e-01
It: 870, Loss = 3.031e-01
It: 880, Loss = 2.806e-01
It: 890, Loss = 2.628e-01
It: 900, Loss = 2.484e-01
It: 910, Loss = 2.951e-01
It: 920, Loss = 2.468e-01
It: 930, Loss = 2.315e-01
It: 940, Loss = 2.250e-01
It: 950, Loss = 2.203e-01
It: 960, Loss = 2.174e-01
It: 970, Loss = 2.152e-01
It: 980, Loss = 2.131e-01
It: 990, Loss = 2.114e-01
G_pred shape (100, 100)
It: 0, Loss = 1.080e+00
It: 10, Loss = 1.015e+00
It: 20, Loss = 9.801e-01
It: 30, Loss = 9.705e-01
It: 40, Loss = 9.584e-01
It: 50, Loss = 9.556e-01
It: 60, Loss = 9.540e-01
It: 70, Loss = 9.533e-01
It: 80, Loss = 9.526e-01
It: 90, Loss = 9.521e-01
It: 100, Loss = 9.518e-01
It: 110, Loss = 9.514e-01
It: 120, Loss = 9.512e-01
It: 130, Loss = 9.511e-01
It: 140, Loss = 9.510e-01
It: 150, Loss = 9.509e-01
It: 160, Loss = 9.508e-01
It: 170, Loss = 9.507e-01
It: 180, Loss = 9.506e-01
It: 190, Loss = 9.505e-01
It: 200, Loss = 9.503e-01
It: 210, Loss = 9.502e-01
It: 220, Loss = 9.501e-01
It: 230, Loss = 9.499e-01
It: 240, Loss = 9.497e-01
It: 250, Loss = 9.495e-01
It: 260, Loss = 9.492e-01
It: 270, Loss = 9.489e-01
It: 280, Loss = 9.484e-01
It: 290, Loss = 9.479e-01
It: 300, Loss = 9.471e-01
It: 310, Loss = 9.463e-01
It: 320, Loss = 9.455e-01
It: 330, Loss = 9.450e-01
It: 340, Loss = 9.445e-01
It: 350, Loss = 9.440e-01
It: 360, Loss = 9.434e-01
It: 370, Loss = 9.427e-01
It: 380, Loss = 9.418e-01
It: 390, Loss = 9.407e-01
It: 400, Loss = 9.392e-01
It: 410, Loss = 9.369e-01
It: 420, Loss = 9.334e-01
It: 430, Loss = 9.272e-01
It: 440, Loss = 9.144e-01
It: 450, Loss = 8.867e-01
It: 460, Loss = 8.679e-01
It: 470, Loss = 8.515e-01
It: 480, Loss = 8.253e-01
It: 490, Loss = 8.030e-01
It: 500, Loss = 7.918e-01
It: 510, Loss = 7.845e-01
It: 520, Loss = 7.785e-01
It: 530, Loss = 7.734e-01
It: 540, Loss = 7.681e-01
It: 550, Loss = 7.624e-01
It: 560, Loss = 7.740e-01
It: 570, Loss = 7.555e-01
It: 580, Loss = 7.413e-01
It: 590, Loss = 7.299e-01
It: 600, Loss = 7.257e-01
It: 610, Loss = 6.941e-01
It: 620, Loss = 6.973e-01
It: 630, Loss = 6.420e-01
It: 640, Loss = 6.179e-01
It: 650, Loss = 6.274e-01
It: 660, Loss = 5.952e-01
It: 670, Loss = 5.774e-01
It: 680, Loss = 5.676e-01
It: 690, Loss = 5.620e-01
It: 700, Loss = 5.530e-01
It: 710, Loss = 5.471e-01
It: 720, Loss = 5.363e-01
It: 730, Loss = 5.319e-01
It: 740, Loss = 5.173e-01
It: 750, Loss = 5.054e-01
It: 760, Loss = 4.893e-01
It: 770, Loss = 5.420e-01
It: 780, Loss = 4.695e-01
It: 790, Loss = 4.572e-01
It: 800, Loss = 4.341e-01
It: 810, Loss = 4.230e-01
It: 820, Loss = 4.088e-01
It: 830, Loss = 3.936e-01
It: 840, Loss = 3.745e-01
It: 850, Loss = 3.491e-01
It: 860, Loss = 3.317e-01
It: 870, Loss = 3.300e-01
It: 880, Loss = 3.112e-01
It: 890, Loss = 2.961e-01
It: 900, Loss = 2.801e-01
It: 910, Loss = 2.679e-01
It: 920, Loss = 2.614e-01
It: 930, Loss = 2.540e-01
It: 940, Loss = 2.420e-01
It: 950, Loss = 2.350e-01
It: 960, Loss = 2.298e-01
It: 970, Loss = 2.263e-01
It: 980, Loss = 2.235e-01
It: 990, Loss = 2.212e-01
G_pred shape (100, 100)
It: 0, Loss = 1.066e+00
It: 10, Loss = 1.004e+00
It: 20, Loss = 9.980e-01
It: 30, Loss = 9.851e-01
It: 40, Loss = 9.721e-01
It: 50, Loss = 9.632e-01
It: 60, Loss = 9.561e-01
It: 70, Loss = 9.541e-01
It: 80, Loss = 9.531e-01
It: 90, Loss = 9.523e-01
It: 100, Loss = 9.520e-01
It: 110, Loss = 9.518e-01
It: 120, Loss = 9.516e-01
It: 130, Loss = 9.515e-01
It: 140, Loss = 9.514e-01
It: 150, Loss = 9.513e-01
It: 160, Loss = 9.513e-01
It: 170, Loss = 9.512e-01
It: 180, Loss = 9.512e-01
It: 190, Loss = 9.511e-01
It: 200, Loss = 9.510e-01
It: 210, Loss = 9.510e-01
It: 220, Loss = 9.509e-01
It: 230, Loss = 9.508e-01
It: 240, Loss = 9.507e-01
It: 250, Loss = 9.507e-01
It: 260, Loss = 9.506e-01
It: 270, Loss = 9.505e-01
It: 280, Loss = 9.504e-01
It: 290, Loss = 9.502e-01
It: 300, Loss = 9.501e-01
It: 310, Loss = 9.499e-01
It: 320, Loss = 9.497e-01
It: 330, Loss = 9.495e-01
It: 340, Loss = 9.493e-01
It: 350, Loss = 9.490e-01
It: 360, Loss = 9.486e-01
It: 370, Loss = 9.482e-01
It: 380, Loss = 9.476e-01
It: 390, Loss = 9.470e-01
It: 400, Loss = 9.461e-01
It: 410, Loss = 9.451e-01
It: 420, Loss = 9.437e-01
It: 430, Loss = 9.420e-01
It: 440, Loss = 9.397e-01
It: 450, Loss = 9.367e-01
It: 460, Loss = 9.322e-01
It: 470, Loss = 9.251e-01
It: 480, Loss = 9.129e-01
It: 490, Loss = 9.198e-01
It: 500, Loss = 8.978e-01
It: 510, Loss = 8.802e-01
It: 520, Loss = 8.695e-01
It: 530, Loss = 8.574e-01
It: 540, Loss = 8.467e-01
It: 550, Loss = 8.368e-01
It: 560, Loss = 8.279e-01
It: 570, Loss = 8.385e-01
It: 580, Loss = 8.150e-01
It: 590, Loss = 8.124e-01
It: 600, Loss = 8.069e-01
It: 610, Loss = 8.028e-01
It: 620, Loss = 7.997e-01
It: 630, Loss = 7.972e-01
It: 640, Loss = 7.955e-01
It: 650, Loss = 7.940e-01
It: 660, Loss = 7.934e-01
It: 670, Loss = 7.924e-01
It: 680, Loss = 7.904e-01
It: 690, Loss = 7.890e-01
It: 700, Loss = 7.875e-01
It: 710, Loss = 8.200e-01
It: 720, Loss = 7.876e-01
It: 730, Loss = 7.851e-01
It: 740, Loss = 7.829e-01
It: 750, Loss = 7.813e-01
It: 760, Loss = 7.797e-01
It: 770, Loss = 7.779e-01
It: 780, Loss = 7.758e-01
It: 790, Loss = 7.734e-01
It: 800, Loss = 7.702e-01
It: 810, Loss = 7.662e-01
It: 820, Loss = 7.654e-01
It: 830, Loss = 7.565e-01
It: 840, Loss = 7.481e-01
It: 850, Loss = 7.372e-01
It: 860, Loss = 7.264e-01
It: 870, Loss = 7.289e-01
It: 880, Loss = 7.017e-01
It: 890, Loss = 6.844e-01
It: 900, Loss = 6.717e-01
It: 910, Loss = 6.648e-01
It: 920, Loss = 6.562e-01
It: 930, Loss = 6.406e-01
It: 940, Loss = 6.188e-01
It: 950, Loss = 6.530e-01
It: 960, Loss = 5.940e-01
It: 970, Loss = 5.696e-01
It: 980, Loss = 5.573e-01
It: 990, Loss = 5.373e-01
G_pred shape (100, 100)
It: 0, Loss = 2.798e+00
It: 10, Loss = 1.224e+00
It: 20, Loss = 1.117e+00
It: 30, Loss = 1.019e+00
It: 40, Loss = 9.893e-01
It: 50, Loss = 9.879e-01
It: 60, Loss = 9.865e-01
It: 70, Loss = 9.841e-01
It: 80, Loss = 9.821e-01
It: 90, Loss = 9.805e-01
It: 100, Loss = 9.788e-01
It: 110, Loss = 9.770e-01
It: 120, Loss = 9.750e-01
It: 130, Loss = 9.726e-01
It: 140, Loss = 9.700e-01
It: 150, Loss = 9.670e-01
It: 160, Loss = 9.639e-01
It: 170, Loss = 9.606e-01
It: 180, Loss = 9.576e-01
It: 190, Loss = 9.553e-01
It: 200, Loss = 9.539e-01
It: 210, Loss = 9.532e-01
It: 220, Loss = 9.529e-01
It: 230, Loss = 9.528e-01
It: 240, Loss = 9.526e-01
It: 250, Loss = 9.525e-01
It: 260, Loss = 9.524e-01
It: 270, Loss = 9.523e-01
It: 280, Loss = 9.522e-01
It: 290, Loss = 9.522e-01
It: 300, Loss = 9.521e-01
It: 310, Loss = 9.520e-01
It: 320, Loss = 9.520e-01
It: 330, Loss = 9.519e-01
It: 340, Loss = 9.519e-01
It: 350, Loss = 9.518e-01
It: 360, Loss = 9.517e-01
It: 370, Loss = 9.517e-01
It: 380, Loss = 9.516e-01
It: 390, Loss = 9.514e-01
It: 400, Loss = 9.512e-01
It: 410, Loss = 9.508e-01
It: 420, Loss = 9.500e-01
It: 430, Loss = 9.495e-01
It: 440, Loss = 9.496e-01
It: 450, Loss = 9.493e-01
It: 460, Loss = 9.491e-01
It: 470, Loss = 9.489e-01
It: 480, Loss = 9.488e-01
It: 490, Loss = 9.487e-01
It: 500, Loss = 9.485e-01
It: 510, Loss = 9.484e-01
It: 520, Loss = 9.489e-01
It: 530, Loss = 9.483e-01
It: 540, Loss = 9.481e-01
It: 550, Loss = 9.480e-01
It: 560, Loss = 9.479e-01
It: 570, Loss = 9.478e-01
It: 580, Loss = 9.477e-01
It: 590, Loss = 9.475e-01
It: 600, Loss = 9.474e-01
It: 610, Loss = 9.472e-01
It: 620, Loss = 9.471e-01
It: 630, Loss = 9.469e-01
It: 640, Loss = 9.468e-01
It: 650, Loss = 9.468e-01
It: 660, Loss = 9.466e-01
It: 670, Loss = 9.466e-01
It: 680, Loss = 9.465e-01
It: 690, Loss = 9.463e-01
It: 700, Loss = 9.462e-01
It: 710, Loss = 9.460e-01
It: 720, Loss = 9.458e-01
It: 730, Loss = 9.459e-01
It: 740, Loss = 9.457e-01
It: 750, Loss = 9.458e-01
It: 760, Loss = 9.454e-01
It: 770, Loss = 9.453e-01
It: 780, Loss = 9.451e-01
It: 790, Loss = 9.449e-01
It: 800, Loss = 9.448e-01
It: 810, Loss = 9.446e-01
It: 820, Loss = 9.444e-01
It: 830, Loss = 9.443e-01
It: 840, Loss = 9.441e-01
It: 850, Loss = 9.439e-01
It: 860, Loss = 9.437e-01
It: 870, Loss = 9.435e-01
It: 880, Loss = 9.432e-01
It: 890, Loss = 9.429e-01
It: 900, Loss = 9.426e-01
It: 910, Loss = 9.423e-01
It: 920, Loss = 9.419e-01
It: 930, Loss = 9.415e-01
It: 940, Loss = 9.410e-01
It: 950, Loss = 9.406e-01
It: 960, Loss = 9.401e-01
It: 970, Loss = 9.394e-01
It: 980, Loss = 9.387e-01
It: 990, Loss = 9.379e-01
G_pred shape (100, 100)
It: 0, Loss = 2.201e+00
It: 10, Loss = 1.074e+00
It: 20, Loss = 1.055e+00
It: 30, Loss = 1.017e+00
It: 40, Loss = 9.887e-01
It: 50, Loss = 9.763e-01
It: 60, Loss = 9.698e-01
It: 70, Loss = 9.643e-01
It: 80, Loss = 9.587e-01
It: 90, Loss = 9.532e-01
It: 100, Loss = 9.488e-01
It: 110, Loss = 9.466e-01
It: 120, Loss = 9.461e-01
It: 130, Loss = 9.459e-01
It: 140, Loss = 9.456e-01
It: 150, Loss = 9.454e-01
It: 160, Loss = 9.453e-01
It: 170, Loss = 9.451e-01
It: 180, Loss = 9.450e-01
It: 190, Loss = 9.449e-01
It: 200, Loss = 9.448e-01
It: 210, Loss = 9.448e-01
It: 220, Loss = 9.447e-01
It: 230, Loss = 9.446e-01
It: 240, Loss = 9.445e-01
It: 250, Loss = 9.444e-01
It: 260, Loss = 9.443e-01
It: 270, Loss = 9.441e-01
It: 280, Loss = 9.440e-01
It: 290, Loss = 9.437e-01
It: 300, Loss = 9.434e-01
It: 310, Loss = 9.428e-01
It: 320, Loss = 9.420e-01
It: 330, Loss = 9.408e-01
It: 340, Loss = 9.396e-01
It: 350, Loss = 9.391e-01
It: 360, Loss = 9.389e-01
It: 370, Loss = 9.388e-01
It: 380, Loss = 9.387e-01
It: 390, Loss = 9.386e-01
It: 400, Loss = 9.386e-01
It: 410, Loss = 9.385e-01
It: 420, Loss = 9.385e-01
It: 430, Loss = 9.384e-01
It: 440, Loss = 9.384e-01
It: 450, Loss = 9.383e-01
It: 460, Loss = 9.382e-01
It: 470, Loss = 9.382e-01
It: 480, Loss = 9.381e-01
It: 490, Loss = 9.380e-01
It: 500, Loss = 9.379e-01
It: 510, Loss = 9.379e-01
It: 520, Loss = 9.378e-01
It: 530, Loss = 9.377e-01
It: 540, Loss = 9.376e-01
It: 550, Loss = 9.374e-01
It: 560, Loss = 9.373e-01
It: 570, Loss = 9.372e-01
It: 580, Loss = 9.371e-01
It: 590, Loss = 9.369e-01
It: 600, Loss = 9.368e-01
It: 610, Loss = 9.366e-01
It: 620, Loss = 9.364e-01
It: 630, Loss = 9.363e-01
It: 640, Loss = 9.361e-01
It: 650, Loss = 9.359e-01
It: 660, Loss = 9.356e-01
It: 670, Loss = 9.354e-01
It: 680, Loss = 9.351e-01
It: 690, Loss = 9.347e-01
It: 700, Loss = 9.343e-01
It: 710, Loss = 9.338e-01
It: 720, Loss = 9.331e-01
It: 730, Loss = 9.324e-01
It: 740, Loss = 9.314e-01
It: 750, Loss = 9.302e-01
It: 760, Loss = 9.287e-01
It: 770, Loss = 9.271e-01
It: 780, Loss = 9.252e-01
It: 790, Loss = 9.232e-01
It: 800, Loss = 9.211e-01
It: 810, Loss = 9.188e-01
It: 820, Loss = 9.160e-01
It: 830, Loss = 9.123e-01
It: 840, Loss = 9.063e-01
It: 850, Loss = 8.980e-01
It: 860, Loss = 8.924e-01
It: 870, Loss = 8.818e-01
It: 880, Loss = 8.762e-01
It: 890, Loss = 8.712e-01
It: 900, Loss = 8.680e-01
It: 910, Loss = 8.631e-01
It: 920, Loss = 8.573e-01
It: 930, Loss = 8.518e-01
It: 940, Loss = 8.452e-01
It: 950, Loss = 8.385e-01
It: 960, Loss = 8.271e-01
It: 970, Loss = 8.135e-01
It: 980, Loss = 8.028e-01
It: 990, Loss = 7.953e-01
G_pred shape (100, 100)
