Using TensorFlow 2 backend.

noise_ratio =  0.32653061
It: 0, Loss = 1.167e+00
It: 10, Loss = 1.023e+00
It: 20, Loss = 9.881e-01
It: 30, Loss = 9.731e-01
It: 40, Loss = 9.665e-01
It: 50, Loss = 9.590e-01
It: 60, Loss = 9.520e-01
It: 70, Loss = 9.454e-01
It: 80, Loss = 9.411e-01
It: 90, Loss = 9.393e-01
It: 100, Loss = 9.384e-01
It: 110, Loss = 9.380e-01
It: 120, Loss = 9.380e-01
It: 130, Loss = 9.379e-01
It: 140, Loss = 9.378e-01
It: 150, Loss = 9.377e-01
It: 160, Loss = 9.376e-01
It: 170, Loss = 9.374e-01
It: 180, Loss = 9.373e-01
It: 190, Loss = 9.371e-01
It: 200, Loss = 9.367e-01
It: 210, Loss = 9.360e-01
It: 220, Loss = 9.345e-01
It: 230, Loss = 9.324e-01
It: 240, Loss = 9.318e-01
It: 250, Loss = 9.311e-01
It: 260, Loss = 9.307e-01
It: 270, Loss = 9.306e-01
It: 280, Loss = 9.305e-01
It: 290, Loss = 9.303e-01
It: 300, Loss = 9.302e-01
It: 310, Loss = 9.301e-01
It: 320, Loss = 9.299e-01
It: 330, Loss = 9.298e-01
It: 340, Loss = 9.296e-01
It: 350, Loss = 9.294e-01
It: 360, Loss = 9.292e-01
It: 370, Loss = 9.290e-01
It: 380, Loss = 9.287e-01
It: 390, Loss = 9.284e-01
It: 400, Loss = 9.281e-01
It: 410, Loss = 9.278e-01
It: 420, Loss = 9.274e-01
It: 430, Loss = 9.269e-01
It: 440, Loss = 9.264e-01
It: 450, Loss = 9.259e-01
It: 460, Loss = 9.253e-01
It: 470, Loss = 9.246e-01
It: 480, Loss = 9.243e-01
It: 490, Loss = 9.240e-01
It: 500, Loss = 9.221e-01
It: 510, Loss = 9.208e-01
It: 520, Loss = 9.196e-01
It: 530, Loss = 9.208e-01
It: 540, Loss = 9.165e-01
It: 550, Loss = 9.123e-01
It: 560, Loss = 9.070e-01
It: 570, Loss = 9.014e-01
It: 580, Loss = 8.980e-01
It: 590, Loss = 8.824e-01
It: 600, Loss = 8.661e-01
It: 610, Loss = 8.519e-01
It: 620, Loss = 8.457e-01
It: 630, Loss = 8.252e-01
It: 640, Loss = 8.143e-01
It: 650, Loss = 8.026e-01
It: 660, Loss = 7.905e-01
It: 670, Loss = 7.805e-01
It: 680, Loss = 7.719e-01
It: 690, Loss = 7.614e-01
It: 700, Loss = 7.461e-01
It: 710, Loss = 7.294e-01
It: 720, Loss = 7.120e-01
It: 730, Loss = 6.977e-01
It: 740, Loss = 6.749e-01
It: 750, Loss = 6.609e-01
It: 760, Loss = 6.490e-01
It: 770, Loss = 6.405e-01
It: 780, Loss = 6.307e-01
It: 790, Loss = 6.204e-01
It: 800, Loss = 6.124e-01
It: 810, Loss = 6.098e-01
It: 820, Loss = 5.990e-01
It: 830, Loss = 5.852e-01
It: 840, Loss = 5.799e-01
It: 850, Loss = 5.636e-01
It: 860, Loss = 5.615e-01
It: 870, Loss = 5.468e-01
It: 880, Loss = 5.368e-01
It: 890, Loss = 5.240e-01
It: 900, Loss = 5.190e-01
It: 910, Loss = 5.006e-01
It: 920, Loss = 4.795e-01
It: 930, Loss = 4.454e-01
It: 940, Loss = 5.123e-01
It: 950, Loss = 4.173e-01
It: 960, Loss = 3.497e-01
It: 970, Loss = 2.910e-01
It: 980, Loss = 2.470e-01
It: 990, Loss = 2.492e-01
G_pred shape (100, 100)
It: 0, Loss = 2.145e+00
It: 10, Loss = 1.027e+00
It: 20, Loss = 1.034e+00
It: 30, Loss = 1.008e+00
It: 40, Loss = 9.806e-01
It: 50, Loss = 9.670e-01
It: 60, Loss = 9.601e-01
It: 70, Loss = 9.550e-01
It: 80, Loss = 9.503e-01
It: 90, Loss = 9.462e-01
It: 100, Loss = 9.430e-01
It: 110, Loss = 9.411e-01
It: 120, Loss = 9.404e-01
It: 130, Loss = 9.403e-01
It: 140, Loss = 9.403e-01
It: 150, Loss = 9.402e-01
It: 160, Loss = 9.402e-01
It: 170, Loss = 9.401e-01
It: 180, Loss = 9.401e-01
It: 190, Loss = 9.400e-01
It: 200, Loss = 9.400e-01
It: 210, Loss = 9.400e-01
It: 220, Loss = 9.399e-01
It: 230, Loss = 9.399e-01
It: 240, Loss = 9.398e-01
It: 250, Loss = 9.398e-01
It: 260, Loss = 9.397e-01
It: 270, Loss = 9.396e-01
It: 280, Loss = 9.393e-01
It: 290, Loss = 9.389e-01
It: 300, Loss = 9.385e-01
It: 310, Loss = 9.361e-01
It: 320, Loss = 9.342e-01
It: 330, Loss = 9.340e-01
It: 340, Loss = 9.338e-01
It: 350, Loss = 9.336e-01
It: 360, Loss = 9.335e-01
It: 370, Loss = 9.333e-01
It: 380, Loss = 9.332e-01
It: 390, Loss = 9.331e-01
It: 400, Loss = 9.329e-01
It: 410, Loss = 9.333e-01
It: 420, Loss = 9.328e-01
It: 430, Loss = 9.326e-01
It: 440, Loss = 9.324e-01
It: 450, Loss = 9.323e-01
It: 460, Loss = 9.321e-01
It: 470, Loss = 9.319e-01
It: 480, Loss = 9.318e-01
It: 490, Loss = 9.319e-01
It: 500, Loss = 9.316e-01
It: 510, Loss = 9.313e-01
It: 520, Loss = 9.312e-01
It: 530, Loss = 9.311e-01
It: 540, Loss = 9.309e-01
It: 550, Loss = 9.307e-01
It: 560, Loss = 9.305e-01
It: 570, Loss = 9.302e-01
It: 580, Loss = 9.300e-01
It: 590, Loss = 9.296e-01
It: 600, Loss = 9.292e-01
It: 610, Loss = 9.285e-01
It: 620, Loss = 9.277e-01
It: 630, Loss = 9.266e-01
It: 640, Loss = 9.249e-01
It: 650, Loss = 9.223e-01
It: 660, Loss = 9.183e-01
It: 670, Loss = 9.105e-01
It: 680, Loss = 8.988e-01
It: 690, Loss = 8.866e-01
It: 700, Loss = 8.779e-01
It: 710, Loss = 8.684e-01
It: 720, Loss = 8.586e-01
It: 730, Loss = 8.487e-01
It: 740, Loss = 8.393e-01
It: 750, Loss = 8.309e-01
It: 760, Loss = 8.214e-01
It: 770, Loss = 8.093e-01
It: 780, Loss = 7.941e-01
It: 790, Loss = 7.799e-01
It: 800, Loss = 7.618e-01
It: 810, Loss = 7.491e-01
It: 820, Loss = 7.363e-01
It: 830, Loss = 7.207e-01
It: 840, Loss = 7.083e-01
It: 850, Loss = 7.008e-01
It: 860, Loss = 6.887e-01
It: 870, Loss = 6.821e-01
It: 880, Loss = 6.758e-01
It: 890, Loss = 6.703e-01
It: 900, Loss = 6.643e-01
It: 910, Loss = 6.572e-01
It: 920, Loss = 6.521e-01
It: 930, Loss = 6.458e-01
It: 940, Loss = 6.370e-01
It: 950, Loss = 6.301e-01
It: 960, Loss = 6.217e-01
It: 970, Loss = 6.134e-01
It: 980, Loss = 6.124e-01
It: 990, Loss = 6.009e-01
G_pred shape (100, 100)
It: 0, Loss = 2.441e+00
It: 10, Loss = 1.074e+00
It: 20, Loss = 1.081e+00
It: 30, Loss = 1.022e+00
It: 40, Loss = 9.819e-01
It: 50, Loss = 9.719e-01
It: 60, Loss = 9.679e-01
It: 70, Loss = 9.636e-01
It: 80, Loss = 9.589e-01
It: 90, Loss = 9.541e-01
It: 100, Loss = 9.493e-01
It: 110, Loss = 9.451e-01
It: 120, Loss = 9.422e-01
It: 130, Loss = 9.407e-01
It: 140, Loss = 9.403e-01
It: 150, Loss = 9.402e-01
It: 160, Loss = 9.401e-01
It: 170, Loss = 9.399e-01
It: 180, Loss = 9.398e-01
It: 190, Loss = 9.397e-01
It: 200, Loss = 9.396e-01
It: 210, Loss = 9.396e-01
It: 220, Loss = 9.395e-01
It: 230, Loss = 9.394e-01
It: 240, Loss = 9.394e-01
It: 250, Loss = 9.393e-01
It: 260, Loss = 9.392e-01
It: 270, Loss = 9.392e-01
It: 280, Loss = 9.391e-01
It: 290, Loss = 9.390e-01
It: 300, Loss = 9.390e-01
It: 310, Loss = 9.389e-01
It: 320, Loss = 9.389e-01
It: 330, Loss = 9.388e-01
It: 340, Loss = 9.387e-01
It: 350, Loss = 9.386e-01
It: 360, Loss = 9.385e-01
It: 370, Loss = 9.383e-01
It: 380, Loss = 9.380e-01
It: 390, Loss = 9.371e-01
It: 400, Loss = 9.347e-01
It: 410, Loss = 9.320e-01
It: 420, Loss = 9.308e-01
It: 430, Loss = 9.304e-01
It: 440, Loss = 9.301e-01
It: 450, Loss = 9.299e-01
It: 460, Loss = 9.297e-01
It: 470, Loss = 9.294e-01
It: 480, Loss = 9.291e-01
It: 490, Loss = 9.287e-01
It: 500, Loss = 9.290e-01
It: 510, Loss = 9.279e-01
It: 520, Loss = 9.273e-01
It: 530, Loss = 9.271e-01
It: 540, Loss = 9.270e-01
It: 550, Loss = 9.268e-01
It: 560, Loss = 9.267e-01
It: 570, Loss = 9.266e-01
It: 580, Loss = 9.264e-01
It: 590, Loss = 9.263e-01
It: 600, Loss = 9.261e-01
It: 610, Loss = 9.259e-01
It: 620, Loss = 9.257e-01
It: 630, Loss = 9.255e-01
It: 640, Loss = 9.252e-01
It: 650, Loss = 9.249e-01
It: 660, Loss = 9.246e-01
It: 670, Loss = 9.242e-01
It: 680, Loss = 9.238e-01
It: 690, Loss = 9.233e-01
It: 700, Loss = 9.228e-01
It: 710, Loss = 9.221e-01
It: 720, Loss = 9.214e-01
It: 730, Loss = 9.205e-01
It: 740, Loss = 9.195e-01
It: 750, Loss = 9.182e-01
It: 760, Loss = 9.167e-01
It: 770, Loss = 9.147e-01
It: 780, Loss = 9.121e-01
It: 790, Loss = 9.086e-01
It: 800, Loss = 9.035e-01
It: 810, Loss = 8.962e-01
It: 820, Loss = 8.863e-01
It: 830, Loss = 8.721e-01
It: 840, Loss = 8.485e-01
It: 850, Loss = 8.226e-01
It: 860, Loss = 8.041e-01
It: 870, Loss = 7.862e-01
It: 880, Loss = 7.769e-01
It: 890, Loss = 7.726e-01
It: 900, Loss = 7.690e-01
It: 910, Loss = 7.660e-01
It: 920, Loss = 7.632e-01
It: 930, Loss = 7.605e-01
It: 940, Loss = 7.581e-01
It: 950, Loss = 7.553e-01
It: 960, Loss = 7.524e-01
It: 970, Loss = 7.493e-01
It: 980, Loss = 7.457e-01
It: 990, Loss = 7.420e-01
G_pred shape (100, 100)
It: 0, Loss = 1.824e+00
It: 10, Loss = 1.039e+00
It: 20, Loss = 9.978e-01
It: 30, Loss = 9.840e-01
It: 40, Loss = 9.773e-01
It: 50, Loss = 9.722e-01
It: 60, Loss = 9.665e-01
It: 70, Loss = 9.602e-01
It: 80, Loss = 9.551e-01
It: 90, Loss = 9.509e-01
It: 100, Loss = 9.470e-01
It: 110, Loss = 9.446e-01
It: 120, Loss = 9.434e-01
It: 130, Loss = 9.430e-01
It: 140, Loss = 9.426e-01
It: 150, Loss = 9.423e-01
It: 160, Loss = 9.420e-01
It: 170, Loss = 9.418e-01
It: 180, Loss = 9.416e-01
It: 190, Loss = 9.414e-01
It: 200, Loss = 9.413e-01
It: 210, Loss = 9.411e-01
It: 220, Loss = 9.409e-01
It: 230, Loss = 9.406e-01
It: 240, Loss = 9.401e-01
It: 250, Loss = 9.394e-01
It: 260, Loss = 9.381e-01
It: 270, Loss = 9.374e-01
It: 280, Loss = 9.366e-01
It: 290, Loss = 9.362e-01
It: 300, Loss = 9.358e-01
It: 310, Loss = 9.355e-01
It: 320, Loss = 9.353e-01
It: 330, Loss = 9.351e-01
It: 340, Loss = 9.350e-01
It: 350, Loss = 9.347e-01
It: 360, Loss = 9.344e-01
It: 370, Loss = 9.344e-01
It: 380, Loss = 9.337e-01
It: 390, Loss = 9.333e-01
It: 400, Loss = 9.329e-01
It: 410, Loss = 9.325e-01
It: 420, Loss = 9.321e-01
It: 430, Loss = 9.319e-01
It: 440, Loss = 9.318e-01
It: 450, Loss = 9.316e-01
It: 460, Loss = 9.314e-01
It: 470, Loss = 9.312e-01
It: 480, Loss = 9.310e-01
It: 490, Loss = 9.310e-01
It: 500, Loss = 9.307e-01
It: 510, Loss = 9.305e-01
It: 520, Loss = 9.303e-01
It: 530, Loss = 9.301e-01
It: 540, Loss = 9.299e-01
It: 550, Loss = 9.297e-01
It: 560, Loss = 9.294e-01
It: 570, Loss = 9.291e-01
It: 580, Loss = 9.288e-01
It: 590, Loss = 9.286e-01
It: 600, Loss = 9.281e-01
It: 610, Loss = 9.276e-01
It: 620, Loss = 9.270e-01
It: 630, Loss = 9.263e-01
It: 640, Loss = 9.255e-01
It: 650, Loss = 9.244e-01
It: 660, Loss = 9.229e-01
It: 670, Loss = 9.209e-01
It: 680, Loss = 9.182e-01
It: 690, Loss = 9.141e-01
It: 700, Loss = 9.077e-01
It: 710, Loss = 8.973e-01
It: 720, Loss = 8.827e-01
It: 730, Loss = 8.693e-01
It: 740, Loss = 8.585e-01
It: 750, Loss = 8.466e-01
It: 760, Loss = 8.385e-01
It: 770, Loss = 8.328e-01
It: 780, Loss = 8.277e-01
It: 790, Loss = 8.218e-01
It: 800, Loss = 8.141e-01
It: 810, Loss = 8.047e-01
It: 820, Loss = 7.930e-01
It: 830, Loss = 7.818e-01
It: 840, Loss = 7.759e-01
It: 850, Loss = 7.723e-01
It: 860, Loss = 7.681e-01
It: 870, Loss = 7.642e-01
It: 880, Loss = 7.603e-01
It: 890, Loss = 7.552e-01
It: 900, Loss = 7.489e-01
It: 910, Loss = 7.875e-01
It: 920, Loss = 7.578e-01
It: 930, Loss = 7.361e-01
It: 940, Loss = 7.260e-01
It: 950, Loss = 7.160e-01
It: 960, Loss = 7.071e-01
It: 970, Loss = 7.746e-01
It: 980, Loss = 6.995e-01
It: 990, Loss = 6.952e-01
G_pred shape (100, 100)
It: 0, Loss = 4.106e+00
It: 10, Loss = 1.405e+00
It: 20, Loss = 1.192e+00
It: 30, Loss = 1.022e+00
It: 40, Loss = 9.822e-01
It: 50, Loss = 9.776e-01
It: 60, Loss = 9.734e-01
It: 70, Loss = 9.691e-01
It: 80, Loss = 9.652e-01
It: 90, Loss = 9.614e-01
It: 100, Loss = 9.575e-01
It: 110, Loss = 9.536e-01
It: 120, Loss = 9.497e-01
It: 130, Loss = 9.462e-01
It: 140, Loss = 9.433e-01
It: 150, Loss = 9.412e-01
It: 160, Loss = 9.400e-01
It: 170, Loss = 9.393e-01
It: 180, Loss = 9.389e-01
It: 190, Loss = 9.386e-01
It: 200, Loss = 9.383e-01
It: 210, Loss = 9.381e-01
It: 220, Loss = 9.379e-01
It: 230, Loss = 9.378e-01
It: 240, Loss = 9.376e-01
It: 250, Loss = 9.375e-01
It: 260, Loss = 9.374e-01
It: 270, Loss = 9.373e-01
It: 280, Loss = 9.373e-01
It: 290, Loss = 9.372e-01
It: 300, Loss = 9.371e-01
It: 310, Loss = 9.370e-01
It: 320, Loss = 9.369e-01
It: 330, Loss = 9.369e-01
It: 340, Loss = 9.368e-01
It: 350, Loss = 9.367e-01
It: 360, Loss = 9.366e-01
It: 370, Loss = 9.366e-01
It: 380, Loss = 9.365e-01
It: 390, Loss = 9.364e-01
It: 400, Loss = 9.363e-01
It: 410, Loss = 9.362e-01
It: 420, Loss = 9.360e-01
It: 430, Loss = 9.359e-01
It: 440, Loss = 9.358e-01
It: 450, Loss = 9.356e-01
It: 460, Loss = 9.353e-01
It: 470, Loss = 9.350e-01
It: 480, Loss = 9.346e-01
It: 490, Loss = 9.339e-01
It: 500, Loss = 9.326e-01
It: 510, Loss = 9.312e-01
It: 520, Loss = 9.308e-01
It: 530, Loss = 9.303e-01
It: 540, Loss = 9.298e-01
It: 550, Loss = 9.292e-01
It: 560, Loss = 9.284e-01
It: 570, Loss = 9.276e-01
It: 580, Loss = 9.270e-01
It: 590, Loss = 9.266e-01
It: 600, Loss = 9.262e-01
It: 610, Loss = 9.259e-01
It: 620, Loss = 9.255e-01
It: 630, Loss = 9.251e-01
It: 640, Loss = 9.247e-01
It: 650, Loss = 9.242e-01
It: 660, Loss = 9.237e-01
It: 670, Loss = 9.231e-01
It: 680, Loss = 9.223e-01
It: 690, Loss = 9.215e-01
It: 700, Loss = 9.204e-01
It: 710, Loss = 9.191e-01
It: 720, Loss = 9.174e-01
It: 730, Loss = 9.152e-01
It: 740, Loss = 9.122e-01
It: 750, Loss = 9.078e-01
It: 760, Loss = 9.013e-01
It: 770, Loss = 8.917e-01
It: 780, Loss = 8.784e-01
It: 790, Loss = 8.652e-01
It: 800, Loss = 8.560e-01
It: 810, Loss = 8.470e-01
It: 820, Loss = 8.393e-01
It: 830, Loss = 8.318e-01
It: 840, Loss = 8.231e-01
It: 850, Loss = 8.100e-01
It: 860, Loss = 7.888e-01
It: 870, Loss = 7.584e-01
It: 880, Loss = 7.227e-01
It: 890, Loss = 7.011e-01
It: 900, Loss = 6.831e-01
It: 910, Loss = 6.702e-01
It: 920, Loss = 6.615e-01
It: 930, Loss = 6.558e-01
It: 940, Loss = 6.504e-01
It: 950, Loss = 6.469e-01
It: 960, Loss = 6.429e-01
It: 970, Loss = 6.386e-01
It: 980, Loss = 6.349e-01
It: 990, Loss = 6.312e-01
G_pred shape (100, 100)
