Using TensorFlow 2 backend.

noise_ratio =  0.14285714
It: 0, Loss = 1.139e+00
It: 10, Loss = 1.014e+00
It: 20, Loss = 9.659e-01
It: 30, Loss = 9.468e-01
It: 40, Loss = 9.430e-01
It: 50, Loss = 9.409e-01
It: 60, Loss = 9.406e-01
It: 70, Loss = 9.401e-01
It: 80, Loss = 9.396e-01
It: 90, Loss = 9.393e-01
It: 100, Loss = 9.389e-01
It: 110, Loss = 9.384e-01
It: 120, Loss = 9.379e-01
It: 130, Loss = 9.373e-01
It: 140, Loss = 9.369e-01
It: 150, Loss = 9.367e-01
It: 160, Loss = 9.366e-01
It: 170, Loss = 9.366e-01
It: 180, Loss = 9.365e-01
It: 190, Loss = 9.364e-01
It: 200, Loss = 9.363e-01
It: 210, Loss = 9.362e-01
It: 220, Loss = 9.361e-01
It: 230, Loss = 9.360e-01
It: 240, Loss = 9.359e-01
It: 250, Loss = 9.358e-01
It: 260, Loss = 9.356e-01
It: 270, Loss = 9.354e-01
It: 280, Loss = 9.353e-01
It: 290, Loss = 9.350e-01
It: 300, Loss = 9.348e-01
It: 310, Loss = 9.345e-01
It: 320, Loss = 9.342e-01
It: 330, Loss = 9.337e-01
It: 340, Loss = 9.332e-01
It: 350, Loss = 9.325e-01
It: 360, Loss = 9.315e-01
It: 370, Loss = 9.301e-01
It: 380, Loss = 9.280e-01
It: 390, Loss = 9.246e-01
It: 400, Loss = 9.182e-01
It: 410, Loss = 9.047e-01
It: 420, Loss = 8.746e-01
It: 430, Loss = 9.957e-01
It: 440, Loss = 8.821e-01
It: 450, Loss = 8.490e-01
It: 460, Loss = 8.396e-01
It: 470, Loss = 8.255e-01
It: 480, Loss = 8.141e-01
It: 490, Loss = 8.034e-01
It: 500, Loss = 7.917e-01
It: 510, Loss = 7.797e-01
It: 520, Loss = 7.658e-01
It: 530, Loss = 7.480e-01
It: 540, Loss = 7.265e-01
It: 550, Loss = 7.080e-01
It: 560, Loss = 6.956e-01
It: 570, Loss = 6.974e-01
It: 580, Loss = 6.805e-01
It: 590, Loss = 6.740e-01
It: 600, Loss = 6.656e-01
It: 610, Loss = 6.578e-01
It: 620, Loss = 6.498e-01
It: 630, Loss = 6.413e-01
It: 640, Loss = 6.319e-01
It: 650, Loss = 6.382e-01
It: 660, Loss = 6.154e-01
It: 670, Loss = 6.082e-01
It: 680, Loss = 6.193e-01
It: 690, Loss = 5.919e-01
It: 700, Loss = 5.890e-01
It: 710, Loss = 5.771e-01
It: 720, Loss = 5.675e-01
It: 730, Loss = 5.589e-01
It: 740, Loss = 5.697e-01
It: 750, Loss = 5.679e-01
It: 760, Loss = 5.447e-01
It: 770, Loss = 5.384e-01
It: 780, Loss = 5.312e-01
It: 790, Loss = 5.249e-01
It: 800, Loss = 5.182e-01
It: 810, Loss = 5.564e-01
It: 820, Loss = 5.361e-01
It: 830, Loss = 5.083e-01
It: 840, Loss = 5.013e-01
It: 850, Loss = 4.919e-01
It: 860, Loss = 4.832e-01
It: 870, Loss = 4.746e-01
It: 880, Loss = 4.655e-01
It: 890, Loss = 4.562e-01
It: 900, Loss = 4.463e-01
It: 910, Loss = 5.843e-01
It: 920, Loss = 4.502e-01
It: 930, Loss = 4.353e-01
It: 940, Loss = 4.262e-01
It: 950, Loss = 4.124e-01
It: 960, Loss = 4.030e-01
It: 970, Loss = 3.935e-01
It: 980, Loss = 3.842e-01
It: 990, Loss = 3.747e-01
G_pred shape (100, 100)
It: 0, Loss = 1.172e+00
It: 10, Loss = 9.725e-01
It: 20, Loss = 9.522e-01
It: 30, Loss = 9.406e-01
It: 40, Loss = 9.343e-01
It: 50, Loss = 9.333e-01
It: 60, Loss = 9.320e-01
It: 70, Loss = 9.311e-01
It: 80, Loss = 9.304e-01
It: 90, Loss = 9.299e-01
It: 100, Loss = 9.297e-01
It: 110, Loss = 9.295e-01
It: 120, Loss = 9.293e-01
It: 130, Loss = 9.291e-01
It: 140, Loss = 9.289e-01
It: 150, Loss = 9.287e-01
It: 160, Loss = 9.284e-01
It: 170, Loss = 9.281e-01
It: 180, Loss = 9.278e-01
It: 190, Loss = 9.275e-01
It: 200, Loss = 9.270e-01
It: 210, Loss = 9.265e-01
It: 220, Loss = 9.260e-01
It: 230, Loss = 9.252e-01
It: 240, Loss = 9.243e-01
It: 250, Loss = 9.229e-01
It: 260, Loss = 9.210e-01
It: 270, Loss = 9.181e-01
It: 280, Loss = 9.133e-01
It: 290, Loss = 9.055e-01
It: 300, Loss = 8.958e-01
It: 310, Loss = 8.794e-01
It: 320, Loss = 8.589e-01
It: 330, Loss = 8.496e-01
It: 340, Loss = 8.323e-01
It: 350, Loss = 8.185e-01
It: 360, Loss = 8.138e-01
It: 370, Loss = 8.014e-01
It: 380, Loss = 8.188e-01
It: 390, Loss = 7.922e-01
It: 400, Loss = 7.773e-01
It: 410, Loss = 7.623e-01
It: 420, Loss = 7.397e-01
It: 430, Loss = 7.662e-01
It: 440, Loss = 7.240e-01
It: 450, Loss = 6.846e-01
It: 460, Loss = 6.575e-01
It: 470, Loss = 6.620e-01
It: 480, Loss = 6.126e-01
It: 490, Loss = 5.989e-01
It: 500, Loss = 5.859e-01
It: 510, Loss = 6.114e-01
It: 520, Loss = 5.729e-01
It: 530, Loss = 5.644e-01
It: 540, Loss = 5.557e-01
It: 550, Loss = 5.486e-01
It: 560, Loss = 5.470e-01
It: 570, Loss = 5.457e-01
It: 580, Loss = 5.359e-01
It: 590, Loss = 5.308e-01
It: 600, Loss = 5.237e-01
It: 610, Loss = 5.161e-01
It: 620, Loss = 5.076e-01
It: 630, Loss = 4.965e-01
It: 640, Loss = 6.298e-01
It: 650, Loss = 4.875e-01
It: 660, Loss = 4.580e-01
It: 670, Loss = 4.349e-01
It: 680, Loss = 4.155e-01
It: 690, Loss = 4.649e-01
It: 700, Loss = 3.852e-01
It: 710, Loss = 3.529e-01
It: 720, Loss = 3.261e-01
It: 730, Loss = 2.982e-01
It: 740, Loss = 3.380e-01
It: 750, Loss = 2.979e-01
It: 760, Loss = 2.513e-01
It: 770, Loss = 2.229e-01
It: 780, Loss = 1.997e-01
It: 790, Loss = 1.784e-01
It: 800, Loss = 5.002e-01
It: 810, Loss = 1.679e-01
It: 820, Loss = 1.499e-01
It: 830, Loss = 1.382e-01
It: 840, Loss = 1.227e-01
It: 850, Loss = 1.145e-01
It: 860, Loss = 1.057e-01
It: 870, Loss = 9.896e-02
It: 880, Loss = 9.301e-02
It: 890, Loss = 2.013e-01
It: 900, Loss = 1.112e-01
It: 910, Loss = 9.074e-02
It: 920, Loss = 7.946e-02
It: 930, Loss = 7.723e-02
It: 940, Loss = 7.339e-02
It: 950, Loss = 7.077e-02
It: 960, Loss = 6.829e-02
It: 970, Loss = 6.618e-02
It: 980, Loss = 6.434e-02
It: 990, Loss = 8.219e-02
G_pred shape (100, 100)
It: 0, Loss = 1.480e+00
It: 10, Loss = 1.095e+00
It: 20, Loss = 1.019e+00
It: 30, Loss = 9.849e-01
It: 40, Loss = 9.650e-01
It: 50, Loss = 9.521e-01
It: 60, Loss = 9.432e-01
It: 70, Loss = 9.381e-01
It: 80, Loss = 9.354e-01
It: 90, Loss = 9.334e-01
It: 100, Loss = 9.320e-01
It: 110, Loss = 9.307e-01
It: 120, Loss = 9.305e-01
It: 130, Loss = 9.304e-01
It: 140, Loss = 9.303e-01
It: 150, Loss = 9.302e-01
It: 160, Loss = 9.301e-01
It: 170, Loss = 9.300e-01
It: 180, Loss = 9.299e-01
It: 190, Loss = 9.298e-01
It: 200, Loss = 9.297e-01
It: 210, Loss = 9.296e-01
It: 220, Loss = 9.295e-01
It: 230, Loss = 9.293e-01
It: 240, Loss = 9.289e-01
It: 250, Loss = 9.280e-01
It: 260, Loss = 9.257e-01
It: 270, Loss = 9.207e-01
It: 280, Loss = 9.187e-01
It: 290, Loss = 9.176e-01
It: 300, Loss = 9.169e-01
It: 310, Loss = 9.164e-01
It: 320, Loss = 9.158e-01
It: 330, Loss = 9.154e-01
It: 340, Loss = 9.153e-01
It: 350, Loss = 9.151e-01
It: 360, Loss = 9.149e-01
It: 370, Loss = 9.148e-01
It: 380, Loss = 9.146e-01
It: 390, Loss = 9.145e-01
It: 400, Loss = 9.144e-01
It: 410, Loss = 9.142e-01
It: 420, Loss = 9.140e-01
It: 430, Loss = 9.139e-01
It: 440, Loss = 9.137e-01
It: 450, Loss = 9.134e-01
It: 460, Loss = 9.131e-01
It: 470, Loss = 9.128e-01
It: 480, Loss = 9.126e-01
It: 490, Loss = 9.121e-01
It: 500, Loss = 9.117e-01
It: 510, Loss = 9.112e-01
It: 520, Loss = 9.107e-01
It: 530, Loss = 9.105e-01
It: 540, Loss = 9.104e-01
It: 550, Loss = 9.102e-01
It: 560, Loss = 9.101e-01
It: 570, Loss = 9.099e-01
It: 580, Loss = 9.097e-01
It: 590, Loss = 9.096e-01
It: 600, Loss = 9.101e-01
It: 610, Loss = 9.092e-01
It: 620, Loss = 9.089e-01
It: 630, Loss = 9.087e-01
It: 640, Loss = 9.083e-01
It: 650, Loss = 9.080e-01
It: 660, Loss = 9.076e-01
It: 670, Loss = 9.070e-01
It: 680, Loss = 9.064e-01
It: 690, Loss = 9.056e-01
It: 700, Loss = 9.045e-01
It: 710, Loss = 9.030e-01
It: 720, Loss = 9.007e-01
It: 730, Loss = 8.972e-01
It: 740, Loss = 8.894e-01
It: 750, Loss = 8.752e-01
It: 760, Loss = 8.564e-01
It: 770, Loss = 8.443e-01
It: 780, Loss = 8.351e-01
It: 790, Loss = 8.255e-01
It: 800, Loss = 8.176e-01
It: 810, Loss = 8.102e-01
It: 820, Loss = 8.029e-01
It: 830, Loss = 7.904e-01
It: 840, Loss = 7.730e-01
It: 850, Loss = 7.432e-01
It: 860, Loss = 7.269e-01
It: 870, Loss = 6.723e-01
It: 880, Loss = 6.379e-01
It: 890, Loss = 6.361e-01
It: 900, Loss = 6.238e-01
It: 910, Loss = 6.189e-01
It: 920, Loss = 6.144e-01
It: 930, Loss = 6.098e-01
It: 940, Loss = 6.167e-01
It: 950, Loss = 6.149e-01
It: 960, Loss = 6.045e-01
It: 970, Loss = 5.987e-01
It: 980, Loss = 5.942e-01
It: 990, Loss = 5.917e-01
G_pred shape (100, 100)
It: 0, Loss = 1.072e+00
It: 10, Loss = 1.000e+00
It: 20, Loss = 9.714e-01
It: 30, Loss = 9.548e-01
It: 40, Loss = 9.430e-01
It: 50, Loss = 9.345e-01
It: 60, Loss = 9.327e-01
It: 70, Loss = 9.310e-01
It: 80, Loss = 9.297e-01
It: 90, Loss = 9.291e-01
It: 100, Loss = 9.289e-01
It: 110, Loss = 9.288e-01
It: 120, Loss = 9.287e-01
It: 130, Loss = 9.286e-01
It: 140, Loss = 9.285e-01
It: 150, Loss = 9.284e-01
It: 160, Loss = 9.283e-01
It: 170, Loss = 9.281e-01
It: 180, Loss = 9.280e-01
It: 190, Loss = 9.278e-01
It: 200, Loss = 9.277e-01
It: 210, Loss = 9.275e-01
It: 220, Loss = 9.272e-01
It: 230, Loss = 9.269e-01
It: 240, Loss = 9.266e-01
It: 250, Loss = 9.262e-01
It: 260, Loss = 9.256e-01
It: 270, Loss = 9.248e-01
It: 280, Loss = 9.237e-01
It: 290, Loss = 9.218e-01
It: 300, Loss = 9.185e-01
It: 310, Loss = 9.119e-01
It: 320, Loss = 8.967e-01
It: 330, Loss = 8.647e-01
It: 340, Loss = 8.414e-01
It: 350, Loss = 8.322e-01
It: 360, Loss = 8.145e-01
It: 370, Loss = 8.023e-01
It: 380, Loss = 7.918e-01
It: 390, Loss = 7.814e-01
It: 400, Loss = 7.690e-01
It: 410, Loss = 7.594e-01
It: 420, Loss = 7.391e-01
It: 430, Loss = 7.218e-01
It: 440, Loss = 7.023e-01
It: 450, Loss = 6.929e-01
It: 460, Loss = 6.710e-01
It: 470, Loss = 6.608e-01
It: 480, Loss = 6.490e-01
It: 490, Loss = 6.344e-01
It: 500, Loss = 6.265e-01
It: 510, Loss = 6.136e-01
It: 520, Loss = 6.053e-01
It: 530, Loss = 5.723e-01
It: 540, Loss = 5.669e-01
It: 550, Loss = 5.579e-01
It: 560, Loss = 5.489e-01
It: 570, Loss = 5.449e-01
It: 580, Loss = 5.392e-01
It: 590, Loss = 5.542e-01
It: 600, Loss = 5.347e-01
It: 610, Loss = 5.291e-01
It: 620, Loss = 5.234e-01
It: 630, Loss = 5.185e-01
It: 640, Loss = 5.191e-01
It: 650, Loss = 5.235e-01
It: 660, Loss = 5.073e-01
It: 670, Loss = 4.981e-01
It: 680, Loss = 4.934e-01
It: 690, Loss = 4.955e-01
It: 700, Loss = 4.846e-01
It: 710, Loss = 4.743e-01
It: 720, Loss = 4.664e-01
It: 730, Loss = 4.662e-01
It: 740, Loss = 4.439e-01
It: 750, Loss = 4.496e-01
It: 760, Loss = 4.155e-01
It: 770, Loss = 3.892e-01
It: 780, Loss = 3.951e-01
It: 790, Loss = 3.401e-01
It: 800, Loss = 3.122e-01
It: 810, Loss = 2.677e-01
It: 820, Loss = 2.349e-01
It: 830, Loss = 1.775e-01
It: 840, Loss = 1.384e-01
It: 850, Loss = 1.748e-01
It: 860, Loss = 1.276e-01
It: 870, Loss = 1.017e-01
It: 880, Loss = 9.291e-02
It: 890, Loss = 8.771e-02
It: 900, Loss = 8.110e-02
It: 910, Loss = 7.697e-02
It: 920, Loss = 7.380e-02
It: 930, Loss = 7.113e-02
It: 940, Loss = 6.885e-02
It: 950, Loss = 7.273e-02
It: 960, Loss = 6.673e-02
It: 970, Loss = 6.537e-02
It: 980, Loss = 6.410e-02
It: 990, Loss = 6.228e-02
G_pred shape (100, 100)
It: 0, Loss = 1.256e+00
It: 10, Loss = 1.184e+00
It: 20, Loss = 9.749e-01
It: 30, Loss = 9.582e-01
It: 40, Loss = 9.561e-01
It: 50, Loss = 9.408e-01
It: 60, Loss = 9.361e-01
It: 70, Loss = 9.320e-01
It: 80, Loss = 9.303e-01
It: 90, Loss = 9.293e-01
It: 100, Loss = 9.289e-01
It: 110, Loss = 9.287e-01
It: 120, Loss = 9.284e-01
It: 130, Loss = 9.283e-01
It: 140, Loss = 9.281e-01
It: 150, Loss = 9.280e-01
It: 160, Loss = 9.278e-01
It: 170, Loss = 9.277e-01
It: 180, Loss = 9.276e-01
It: 190, Loss = 9.275e-01
It: 200, Loss = 9.274e-01
It: 210, Loss = 9.273e-01
It: 220, Loss = 9.272e-01
It: 230, Loss = 9.271e-01
It: 240, Loss = 9.270e-01
It: 250, Loss = 9.269e-01
It: 260, Loss = 9.268e-01
It: 270, Loss = 9.267e-01
It: 280, Loss = 9.266e-01
It: 290, Loss = 9.265e-01
It: 300, Loss = 9.263e-01
It: 310, Loss = 9.262e-01
It: 320, Loss = 9.260e-01
It: 330, Loss = 9.257e-01
It: 340, Loss = 9.254e-01
It: 350, Loss = 9.248e-01
It: 360, Loss = 9.238e-01
It: 370, Loss = 9.217e-01
It: 380, Loss = 9.176e-01
It: 390, Loss = 9.161e-01
It: 400, Loss = 9.156e-01
It: 410, Loss = 9.152e-01
It: 420, Loss = 9.143e-01
It: 430, Loss = 9.139e-01
It: 440, Loss = 9.134e-01
It: 450, Loss = 9.130e-01
It: 460, Loss = 9.125e-01
It: 470, Loss = 9.120e-01
It: 480, Loss = 9.115e-01
It: 490, Loss = 9.109e-01
It: 500, Loss = 9.102e-01
It: 510, Loss = 9.095e-01
It: 520, Loss = 9.087e-01
It: 530, Loss = 9.077e-01
It: 540, Loss = 9.064e-01
It: 550, Loss = 9.048e-01
It: 560, Loss = 9.024e-01
It: 570, Loss = 8.989e-01
It: 580, Loss = 8.936e-01
It: 590, Loss = 8.843e-01
It: 600, Loss = 8.687e-01
It: 610, Loss = 8.481e-01
It: 620, Loss = 8.296e-01
It: 630, Loss = 8.186e-01
It: 640, Loss = 8.106e-01
It: 650, Loss = 8.019e-01
It: 660, Loss = 7.928e-01
It: 670, Loss = 7.831e-01
It: 680, Loss = 7.812e-01
It: 690, Loss = 7.688e-01
It: 700, Loss = 7.643e-01
It: 710, Loss = 7.579e-01
It: 720, Loss = 7.512e-01
It: 730, Loss = 7.609e-01
It: 740, Loss = 7.396e-01
It: 750, Loss = 7.314e-01
It: 760, Loss = 7.216e-01
It: 770, Loss = 7.229e-01
It: 780, Loss = 6.982e-01
It: 790, Loss = 6.794e-01
It: 800, Loss = 6.815e-01
It: 810, Loss = 6.469e-01
It: 820, Loss = 6.360e-01
It: 830, Loss = 6.146e-01
It: 840, Loss = 7.430e-01
It: 850, Loss = 6.100e-01
It: 860, Loss = 5.927e-01
It: 870, Loss = 5.762e-01
It: 880, Loss = 5.717e-01
It: 890, Loss = 5.663e-01
It: 900, Loss = 5.611e-01
It: 910, Loss = 5.562e-01
It: 920, Loss = 5.509e-01
It: 930, Loss = 5.453e-01
It: 940, Loss = 5.391e-01
It: 950, Loss = 5.323e-01
It: 960, Loss = 5.594e-01
It: 970, Loss = 5.385e-01
It: 980, Loss = 5.346e-01
It: 990, Loss = 5.165e-01
G_pred shape (100, 100)
