Using TensorFlow 2 backend.

N_train =  50
It: 0, Loss = 1.293e+00
It: 10, Loss = 1.101e+00
It: 20, Loss = 9.619e-01
It: 30, Loss = 9.735e-01
It: 40, Loss = 9.545e-01
It: 50, Loss = 9.471e-01
It: 60, Loss = 9.411e-01
It: 70, Loss = 9.371e-01
It: 80, Loss = 9.347e-01
It: 90, Loss = 9.342e-01
It: 100, Loss = 9.340e-01
It: 110, Loss = 9.338e-01
It: 120, Loss = 9.336e-01
It: 130, Loss = 9.334e-01
It: 140, Loss = 9.333e-01
It: 150, Loss = 9.331e-01
It: 160, Loss = 9.330e-01
It: 170, Loss = 9.328e-01
It: 180, Loss = 9.327e-01
It: 190, Loss = 9.326e-01
It: 200, Loss = 9.324e-01
It: 210, Loss = 9.323e-01
It: 220, Loss = 9.322e-01
It: 230, Loss = 9.320e-01
It: 240, Loss = 9.318e-01
It: 250, Loss = 9.316e-01
It: 260, Loss = 9.314e-01
It: 270, Loss = 9.310e-01
It: 280, Loss = 9.306e-01
It: 290, Loss = 9.299e-01
It: 300, Loss = 9.289e-01
It: 310, Loss = 9.274e-01
It: 320, Loss = 9.250e-01
It: 330, Loss = 9.211e-01
It: 340, Loss = 9.154e-01
It: 350, Loss = 9.083e-01
It: 360, Loss = 8.998e-01
It: 370, Loss = 8.895e-01
It: 380, Loss = 8.788e-01
It: 390, Loss = 8.709e-01
It: 400, Loss = 8.583e-01
It: 410, Loss = 8.481e-01
It: 420, Loss = 8.374e-01
It: 430, Loss = 8.259e-01
It: 440, Loss = 8.146e-01
It: 450, Loss = 8.072e-01
It: 460, Loss = 7.923e-01
It: 470, Loss = 7.821e-01
It: 480, Loss = 7.653e-01
It: 490, Loss = 8.141e-01
It: 500, Loss = 7.458e-01
It: 510, Loss = 7.164e-01
It: 520, Loss = 6.944e-01
It: 530, Loss = 6.746e-01
It: 540, Loss = 6.645e-01
It: 550, Loss = 6.528e-01
It: 560, Loss = 6.450e-01
It: 570, Loss = 6.389e-01
It: 580, Loss = 6.341e-01
It: 590, Loss = 6.297e-01
It: 600, Loss = 6.262e-01
It: 610, Loss = 6.224e-01
It: 620, Loss = 6.192e-01
It: 630, Loss = 6.165e-01
It: 640, Loss = 6.130e-01
It: 650, Loss = 6.102e-01
It: 660, Loss = 6.072e-01
It: 670, Loss = 6.041e-01
It: 680, Loss = 6.358e-01
It: 690, Loss = 6.008e-01
It: 700, Loss = 5.978e-01
It: 710, Loss = 5.942e-01
It: 720, Loss = 5.903e-01
It: 730, Loss = 5.872e-01
It: 740, Loss = 5.840e-01
It: 750, Loss = 5.807e-01
It: 760, Loss = 5.773e-01
It: 770, Loss = 5.741e-01
It: 780, Loss = 6.211e-01
It: 790, Loss = 5.750e-01
It: 800, Loss = 5.673e-01
It: 810, Loss = 5.648e-01
It: 820, Loss = 5.619e-01
It: 830, Loss = 5.594e-01
It: 840, Loss = 5.568e-01
It: 850, Loss = 5.543e-01
It: 860, Loss = 5.517e-01
It: 870, Loss = 5.491e-01
It: 880, Loss = 5.464e-01
It: 890, Loss = 5.436e-01
It: 900, Loss = 5.406e-01
It: 910, Loss = 5.384e-01
It: 920, Loss = 5.793e-01
It: 930, Loss = 5.479e-01
It: 940, Loss = 5.338e-01
It: 950, Loss = 5.316e-01
It: 960, Loss = 5.293e-01
It: 970, Loss = 5.268e-01
It: 980, Loss = 5.240e-01
It: 990, Loss = 5.215e-01
G_pred shape (100, 100)
It: 0, Loss = 1.783e+00
It: 10, Loss = 1.056e+00
It: 20, Loss = 9.936e-01
It: 30, Loss = 9.773e-01
It: 40, Loss = 9.721e-01
It: 50, Loss = 9.668e-01
It: 60, Loss = 9.631e-01
It: 70, Loss = 9.589e-01
It: 80, Loss = 9.542e-01
It: 90, Loss = 9.494e-01
It: 100, Loss = 9.448e-01
It: 110, Loss = 9.405e-01
It: 120, Loss = 9.370e-01
It: 130, Loss = 9.348e-01
It: 140, Loss = 9.336e-01
It: 150, Loss = 9.329e-01
It: 160, Loss = 9.324e-01
It: 170, Loss = 9.318e-01
It: 180, Loss = 9.313e-01
It: 190, Loss = 9.308e-01
It: 200, Loss = 9.303e-01
It: 210, Loss = 9.299e-01
It: 220, Loss = 9.295e-01
It: 230, Loss = 9.291e-01
It: 240, Loss = 9.287e-01
It: 250, Loss = 9.282e-01
It: 260, Loss = 9.278e-01
It: 270, Loss = 9.273e-01
It: 280, Loss = 9.268e-01
It: 290, Loss = 9.261e-01
It: 300, Loss = 9.255e-01
It: 310, Loss = 9.246e-01
It: 320, Loss = 9.237e-01
It: 330, Loss = 9.226e-01
It: 340, Loss = 9.212e-01
It: 350, Loss = 9.196e-01
It: 360, Loss = 9.177e-01
It: 370, Loss = 9.154e-01
It: 380, Loss = 9.127e-01
It: 390, Loss = 9.097e-01
It: 400, Loss = 9.064e-01
It: 410, Loss = 9.030e-01
It: 420, Loss = 8.995e-01
It: 430, Loss = 8.961e-01
It: 440, Loss = 8.930e-01
It: 450, Loss = 8.900e-01
It: 460, Loss = 8.868e-01
It: 470, Loss = 8.827e-01
It: 480, Loss = 8.773e-01
It: 490, Loss = 8.705e-01
It: 500, Loss = 8.621e-01
It: 510, Loss = 8.571e-01
It: 520, Loss = 8.486e-01
It: 530, Loss = 8.389e-01
It: 540, Loss = 8.313e-01
It: 550, Loss = 8.229e-01
It: 560, Loss = 8.152e-01
It: 570, Loss = 8.117e-01
It: 580, Loss = 8.033e-01
It: 590, Loss = 7.972e-01
It: 600, Loss = 7.915e-01
It: 610, Loss = 7.856e-01
It: 620, Loss = 7.871e-01
It: 630, Loss = 7.760e-01
It: 640, Loss = 7.652e-01
It: 650, Loss = 7.627e-01
It: 660, Loss = 7.536e-01
It: 670, Loss = 7.473e-01
It: 680, Loss = 7.418e-01
It: 690, Loss = 7.356e-01
It: 700, Loss = 7.305e-01
It: 710, Loss = 7.251e-01
It: 720, Loss = 7.305e-01
It: 730, Loss = 7.140e-01
It: 740, Loss = 6.972e-01
It: 750, Loss = 7.317e-01
It: 760, Loss = 6.818e-01
It: 770, Loss = 6.666e-01
It: 780, Loss = 6.548e-01
It: 790, Loss = 6.355e-01
It: 800, Loss = 6.098e-01
It: 810, Loss = 6.975e-01
It: 820, Loss = 5.863e-01
It: 830, Loss = 5.327e-01
It: 840, Loss = 5.022e-01
It: 850, Loss = 4.708e-01
It: 860, Loss = 4.434e-01
It: 870, Loss = 4.709e-01
It: 880, Loss = 4.358e-01
It: 890, Loss = 4.150e-01
It: 900, Loss = 3.816e-01
It: 910, Loss = 3.644e-01
It: 920, Loss = 3.509e-01
It: 930, Loss = 3.378e-01
It: 940, Loss = 3.257e-01
It: 950, Loss = 3.140e-01
It: 960, Loss = 3.027e-01
It: 970, Loss = 2.944e-01
It: 980, Loss = 3.138e-01
It: 990, Loss = 2.877e-01
G_pred shape (100, 100)
It: 0, Loss = 1.051e+00
It: 10, Loss = 1.123e+00
It: 20, Loss = 9.859e-01
It: 30, Loss = 9.670e-01
It: 40, Loss = 9.679e-01
It: 50, Loss = 9.607e-01
It: 60, Loss = 9.552e-01
It: 70, Loss = 9.508e-01
It: 80, Loss = 9.459e-01
It: 90, Loss = 9.414e-01
It: 100, Loss = 9.383e-01
It: 110, Loss = 9.372e-01
It: 120, Loss = 9.369e-01
It: 130, Loss = 9.364e-01
It: 140, Loss = 9.359e-01
It: 150, Loss = 9.355e-01
It: 160, Loss = 9.352e-01
It: 170, Loss = 9.349e-01
It: 180, Loss = 9.346e-01
It: 190, Loss = 9.343e-01
It: 200, Loss = 9.341e-01
It: 210, Loss = 9.338e-01
It: 220, Loss = 9.335e-01
It: 230, Loss = 9.333e-01
It: 240, Loss = 9.330e-01
It: 250, Loss = 9.327e-01
It: 260, Loss = 9.323e-01
It: 270, Loss = 9.320e-01
It: 280, Loss = 9.316e-01
It: 290, Loss = 9.312e-01
It: 300, Loss = 9.307e-01
It: 310, Loss = 9.302e-01
It: 320, Loss = 9.297e-01
It: 330, Loss = 9.291e-01
It: 340, Loss = 9.285e-01
It: 350, Loss = 9.277e-01
It: 360, Loss = 9.269e-01
It: 370, Loss = 9.260e-01
It: 380, Loss = 9.249e-01
It: 390, Loss = 9.235e-01
It: 400, Loss = 9.219e-01
It: 410, Loss = 9.197e-01
It: 420, Loss = 9.167e-01
It: 430, Loss = 9.143e-01
It: 440, Loss = 9.127e-01
It: 450, Loss = 9.116e-01
It: 460, Loss = 9.106e-01
It: 470, Loss = 9.095e-01
It: 480, Loss = 9.083e-01
It: 490, Loss = 9.071e-01
It: 500, Loss = 9.058e-01
It: 510, Loss = 9.042e-01
It: 520, Loss = 9.024e-01
It: 530, Loss = 9.000e-01
It: 540, Loss = 8.969e-01
It: 550, Loss = 8.933e-01
It: 560, Loss = 8.877e-01
It: 570, Loss = 8.789e-01
It: 580, Loss = 8.648e-01
It: 590, Loss = 8.395e-01
It: 600, Loss = 8.114e-01
It: 610, Loss = 7.866e-01
It: 620, Loss = 7.681e-01
It: 630, Loss = 7.554e-01
It: 640, Loss = 7.468e-01
It: 650, Loss = 7.457e-01
It: 660, Loss = 7.348e-01
It: 670, Loss = 7.273e-01
It: 680, Loss = 7.194e-01
It: 690, Loss = 7.107e-01
It: 700, Loss = 7.015e-01
It: 710, Loss = 7.314e-01
It: 720, Loss = 6.858e-01
It: 730, Loss = 6.721e-01
It: 740, Loss = 6.627e-01
It: 750, Loss = 6.571e-01
It: 760, Loss = 6.512e-01
It: 770, Loss = 6.276e-01
It: 780, Loss = 6.183e-01
It: 790, Loss = 6.450e-01
It: 800, Loss = 6.101e-01
It: 810, Loss = 5.834e-01
It: 820, Loss = 5.720e-01
It: 830, Loss = 5.586e-01
It: 840, Loss = 5.795e-01
It: 850, Loss = 5.430e-01
It: 860, Loss = 5.383e-01
It: 870, Loss = 5.187e-01
It: 880, Loss = 4.998e-01
It: 890, Loss = 4.827e-01
It: 900, Loss = 4.629e-01
It: 910, Loss = 4.660e-01
It: 920, Loss = 4.345e-01
It: 930, Loss = 4.223e-01
It: 940, Loss = 4.008e-01
It: 950, Loss = 3.811e-01
It: 960, Loss = 3.653e-01
It: 970, Loss = 3.575e-01
It: 980, Loss = 3.440e-01
It: 990, Loss = 3.159e-01
G_pred shape (100, 100)
It: 0, Loss = 1.134e+00
It: 10, Loss = 1.088e+00
It: 20, Loss = 9.964e-01
It: 30, Loss = 9.659e-01
It: 40, Loss = 9.572e-01
It: 50, Loss = 9.458e-01
It: 60, Loss = 9.346e-01
It: 70, Loss = 9.241e-01
It: 80, Loss = 9.182e-01
It: 90, Loss = 9.167e-01
It: 100, Loss = 9.149e-01
It: 110, Loss = 9.131e-01
It: 120, Loss = 9.121e-01
It: 130, Loss = 9.118e-01
It: 140, Loss = 9.116e-01
It: 150, Loss = 9.113e-01
It: 160, Loss = 9.111e-01
It: 170, Loss = 9.108e-01
It: 180, Loss = 9.104e-01
It: 190, Loss = 9.099e-01
It: 200, Loss = 9.093e-01
It: 210, Loss = 9.084e-01
It: 220, Loss = 9.073e-01
It: 230, Loss = 9.062e-01
It: 240, Loss = 9.049e-01
It: 250, Loss = 9.023e-01
It: 260, Loss = 8.989e-01
It: 270, Loss = 8.984e-01
It: 280, Loss = 8.980e-01
It: 290, Loss = 8.977e-01
It: 300, Loss = 8.975e-01
It: 310, Loss = 8.972e-01
It: 320, Loss = 8.970e-01
It: 330, Loss = 8.968e-01
It: 340, Loss = 8.966e-01
It: 350, Loss = 8.963e-01
It: 360, Loss = 8.961e-01
It: 370, Loss = 8.961e-01
It: 380, Loss = 8.956e-01
It: 390, Loss = 8.954e-01
It: 400, Loss = 8.951e-01
It: 410, Loss = 8.948e-01
It: 420, Loss = 8.945e-01
It: 430, Loss = 8.941e-01
It: 440, Loss = 8.937e-01
It: 450, Loss = 8.932e-01
It: 460, Loss = 8.926e-01
It: 470, Loss = 8.918e-01
It: 480, Loss = 8.907e-01
It: 490, Loss = 8.892e-01
It: 500, Loss = 8.869e-01
It: 510, Loss = 8.822e-01
It: 520, Loss = 8.682e-01
It: 530, Loss = 8.554e-01
It: 540, Loss = 8.312e-01
It: 550, Loss = 8.097e-01
It: 560, Loss = 8.006e-01
It: 570, Loss = 7.935e-01
It: 580, Loss = 7.902e-01
It: 590, Loss = 7.862e-01
It: 600, Loss = 7.825e-01
It: 610, Loss = 7.785e-01
It: 620, Loss = 7.740e-01
It: 630, Loss = 7.687e-01
It: 640, Loss = 7.623e-01
It: 650, Loss = 7.540e-01
It: 660, Loss = 7.425e-01
It: 670, Loss = 7.654e-01
It: 680, Loss = 7.087e-01
It: 690, Loss = 6.887e-01
It: 700, Loss = 6.644e-01
It: 710, Loss = 6.485e-01
It: 720, Loss = 6.394e-01
It: 730, Loss = 6.346e-01
It: 740, Loss = 6.221e-01
It: 750, Loss = 6.126e-01
It: 760, Loss = 6.055e-01
It: 770, Loss = 5.982e-01
It: 780, Loss = 5.885e-01
It: 790, Loss = 5.814e-01
It: 800, Loss = 5.780e-01
It: 810, Loss = 5.671e-01
It: 820, Loss = 5.553e-01
It: 830, Loss = 5.458e-01
It: 840, Loss = 5.783e-01
It: 850, Loss = 5.340e-01
It: 860, Loss = 5.258e-01
It: 870, Loss = 5.157e-01
It: 880, Loss = 5.138e-01
It: 890, Loss = 5.062e-01
It: 900, Loss = 5.078e-01
It: 910, Loss = 4.918e-01
It: 920, Loss = 4.845e-01
It: 930, Loss = 5.131e-01
It: 940, Loss = 4.822e-01
It: 950, Loss = 4.682e-01
It: 960, Loss = 4.593e-01
It: 970, Loss = 4.518e-01
It: 980, Loss = 4.503e-01
It: 990, Loss = 4.332e-01
G_pred shape (100, 100)
It: 0, Loss = 1.486e+00
It: 10, Loss = 1.317e+00
It: 20, Loss = 1.085e+00
It: 30, Loss = 9.942e-01
It: 40, Loss = 9.662e-01
It: 50, Loss = 9.607e-01
It: 60, Loss = 9.582e-01
It: 70, Loss = 9.533e-01
It: 80, Loss = 9.487e-01
It: 90, Loss = 9.443e-01
It: 100, Loss = 9.396e-01
It: 110, Loss = 9.347e-01
It: 120, Loss = 9.299e-01
It: 130, Loss = 9.255e-01
It: 140, Loss = 9.219e-01
It: 150, Loss = 9.192e-01
It: 160, Loss = 9.175e-01
It: 170, Loss = 9.166e-01
It: 180, Loss = 9.160e-01
It: 190, Loss = 9.154e-01
It: 200, Loss = 9.150e-01
It: 210, Loss = 9.145e-01
It: 220, Loss = 9.141e-01
It: 230, Loss = 9.137e-01
It: 240, Loss = 9.132e-01
It: 250, Loss = 9.127e-01
It: 260, Loss = 9.120e-01
It: 270, Loss = 9.111e-01
It: 280, Loss = 9.097e-01
It: 290, Loss = 9.073e-01
It: 300, Loss = 9.028e-01
It: 310, Loss = 8.961e-01
It: 320, Loss = 8.898e-01
It: 330, Loss = 8.876e-01
It: 340, Loss = 8.873e-01
It: 350, Loss = 8.867e-01
It: 360, Loss = 8.862e-01
It: 370, Loss = 8.858e-01
It: 380, Loss = 8.853e-01
It: 390, Loss = 8.848e-01
It: 400, Loss = 8.841e-01
It: 410, Loss = 8.835e-01
It: 420, Loss = 8.827e-01
It: 430, Loss = 8.818e-01
It: 440, Loss = 8.807e-01
It: 450, Loss = 8.796e-01
It: 460, Loss = 8.782e-01
It: 470, Loss = 8.767e-01
It: 480, Loss = 8.749e-01
It: 490, Loss = 8.727e-01
It: 500, Loss = 8.702e-01
It: 510, Loss = 8.672e-01
It: 520, Loss = 8.634e-01
It: 530, Loss = 8.587e-01
It: 540, Loss = 8.529e-01
It: 550, Loss = 8.455e-01
It: 560, Loss = 8.360e-01
It: 570, Loss = 8.250e-01
It: 580, Loss = 8.201e-01
It: 590, Loss = 8.085e-01
It: 600, Loss = 7.981e-01
It: 610, Loss = 7.897e-01
It: 620, Loss = 7.803e-01
It: 630, Loss = 7.769e-01
It: 640, Loss = 7.641e-01
It: 650, Loss = 7.587e-01
It: 660, Loss = 7.557e-01
It: 670, Loss = 7.537e-01
It: 680, Loss = 7.519e-01
It: 690, Loss = 7.499e-01
It: 700, Loss = 7.479e-01
It: 710, Loss = 7.485e-01
It: 720, Loss = 7.467e-01
It: 730, Loss = 7.427e-01
It: 740, Loss = 7.412e-01
It: 750, Loss = 7.393e-01
It: 760, Loss = 7.374e-01
It: 770, Loss = 7.511e-01
It: 780, Loss = 7.394e-01
It: 790, Loss = 7.330e-01
It: 800, Loss = 7.321e-01
It: 810, Loss = 7.304e-01
It: 820, Loss = 7.288e-01
It: 830, Loss = 7.273e-01
It: 840, Loss = 7.258e-01
It: 850, Loss = 7.258e-01
It: 860, Loss = 7.290e-01
It: 870, Loss = 7.248e-01
It: 880, Loss = 7.211e-01
It: 890, Loss = 7.192e-01
It: 900, Loss = 7.178e-01
It: 910, Loss = 7.161e-01
It: 920, Loss = 7.147e-01
It: 930, Loss = 7.146e-01
It: 940, Loss = 7.140e-01
It: 950, Loss = 7.125e-01
It: 960, Loss = 7.104e-01
It: 970, Loss = 7.081e-01
It: 980, Loss = 7.063e-01
It: 990, Loss = 7.045e-01
G_pred shape (100, 100)
