Using TensorFlow 2 backend.

N_train =  12
It: 0, Loss = 1.119e+00
It: 10, Loss = 9.929e-01
It: 20, Loss = 1.005e+00
It: 30, Loss = 9.529e-01
It: 40, Loss = 9.483e-01
It: 50, Loss = 9.373e-01
It: 60, Loss = 9.280e-01
It: 70, Loss = 9.200e-01
It: 80, Loss = 9.135e-01
It: 90, Loss = 9.094e-01
It: 100, Loss = 9.069e-01
It: 110, Loss = 9.052e-01
It: 120, Loss = 9.036e-01
It: 130, Loss = 9.023e-01
It: 140, Loss = 9.011e-01
It: 150, Loss = 8.999e-01
It: 160, Loss = 8.988e-01
It: 170, Loss = 8.977e-01
It: 180, Loss = 8.966e-01
It: 190, Loss = 8.956e-01
It: 200, Loss = 8.946e-01
It: 210, Loss = 8.936e-01
It: 220, Loss = 8.926e-01
It: 230, Loss = 8.917e-01
It: 240, Loss = 8.908e-01
It: 250, Loss = 8.899e-01
It: 260, Loss = 8.891e-01
It: 270, Loss = 8.884e-01
It: 280, Loss = 8.877e-01
It: 290, Loss = 8.870e-01
It: 300, Loss = 8.862e-01
It: 310, Loss = 8.855e-01
It: 320, Loss = 8.846e-01
It: 330, Loss = 8.837e-01
It: 340, Loss = 8.827e-01
It: 350, Loss = 8.816e-01
It: 360, Loss = 8.804e-01
It: 370, Loss = 8.790e-01
It: 380, Loss = 8.775e-01
It: 390, Loss = 8.759e-01
It: 400, Loss = 8.737e-01
It: 410, Loss = 8.705e-01
It: 420, Loss = 8.650e-01
It: 430, Loss = 8.538e-01
It: 440, Loss = 8.284e-01
It: 450, Loss = 7.678e-01
It: 460, Loss = 7.357e-01
It: 470, Loss = 6.851e-01
It: 480, Loss = 6.446e-01
It: 490, Loss = 6.050e-01
It: 500, Loss = 5.710e-01
It: 510, Loss = 5.497e-01
It: 520, Loss = 5.304e-01
It: 530, Loss = 5.100e-01
It: 540, Loss = 4.852e-01
It: 550, Loss = 5.555e-01
It: 560, Loss = 4.335e-01
It: 570, Loss = 4.143e-01
It: 580, Loss = 3.806e-01
It: 590, Loss = 3.634e-01
It: 600, Loss = 3.566e-01
It: 610, Loss = 3.490e-01
It: 620, Loss = 3.395e-01
It: 630, Loss = 3.246e-01
It: 640, Loss = 3.177e-01
It: 650, Loss = 3.314e-01
It: 660, Loss = 3.085e-01
It: 670, Loss = 3.068e-01
It: 680, Loss = 2.990e-01
It: 690, Loss = 3.208e-01
It: 700, Loss = 2.907e-01
It: 710, Loss = 2.862e-01
It: 720, Loss = 2.768e-01
It: 730, Loss = 2.688e-01
It: 740, Loss = 3.067e-01
It: 750, Loss = 2.727e-01
It: 760, Loss = 2.634e-01
It: 770, Loss = 2.459e-01
It: 780, Loss = 2.380e-01
It: 790, Loss = 2.292e-01
It: 800, Loss = 2.927e-01
It: 810, Loss = 2.305e-01
It: 820, Loss = 2.244e-01
It: 830, Loss = 2.055e-01
It: 840, Loss = 1.969e-01
It: 850, Loss = 1.886e-01
It: 860, Loss = 1.814e-01
It: 870, Loss = 1.771e-01
It: 880, Loss = 2.075e-01
It: 890, Loss = 1.726e-01
It: 900, Loss = 1.601e-01
It: 910, Loss = 1.522e-01
It: 920, Loss = 1.464e-01
It: 930, Loss = 1.402e-01
It: 940, Loss = 1.347e-01
It: 950, Loss = 2.444e-01
It: 960, Loss = 1.812e-01
It: 970, Loss = 1.455e-01
It: 980, Loss = 1.277e-01
It: 990, Loss = 1.243e-01
G_pred shape (100, 100)
It: 0, Loss = 5.403e+00
It: 10, Loss = 1.555e+00
It: 20, Loss = 1.262e+00
It: 30, Loss = 1.051e+00
It: 40, Loss = 9.813e-01
It: 50, Loss = 9.651e-01
It: 60, Loss = 9.577e-01
It: 70, Loss = 9.534e-01
It: 80, Loss = 9.497e-01
It: 90, Loss = 9.462e-01
It: 100, Loss = 9.426e-01
It: 110, Loss = 9.386e-01
It: 120, Loss = 9.340e-01
It: 130, Loss = 9.286e-01
It: 140, Loss = 9.226e-01
It: 150, Loss = 9.158e-01
It: 160, Loss = 9.077e-01
It: 170, Loss = 8.983e-01
It: 180, Loss = 8.911e-01
It: 190, Loss = 8.848e-01
It: 200, Loss = 8.811e-01
It: 210, Loss = 8.792e-01
It: 220, Loss = 8.778e-01
It: 230, Loss = 8.762e-01
It: 240, Loss = 8.745e-01
It: 250, Loss = 8.728e-01
It: 260, Loss = 8.710e-01
It: 270, Loss = 8.690e-01
It: 280, Loss = 8.672e-01
It: 290, Loss = 8.656e-01
It: 300, Loss = 8.642e-01
It: 310, Loss = 8.627e-01
It: 320, Loss = 8.615e-01
It: 330, Loss = 8.603e-01
It: 340, Loss = 8.592e-01
It: 350, Loss = 8.581e-01
It: 360, Loss = 8.570e-01
It: 370, Loss = 8.568e-01
It: 380, Loss = 8.553e-01
It: 390, Loss = 8.541e-01
It: 400, Loss = 8.530e-01
It: 410, Loss = 8.520e-01
It: 420, Loss = 8.510e-01
It: 430, Loss = 8.498e-01
It: 440, Loss = 8.487e-01
It: 450, Loss = 8.475e-01
It: 460, Loss = 8.463e-01
It: 470, Loss = 8.451e-01
It: 480, Loss = 8.439e-01
It: 490, Loss = 8.428e-01
It: 500, Loss = 8.417e-01
It: 510, Loss = 8.406e-01
It: 520, Loss = 8.392e-01
It: 530, Loss = 8.377e-01
It: 540, Loss = 8.357e-01
It: 550, Loss = 8.330e-01
It: 560, Loss = 8.297e-01
It: 570, Loss = 8.244e-01
It: 580, Loss = 8.164e-01
It: 590, Loss = 8.081e-01
It: 600, Loss = 8.006e-01
It: 610, Loss = 7.955e-01
It: 620, Loss = 7.891e-01
It: 630, Loss = 7.841e-01
It: 640, Loss = 7.791e-01
It: 650, Loss = 7.762e-01
It: 660, Loss = 7.725e-01
It: 670, Loss = 7.694e-01
It: 680, Loss = 7.647e-01
It: 690, Loss = 7.609e-01
It: 700, Loss = 7.576e-01
It: 710, Loss = 7.544e-01
It: 720, Loss = 7.513e-01
It: 730, Loss = 7.744e-01
It: 740, Loss = 7.548e-01
It: 750, Loss = 7.465e-01
It: 760, Loss = 7.438e-01
It: 770, Loss = 7.412e-01
It: 780, Loss = 7.391e-01
It: 790, Loss = 7.371e-01
It: 800, Loss = 7.352e-01
It: 810, Loss = 7.333e-01
It: 820, Loss = 7.331e-01
It: 830, Loss = 7.536e-01
It: 840, Loss = 7.368e-01
It: 850, Loss = 7.293e-01
It: 860, Loss = 7.276e-01
It: 870, Loss = 7.265e-01
It: 880, Loss = 7.255e-01
It: 890, Loss = 7.245e-01
It: 900, Loss = 7.234e-01
It: 910, Loss = 7.223e-01
It: 920, Loss = 7.211e-01
It: 930, Loss = 7.198e-01
It: 940, Loss = 7.184e-01
It: 950, Loss = 7.564e-01
It: 960, Loss = 7.166e-01
It: 970, Loss = 7.156e-01
It: 980, Loss = 7.137e-01
It: 990, Loss = 7.115e-01
G_pred shape (100, 100)
It: 0, Loss = 1.006e+00
It: 10, Loss = 9.812e-01
It: 20, Loss = 9.568e-01
It: 30, Loss = 9.462e-01
It: 40, Loss = 9.397e-01
It: 50, Loss = 9.349e-01
It: 60, Loss = 9.311e-01
It: 70, Loss = 9.283e-01
It: 80, Loss = 9.250e-01
It: 90, Loss = 9.215e-01
It: 100, Loss = 9.175e-01
It: 110, Loss = 9.124e-01
It: 120, Loss = 9.056e-01
It: 130, Loss = 8.971e-01
It: 140, Loss = 8.902e-01
It: 150, Loss = 8.803e-01
It: 160, Loss = 8.736e-01
It: 170, Loss = 8.708e-01
It: 180, Loss = 8.574e-01
It: 190, Loss = 8.470e-01
It: 200, Loss = 8.356e-01
It: 210, Loss = 8.279e-01
It: 220, Loss = 8.230e-01
It: 230, Loss = 8.084e-01
It: 240, Loss = 7.985e-01
It: 250, Loss = 8.049e-01
It: 260, Loss = 7.837e-01
It: 270, Loss = 7.790e-01
It: 280, Loss = 7.664e-01
It: 290, Loss = 7.532e-01
It: 300, Loss = 7.428e-01
It: 310, Loss = 7.925e-01
It: 320, Loss = 7.066e-01
It: 330, Loss = 6.914e-01
It: 340, Loss = 6.671e-01
It: 350, Loss = 6.515e-01
It: 360, Loss = 7.095e-01
It: 370, Loss = 6.323e-01
It: 380, Loss = 6.185e-01
It: 390, Loss = 6.070e-01
It: 400, Loss = 5.952e-01
It: 410, Loss = 5.866e-01
It: 420, Loss = 5.981e-01
It: 430, Loss = 5.804e-01
It: 440, Loss = 5.702e-01
It: 450, Loss = 5.614e-01
It: 460, Loss = 5.554e-01
It: 470, Loss = 6.113e-01
It: 480, Loss = 5.604e-01
It: 490, Loss = 5.414e-01
It: 500, Loss = 5.298e-01
It: 510, Loss = 5.229e-01
It: 520, Loss = 5.822e-01
It: 530, Loss = 5.205e-01
It: 540, Loss = 5.085e-01
It: 550, Loss = 5.006e-01
It: 560, Loss = 5.162e-01
It: 570, Loss = 4.905e-01
It: 580, Loss = 4.731e-01
It: 590, Loss = 4.660e-01
It: 600, Loss = 4.538e-01
It: 610, Loss = 4.416e-01
It: 620, Loss = 4.340e-01
It: 630, Loss = 4.468e-01
It: 640, Loss = 4.688e-01
It: 650, Loss = 4.305e-01
It: 660, Loss = 4.196e-01
It: 670, Loss = 4.067e-01
It: 680, Loss = 3.993e-01
It: 690, Loss = 3.931e-01
It: 700, Loss = 5.175e-01
It: 710, Loss = 4.113e-01
It: 720, Loss = 3.826e-01
It: 730, Loss = 3.790e-01
It: 740, Loss = 3.719e-01
It: 750, Loss = 3.677e-01
It: 760, Loss = 3.635e-01
It: 770, Loss = 3.591e-01
It: 780, Loss = 3.544e-01
It: 790, Loss = 3.506e-01
It: 800, Loss = 3.905e-01
It: 810, Loss = 3.587e-01
It: 820, Loss = 3.523e-01
It: 830, Loss = 3.436e-01
It: 840, Loss = 3.367e-01
It: 850, Loss = 3.314e-01
It: 860, Loss = 3.254e-01
It: 870, Loss = 3.201e-01
It: 880, Loss = 3.145e-01
It: 890, Loss = 3.088e-01
It: 900, Loss = 3.030e-01
It: 910, Loss = 4.318e-01
It: 920, Loss = 3.695e-01
It: 930, Loss = 3.168e-01
It: 940, Loss = 3.102e-01
It: 950, Loss = 2.903e-01
It: 960, Loss = 2.841e-01
It: 970, Loss = 2.755e-01
It: 980, Loss = 2.684e-01
It: 990, Loss = 2.611e-01
G_pred shape (100, 100)
It: 0, Loss = 1.803e+00
It: 10, Loss = 9.777e-01
It: 20, Loss = 9.872e-01
It: 30, Loss = 9.485e-01
It: 40, Loss = 9.238e-01
It: 50, Loss = 9.090e-01
It: 60, Loss = 8.928e-01
It: 70, Loss = 8.740e-01
It: 80, Loss = 8.583e-01
It: 90, Loss = 8.543e-01
It: 100, Loss = 8.511e-01
It: 110, Loss = 8.495e-01
It: 120, Loss = 8.475e-01
It: 130, Loss = 8.453e-01
It: 140, Loss = 8.426e-01
It: 150, Loss = 8.387e-01
It: 160, Loss = 8.328e-01
It: 170, Loss = 8.220e-01
It: 180, Loss = 7.974e-01
It: 190, Loss = 7.578e-01
It: 200, Loss = 7.597e-01
It: 210, Loss = 7.556e-01
It: 220, Loss = 7.541e-01
It: 230, Loss = 7.533e-01
It: 240, Loss = 7.523e-01
It: 250, Loss = 7.514e-01
It: 260, Loss = 7.507e-01
It: 270, Loss = 7.503e-01
It: 280, Loss = 7.494e-01
It: 290, Loss = 7.486e-01
It: 300, Loss = 7.479e-01
It: 310, Loss = 7.472e-01
It: 320, Loss = 7.466e-01
It: 330, Loss = 7.474e-01
It: 340, Loss = 7.455e-01
It: 350, Loss = 7.443e-01
It: 360, Loss = 7.432e-01
It: 370, Loss = 7.417e-01
It: 380, Loss = 7.396e-01
It: 390, Loss = 7.360e-01
It: 400, Loss = 7.304e-01
It: 410, Loss = 7.187e-01
It: 420, Loss = 7.008e-01
It: 430, Loss = 6.828e-01
It: 440, Loss = 6.728e-01
It: 450, Loss = 6.561e-01
It: 460, Loss = 6.492e-01
It: 470, Loss = 6.393e-01
It: 480, Loss = 6.414e-01
It: 490, Loss = 6.274e-01
It: 500, Loss = 6.244e-01
It: 510, Loss = 6.226e-01
It: 520, Loss = 6.174e-01
It: 530, Loss = 6.139e-01
It: 540, Loss = 6.102e-01
It: 550, Loss = 6.080e-01
It: 560, Loss = 6.058e-01
It: 570, Loss = 6.050e-01
It: 580, Loss = 6.139e-01
It: 590, Loss = 5.981e-01
It: 600, Loss = 6.024e-01
It: 610, Loss = 5.923e-01
It: 620, Loss = 5.928e-01
It: 630, Loss = 5.878e-01
It: 640, Loss = 5.886e-01
It: 650, Loss = 5.840e-01
It: 660, Loss = 5.823e-01
It: 670, Loss = 5.803e-01
It: 680, Loss = 5.774e-01
It: 690, Loss = 5.753e-01
It: 700, Loss = 5.735e-01
It: 710, Loss = 5.871e-01
It: 720, Loss = 5.908e-01
It: 730, Loss = 5.726e-01
It: 740, Loss = 5.713e-01
It: 750, Loss = 5.683e-01
It: 760, Loss = 5.665e-01
It: 770, Loss = 5.649e-01
It: 780, Loss = 5.635e-01
It: 790, Loss = 5.622e-01
It: 800, Loss = 5.608e-01
It: 810, Loss = 5.659e-01
It: 820, Loss = 5.942e-01
It: 830, Loss = 5.595e-01
It: 840, Loss = 5.589e-01
It: 850, Loss = 5.573e-01
It: 860, Loss = 5.549e-01
It: 870, Loss = 5.531e-01
It: 880, Loss = 5.515e-01
It: 890, Loss = 5.498e-01
It: 900, Loss = 5.480e-01
It: 910, Loss = 5.461e-01
It: 920, Loss = 5.439e-01
It: 930, Loss = 5.414e-01
It: 940, Loss = 5.401e-01
It: 950, Loss = 5.929e-01
It: 960, Loss = 5.419e-01
It: 970, Loss = 5.398e-01
It: 980, Loss = 5.312e-01
It: 990, Loss = 5.275e-01
G_pred shape (100, 100)
It: 0, Loss = 9.949e-01
It: 10, Loss = 9.890e-01
It: 20, Loss = 9.566e-01
It: 30, Loss = 9.508e-01
It: 40, Loss = 9.386e-01
It: 50, Loss = 9.335e-01
It: 60, Loss = 9.297e-01
It: 70, Loss = 9.259e-01
It: 80, Loss = 9.215e-01
It: 90, Loss = 9.164e-01
It: 100, Loss = 9.119e-01
It: 110, Loss = 9.086e-01
It: 120, Loss = 9.058e-01
It: 130, Loss = 9.035e-01
It: 140, Loss = 9.013e-01
It: 150, Loss = 8.989e-01
It: 160, Loss = 8.962e-01
It: 170, Loss = 8.931e-01
It: 180, Loss = 8.896e-01
It: 190, Loss = 8.856e-01
It: 200, Loss = 8.815e-01
It: 210, Loss = 8.768e-01
It: 220, Loss = 8.694e-01
It: 230, Loss = 8.545e-01
It: 240, Loss = 8.421e-01
It: 250, Loss = 8.103e-01
It: 260, Loss = 7.953e-01
It: 270, Loss = 7.765e-01
It: 280, Loss = 7.523e-01
It: 290, Loss = 7.432e-01
It: 300, Loss = 6.872e-01
It: 310, Loss = 6.444e-01
It: 320, Loss = 6.059e-01
It: 330, Loss = 5.992e-01
It: 340, Loss = 5.693e-01
It: 350, Loss = 5.425e-01
It: 360, Loss = 5.160e-01
It: 370, Loss = 4.793e-01
It: 380, Loss = 4.237e-01
It: 390, Loss = 3.903e-01
It: 400, Loss = 3.454e-01
It: 410, Loss = 3.021e-01
It: 420, Loss = 2.782e-01
It: 430, Loss = 2.610e-01
It: 440, Loss = 2.618e-01
It: 450, Loss = 2.439e-01
It: 460, Loss = 2.301e-01
It: 470, Loss = 2.203e-01
It: 480, Loss = 2.455e-01
It: 490, Loss = 2.104e-01
It: 500, Loss = 1.926e-01
It: 510, Loss = 1.829e-01
It: 520, Loss = 1.765e-01
It: 530, Loss = 1.955e-01
It: 540, Loss = 1.640e-01
It: 550, Loss = 1.581e-01
It: 560, Loss = 1.504e-01
It: 570, Loss = 1.441e-01
It: 580, Loss = 1.394e-01
It: 590, Loss = 1.364e-01
It: 600, Loss = 1.298e-01
It: 610, Loss = 2.934e-01
It: 620, Loss = 1.314e-01
It: 630, Loss = 1.282e-01
It: 640, Loss = 1.214e-01
It: 650, Loss = 1.140e-01
It: 660, Loss = 1.086e-01
It: 670, Loss = 1.037e-01
It: 680, Loss = 9.963e-02
It: 690, Loss = 2.128e-01
It: 700, Loss = 1.216e-01
It: 710, Loss = 9.729e-02
It: 720, Loss = 8.934e-02
It: 730, Loss = 8.648e-02
It: 740, Loss = 8.360e-02
It: 750, Loss = 8.125e-02
It: 760, Loss = 7.936e-02
It: 770, Loss = 7.777e-02
It: 780, Loss = 9.198e-02
It: 790, Loss = 8.023e-02
It: 800, Loss = 7.746e-02
It: 810, Loss = 7.436e-02
It: 820, Loss = 7.299e-02
It: 830, Loss = 7.194e-02
It: 840, Loss = 7.109e-02
It: 850, Loss = 7.015e-02
It: 860, Loss = 6.943e-02
It: 870, Loss = 6.873e-02
It: 880, Loss = 6.808e-02
It: 890, Loss = 6.747e-02
It: 900, Loss = 6.688e-02
It: 910, Loss = 6.631e-02
It: 920, Loss = 6.577e-02
It: 930, Loss = 6.524e-02
It: 940, Loss = 6.472e-02
It: 950, Loss = 6.451e-02
It: 960, Loss = 7.819e-02
It: 970, Loss = 6.615e-02
It: 980, Loss = 6.791e-02
It: 990, Loss = 6.353e-02
G_pred shape (100, 100)
