Using TensorFlow 2 backend.

N_train =  11
It: 0, Loss = 1.183e+00
It: 10, Loss = 1.086e+00
It: 20, Loss = 1.013e+00
It: 30, Loss = 9.662e-01
It: 40, Loss = 9.399e-01
It: 50, Loss = 9.268e-01
It: 60, Loss = 9.152e-01
It: 70, Loss = 9.052e-01
It: 80, Loss = 9.004e-01
It: 90, Loss = 8.983e-01
It: 100, Loss = 8.962e-01
It: 110, Loss = 8.947e-01
It: 120, Loss = 8.937e-01
It: 130, Loss = 8.929e-01
It: 140, Loss = 8.921e-01
It: 150, Loss = 8.913e-01
It: 160, Loss = 8.905e-01
It: 170, Loss = 8.896e-01
It: 180, Loss = 8.885e-01
It: 190, Loss = 8.873e-01
It: 200, Loss = 8.859e-01
It: 210, Loss = 8.841e-01
It: 220, Loss = 8.821e-01
It: 230, Loss = 8.797e-01
It: 240, Loss = 8.769e-01
It: 250, Loss = 8.737e-01
It: 260, Loss = 8.703e-01
It: 270, Loss = 8.664e-01
It: 280, Loss = 8.618e-01
It: 290, Loss = 8.558e-01
It: 300, Loss = 8.476e-01
It: 310, Loss = 8.369e-01
It: 320, Loss = 8.240e-01
It: 330, Loss = 8.070e-01
It: 340, Loss = 7.899e-01
It: 350, Loss = 7.743e-01
It: 360, Loss = 7.570e-01
It: 370, Loss = 7.367e-01
It: 380, Loss = 7.162e-01
It: 390, Loss = 6.938e-01
It: 400, Loss = 6.729e-01
It: 410, Loss = 6.387e-01
It: 420, Loss = 6.043e-01
It: 430, Loss = 5.621e-01
It: 440, Loss = 5.401e-01
It: 450, Loss = 5.244e-01
It: 460, Loss = 5.069e-01
It: 470, Loss = 4.905e-01
It: 480, Loss = 5.059e-01
It: 490, Loss = 4.797e-01
It: 500, Loss = 4.485e-01
It: 510, Loss = 4.262e-01
It: 520, Loss = 4.104e-01
It: 530, Loss = 3.951e-01
It: 540, Loss = 4.189e-01
It: 550, Loss = 3.827e-01
It: 560, Loss = 3.672e-01
It: 570, Loss = 3.574e-01
It: 580, Loss = 3.500e-01
It: 590, Loss = 3.571e-01
It: 600, Loss = 3.379e-01
It: 610, Loss = 3.361e-01
It: 620, Loss = 3.248e-01
It: 630, Loss = 3.250e-01
It: 640, Loss = 3.128e-01
It: 650, Loss = 3.127e-01
It: 660, Loss = 3.054e-01
It: 670, Loss = 2.991e-01
It: 680, Loss = 2.939e-01
It: 690, Loss = 2.901e-01
It: 700, Loss = 2.926e-01
It: 710, Loss = 2.827e-01
It: 720, Loss = 3.288e-01
It: 730, Loss = 2.737e-01
It: 740, Loss = 2.718e-01
It: 750, Loss = 2.622e-01
It: 760, Loss = 2.560e-01
It: 770, Loss = 2.774e-01
It: 780, Loss = 2.759e-01
It: 790, Loss = 2.481e-01
It: 800, Loss = 2.412e-01
It: 810, Loss = 2.351e-01
It: 820, Loss = 3.681e-01
It: 830, Loss = 2.548e-01
It: 840, Loss = 2.336e-01
It: 850, Loss = 2.186e-01
It: 860, Loss = 2.135e-01
It: 870, Loss = 2.432e-01
It: 880, Loss = 2.176e-01
It: 890, Loss = 1.967e-01
It: 900, Loss = 1.944e-01
It: 910, Loss = 1.858e-01
It: 920, Loss = 1.920e-01
It: 930, Loss = 1.752e-01
It: 940, Loss = 1.682e-01
It: 950, Loss = 1.631e-01
It: 960, Loss = 2.010e-01
It: 970, Loss = 2.240e-01
It: 980, Loss = 1.667e-01
It: 990, Loss = 1.513e-01
G_pred shape (100, 100)
It: 0, Loss = 1.516e+00
It: 10, Loss = 1.027e+00
It: 20, Loss = 1.004e+00
It: 30, Loss = 9.669e-01
It: 40, Loss = 9.480e-01
It: 50, Loss = 9.346e-01
It: 60, Loss = 9.198e-01
It: 70, Loss = 9.086e-01
It: 80, Loss = 9.034e-01
It: 90, Loss = 9.018e-01
It: 100, Loss = 9.015e-01
It: 110, Loss = 9.009e-01
It: 120, Loss = 9.005e-01
It: 130, Loss = 9.000e-01
It: 140, Loss = 8.994e-01
It: 150, Loss = 8.986e-01
It: 160, Loss = 8.974e-01
It: 170, Loss = 8.951e-01
It: 180, Loss = 8.903e-01
It: 190, Loss = 8.798e-01
It: 200, Loss = 8.631e-01
It: 210, Loss = 8.518e-01
It: 220, Loss = 8.461e-01
It: 230, Loss = 8.389e-01
It: 240, Loss = 8.328e-01
It: 250, Loss = 8.252e-01
It: 260, Loss = 8.132e-01
It: 270, Loss = 7.998e-01
It: 280, Loss = 7.904e-01
It: 290, Loss = 7.886e-01
It: 300, Loss = 7.874e-01
It: 310, Loss = 7.869e-01
It: 320, Loss = 7.866e-01
It: 330, Loss = 7.863e-01
It: 340, Loss = 7.860e-01
It: 350, Loss = 7.857e-01
It: 360, Loss = 7.854e-01
It: 370, Loss = 7.852e-01
It: 380, Loss = 7.849e-01
It: 390, Loss = 7.846e-01
It: 400, Loss = 7.842e-01
It: 410, Loss = 7.847e-01
It: 420, Loss = 7.835e-01
It: 430, Loss = 7.826e-01
It: 440, Loss = 7.817e-01
It: 450, Loss = 7.805e-01
It: 460, Loss = 7.786e-01
It: 470, Loss = 7.756e-01
It: 480, Loss = 7.705e-01
It: 490, Loss = 7.613e-01
It: 500, Loss = 7.449e-01
It: 510, Loss = 7.271e-01
It: 520, Loss = 7.025e-01
It: 530, Loss = 6.825e-01
It: 540, Loss = 6.656e-01
It: 550, Loss = 6.494e-01
It: 560, Loss = 6.396e-01
It: 570, Loss = 6.227e-01
It: 580, Loss = 6.053e-01
It: 590, Loss = 5.778e-01
It: 600, Loss = 5.350e-01
It: 610, Loss = 4.791e-01
It: 620, Loss = 4.135e-01
It: 630, Loss = 4.727e-01
It: 640, Loss = 3.405e-01
It: 650, Loss = 2.781e-01
It: 660, Loss = 2.483e-01
It: 670, Loss = 2.185e-01
It: 680, Loss = 1.973e-01
It: 690, Loss = 1.905e-01
It: 700, Loss = 1.789e-01
It: 710, Loss = 1.624e-01
It: 720, Loss = 1.546e-01
It: 730, Loss = 1.471e-01
It: 740, Loss = 1.430e-01
It: 750, Loss = 1.475e-01
It: 760, Loss = 1.307e-01
It: 770, Loss = 1.257e-01
It: 780, Loss = 1.194e-01
It: 790, Loss = 1.137e-01
It: 800, Loss = 1.465e-01
It: 810, Loss = 1.150e-01
It: 820, Loss = 1.005e-01
It: 830, Loss = 9.345e-02
It: 840, Loss = 8.708e-02
It: 850, Loss = 8.006e-02
It: 860, Loss = 7.342e-02
It: 870, Loss = 6.686e-02
It: 880, Loss = 8.282e-02
It: 890, Loss = 6.437e-02
It: 900, Loss = 5.897e-02
It: 910, Loss = 4.891e-02
It: 920, Loss = 4.518e-02
It: 930, Loss = 4.059e-02
It: 940, Loss = 3.706e-02
It: 950, Loss = 3.368e-02
It: 960, Loss = 4.038e-02
It: 970, Loss = 3.955e-02
It: 980, Loss = 2.821e-02
It: 990, Loss = 2.671e-02
G_pred shape (100, 100)
It: 0, Loss = 1.073e+00
It: 10, Loss = 1.087e+00
It: 20, Loss = 9.788e-01
It: 30, Loss = 9.551e-01
It: 40, Loss = 9.483e-01
It: 50, Loss = 9.342e-01
It: 60, Loss = 9.217e-01
It: 70, Loss = 9.104e-01
It: 80, Loss = 9.042e-01
It: 90, Loss = 9.013e-01
It: 100, Loss = 8.991e-01
It: 110, Loss = 8.968e-01
It: 120, Loss = 8.942e-01
It: 130, Loss = 8.912e-01
It: 140, Loss = 8.876e-01
It: 150, Loss = 8.833e-01
It: 160, Loss = 8.786e-01
It: 170, Loss = 8.755e-01
It: 180, Loss = 8.705e-01
It: 190, Loss = 8.656e-01
It: 200, Loss = 8.645e-01
It: 210, Loss = 8.577e-01
It: 220, Loss = 8.533e-01
It: 230, Loss = 8.499e-01
It: 240, Loss = 8.468e-01
It: 250, Loss = 8.441e-01
It: 260, Loss = 8.413e-01
It: 270, Loss = 8.413e-01
It: 280, Loss = 8.398e-01
It: 290, Loss = 8.357e-01
It: 300, Loss = 8.331e-01
It: 310, Loss = 8.308e-01
It: 320, Loss = 8.283e-01
It: 330, Loss = 8.252e-01
It: 340, Loss = 8.209e-01
It: 350, Loss = 8.146e-01
It: 360, Loss = 8.089e-01
It: 370, Loss = 7.984e-01
It: 380, Loss = 7.770e-01
It: 390, Loss = 7.559e-01
It: 400, Loss = 7.140e-01
It: 410, Loss = 6.840e-01
It: 420, Loss = 5.983e-01
It: 430, Loss = 5.153e-01
It: 440, Loss = 4.802e-01
It: 450, Loss = 4.444e-01
It: 460, Loss = 4.267e-01
It: 470, Loss = 4.059e-01
It: 480, Loss = 4.233e-01
It: 490, Loss = 3.850e-01
It: 500, Loss = 3.677e-01
It: 510, Loss = 3.537e-01
It: 520, Loss = 3.397e-01
It: 530, Loss = 3.281e-01
It: 540, Loss = 3.179e-01
It: 550, Loss = 3.897e-01
It: 560, Loss = 3.339e-01
It: 570, Loss = 2.993e-01
It: 580, Loss = 2.899e-01
It: 590, Loss = 2.833e-01
It: 600, Loss = 3.313e-01
It: 610, Loss = 2.744e-01
It: 620, Loss = 2.691e-01
It: 630, Loss = 2.616e-01
It: 640, Loss = 2.534e-01
It: 650, Loss = 2.466e-01
It: 660, Loss = 2.399e-01
It: 670, Loss = 2.325e-01
It: 680, Loss = 2.246e-01
It: 690, Loss = 2.160e-01
It: 700, Loss = 2.370e-01
It: 710, Loss = 2.723e-01
It: 720, Loss = 2.431e-01
It: 730, Loss = 2.100e-01
It: 740, Loss = 1.928e-01
It: 750, Loss = 1.813e-01
It: 760, Loss = 1.733e-01
It: 770, Loss = 1.649e-01
It: 780, Loss = 1.570e-01
It: 790, Loss = 1.495e-01
It: 800, Loss = 1.425e-01
It: 810, Loss = 1.360e-01
It: 820, Loss = 2.231e-01
It: 830, Loss = 1.268e-01
It: 840, Loss = 1.234e-01
It: 850, Loss = 1.182e-01
It: 860, Loss = 1.129e-01
It: 870, Loss = 1.064e-01
It: 880, Loss = 1.014e-01
It: 890, Loss = 9.601e-02
It: 900, Loss = 1.056e-01
It: 910, Loss = 9.131e-02
It: 920, Loss = 8.619e-02
It: 930, Loss = 7.709e-02
It: 940, Loss = 7.165e-02
It: 950, Loss = 6.667e-02
It: 960, Loss = 7.241e-02
It: 970, Loss = 7.862e-02
It: 980, Loss = 6.080e-02
It: 990, Loss = 4.892e-02
G_pred shape (100, 100)
It: 0, Loss = 1.040e+00
It: 10, Loss = 9.875e-01
It: 20, Loss = 9.737e-01
It: 30, Loss = 9.572e-01
It: 40, Loss = 9.420e-01
It: 50, Loss = 9.333e-01
It: 60, Loss = 9.278e-01
It: 70, Loss = 9.242e-01
It: 80, Loss = 9.208e-01
It: 90, Loss = 9.177e-01
It: 100, Loss = 9.149e-01
It: 110, Loss = 9.123e-01
It: 120, Loss = 9.099e-01
It: 130, Loss = 9.079e-01
It: 140, Loss = 9.064e-01
It: 150, Loss = 9.050e-01
It: 160, Loss = 9.038e-01
It: 170, Loss = 9.025e-01
It: 180, Loss = 9.011e-01
It: 190, Loss = 8.994e-01
It: 200, Loss = 8.976e-01
It: 210, Loss = 8.953e-01
It: 220, Loss = 8.925e-01
It: 230, Loss = 8.888e-01
It: 240, Loss = 8.837e-01
It: 250, Loss = 8.765e-01
It: 260, Loss = 8.660e-01
It: 270, Loss = 8.515e-01
It: 280, Loss = 8.331e-01
It: 290, Loss = 8.119e-01
It: 300, Loss = 7.873e-01
It: 310, Loss = 7.589e-01
It: 320, Loss = 7.268e-01
It: 330, Loss = 7.047e-01
It: 340, Loss = 6.906e-01
It: 350, Loss = 6.783e-01
It: 360, Loss = 6.590e-01
It: 370, Loss = 6.318e-01
It: 380, Loss = 6.035e-01
It: 390, Loss = 5.898e-01
It: 400, Loss = 5.500e-01
It: 410, Loss = 4.973e-01
It: 420, Loss = 4.612e-01
It: 430, Loss = 4.404e-01
It: 440, Loss = 4.209e-01
It: 450, Loss = 4.322e-01
It: 460, Loss = 4.248e-01
It: 470, Loss = 3.968e-01
It: 480, Loss = 3.853e-01
It: 490, Loss = 3.669e-01
It: 500, Loss = 3.557e-01
It: 510, Loss = 3.442e-01
It: 520, Loss = 3.333e-01
It: 530, Loss = 3.226e-01
It: 540, Loss = 3.119e-01
It: 550, Loss = 3.012e-01
It: 560, Loss = 2.976e-01
It: 570, Loss = 2.887e-01
It: 580, Loss = 3.336e-01
It: 590, Loss = 2.718e-01
It: 600, Loss = 2.653e-01
It: 610, Loss = 2.507e-01
It: 620, Loss = 2.408e-01
It: 630, Loss = 2.308e-01
It: 640, Loss = 3.394e-01
It: 650, Loss = 2.230e-01
It: 660, Loss = 2.779e-01
It: 670, Loss = 2.037e-01
It: 680, Loss = 1.989e-01
It: 690, Loss = 1.826e-01
It: 700, Loss = 1.738e-01
It: 710, Loss = 1.662e-01
It: 720, Loss = 1.730e-01
It: 730, Loss = 2.074e-01
It: 740, Loss = 1.708e-01
It: 750, Loss = 1.538e-01
It: 760, Loss = 1.376e-01
It: 770, Loss = 1.340e-01
It: 780, Loss = 1.275e-01
It: 790, Loss = 1.256e-01
It: 800, Loss = 1.441e-01
It: 810, Loss = 1.593e-01
It: 820, Loss = 1.363e-01
It: 830, Loss = 1.126e-01
It: 840, Loss = 1.092e-01
It: 850, Loss = 1.055e-01
It: 860, Loss = 1.024e-01
It: 870, Loss = 9.895e-02
It: 880, Loss = 9.567e-02
It: 890, Loss = 9.313e-02
It: 900, Loss = 9.143e-02
It: 910, Loss = 3.093e-01
It: 920, Loss = 1.092e-01
It: 930, Loss = 1.053e-01
It: 940, Loss = 9.482e-02
It: 950, Loss = 8.638e-02
It: 960, Loss = 8.361e-02
It: 970, Loss = 8.151e-02
It: 980, Loss = 8.012e-02
It: 990, Loss = 7.887e-02
G_pred shape (100, 100)
It: 0, Loss = 1.074e+00
It: 10, Loss = 1.133e+00
It: 20, Loss = 9.884e-01
It: 30, Loss = 9.452e-01
It: 40, Loss = 9.396e-01
It: 50, Loss = 9.385e-01
It: 60, Loss = 9.336e-01
It: 70, Loss = 9.307e-01
It: 80, Loss = 9.283e-01
It: 90, Loss = 9.259e-01
It: 100, Loss = 9.237e-01
It: 110, Loss = 9.214e-01
It: 120, Loss = 9.189e-01
It: 130, Loss = 9.162e-01
It: 140, Loss = 9.132e-01
It: 150, Loss = 9.103e-01
It: 160, Loss = 9.077e-01
It: 170, Loss = 9.056e-01
It: 180, Loss = 9.040e-01
It: 190, Loss = 9.028e-01
It: 200, Loss = 9.018e-01
It: 210, Loss = 9.007e-01
It: 220, Loss = 8.995e-01
It: 230, Loss = 8.981e-01
It: 240, Loss = 8.967e-01
It: 250, Loss = 8.951e-01
It: 260, Loss = 8.934e-01
It: 270, Loss = 8.916e-01
It: 280, Loss = 8.898e-01
It: 290, Loss = 8.880e-01
It: 300, Loss = 8.863e-01
It: 310, Loss = 8.849e-01
It: 320, Loss = 8.837e-01
It: 330, Loss = 8.826e-01
It: 340, Loss = 8.815e-01
It: 350, Loss = 8.803e-01
It: 360, Loss = 8.789e-01
It: 370, Loss = 8.770e-01
It: 380, Loss = 8.744e-01
It: 390, Loss = 8.705e-01
It: 400, Loss = 8.640e-01
It: 410, Loss = 8.514e-01
It: 420, Loss = 8.305e-01
It: 430, Loss = 8.068e-01
It: 440, Loss = 7.778e-01
It: 450, Loss = 7.545e-01
It: 460, Loss = 7.346e-01
It: 470, Loss = 7.152e-01
It: 480, Loss = 7.011e-01
It: 490, Loss = 6.934e-01
It: 500, Loss = 6.857e-01
It: 510, Loss = 6.779e-01
It: 520, Loss = 6.713e-01
It: 530, Loss = 6.655e-01
It: 540, Loss = 6.651e-01
It: 550, Loss = 6.540e-01
It: 560, Loss = 6.458e-01
It: 570, Loss = 6.332e-01
It: 580, Loss = 6.284e-01
It: 590, Loss = 6.395e-01
It: 600, Loss = 6.194e-01
It: 610, Loss = 6.110e-01
It: 620, Loss = 6.040e-01
It: 630, Loss = 5.953e-01
It: 640, Loss = 5.836e-01
It: 650, Loss = 6.131e-01
It: 660, Loss = 6.073e-01
It: 670, Loss = 5.378e-01
It: 680, Loss = 5.103e-01
It: 690, Loss = 4.829e-01
It: 700, Loss = 8.823e-01
It: 710, Loss = 5.439e-01
It: 720, Loss = 4.624e-01
It: 730, Loss = 4.192e-01
It: 740, Loss = 3.989e-01
It: 750, Loss = 3.749e-01
It: 760, Loss = 3.537e-01
It: 770, Loss = 3.316e-01
It: 780, Loss = 3.093e-01
It: 790, Loss = 3.420e-01
It: 800, Loss = 2.853e-01
It: 810, Loss = 2.586e-01
It: 820, Loss = 2.399e-01
It: 830, Loss = 4.639e-01
It: 840, Loss = 2.569e-01
It: 850, Loss = 2.099e-01
It: 860, Loss = 1.811e-01
It: 870, Loss = 1.619e-01
It: 880, Loss = 1.437e-01
It: 890, Loss = 3.524e-01
It: 900, Loss = 2.066e-01
It: 910, Loss = 1.276e-01
It: 920, Loss = 1.196e-01
It: 930, Loss = 1.083e-01
It: 940, Loss = 1.021e-01
It: 950, Loss = 9.590e-02
It: 960, Loss = 9.154e-02
It: 970, Loss = 8.804e-02
It: 980, Loss = 8.532e-02
It: 990, Loss = 8.363e-02
G_pred shape (100, 100)
