Using TensorFlow 2 backend.

N_train =  7
It: 0, Loss = 1.380e+00
It: 10, Loss = 1.012e+00
It: 20, Loss = 1.002e+00
It: 30, Loss = 9.799e-01
It: 40, Loss = 9.616e-01
It: 50, Loss = 9.445e-01
It: 60, Loss = 9.230e-01
It: 70, Loss = 9.040e-01
It: 80, Loss = 8.965e-01
It: 90, Loss = 8.911e-01
It: 100, Loss = 8.864e-01
It: 110, Loss = 8.826e-01
It: 120, Loss = 8.787e-01
It: 130, Loss = 8.749e-01
It: 140, Loss = 8.712e-01
It: 150, Loss = 8.677e-01
It: 160, Loss = 8.645e-01
It: 170, Loss = 8.618e-01
It: 180, Loss = 8.594e-01
It: 190, Loss = 8.569e-01
It: 200, Loss = 8.548e-01
It: 210, Loss = 8.523e-01
It: 220, Loss = 8.498e-01
It: 230, Loss = 8.470e-01
It: 240, Loss = 8.438e-01
It: 250, Loss = 8.400e-01
It: 260, Loss = 8.350e-01
It: 270, Loss = 8.288e-01
It: 280, Loss = 8.227e-01
It: 290, Loss = 8.158e-01
It: 300, Loss = 8.101e-01
It: 310, Loss = 8.049e-01
It: 320, Loss = 7.984e-01
It: 330, Loss = 7.913e-01
It: 340, Loss = 7.850e-01
It: 350, Loss = 7.753e-01
It: 360, Loss = 7.739e-01
It: 370, Loss = 7.555e-01
It: 380, Loss = 7.374e-01
It: 390, Loss = 7.154e-01
It: 400, Loss = 6.865e-01
It: 410, Loss = 6.581e-01
It: 420, Loss = 6.348e-01
It: 430, Loss = 6.049e-01
It: 440, Loss = 6.185e-01
It: 450, Loss = 5.673e-01
It: 460, Loss = 5.477e-01
It: 470, Loss = 5.302e-01
It: 480, Loss = 5.129e-01
It: 490, Loss = 5.009e-01
It: 500, Loss = 4.875e-01
It: 510, Loss = 4.721e-01
It: 520, Loss = 4.536e-01
It: 530, Loss = 4.400e-01
It: 540, Loss = 4.279e-01
It: 550, Loss = 3.878e-01
It: 560, Loss = 3.480e-01
It: 570, Loss = 3.552e-01
It: 580, Loss = 2.638e-01
It: 590, Loss = 2.318e-01
It: 600, Loss = 1.827e-01
It: 610, Loss = 1.454e-01
It: 620, Loss = 1.183e-01
It: 630, Loss = 1.341e-01
It: 640, Loss = 9.553e-02
It: 650, Loss = 8.459e-02
It: 660, Loss = 7.304e-02
It: 670, Loss = 6.705e-02
It: 680, Loss = 6.880e-02
It: 690, Loss = 5.850e-02
It: 700, Loss = 5.191e-02
It: 710, Loss = 4.729e-02
It: 720, Loss = 4.314e-02
It: 730, Loss = 3.920e-02
It: 740, Loss = 3.891e-02
It: 750, Loss = 3.981e-02
It: 760, Loss = 3.502e-02
It: 770, Loss = 2.886e-02
It: 780, Loss = 2.704e-02
It: 790, Loss = 2.517e-02
It: 800, Loss = 2.339e-02
It: 810, Loss = 2.200e-02
It: 820, Loss = 5.780e-02
It: 830, Loss = 2.842e-02
It: 840, Loss = 2.333e-02
It: 850, Loss = 1.914e-02
It: 860, Loss = 1.787e-02
It: 870, Loss = 1.702e-02
It: 880, Loss = 1.624e-02
It: 890, Loss = 1.567e-02
It: 900, Loss = 1.511e-02
It: 910, Loss = 1.458e-02
It: 920, Loss = 1.409e-02
It: 930, Loss = 1.362e-02
It: 940, Loss = 1.319e-02
It: 950, Loss = 1.457e-02
It: 960, Loss = 1.892e-02
It: 970, Loss = 1.448e-02
It: 980, Loss = 1.458e-02
It: 990, Loss = 1.234e-02
G_pred shape (100, 100)
It: 0, Loss = 1.050e+00
It: 10, Loss = 1.024e+00
It: 20, Loss = 9.584e-01
It: 30, Loss = 9.561e-01
It: 40, Loss = 9.271e-01
It: 50, Loss = 8.957e-01
It: 60, Loss = 8.642e-01
It: 70, Loss = 8.634e-01
It: 80, Loss = 8.609e-01
It: 90, Loss = 8.586e-01
It: 100, Loss = 8.572e-01
It: 110, Loss = 8.555e-01
It: 120, Loss = 8.534e-01
It: 130, Loss = 8.495e-01
It: 140, Loss = 8.383e-01
It: 150, Loss = 7.994e-01
It: 160, Loss = 7.131e-01
It: 170, Loss = 6.435e-01
It: 180, Loss = 5.913e-01
It: 190, Loss = 5.562e-01
It: 200, Loss = 5.361e-01
It: 210, Loss = 5.242e-01
It: 220, Loss = 5.125e-01
It: 230, Loss = 5.000e-01
It: 240, Loss = 4.855e-01
It: 250, Loss = 4.684e-01
It: 260, Loss = 4.494e-01
It: 270, Loss = 4.305e-01
It: 280, Loss = 4.176e-01
It: 290, Loss = 4.055e-01
It: 300, Loss = 3.971e-01
It: 310, Loss = 3.863e-01
It: 320, Loss = 3.732e-01
It: 330, Loss = 3.556e-01
It: 340, Loss = 3.333e-01
It: 350, Loss = 3.003e-01
It: 360, Loss = 2.727e-01
It: 370, Loss = 2.250e-01
It: 380, Loss = 1.815e-01
It: 390, Loss = 1.469e-01
It: 400, Loss = 1.248e-01
It: 410, Loss = 1.102e-01
It: 420, Loss = 9.670e-02
It: 430, Loss = 9.765e-02
It: 440, Loss = 8.240e-02
It: 450, Loss = 7.670e-02
It: 460, Loss = 6.906e-02
It: 470, Loss = 6.573e-02
It: 480, Loss = 7.389e-02
It: 490, Loss = 5.923e-02
It: 500, Loss = 5.704e-02
It: 510, Loss = 5.333e-02
It: 520, Loss = 5.123e-02
It: 530, Loss = 4.930e-02
It: 540, Loss = 4.753e-02
It: 550, Loss = 4.843e-02
It: 560, Loss = 4.847e-02
It: 570, Loss = 4.577e-02
It: 580, Loss = 4.410e-02
It: 590, Loss = 4.238e-02
It: 600, Loss = 4.126e-02
It: 610, Loss = 4.033e-02
It: 620, Loss = 3.946e-02
It: 630, Loss = 3.868e-02
It: 640, Loss = 3.790e-02
It: 650, Loss = 3.714e-02
It: 660, Loss = 3.698e-02
It: 670, Loss = 4.333e-02
It: 680, Loss = 3.649e-02
It: 690, Loss = 3.568e-02
It: 700, Loss = 3.448e-02
It: 710, Loss = 3.304e-02
It: 720, Loss = 3.223e-02
It: 730, Loss = 3.141e-02
It: 740, Loss = 3.055e-02
It: 750, Loss = 2.969e-02
It: 760, Loss = 2.879e-02
It: 770, Loss = 2.789e-02
It: 780, Loss = 2.767e-02
It: 790, Loss = 2.682e-02
It: 800, Loss = 2.640e-02
It: 810, Loss = 2.834e-02
It: 820, Loss = 2.583e-02
It: 830, Loss = 2.409e-02
It: 840, Loss = 2.342e-02
It: 850, Loss = 2.276e-02
It: 860, Loss = 2.215e-02
It: 870, Loss = 2.158e-02
It: 880, Loss = 2.102e-02
It: 890, Loss = 2.049e-02
It: 900, Loss = 1.999e-02
It: 910, Loss = 1.951e-02
It: 920, Loss = 1.904e-02
It: 930, Loss = 1.860e-02
It: 940, Loss = 1.817e-02
It: 950, Loss = 1.776e-02
It: 960, Loss = 1.747e-02
It: 970, Loss = 8.008e-02
It: 980, Loss = 1.750e-02
It: 990, Loss = 1.804e-02
G_pred shape (100, 100)
It: 0, Loss = 1.218e+00
It: 10, Loss = 9.567e-01
It: 20, Loss = 9.459e-01
It: 30, Loss = 9.325e-01
It: 40, Loss = 9.163e-01
It: 50, Loss = 8.935e-01
It: 60, Loss = 8.656e-01
It: 70, Loss = 8.520e-01
It: 80, Loss = 8.429e-01
It: 90, Loss = 8.382e-01
It: 100, Loss = 8.328e-01
It: 110, Loss = 8.262e-01
It: 120, Loss = 8.186e-01
It: 130, Loss = 8.099e-01
It: 140, Loss = 7.966e-01
It: 150, Loss = 7.701e-01
It: 160, Loss = 7.343e-01
It: 170, Loss = 7.258e-01
It: 180, Loss = 7.241e-01
It: 190, Loss = 7.212e-01
It: 200, Loss = 7.203e-01
It: 210, Loss = 7.192e-01
It: 220, Loss = 7.183e-01
It: 230, Loss = 7.179e-01
It: 240, Loss = 7.166e-01
It: 250, Loss = 7.157e-01
It: 260, Loss = 7.147e-01
It: 270, Loss = 7.135e-01
It: 280, Loss = 7.121e-01
It: 290, Loss = 7.103e-01
It: 300, Loss = 7.079e-01
It: 310, Loss = 7.092e-01
It: 320, Loss = 7.035e-01
It: 330, Loss = 6.967e-01
It: 340, Loss = 6.891e-01
It: 350, Loss = 6.893e-01
It: 360, Loss = 6.651e-01
It: 370, Loss = 6.652e-01
It: 380, Loss = 6.303e-01
It: 390, Loss = 5.679e-01
It: 400, Loss = 5.260e-01
It: 410, Loss = 4.803e-01
It: 420, Loss = 4.517e-01
It: 430, Loss = 3.727e-01
It: 440, Loss = 3.223e-01
It: 450, Loss = 3.288e-01
It: 460, Loss = 3.108e-01
It: 470, Loss = 2.797e-01
It: 480, Loss = 2.628e-01
It: 490, Loss = 2.505e-01
It: 500, Loss = 2.423e-01
It: 510, Loss = 2.318e-01
It: 520, Loss = 2.592e-01
It: 530, Loss = 2.317e-01
It: 540, Loss = 2.459e-01
It: 550, Loss = 2.223e-01
It: 560, Loss = 2.111e-01
It: 570, Loss = 2.015e-01
It: 580, Loss = 1.973e-01
It: 590, Loss = 1.926e-01
It: 600, Loss = 1.882e-01
It: 610, Loss = 1.836e-01
It: 620, Loss = 1.789e-01
It: 630, Loss = 1.975e-01
It: 640, Loss = 2.310e-01
It: 650, Loss = 1.777e-01
It: 660, Loss = 1.704e-01
It: 670, Loss = 1.643e-01
It: 680, Loss = 1.584e-01
It: 690, Loss = 1.534e-01
It: 700, Loss = 1.488e-01
It: 710, Loss = 1.442e-01
It: 720, Loss = 1.423e-01
It: 730, Loss = 2.377e-01
It: 740, Loss = 1.698e-01
It: 750, Loss = 1.414e-01
It: 760, Loss = 1.351e-01
It: 770, Loss = 1.287e-01
It: 780, Loss = 1.236e-01
It: 790, Loss = 1.495e-01
It: 800, Loss = 1.205e-01
It: 810, Loss = 1.174e-01
It: 820, Loss = 1.128e-01
It: 830, Loss = 1.099e-01
It: 840, Loss = 1.075e-01
It: 850, Loss = 1.049e-01
It: 860, Loss = 1.027e-01
It: 870, Loss = 1.378e-01
It: 880, Loss = 1.103e-01
It: 890, Loss = 1.037e-01
It: 900, Loss = 9.780e-02
It: 910, Loss = 9.388e-02
It: 920, Loss = 9.134e-02
It: 930, Loss = 8.902e-02
It: 940, Loss = 9.381e-02
It: 950, Loss = 1.185e-01
It: 960, Loss = 1.080e-01
It: 970, Loss = 9.213e-02
It: 980, Loss = 8.739e-02
It: 990, Loss = 8.320e-02
G_pred shape (100, 100)
It: 0, Loss = 1.084e+00
It: 10, Loss = 9.456e-01
It: 20, Loss = 9.289e-01
It: 30, Loss = 8.666e-01
It: 40, Loss = 8.397e-01
It: 50, Loss = 8.163e-01
It: 60, Loss = 8.045e-01
It: 70, Loss = 7.997e-01
It: 80, Loss = 7.952e-01
It: 90, Loss = 7.911e-01
It: 100, Loss = 7.868e-01
It: 110, Loss = 7.828e-01
It: 120, Loss = 7.794e-01
It: 130, Loss = 7.772e-01
It: 140, Loss = 7.757e-01
It: 150, Loss = 7.743e-01
It: 160, Loss = 7.728e-01
It: 170, Loss = 7.708e-01
It: 180, Loss = 7.680e-01
It: 190, Loss = 7.638e-01
It: 200, Loss = 7.563e-01
It: 210, Loss = 7.405e-01
It: 220, Loss = 7.107e-01
It: 230, Loss = 6.744e-01
It: 240, Loss = 6.665e-01
It: 250, Loss = 6.609e-01
It: 260, Loss = 6.559e-01
It: 270, Loss = 6.527e-01
It: 280, Loss = 6.491e-01
It: 290, Loss = 6.467e-01
It: 300, Loss = 6.443e-01
It: 310, Loss = 6.418e-01
It: 320, Loss = 6.392e-01
It: 330, Loss = 6.361e-01
It: 340, Loss = 6.326e-01
It: 350, Loss = 6.285e-01
It: 360, Loss = 6.240e-01
It: 370, Loss = 6.189e-01
It: 380, Loss = 6.129e-01
It: 390, Loss = 6.056e-01
It: 400, Loss = 5.965e-01
It: 410, Loss = 5.863e-01
It: 420, Loss = 5.761e-01
It: 430, Loss = 5.638e-01
It: 440, Loss = 5.939e-01
It: 450, Loss = 5.455e-01
It: 460, Loss = 5.374e-01
It: 470, Loss = 5.239e-01
It: 480, Loss = 5.100e-01
It: 490, Loss = 4.948e-01
It: 500, Loss = 4.890e-01
It: 510, Loss = 4.634e-01
It: 520, Loss = 4.387e-01
It: 530, Loss = 4.260e-01
It: 540, Loss = 3.726e-01
It: 550, Loss = 3.307e-01
It: 560, Loss = 3.345e-01
It: 570, Loss = 3.024e-01
It: 580, Loss = 2.565e-01
It: 590, Loss = 2.380e-01
It: 600, Loss = 2.182e-01
It: 610, Loss = 2.056e-01
It: 620, Loss = 2.045e-01
It: 630, Loss = 1.851e-01
It: 640, Loss = 1.771e-01
It: 650, Loss = 1.690e-01
It: 660, Loss = 1.671e-01
It: 670, Loss = 1.657e-01
It: 680, Loss = 1.538e-01
It: 690, Loss = 1.496e-01
It: 700, Loss = 1.459e-01
It: 710, Loss = 2.131e-01
It: 720, Loss = 1.582e-01
It: 730, Loss = 1.445e-01
It: 740, Loss = 1.363e-01
It: 750, Loss = 1.318e-01
It: 760, Loss = 1.285e-01
It: 770, Loss = 1.252e-01
It: 780, Loss = 1.680e-01
It: 790, Loss = 1.379e-01
It: 800, Loss = 1.215e-01
It: 810, Loss = 1.165e-01
It: 820, Loss = 1.125e-01
It: 830, Loss = 1.523e-01
It: 840, Loss = 1.446e-01
It: 850, Loss = 1.264e-01
It: 860, Loss = 1.129e-01
It: 870, Loss = 1.059e-01
It: 880, Loss = 1.016e-01
It: 890, Loss = 9.813e-02
It: 900, Loss = 9.649e-02
It: 910, Loss = 1.449e-01
It: 920, Loss = 1.010e-01
It: 930, Loss = 9.389e-02
It: 940, Loss = 8.932e-02
It: 950, Loss = 8.592e-02
It: 960, Loss = 8.250e-02
It: 970, Loss = 3.006e-01
It: 980, Loss = 1.238e-01
It: 990, Loss = 9.559e-02
G_pred shape (100, 100)
It: 0, Loss = 1.583e+00
It: 10, Loss = 9.950e-01
It: 20, Loss = 9.527e-01
It: 30, Loss = 9.402e-01
It: 40, Loss = 9.374e-01
It: 50, Loss = 9.361e-01
It: 60, Loss = 9.350e-01
It: 70, Loss = 9.336e-01
It: 80, Loss = 9.321e-01
It: 90, Loss = 9.308e-01
It: 100, Loss = 9.295e-01
It: 110, Loss = 9.282e-01
It: 120, Loss = 9.268e-01
It: 130, Loss = 9.253e-01
It: 140, Loss = 9.238e-01
It: 150, Loss = 9.224e-01
It: 160, Loss = 9.209e-01
It: 170, Loss = 9.195e-01
It: 180, Loss = 9.182e-01
It: 190, Loss = 9.168e-01
It: 200, Loss = 9.154e-01
It: 210, Loss = 9.139e-01
It: 220, Loss = 9.123e-01
It: 230, Loss = 9.105e-01
It: 240, Loss = 9.085e-01
It: 250, Loss = 9.063e-01
It: 260, Loss = 9.038e-01
It: 270, Loss = 9.010e-01
It: 280, Loss = 8.979e-01
It: 290, Loss = 8.945e-01
It: 300, Loss = 8.908e-01
It: 310, Loss = 8.870e-01
It: 320, Loss = 8.834e-01
It: 330, Loss = 8.802e-01
It: 340, Loss = 8.772e-01
It: 350, Loss = 8.739e-01
It: 360, Loss = 8.698e-01
It: 370, Loss = 8.639e-01
It: 380, Loss = 8.542e-01
It: 390, Loss = 8.366e-01
It: 400, Loss = 8.047e-01
It: 410, Loss = 7.921e-01
It: 420, Loss = 7.180e-01
It: 430, Loss = 6.350e-01
It: 440, Loss = 5.793e-01
It: 450, Loss = 5.625e-01
It: 460, Loss = 5.190e-01
It: 470, Loss = 4.968e-01
It: 480, Loss = 4.728e-01
It: 490, Loss = 4.580e-01
It: 500, Loss = 4.507e-01
It: 510, Loss = 4.346e-01
It: 520, Loss = 4.212e-01
It: 530, Loss = 4.323e-01
It: 540, Loss = 4.412e-01
It: 550, Loss = 4.040e-01
It: 560, Loss = 3.961e-01
It: 570, Loss = 3.914e-01
It: 580, Loss = 3.870e-01
It: 590, Loss = 3.822e-01
It: 600, Loss = 3.850e-01
It: 610, Loss = 3.752e-01
It: 620, Loss = 3.692e-01
It: 630, Loss = 3.635e-01
It: 640, Loss = 3.571e-01
It: 650, Loss = 3.500e-01
It: 660, Loss = 3.441e-01
It: 670, Loss = 3.369e-01
It: 680, Loss = 3.298e-01
It: 690, Loss = 3.162e-01
It: 700, Loss = 3.049e-01
It: 710, Loss = 2.947e-01
It: 720, Loss = 2.827e-01
It: 730, Loss = 2.843e-01
It: 740, Loss = 2.692e-01
It: 750, Loss = 2.527e-01
It: 760, Loss = 2.569e-01
It: 770, Loss = 2.443e-01
It: 780, Loss = 2.154e-01
It: 790, Loss = 2.166e-01
It: 800, Loss = 1.839e-01
It: 810, Loss = 1.712e-01
It: 820, Loss = 1.709e-01
It: 830, Loss = 1.751e-01
It: 840, Loss = 1.419e-01
It: 850, Loss = 1.246e-01
It: 860, Loss = 2.608e-01
It: 870, Loss = 1.656e-01
It: 880, Loss = 1.163e-01
It: 890, Loss = 9.862e-02
It: 900, Loss = 9.134e-02
It: 910, Loss = 8.450e-02
It: 920, Loss = 2.269e-01
It: 930, Loss = 1.047e-01
It: 940, Loss = 8.698e-02
It: 950, Loss = 7.528e-02
It: 960, Loss = 7.400e-02
It: 970, Loss = 7.049e-02
It: 980, Loss = 6.834e-02
It: 990, Loss = 6.657e-02
G_pred shape (100, 100)
