Using TensorFlow 2 backend.

N_train =  19
It: 0, Loss = 3.483e+00
It: 10, Loss = 1.162e+00
It: 20, Loss = 1.159e+00
It: 30, Loss = 1.055e+00
It: 40, Loss = 9.886e-01
It: 50, Loss = 9.729e-01
It: 60, Loss = 9.663e-01
It: 70, Loss = 9.587e-01
It: 80, Loss = 9.507e-01
It: 90, Loss = 9.424e-01
It: 100, Loss = 9.342e-01
It: 110, Loss = 9.265e-01
It: 120, Loss = 9.198e-01
It: 130, Loss = 9.142e-01
It: 140, Loss = 9.097e-01
It: 150, Loss = 9.062e-01
It: 160, Loss = 9.037e-01
It: 170, Loss = 9.021e-01
It: 180, Loss = 9.011e-01
It: 190, Loss = 9.003e-01
It: 200, Loss = 8.995e-01
It: 210, Loss = 8.989e-01
It: 220, Loss = 8.982e-01
It: 230, Loss = 8.976e-01
It: 240, Loss = 8.970e-01
It: 250, Loss = 8.965e-01
It: 260, Loss = 8.959e-01
It: 270, Loss = 8.954e-01
It: 280, Loss = 8.948e-01
It: 290, Loss = 8.943e-01
It: 300, Loss = 8.937e-01
It: 310, Loss = 8.931e-01
It: 320, Loss = 8.925e-01
It: 330, Loss = 8.918e-01
It: 340, Loss = 8.912e-01
It: 350, Loss = 8.906e-01
It: 360, Loss = 8.899e-01
It: 370, Loss = 8.892e-01
It: 380, Loss = 8.885e-01
It: 390, Loss = 8.877e-01
It: 400, Loss = 8.867e-01
It: 410, Loss = 8.854e-01
It: 420, Loss = 8.837e-01
It: 430, Loss = 8.811e-01
It: 440, Loss = 8.768e-01
It: 450, Loss = 8.693e-01
It: 460, Loss = 8.588e-01
It: 470, Loss = 8.536e-01
It: 480, Loss = 8.517e-01
It: 490, Loss = 8.489e-01
It: 500, Loss = 8.468e-01
It: 510, Loss = 8.444e-01
It: 520, Loss = 8.419e-01
It: 530, Loss = 8.390e-01
It: 540, Loss = 8.356e-01
It: 550, Loss = 8.314e-01
It: 560, Loss = 8.260e-01
It: 570, Loss = 8.179e-01
It: 580, Loss = 8.049e-01
It: 590, Loss = 7.853e-01
It: 600, Loss = 7.656e-01
It: 610, Loss = 7.517e-01
It: 620, Loss = 7.474e-01
It: 630, Loss = 7.286e-01
It: 640, Loss = 7.085e-01
It: 650, Loss = 6.907e-01
It: 660, Loss = 6.740e-01
It: 670, Loss = 6.607e-01
It: 680, Loss = 6.508e-01
It: 690, Loss = 6.419e-01
It: 700, Loss = 6.326e-01
It: 710, Loss = 6.236e-01
It: 720, Loss = 6.205e-01
It: 730, Loss = 6.148e-01
It: 740, Loss = 6.018e-01
It: 750, Loss = 5.935e-01
It: 760, Loss = 5.827e-01
It: 770, Loss = 5.729e-01
It: 780, Loss = 6.317e-01
It: 790, Loss = 5.747e-01
It: 800, Loss = 5.536e-01
It: 810, Loss = 5.446e-01
It: 820, Loss = 5.371e-01
It: 830, Loss = 5.302e-01
It: 840, Loss = 5.223e-01
It: 850, Loss = 5.152e-01
It: 860, Loss = 5.376e-01
It: 870, Loss = 5.039e-01
It: 880, Loss = 4.993e-01
It: 890, Loss = 4.956e-01
It: 900, Loss = 4.905e-01
It: 910, Loss = 5.378e-01
It: 920, Loss = 4.928e-01
It: 930, Loss = 4.905e-01
It: 940, Loss = 4.830e-01
It: 950, Loss = 4.800e-01
It: 960, Loss = 4.783e-01
It: 970, Loss = 4.768e-01
It: 980, Loss = 4.754e-01
It: 990, Loss = 4.740e-01
G_pred shape (100, 100)
It: 0, Loss = 1.149e+00
It: 10, Loss = 1.013e+00
It: 20, Loss = 9.511e-01
It: 30, Loss = 9.261e-01
It: 40, Loss = 9.102e-01
It: 50, Loss = 8.925e-01
It: 60, Loss = 8.744e-01
It: 70, Loss = 8.604e-01
It: 80, Loss = 8.547e-01
It: 90, Loss = 8.502e-01
It: 100, Loss = 8.462e-01
It: 110, Loss = 8.438e-01
It: 120, Loss = 8.422e-01
It: 130, Loss = 8.408e-01
It: 140, Loss = 8.389e-01
It: 150, Loss = 8.362e-01
It: 160, Loss = 8.319e-01
It: 170, Loss = 8.253e-01
It: 180, Loss = 8.173e-01
It: 190, Loss = 8.141e-01
It: 200, Loss = 8.109e-01
It: 210, Loss = 8.088e-01
It: 220, Loss = 8.069e-01
It: 230, Loss = 8.052e-01
It: 240, Loss = 8.037e-01
It: 250, Loss = 8.024e-01
It: 260, Loss = 8.016e-01
It: 270, Loss = 8.009e-01
It: 280, Loss = 8.002e-01
It: 290, Loss = 7.994e-01
It: 300, Loss = 7.983e-01
It: 310, Loss = 7.970e-01
It: 320, Loss = 7.953e-01
It: 330, Loss = 7.935e-01
It: 340, Loss = 7.919e-01
It: 350, Loss = 7.906e-01
It: 360, Loss = 7.895e-01
It: 370, Loss = 7.886e-01
It: 380, Loss = 7.876e-01
It: 390, Loss = 7.867e-01
It: 400, Loss = 7.862e-01
It: 410, Loss = 7.858e-01
It: 420, Loss = 7.851e-01
It: 430, Loss = 7.838e-01
It: 440, Loss = 7.827e-01
It: 450, Loss = 7.812e-01
It: 460, Loss = 7.791e-01
It: 470, Loss = 7.765e-01
It: 480, Loss = 7.732e-01
It: 490, Loss = 8.102e-01
It: 500, Loss = 7.746e-01
It: 510, Loss = 7.718e-01
It: 520, Loss = 7.682e-01
It: 530, Loss = 7.664e-01
It: 540, Loss = 7.657e-01
It: 550, Loss = 7.653e-01
It: 560, Loss = 7.648e-01
It: 570, Loss = 7.645e-01
It: 580, Loss = 7.642e-01
It: 590, Loss = 7.639e-01
It: 600, Loss = 7.637e-01
It: 610, Loss = 7.635e-01
It: 620, Loss = 7.632e-01
It: 630, Loss = 7.630e-01
It: 640, Loss = 7.628e-01
It: 650, Loss = 7.626e-01
It: 660, Loss = 7.624e-01
It: 670, Loss = 7.622e-01
It: 680, Loss = 7.620e-01
It: 690, Loss = 7.618e-01
It: 700, Loss = 7.616e-01
It: 710, Loss = 7.613e-01
It: 720, Loss = 7.611e-01
It: 730, Loss = 7.608e-01
It: 740, Loss = 7.606e-01
It: 750, Loss = 7.603e-01
It: 760, Loss = 7.640e-01
It: 770, Loss = 7.653e-01
It: 780, Loss = 7.626e-01
It: 790, Loss = 7.593e-01
It: 800, Loss = 7.591e-01
It: 810, Loss = 7.584e-01
It: 820, Loss = 7.580e-01
It: 830, Loss = 7.574e-01
It: 840, Loss = 7.567e-01
It: 850, Loss = 7.558e-01
It: 860, Loss = 7.548e-01
It: 870, Loss = 7.534e-01
It: 880, Loss = 7.516e-01
It: 890, Loss = 7.491e-01
It: 900, Loss = 7.456e-01
It: 910, Loss = 7.409e-01
It: 920, Loss = 7.347e-01
It: 930, Loss = 7.315e-01
It: 940, Loss = 7.271e-01
It: 950, Loss = 7.271e-01
It: 960, Loss = 7.126e-01
It: 970, Loss = 7.018e-01
It: 980, Loss = 6.897e-01
It: 990, Loss = 6.784e-01
G_pred shape (100, 100)
It: 0, Loss = 1.319e+00
It: 10, Loss = 1.070e+00
It: 20, Loss = 1.009e+00
It: 30, Loss = 9.706e-01
It: 40, Loss = 9.581e-01
It: 50, Loss = 9.494e-01
It: 60, Loss = 9.421e-01
It: 70, Loss = 9.331e-01
It: 80, Loss = 9.232e-01
It: 90, Loss = 9.140e-01
It: 100, Loss = 9.086e-01
It: 110, Loss = 9.056e-01
It: 120, Loss = 9.021e-01
It: 130, Loss = 8.985e-01
It: 140, Loss = 8.944e-01
It: 150, Loss = 8.890e-01
It: 160, Loss = 8.816e-01
It: 170, Loss = 8.717e-01
It: 180, Loss = 8.608e-01
It: 190, Loss = 8.535e-01
It: 200, Loss = 8.498e-01
It: 210, Loss = 8.453e-01
It: 220, Loss = 8.399e-01
It: 230, Loss = 8.329e-01
It: 240, Loss = 8.219e-01
It: 250, Loss = 8.017e-01
It: 260, Loss = 7.672e-01
It: 270, Loss = 7.459e-01
It: 280, Loss = 7.305e-01
It: 290, Loss = 7.106e-01
It: 300, Loss = 6.907e-01
It: 310, Loss = 6.757e-01
It: 320, Loss = 6.654e-01
It: 330, Loss = 6.461e-01
It: 340, Loss = 6.224e-01
It: 350, Loss = 6.009e-01
It: 360, Loss = 5.701e-01
It: 370, Loss = 5.493e-01
It: 380, Loss = 5.312e-01
It: 390, Loss = 5.846e-01
It: 400, Loss = 4.989e-01
It: 410, Loss = 4.944e-01
It: 420, Loss = 4.784e-01
It: 430, Loss = 4.676e-01
It: 440, Loss = 4.557e-01
It: 450, Loss = 4.547e-01
It: 460, Loss = 4.457e-01
It: 470, Loss = 4.269e-01
It: 480, Loss = 4.210e-01
It: 490, Loss = 4.551e-01
It: 500, Loss = 4.081e-01
It: 510, Loss = 3.846e-01
It: 520, Loss = 3.598e-01
It: 530, Loss = 3.394e-01
It: 540, Loss = 3.160e-01
It: 550, Loss = 5.420e-01
It: 560, Loss = 3.563e-01
It: 570, Loss = 2.966e-01
It: 580, Loss = 2.790e-01
It: 590, Loss = 2.601e-01
It: 600, Loss = 2.438e-01
It: 610, Loss = 2.282e-01
It: 620, Loss = 2.128e-01
It: 630, Loss = 1.980e-01
It: 640, Loss = 1.842e-01
It: 650, Loss = 3.879e-01
It: 660, Loss = 2.377e-01
It: 670, Loss = 1.960e-01
It: 680, Loss = 1.715e-01
It: 690, Loss = 1.610e-01
It: 700, Loss = 1.521e-01
It: 710, Loss = 1.437e-01
It: 720, Loss = 1.364e-01
It: 730, Loss = 1.299e-01
It: 740, Loss = 1.241e-01
It: 750, Loss = 1.186e-01
It: 760, Loss = 1.135e-01
It: 770, Loss = 1.087e-01
It: 780, Loss = 1.041e-01
It: 790, Loss = 9.961e-02
It: 800, Loss = 9.526e-02
It: 810, Loss = 2.121e-01
It: 820, Loss = 1.094e-01
It: 830, Loss = 8.939e-02
It: 840, Loss = 8.569e-02
It: 850, Loss = 8.252e-02
It: 860, Loss = 7.750e-02
It: 870, Loss = 7.386e-02
It: 880, Loss = 7.650e-02
It: 890, Loss = 1.156e-01
It: 900, Loss = 8.486e-02
It: 910, Loss = 7.177e-02
It: 920, Loss = 6.496e-02
It: 930, Loss = 6.003e-02
It: 940, Loss = 5.683e-02
It: 950, Loss = 5.412e-02
It: 960, Loss = 5.168e-02
It: 970, Loss = 4.942e-02
It: 980, Loss = 4.729e-02
It: 990, Loss = 4.532e-02
G_pred shape (100, 100)
It: 0, Loss = 1.121e+00
It: 10, Loss = 1.000e+00
It: 20, Loss = 9.841e-01
It: 30, Loss = 9.709e-01
It: 40, Loss = 9.598e-01
It: 50, Loss = 9.499e-01
It: 60, Loss = 9.436e-01
It: 70, Loss = 9.408e-01
It: 80, Loss = 9.384e-01
It: 90, Loss = 9.368e-01
It: 100, Loss = 9.351e-01
It: 110, Loss = 9.334e-01
It: 120, Loss = 9.314e-01
It: 130, Loss = 9.291e-01
It: 140, Loss = 9.260e-01
It: 150, Loss = 9.221e-01
It: 160, Loss = 9.168e-01
It: 170, Loss = 9.097e-01
It: 180, Loss = 8.999e-01
It: 190, Loss = 9.000e-01
It: 200, Loss = 8.817e-01
It: 210, Loss = 8.671e-01
It: 220, Loss = 8.475e-01
It: 230, Loss = 8.266e-01
It: 240, Loss = 8.154e-01
It: 250, Loss = 7.850e-01
It: 260, Loss = 7.644e-01
It: 270, Loss = 7.476e-01
It: 280, Loss = 7.665e-01
It: 290, Loss = 7.400e-01
It: 300, Loss = 7.255e-01
It: 310, Loss = 7.192e-01
It: 320, Loss = 7.134e-01
It: 330, Loss = 7.066e-01
It: 340, Loss = 6.977e-01
It: 350, Loss = 6.854e-01
It: 360, Loss = 6.931e-01
It: 370, Loss = 6.658e-01
It: 380, Loss = 6.324e-01
It: 390, Loss = 5.913e-01
It: 400, Loss = 5.495e-01
It: 410, Loss = 6.933e-01
It: 420, Loss = 5.451e-01
It: 430, Loss = 4.882e-01
It: 440, Loss = 4.650e-01
It: 450, Loss = 4.411e-01
It: 460, Loss = 4.204e-01
It: 470, Loss = 3.994e-01
It: 480, Loss = 3.794e-01
It: 490, Loss = 3.932e-01
It: 500, Loss = 3.720e-01
It: 510, Loss = 3.458e-01
It: 520, Loss = 3.364e-01
It: 530, Loss = 3.274e-01
It: 540, Loss = 3.356e-01
It: 550, Loss = 3.250e-01
It: 560, Loss = 3.168e-01
It: 570, Loss = 3.080e-01
It: 580, Loss = 3.055e-01
It: 590, Loss = 3.016e-01
It: 600, Loss = 3.827e-01
It: 610, Loss = 3.101e-01
It: 620, Loss = 2.989e-01
It: 630, Loss = 2.948e-01
It: 640, Loss = 2.912e-01
It: 650, Loss = 2.885e-01
It: 660, Loss = 2.864e-01
It: 670, Loss = 2.841e-01
It: 680, Loss = 3.424e-01
It: 690, Loss = 2.976e-01
It: 700, Loss = 2.808e-01
It: 710, Loss = 2.784e-01
It: 720, Loss = 2.760e-01
It: 730, Loss = 2.728e-01
It: 740, Loss = 2.803e-01
It: 750, Loss = 2.785e-01
It: 760, Loss = 2.734e-01
It: 770, Loss = 2.649e-01
It: 780, Loss = 2.602e-01
It: 790, Loss = 2.559e-01
It: 800, Loss = 2.759e-01
It: 810, Loss = 3.111e-01
It: 820, Loss = 2.528e-01
It: 830, Loss = 2.471e-01
It: 840, Loss = 2.401e-01
It: 850, Loss = 2.327e-01
It: 860, Loss = 2.260e-01
It: 870, Loss = 2.199e-01
It: 880, Loss = 3.824e-01
It: 890, Loss = 2.763e-01
It: 900, Loss = 2.266e-01
It: 910, Loss = 2.099e-01
It: 920, Loss = 2.018e-01
It: 930, Loss = 1.948e-01
It: 940, Loss = 1.880e-01
It: 950, Loss = 1.817e-01
It: 960, Loss = 3.980e-01
It: 970, Loss = 2.212e-01
It: 980, Loss = 1.865e-01
It: 990, Loss = 1.684e-01
G_pred shape (100, 100)
It: 0, Loss = 1.145e+00
It: 10, Loss = 9.680e-01
It: 20, Loss = 9.534e-01
It: 30, Loss = 9.437e-01
It: 40, Loss = 9.360e-01
It: 50, Loss = 9.281e-01
It: 60, Loss = 9.216e-01
It: 70, Loss = 9.176e-01
It: 80, Loss = 9.128e-01
It: 90, Loss = 9.077e-01
It: 100, Loss = 9.024e-01
It: 110, Loss = 8.963e-01
It: 120, Loss = 8.903e-01
It: 130, Loss = 8.849e-01
It: 140, Loss = 8.786e-01
It: 150, Loss = 8.695e-01
It: 160, Loss = 8.565e-01
It: 170, Loss = 8.390e-01
It: 180, Loss = 8.175e-01
It: 190, Loss = 7.775e-01
It: 200, Loss = 7.569e-01
It: 210, Loss = 7.355e-01
It: 220, Loss = 7.210e-01
It: 230, Loss = 7.081e-01
It: 240, Loss = 6.988e-01
It: 250, Loss = 6.870e-01
It: 260, Loss = 6.682e-01
It: 270, Loss = 6.512e-01
It: 280, Loss = 6.464e-01
It: 290, Loss = 6.197e-01
It: 300, Loss = 5.920e-01
It: 310, Loss = 5.733e-01
It: 320, Loss = 5.583e-01
It: 330, Loss = 5.712e-01
It: 340, Loss = 5.520e-01
It: 350, Loss = 5.475e-01
It: 360, Loss = 5.467e-01
It: 370, Loss = 5.448e-01
It: 380, Loss = 5.439e-01
It: 390, Loss = 5.428e-01
It: 400, Loss = 5.418e-01
It: 410, Loss = 5.407e-01
It: 420, Loss = 5.396e-01
It: 430, Loss = 5.384e-01
It: 440, Loss = 6.197e-01
It: 450, Loss = 5.423e-01
It: 460, Loss = 5.413e-01
It: 470, Loss = 5.353e-01
It: 480, Loss = 5.323e-01
It: 490, Loss = 5.302e-01
It: 500, Loss = 5.276e-01
It: 510, Loss = 5.244e-01
It: 520, Loss = 5.203e-01
It: 530, Loss = 5.151e-01
It: 540, Loss = 5.763e-01
It: 550, Loss = 5.299e-01
It: 560, Loss = 5.023e-01
It: 570, Loss = 4.919e-01
It: 580, Loss = 4.821e-01
It: 590, Loss = 4.718e-01
It: 600, Loss = 4.612e-01
It: 610, Loss = 4.514e-01
It: 620, Loss = 5.045e-01
It: 630, Loss = 4.501e-01
It: 640, Loss = 4.341e-01
It: 650, Loss = 4.241e-01
It: 660, Loss = 4.157e-01
It: 670, Loss = 4.072e-01
It: 680, Loss = 4.979e-01
It: 690, Loss = 4.021e-01
It: 700, Loss = 3.868e-01
It: 710, Loss = 3.766e-01
It: 720, Loss = 3.651e-01
It: 730, Loss = 3.893e-01
It: 740, Loss = 3.501e-01
It: 750, Loss = 3.421e-01
It: 760, Loss = 3.272e-01
It: 770, Loss = 3.137e-01
It: 780, Loss = 3.064e-01
It: 790, Loss = 2.841e-01
It: 800, Loss = 2.691e-01
It: 810, Loss = 3.373e-01
It: 820, Loss = 2.640e-01
It: 830, Loss = 2.322e-01
It: 840, Loss = 2.163e-01
It: 850, Loss = 2.006e-01
It: 860, Loss = 2.003e-01
It: 870, Loss = 2.050e-01
It: 880, Loss = 1.772e-01
It: 890, Loss = 1.490e-01
It: 900, Loss = 1.354e-01
It: 910, Loss = 1.287e-01
It: 920, Loss = 1.546e-01
It: 930, Loss = 1.247e-01
It: 940, Loss = 1.087e-01
It: 950, Loss = 1.049e-01
It: 960, Loss = 9.763e-02
It: 970, Loss = 2.662e-01
It: 980, Loss = 1.089e-01
It: 990, Loss = 9.918e-02
G_pred shape (100, 100)
