Using TensorFlow 2 backend.

N_train =  45
It: 0, Loss = 9.774e-01
It: 10, Loss = 9.674e-01
It: 20, Loss = 9.643e-01
It: 30, Loss = 9.421e-01
It: 40, Loss = 9.277e-01
It: 50, Loss = 9.206e-01
It: 60, Loss = 9.175e-01
It: 70, Loss = 9.155e-01
It: 80, Loss = 9.151e-01
It: 90, Loss = 9.146e-01
It: 100, Loss = 9.142e-01
It: 110, Loss = 9.138e-01
It: 120, Loss = 9.133e-01
It: 130, Loss = 9.129e-01
It: 140, Loss = 9.123e-01
It: 150, Loss = 9.118e-01
It: 160, Loss = 9.111e-01
It: 170, Loss = 9.103e-01
It: 180, Loss = 9.095e-01
It: 190, Loss = 9.084e-01
It: 200, Loss = 9.072e-01
It: 210, Loss = 9.056e-01
It: 220, Loss = 9.037e-01
It: 230, Loss = 9.013e-01
It: 240, Loss = 8.979e-01
It: 250, Loss = 8.926e-01
It: 260, Loss = 8.837e-01
It: 270, Loss = 8.740e-01
It: 280, Loss = 8.667e-01
It: 290, Loss = 8.563e-01
It: 300, Loss = 8.407e-01
It: 310, Loss = 8.188e-01
It: 320, Loss = 7.840e-01
It: 330, Loss = 7.273e-01
It: 340, Loss = 6.982e-01
It: 350, Loss = 6.517e-01
It: 360, Loss = 6.424e-01
It: 370, Loss = 6.341e-01
It: 380, Loss = 6.281e-01
It: 390, Loss = 6.213e-01
It: 400, Loss = 6.133e-01
It: 410, Loss = 6.043e-01
It: 420, Loss = 5.973e-01
It: 430, Loss = 5.965e-01
It: 440, Loss = 5.845e-01
It: 450, Loss = 5.751e-01
It: 460, Loss = 5.670e-01
It: 470, Loss = 5.689e-01
It: 480, Loss = 5.658e-01
It: 490, Loss = 5.503e-01
It: 500, Loss = 5.401e-01
It: 510, Loss = 5.336e-01
It: 520, Loss = 5.276e-01
It: 530, Loss = 5.222e-01
It: 540, Loss = 5.164e-01
It: 550, Loss = 5.103e-01
It: 560, Loss = 5.043e-01
It: 570, Loss = 4.998e-01
It: 580, Loss = 5.068e-01
It: 590, Loss = 4.930e-01
It: 600, Loss = 4.875e-01
It: 610, Loss = 4.825e-01
It: 620, Loss = 4.784e-01
It: 630, Loss = 4.807e-01
It: 640, Loss = 4.746e-01
It: 650, Loss = 4.711e-01
It: 660, Loss = 4.653e-01
It: 670, Loss = 4.620e-01
It: 680, Loss = 4.606e-01
It: 690, Loss = 4.607e-01
It: 700, Loss = 4.577e-01
It: 710, Loss = 4.534e-01
It: 720, Loss = 4.503e-01
It: 730, Loss = 4.474e-01
It: 740, Loss = 4.449e-01
It: 750, Loss = 4.427e-01
It: 760, Loss = 4.915e-01
It: 770, Loss = 4.466e-01
It: 780, Loss = 4.407e-01
It: 790, Loss = 4.362e-01
It: 800, Loss = 4.326e-01
It: 810, Loss = 4.299e-01
It: 820, Loss = 4.267e-01
It: 830, Loss = 4.233e-01
It: 840, Loss = 4.192e-01
It: 850, Loss = 4.188e-01
It: 860, Loss = 4.178e-01
It: 870, Loss = 4.017e-01
It: 880, Loss = 4.069e-01
It: 890, Loss = 3.885e-01
It: 900, Loss = 3.710e-01
It: 910, Loss = 3.436e-01
It: 920, Loss = 3.301e-01
It: 930, Loss = 2.853e-01
It: 940, Loss = 2.414e-01
It: 950, Loss = 2.991e-01
It: 960, Loss = 1.982e-01
It: 970, Loss = 1.452e-01
It: 980, Loss = 1.536e-01
It: 990, Loss = 1.082e-01
G_pred shape (100, 100)
It: 0, Loss = 1.180e+00
It: 10, Loss = 9.833e-01
It: 20, Loss = 9.705e-01
It: 30, Loss = 9.604e-01
It: 40, Loss = 9.503e-01
It: 50, Loss = 9.419e-01
It: 60, Loss = 9.383e-01
It: 70, Loss = 9.361e-01
It: 80, Loss = 9.335e-01
It: 90, Loss = 9.309e-01
It: 100, Loss = 9.288e-01
It: 110, Loss = 9.278e-01
It: 120, Loss = 9.273e-01
It: 130, Loss = 9.270e-01
It: 140, Loss = 9.268e-01
It: 150, Loss = 9.266e-01
It: 160, Loss = 9.264e-01
It: 170, Loss = 9.263e-01
It: 180, Loss = 9.261e-01
It: 190, Loss = 9.260e-01
It: 200, Loss = 9.258e-01
It: 210, Loss = 9.257e-01
It: 220, Loss = 9.255e-01
It: 230, Loss = 9.253e-01
It: 240, Loss = 9.251e-01
It: 250, Loss = 9.248e-01
It: 260, Loss = 9.245e-01
It: 270, Loss = 9.240e-01
It: 280, Loss = 9.235e-01
It: 290, Loss = 9.227e-01
It: 300, Loss = 9.217e-01
It: 310, Loss = 9.201e-01
It: 320, Loss = 9.179e-01
It: 330, Loss = 9.147e-01
It: 340, Loss = 9.102e-01
It: 350, Loss = 9.158e-01
It: 360, Loss = 9.071e-01
It: 370, Loss = 9.046e-01
It: 380, Loss = 9.027e-01
It: 390, Loss = 9.013e-01
It: 400, Loss = 8.997e-01
It: 410, Loss = 8.977e-01
It: 420, Loss = 8.951e-01
It: 430, Loss = 8.913e-01
It: 440, Loss = 8.857e-01
It: 450, Loss = 8.772e-01
It: 460, Loss = 9.266e-01
It: 470, Loss = 8.797e-01
It: 480, Loss = 8.576e-01
It: 490, Loss = 8.417e-01
It: 500, Loss = 8.268e-01
It: 510, Loss = 8.099e-01
It: 520, Loss = 7.958e-01
It: 530, Loss = 7.856e-01
It: 540, Loss = 7.582e-01
It: 550, Loss = 7.344e-01
It: 560, Loss = 6.971e-01
It: 570, Loss = 6.858e-01
It: 580, Loss = 6.500e-01
It: 590, Loss = 6.263e-01
It: 600, Loss = 6.121e-01
It: 610, Loss = 6.153e-01
It: 620, Loss = 6.030e-01
It: 630, Loss = 5.882e-01
It: 640, Loss = 5.771e-01
It: 650, Loss = 5.695e-01
It: 660, Loss = 5.623e-01
It: 670, Loss = 5.957e-01
It: 680, Loss = 5.521e-01
It: 690, Loss = 5.444e-01
It: 700, Loss = 5.339e-01
It: 710, Loss = 5.250e-01
It: 720, Loss = 5.155e-01
It: 730, Loss = 5.245e-01
It: 740, Loss = 4.963e-01
It: 750, Loss = 4.810e-01
It: 760, Loss = 4.663e-01
It: 770, Loss = 4.912e-01
It: 780, Loss = 4.419e-01
It: 790, Loss = 4.167e-01
It: 800, Loss = 3.993e-01
It: 810, Loss = 3.826e-01
It: 820, Loss = 4.200e-01
It: 830, Loss = 4.247e-01
It: 840, Loss = 3.620e-01
It: 850, Loss = 3.541e-01
It: 860, Loss = 3.396e-01
It: 870, Loss = 3.299e-01
It: 880, Loss = 3.208e-01
It: 890, Loss = 3.215e-01
It: 900, Loss = 3.198e-01
It: 910, Loss = 2.994e-01
It: 920, Loss = 2.919e-01
It: 930, Loss = 2.806e-01
It: 940, Loss = 2.696e-01
It: 950, Loss = 5.836e-01
It: 960, Loss = 3.371e-01
It: 970, Loss = 2.801e-01
It: 980, Loss = 2.529e-01
It: 990, Loss = 2.328e-01
G_pred shape (100, 100)
It: 0, Loss = 1.429e+00
It: 10, Loss = 1.004e+00
It: 20, Loss = 1.006e+00
It: 30, Loss = 9.787e-01
It: 40, Loss = 9.689e-01
It: 50, Loss = 9.634e-01
It: 60, Loss = 9.578e-01
It: 70, Loss = 9.531e-01
It: 80, Loss = 9.498e-01
It: 90, Loss = 9.480e-01
It: 100, Loss = 9.469e-01
It: 110, Loss = 9.457e-01
It: 120, Loss = 9.446e-01
It: 130, Loss = 9.436e-01
It: 140, Loss = 9.429e-01
It: 150, Loss = 9.424e-01
It: 160, Loss = 9.421e-01
It: 170, Loss = 9.418e-01
It: 180, Loss = 9.415e-01
It: 190, Loss = 9.412e-01
It: 200, Loss = 9.409e-01
It: 210, Loss = 9.406e-01
It: 220, Loss = 9.403e-01
It: 230, Loss = 9.400e-01
It: 240, Loss = 9.397e-01
It: 250, Loss = 9.394e-01
It: 260, Loss = 9.391e-01
It: 270, Loss = 9.388e-01
It: 280, Loss = 9.384e-01
It: 290, Loss = 9.381e-01
It: 300, Loss = 9.377e-01
It: 310, Loss = 9.373e-01
It: 320, Loss = 9.368e-01
It: 330, Loss = 9.363e-01
It: 340, Loss = 9.357e-01
It: 350, Loss = 9.349e-01
It: 360, Loss = 9.337e-01
It: 370, Loss = 9.317e-01
It: 380, Loss = 9.283e-01
It: 390, Loss = 9.262e-01
It: 400, Loss = 9.240e-01
It: 410, Loss = 9.217e-01
It: 420, Loss = 9.192e-01
It: 430, Loss = 9.187e-01
It: 440, Loss = 9.155e-01
It: 450, Loss = 9.131e-01
It: 460, Loss = 9.105e-01
It: 470, Loss = 9.069e-01
It: 480, Loss = 9.019e-01
It: 490, Loss = 8.935e-01
It: 500, Loss = 8.800e-01
It: 510, Loss = 8.608e-01
It: 520, Loss = 8.318e-01
It: 530, Loss = 8.241e-01
It: 540, Loss = 8.004e-01
It: 550, Loss = 7.779e-01
It: 560, Loss = 7.560e-01
It: 570, Loss = 7.328e-01
It: 580, Loss = 7.115e-01
It: 590, Loss = 6.952e-01
It: 600, Loss = 6.844e-01
It: 610, Loss = 6.679e-01
It: 620, Loss = 6.660e-01
It: 630, Loss = 6.424e-01
It: 640, Loss = 6.279e-01
It: 650, Loss = 6.133e-01
It: 660, Loss = 5.982e-01
It: 670, Loss = 5.906e-01
It: 680, Loss = 5.751e-01
It: 690, Loss = 5.574e-01
It: 700, Loss = 5.441e-01
It: 710, Loss = 5.346e-01
It: 720, Loss = 6.146e-01
It: 730, Loss = 5.508e-01
It: 740, Loss = 5.315e-01
It: 750, Loss = 5.206e-01
It: 760, Loss = 5.169e-01
It: 770, Loss = 5.129e-01
It: 780, Loss = 5.096e-01
It: 790, Loss = 5.063e-01
It: 800, Loss = 5.030e-01
It: 810, Loss = 4.995e-01
It: 820, Loss = 4.959e-01
It: 830, Loss = 4.919e-01
It: 840, Loss = 4.873e-01
It: 850, Loss = 4.821e-01
It: 860, Loss = 4.769e-01
It: 870, Loss = 4.707e-01
It: 880, Loss = 4.661e-01
It: 890, Loss = 4.928e-01
It: 900, Loss = 4.562e-01
It: 910, Loss = 4.406e-01
It: 920, Loss = 4.259e-01
It: 930, Loss = 4.113e-01
It: 940, Loss = 3.956e-01
It: 950, Loss = 3.808e-01
It: 960, Loss = 4.336e-01
It: 970, Loss = 3.753e-01
It: 980, Loss = 3.593e-01
It: 990, Loss = 3.506e-01
G_pred shape (100, 100)
It: 0, Loss = 1.192e+00
It: 10, Loss = 1.079e+00
It: 20, Loss = 1.012e+00
It: 30, Loss = 9.791e-01
It: 40, Loss = 9.606e-01
It: 50, Loss = 9.494e-01
It: 60, Loss = 9.421e-01
It: 70, Loss = 9.354e-01
It: 80, Loss = 9.285e-01
It: 90, Loss = 9.233e-01
It: 100, Loss = 9.202e-01
It: 110, Loss = 9.193e-01
It: 120, Loss = 9.190e-01
It: 130, Loss = 9.185e-01
It: 140, Loss = 9.180e-01
It: 150, Loss = 9.174e-01
It: 160, Loss = 9.166e-01
It: 170, Loss = 9.155e-01
It: 180, Loss = 9.141e-01
It: 190, Loss = 9.127e-01
It: 200, Loss = 9.116e-01
It: 210, Loss = 9.106e-01
It: 220, Loss = 9.094e-01
It: 230, Loss = 9.081e-01
It: 240, Loss = 9.083e-01
It: 250, Loss = 9.072e-01
It: 260, Loss = 9.070e-01
It: 270, Loss = 9.068e-01
It: 280, Loss = 9.067e-01
It: 290, Loss = 9.066e-01
It: 300, Loss = 9.065e-01
It: 310, Loss = 9.064e-01
It: 320, Loss = 9.063e-01
It: 330, Loss = 9.062e-01
It: 340, Loss = 9.061e-01
It: 350, Loss = 9.060e-01
It: 360, Loss = 9.060e-01
It: 370, Loss = 9.059e-01
It: 380, Loss = 9.058e-01
It: 390, Loss = 9.056e-01
It: 400, Loss = 9.055e-01
It: 410, Loss = 9.054e-01
It: 420, Loss = 9.052e-01
It: 430, Loss = 9.051e-01
It: 440, Loss = 9.049e-01
It: 450, Loss = 9.047e-01
It: 460, Loss = 9.044e-01
It: 470, Loss = 9.041e-01
It: 480, Loss = 9.038e-01
It: 490, Loss = 9.033e-01
It: 500, Loss = 9.028e-01
It: 510, Loss = 9.022e-01
It: 520, Loss = 9.014e-01
It: 530, Loss = 9.004e-01
It: 540, Loss = 8.990e-01
It: 550, Loss = 8.971e-01
It: 560, Loss = 8.941e-01
It: 570, Loss = 8.890e-01
It: 580, Loss = 8.786e-01
It: 590, Loss = 8.794e-01
It: 600, Loss = 8.541e-01
It: 610, Loss = 8.312e-01
It: 620, Loss = 8.255e-01
It: 630, Loss = 8.171e-01
It: 640, Loss = 8.069e-01
It: 650, Loss = 8.014e-01
It: 660, Loss = 7.934e-01
It: 670, Loss = 7.826e-01
It: 680, Loss = 7.643e-01
It: 690, Loss = 7.345e-01
It: 700, Loss = 6.972e-01
It: 710, Loss = 6.641e-01
It: 720, Loss = 6.371e-01
It: 730, Loss = 6.152e-01
It: 740, Loss = 5.953e-01
It: 750, Loss = 5.792e-01
It: 760, Loss = 5.666e-01
It: 770, Loss = 5.649e-01
It: 780, Loss = 5.496e-01
It: 790, Loss = 5.441e-01
It: 800, Loss = 5.412e-01
It: 810, Loss = 5.340e-01
It: 820, Loss = 5.307e-01
It: 830, Loss = 5.269e-01
It: 840, Loss = 5.226e-01
It: 850, Loss = 5.137e-01
It: 860, Loss = 5.086e-01
It: 870, Loss = 5.047e-01
It: 880, Loss = 5.275e-01
It: 890, Loss = 4.985e-01
It: 900, Loss = 4.979e-01
It: 910, Loss = 4.929e-01
It: 920, Loss = 4.897e-01
It: 930, Loss = 4.901e-01
It: 940, Loss = 5.075e-01
It: 950, Loss = 4.895e-01
It: 960, Loss = 4.822e-01
It: 970, Loss = 4.771e-01
It: 980, Loss = 4.741e-01
It: 990, Loss = 4.701e-01
G_pred shape (100, 100)
It: 0, Loss = 3.347e+00
It: 10, Loss = 1.233e+00
It: 20, Loss = 1.147e+00
It: 30, Loss = 1.027e+00
It: 40, Loss = 9.799e-01
It: 50, Loss = 9.734e-01
It: 60, Loss = 9.714e-01
It: 70, Loss = 9.683e-01
It: 80, Loss = 9.647e-01
It: 90, Loss = 9.607e-01
It: 100, Loss = 9.562e-01
It: 110, Loss = 9.510e-01
It: 120, Loss = 9.452e-01
It: 130, Loss = 9.389e-01
It: 140, Loss = 9.328e-01
It: 150, Loss = 9.281e-01
It: 160, Loss = 9.256e-01
It: 170, Loss = 9.250e-01
It: 180, Loss = 9.248e-01
It: 190, Loss = 9.245e-01
It: 200, Loss = 9.243e-01
It: 210, Loss = 9.240e-01
It: 220, Loss = 9.238e-01
It: 230, Loss = 9.236e-01
It: 240, Loss = 9.234e-01
It: 250, Loss = 9.232e-01
It: 260, Loss = 9.231e-01
It: 270, Loss = 9.229e-01
It: 280, Loss = 9.227e-01
It: 290, Loss = 9.225e-01
It: 300, Loss = 9.222e-01
It: 310, Loss = 9.220e-01
It: 320, Loss = 9.218e-01
It: 330, Loss = 9.216e-01
It: 340, Loss = 9.213e-01
It: 350, Loss = 9.210e-01
It: 360, Loss = 9.207e-01
It: 370, Loss = 9.204e-01
It: 380, Loss = 9.200e-01
It: 390, Loss = 9.196e-01
It: 400, Loss = 9.192e-01
It: 410, Loss = 9.187e-01
It: 420, Loss = 9.181e-01
It: 430, Loss = 9.175e-01
It: 440, Loss = 9.168e-01
It: 450, Loss = 9.159e-01
It: 460, Loss = 9.149e-01
It: 470, Loss = 9.138e-01
It: 480, Loss = 9.124e-01
It: 490, Loss = 9.109e-01
It: 500, Loss = 9.092e-01
It: 510, Loss = 9.071e-01
It: 520, Loss = 9.046e-01
It: 530, Loss = 9.015e-01
It: 540, Loss = 8.969e-01
It: 550, Loss = 8.893e-01
It: 560, Loss = 8.840e-01
It: 570, Loss = 8.793e-01
It: 580, Loss = 8.745e-01
It: 590, Loss = 8.687e-01
It: 600, Loss = 8.612e-01
It: 610, Loss = 8.513e-01
It: 620, Loss = 8.368e-01
It: 630, Loss = 8.188e-01
It: 640, Loss = 8.065e-01
It: 650, Loss = 7.904e-01
It: 660, Loss = 7.808e-01
It: 670, Loss = 7.631e-01
It: 680, Loss = 7.435e-01
It: 690, Loss = 7.231e-01
It: 700, Loss = 7.268e-01
It: 710, Loss = 7.004e-01
It: 720, Loss = 6.718e-01
It: 730, Loss = 6.574e-01
It: 740, Loss = 6.418e-01
It: 750, Loss = 6.371e-01
It: 760, Loss = 6.209e-01
It: 770, Loss = 6.087e-01
It: 780, Loss = 5.982e-01
It: 790, Loss = 5.829e-01
It: 800, Loss = 6.403e-01
It: 810, Loss = 5.564e-01
It: 820, Loss = 5.236e-01
It: 830, Loss = 5.119e-01
It: 840, Loss = 5.064e-01
It: 850, Loss = 4.616e-01
It: 860, Loss = 4.424e-01
It: 870, Loss = 4.406e-01
It: 880, Loss = 4.372e-01
It: 890, Loss = 4.090e-01
It: 900, Loss = 3.993e-01
It: 910, Loss = 3.903e-01
It: 920, Loss = 3.855e-01
It: 930, Loss = 3.848e-01
It: 940, Loss = 4.092e-01
It: 950, Loss = 3.745e-01
It: 960, Loss = 3.703e-01
It: 970, Loss = 3.655e-01
It: 980, Loss = 3.580e-01
It: 990, Loss = 3.507e-01
G_pred shape (100, 100)
