Using TensorFlow 2 backend.

N_train =  14
It: 0, Loss = 2.938e+00
It: 10, Loss = 1.188e+00
It: 20, Loss = 1.124e+00
It: 30, Loss = 1.011e+00
It: 40, Loss = 9.629e-01
It: 50, Loss = 9.517e-01
It: 60, Loss = 9.426e-01
It: 70, Loss = 9.314e-01
It: 80, Loss = 9.204e-01
It: 90, Loss = 9.115e-01
It: 100, Loss = 9.054e-01
It: 110, Loss = 9.007e-01
It: 120, Loss = 8.964e-01
It: 130, Loss = 8.928e-01
It: 140, Loss = 8.901e-01
It: 150, Loss = 8.881e-01
It: 160, Loss = 8.863e-01
It: 170, Loss = 8.847e-01
It: 180, Loss = 8.831e-01
It: 190, Loss = 8.814e-01
It: 200, Loss = 8.797e-01
It: 210, Loss = 8.777e-01
It: 220, Loss = 8.755e-01
It: 230, Loss = 8.730e-01
It: 240, Loss = 8.702e-01
It: 250, Loss = 8.671e-01
It: 260, Loss = 8.641e-01
It: 270, Loss = 8.615e-01
It: 280, Loss = 8.591e-01
It: 290, Loss = 8.568e-01
It: 300, Loss = 8.542e-01
It: 310, Loss = 8.510e-01
It: 320, Loss = 8.471e-01
It: 330, Loss = 8.423e-01
It: 340, Loss = 8.364e-01
It: 350, Loss = 8.309e-01
It: 360, Loss = 8.256e-01
It: 370, Loss = 8.195e-01
It: 380, Loss = 8.121e-01
It: 390, Loss = 8.030e-01
It: 400, Loss = 7.957e-01
It: 410, Loss = 7.746e-01
It: 420, Loss = 7.556e-01
It: 430, Loss = 7.359e-01
It: 440, Loss = 7.197e-01
It: 450, Loss = 7.133e-01
It: 460, Loss = 7.068e-01
It: 470, Loss = 7.016e-01
It: 480, Loss = 6.944e-01
It: 490, Loss = 6.906e-01
It: 500, Loss = 6.857e-01
It: 510, Loss = 6.843e-01
It: 520, Loss = 6.812e-01
It: 530, Loss = 6.735e-01
It: 540, Loss = 6.698e-01
It: 550, Loss = 6.657e-01
It: 560, Loss = 6.635e-01
It: 570, Loss = 6.593e-01
It: 580, Loss = 6.543e-01
It: 590, Loss = 6.509e-01
It: 600, Loss = 6.457e-01
It: 610, Loss = 6.478e-01
It: 620, Loss = 6.373e-01
It: 630, Loss = 6.303e-01
It: 640, Loss = 6.240e-01
It: 650, Loss = 6.235e-01
It: 660, Loss = 6.140e-01
It: 670, Loss = 6.039e-01
It: 680, Loss = 6.119e-01
It: 690, Loss = 5.875e-01
It: 700, Loss = 5.804e-01
It: 710, Loss = 5.659e-01
It: 720, Loss = 5.622e-01
It: 730, Loss = 5.394e-01
It: 740, Loss = 5.272e-01
It: 750, Loss = 5.308e-01
It: 760, Loss = 5.088e-01
It: 770, Loss = 5.041e-01
It: 780, Loss = 4.949e-01
It: 790, Loss = 4.918e-01
It: 800, Loss = 4.768e-01
It: 810, Loss = 4.721e-01
It: 820, Loss = 4.751e-01
It: 830, Loss = 4.611e-01
It: 840, Loss = 4.533e-01
It: 850, Loss = 4.489e-01
It: 860, Loss = 4.768e-01
It: 870, Loss = 4.336e-01
It: 880, Loss = 4.215e-01
It: 890, Loss = 4.173e-01
It: 900, Loss = 4.616e-01
It: 910, Loss = 4.002e-01
It: 920, Loss = 3.924e-01
It: 930, Loss = 3.816e-01
It: 940, Loss = 5.985e-01
It: 950, Loss = 4.043e-01
It: 960, Loss = 3.749e-01
It: 970, Loss = 3.653e-01
It: 980, Loss = 3.503e-01
It: 990, Loss = 3.424e-01
G_pred shape (100, 100)
It: 0, Loss = 1.086e+00
It: 10, Loss = 1.025e+00
It: 20, Loss = 9.449e-01
It: 30, Loss = 9.300e-01
It: 40, Loss = 9.137e-01
It: 50, Loss = 8.940e-01
It: 60, Loss = 8.806e-01
It: 70, Loss = 8.775e-01
It: 80, Loss = 8.764e-01
It: 90, Loss = 8.746e-01
It: 100, Loss = 8.735e-01
It: 110, Loss = 8.721e-01
It: 120, Loss = 8.707e-01
It: 130, Loss = 8.690e-01
It: 140, Loss = 8.672e-01
It: 150, Loss = 8.651e-01
It: 160, Loss = 8.625e-01
It: 170, Loss = 8.590e-01
It: 180, Loss = 8.541e-01
It: 190, Loss = 8.486e-01
It: 200, Loss = 8.448e-01
It: 210, Loss = 8.407e-01
It: 220, Loss = 8.362e-01
It: 230, Loss = 8.302e-01
It: 240, Loss = 8.216e-01
It: 250, Loss = 8.143e-01
It: 260, Loss = 8.087e-01
It: 270, Loss = 7.998e-01
It: 280, Loss = 7.930e-01
It: 290, Loss = 7.881e-01
It: 300, Loss = 7.821e-01
It: 310, Loss = 7.749e-01
It: 320, Loss = 7.648e-01
It: 330, Loss = 7.546e-01
It: 340, Loss = 7.441e-01
It: 350, Loss = 7.338e-01
It: 360, Loss = 7.228e-01
It: 370, Loss = 7.076e-01
It: 380, Loss = 6.829e-01
It: 390, Loss = 6.617e-01
It: 400, Loss = 6.580e-01
It: 410, Loss = 6.485e-01
It: 420, Loss = 6.401e-01
It: 430, Loss = 6.294e-01
It: 440, Loss = 6.165e-01
It: 450, Loss = 6.487e-01
It: 460, Loss = 5.947e-01
It: 470, Loss = 5.625e-01
It: 480, Loss = 5.388e-01
It: 490, Loss = 5.214e-01
It: 500, Loss = 5.061e-01
It: 510, Loss = 4.927e-01
It: 520, Loss = 4.752e-01
It: 530, Loss = 4.589e-01
It: 540, Loss = 5.036e-01
It: 550, Loss = 4.349e-01
It: 560, Loss = 4.228e-01
It: 570, Loss = 4.146e-01
It: 580, Loss = 4.041e-01
It: 590, Loss = 4.539e-01
It: 600, Loss = 4.016e-01
It: 610, Loss = 3.882e-01
It: 620, Loss = 3.785e-01
It: 630, Loss = 3.722e-01
It: 640, Loss = 3.670e-01
It: 650, Loss = 3.823e-01
It: 660, Loss = 3.723e-01
It: 670, Loss = 3.560e-01
It: 680, Loss = 3.490e-01
It: 690, Loss = 3.426e-01
It: 700, Loss = 3.371e-01
It: 710, Loss = 3.322e-01
It: 720, Loss = 3.273e-01
It: 730, Loss = 3.954e-01
It: 740, Loss = 3.279e-01
It: 750, Loss = 3.283e-01
It: 760, Loss = 3.171e-01
It: 770, Loss = 3.073e-01
It: 780, Loss = 3.025e-01
It: 790, Loss = 2.970e-01
It: 800, Loss = 3.528e-01
It: 810, Loss = 2.968e-01
It: 820, Loss = 2.882e-01
It: 830, Loss = 2.844e-01
It: 840, Loss = 2.791e-01
It: 850, Loss = 2.754e-01
It: 860, Loss = 2.717e-01
It: 870, Loss = 2.762e-01
It: 880, Loss = 2.822e-01
It: 890, Loss = 2.769e-01
It: 900, Loss = 2.650e-01
It: 910, Loss = 2.611e-01
It: 920, Loss = 2.570e-01
It: 930, Loss = 2.536e-01
It: 940, Loss = 2.506e-01
It: 950, Loss = 2.475e-01
It: 960, Loss = 2.444e-01
It: 970, Loss = 2.410e-01
It: 980, Loss = 3.381e-01
It: 990, Loss = 2.815e-01
G_pred shape (100, 100)
It: 0, Loss = 2.537e+00
It: 10, Loss = 1.087e+00
It: 20, Loss = 1.083e+00
It: 30, Loss = 1.035e+00
It: 40, Loss = 9.911e-01
It: 50, Loss = 9.735e-01
It: 60, Loss = 9.659e-01
It: 70, Loss = 9.598e-01
It: 80, Loss = 9.536e-01
It: 90, Loss = 9.467e-01
It: 100, Loss = 9.389e-01
It: 110, Loss = 9.303e-01
It: 120, Loss = 9.214e-01
It: 130, Loss = 9.132e-01
It: 140, Loss = 9.067e-01
It: 150, Loss = 9.023e-01
It: 160, Loss = 9.002e-01
It: 170, Loss = 8.989e-01
It: 180, Loss = 8.976e-01
It: 190, Loss = 8.963e-01
It: 200, Loss = 8.950e-01
It: 210, Loss = 8.936e-01
It: 220, Loss = 8.922e-01
It: 230, Loss = 8.908e-01
It: 240, Loss = 8.893e-01
It: 250, Loss = 8.878e-01
It: 260, Loss = 8.862e-01
It: 270, Loss = 8.846e-01
It: 280, Loss = 8.830e-01
It: 290, Loss = 8.813e-01
It: 300, Loss = 8.797e-01
It: 310, Loss = 8.780e-01
It: 320, Loss = 8.764e-01
It: 330, Loss = 8.749e-01
It: 340, Loss = 8.735e-01
It: 350, Loss = 8.724e-01
It: 360, Loss = 8.714e-01
It: 370, Loss = 8.704e-01
It: 380, Loss = 8.693e-01
It: 390, Loss = 8.680e-01
It: 400, Loss = 8.663e-01
It: 410, Loss = 8.641e-01
It: 420, Loss = 8.615e-01
It: 430, Loss = 8.585e-01
It: 440, Loss = 8.588e-01
It: 450, Loss = 8.554e-01
It: 460, Loss = 8.529e-01
It: 470, Loss = 8.497e-01
It: 480, Loss = 8.456e-01
It: 490, Loss = 8.390e-01
It: 500, Loss = 8.270e-01
It: 510, Loss = 8.008e-01
It: 520, Loss = 8.742e-01
It: 530, Loss = 7.694e-01
It: 540, Loss = 7.294e-01
It: 550, Loss = 7.202e-01
It: 560, Loss = 7.131e-01
It: 570, Loss = 7.096e-01
It: 580, Loss = 7.059e-01
It: 590, Loss = 7.013e-01
It: 600, Loss = 6.945e-01
It: 610, Loss = 6.832e-01
It: 620, Loss = 6.635e-01
It: 630, Loss = 6.292e-01
It: 640, Loss = 5.766e-01
It: 650, Loss = 5.179e-01
It: 660, Loss = 4.846e-01
It: 670, Loss = 4.615e-01
It: 680, Loss = 4.381e-01
It: 690, Loss = 4.327e-01
It: 700, Loss = 4.107e-01
It: 710, Loss = 3.991e-01
It: 720, Loss = 3.884e-01
It: 730, Loss = 3.826e-01
It: 740, Loss = 3.780e-01
It: 750, Loss = 3.865e-01
It: 760, Loss = 3.762e-01
It: 770, Loss = 3.681e-01
It: 780, Loss = 3.644e-01
It: 790, Loss = 3.614e-01
It: 800, Loss = 3.586e-01
It: 810, Loss = 3.557e-01
It: 820, Loss = 3.529e-01
It: 830, Loss = 3.509e-01
It: 840, Loss = 3.555e-01
It: 850, Loss = 3.466e-01
It: 860, Loss = 3.449e-01
It: 870, Loss = 3.434e-01
It: 880, Loss = 3.416e-01
It: 890, Loss = 3.397e-01
It: 900, Loss = 3.380e-01
It: 910, Loss = 3.363e-01
It: 920, Loss = 3.350e-01
It: 930, Loss = 3.346e-01
It: 940, Loss = 3.329e-01
It: 950, Loss = 3.341e-01
It: 960, Loss = 3.319e-01
It: 970, Loss = 3.289e-01
It: 980, Loss = 3.274e-01
It: 990, Loss = 3.257e-01
G_pred shape (100, 100)
It: 0, Loss = 1.047e+00
It: 10, Loss = 9.765e-01
It: 20, Loss = 9.869e-01
It: 30, Loss = 9.504e-01
It: 40, Loss = 9.393e-01
It: 50, Loss = 9.232e-01
It: 60, Loss = 9.182e-01
It: 70, Loss = 9.107e-01
It: 80, Loss = 9.038e-01
It: 90, Loss = 8.963e-01
It: 100, Loss = 8.896e-01
It: 110, Loss = 8.848e-01
It: 120, Loss = 8.808e-01
It: 130, Loss = 8.761e-01
It: 140, Loss = 8.709e-01
It: 150, Loss = 8.652e-01
It: 160, Loss = 8.592e-01
It: 170, Loss = 8.534e-01
It: 180, Loss = 8.490e-01
It: 190, Loss = 8.466e-01
It: 200, Loss = 8.455e-01
It: 210, Loss = 8.443e-01
It: 220, Loss = 8.431e-01
It: 230, Loss = 8.419e-01
It: 240, Loss = 8.405e-01
It: 250, Loss = 8.385e-01
It: 260, Loss = 8.355e-01
It: 270, Loss = 8.303e-01
It: 280, Loss = 8.190e-01
It: 290, Loss = 7.837e-01
It: 300, Loss = 6.690e-01
It: 310, Loss = 6.620e-01
It: 320, Loss = 6.304e-01
It: 330, Loss = 5.918e-01
It: 340, Loss = 5.690e-01
It: 350, Loss = 5.496e-01
It: 360, Loss = 5.350e-01
It: 370, Loss = 5.237e-01
It: 380, Loss = 5.139e-01
It: 390, Loss = 5.046e-01
It: 400, Loss = 4.959e-01
It: 410, Loss = 4.875e-01
It: 420, Loss = 4.806e-01
It: 430, Loss = 4.772e-01
It: 440, Loss = 4.704e-01
It: 450, Loss = 4.642e-01
It: 460, Loss = 4.583e-01
It: 470, Loss = 4.524e-01
It: 480, Loss = 4.462e-01
It: 490, Loss = 4.400e-01
It: 500, Loss = 4.354e-01
It: 510, Loss = 4.253e-01
It: 520, Loss = 4.140e-01
It: 530, Loss = 4.403e-01
It: 540, Loss = 3.949e-01
It: 550, Loss = 3.841e-01
It: 560, Loss = 3.731e-01
It: 570, Loss = 3.630e-01
It: 580, Loss = 3.552e-01
It: 590, Loss = 3.471e-01
It: 600, Loss = 3.401e-01
It: 610, Loss = 3.311e-01
It: 620, Loss = 3.216e-01
It: 630, Loss = 3.189e-01
It: 640, Loss = 3.139e-01
It: 650, Loss = 3.044e-01
It: 660, Loss = 2.917e-01
It: 670, Loss = 2.837e-01
It: 680, Loss = 2.757e-01
It: 690, Loss = 2.917e-01
It: 700, Loss = 2.820e-01
It: 710, Loss = 2.633e-01
It: 720, Loss = 2.484e-01
It: 730, Loss = 2.394e-01
It: 740, Loss = 2.293e-01
It: 750, Loss = 2.194e-01
It: 760, Loss = 2.314e-01
It: 770, Loss = 2.252e-01
It: 780, Loss = 2.081e-01
It: 790, Loss = 1.906e-01
It: 800, Loss = 1.808e-01
It: 810, Loss = 1.707e-01
It: 820, Loss = 1.601e-01
It: 830, Loss = 1.495e-01
It: 840, Loss = 2.224e-01
It: 850, Loss = 1.589e-01
It: 860, Loss = 1.410e-01
It: 870, Loss = 1.302e-01
It: 880, Loss = 1.209e-01
It: 890, Loss = 1.143e-01
It: 900, Loss = 1.096e-01
It: 910, Loss = 1.048e-01
It: 920, Loss = 1.003e-01
It: 930, Loss = 9.604e-02
It: 940, Loss = 9.192e-02
It: 950, Loss = 8.794e-02
It: 960, Loss = 8.410e-02
It: 970, Loss = 1.753e-01
It: 980, Loss = 9.448e-02
It: 990, Loss = 8.211e-02
G_pred shape (100, 100)
It: 0, Loss = 1.153e+00
It: 10, Loss = 1.105e+00
It: 20, Loss = 1.011e+00
It: 30, Loss = 9.844e-01
It: 40, Loss = 9.785e-01
It: 50, Loss = 9.712e-01
It: 60, Loss = 9.630e-01
It: 70, Loss = 9.556e-01
It: 80, Loss = 9.470e-01
It: 90, Loss = 9.385e-01
It: 100, Loss = 9.322e-01
It: 110, Loss = 9.314e-01
It: 120, Loss = 9.306e-01
It: 130, Loss = 9.300e-01
It: 140, Loss = 9.294e-01
It: 150, Loss = 9.288e-01
It: 160, Loss = 9.279e-01
It: 170, Loss = 9.268e-01
It: 180, Loss = 9.253e-01
It: 190, Loss = 9.226e-01
It: 200, Loss = 9.170e-01
It: 210, Loss = 9.088e-01
It: 220, Loss = 9.057e-01
It: 230, Loss = 9.036e-01
It: 240, Loss = 9.016e-01
It: 250, Loss = 9.002e-01
It: 260, Loss = 8.994e-01
It: 270, Loss = 8.989e-01
It: 280, Loss = 8.986e-01
It: 290, Loss = 8.983e-01
It: 300, Loss = 8.981e-01
It: 310, Loss = 8.978e-01
It: 320, Loss = 8.975e-01
It: 330, Loss = 8.972e-01
It: 340, Loss = 8.969e-01
It: 350, Loss = 8.965e-01
It: 360, Loss = 8.961e-01
It: 370, Loss = 8.956e-01
It: 380, Loss = 8.951e-01
It: 390, Loss = 8.945e-01
It: 400, Loss = 8.937e-01
It: 410, Loss = 8.928e-01
It: 420, Loss = 8.917e-01
It: 430, Loss = 8.903e-01
It: 440, Loss = 8.882e-01
It: 450, Loss = 8.866e-01
It: 460, Loss = 8.796e-01
It: 470, Loss = 8.665e-01
It: 480, Loss = 8.353e-01
It: 490, Loss = 8.031e-01
It: 500, Loss = 7.339e-01
It: 510, Loss = 6.897e-01
It: 520, Loss = 6.587e-01
It: 530, Loss = 6.301e-01
It: 540, Loss = 6.344e-01
It: 550, Loss = 5.967e-01
It: 560, Loss = 5.848e-01
It: 570, Loss = 5.706e-01
It: 580, Loss = 5.598e-01
It: 590, Loss = 5.495e-01
It: 600, Loss = 5.397e-01
It: 610, Loss = 5.596e-01
It: 620, Loss = 5.264e-01
It: 630, Loss = 5.169e-01
It: 640, Loss = 5.075e-01
It: 650, Loss = 4.997e-01
It: 660, Loss = 4.923e-01
It: 670, Loss = 4.844e-01
It: 680, Loss = 4.746e-01
It: 690, Loss = 4.618e-01
It: 700, Loss = 7.243e-01
It: 710, Loss = 4.736e-01
It: 720, Loss = 4.342e-01
It: 730, Loss = 4.191e-01
It: 740, Loss = 4.062e-01
It: 750, Loss = 3.920e-01
It: 760, Loss = 3.797e-01
It: 770, Loss = 3.697e-01
It: 780, Loss = 3.609e-01
It: 790, Loss = 3.526e-01
It: 800, Loss = 3.440e-01
It: 810, Loss = 3.354e-01
It: 820, Loss = 3.392e-01
It: 830, Loss = 3.212e-01
It: 840, Loss = 3.120e-01
It: 850, Loss = 2.987e-01
It: 860, Loss = 2.877e-01
It: 870, Loss = 3.177e-01
It: 880, Loss = 2.789e-01
It: 890, Loss = 2.739e-01
It: 900, Loss = 2.543e-01
It: 910, Loss = 2.492e-01
It: 920, Loss = 2.456e-01
It: 930, Loss = 2.338e-01
It: 940, Loss = 2.240e-01
It: 950, Loss = 3.174e-01
It: 960, Loss = 2.282e-01
It: 970, Loss = 2.234e-01
It: 980, Loss = 2.063e-01
It: 990, Loss = 1.993e-01
G_pred shape (100, 100)
