Using TensorFlow 2 backend.

N_train =  13
It: 0, Loss = 1.052e+00
It: 10, Loss = 9.796e-01
It: 20, Loss = 9.688e-01
It: 30, Loss = 9.601e-01
It: 40, Loss = 9.529e-01
It: 50, Loss = 9.489e-01
It: 60, Loss = 9.450e-01
It: 70, Loss = 9.416e-01
It: 80, Loss = 9.372e-01
It: 90, Loss = 9.314e-01
It: 100, Loss = 9.260e-01
It: 110, Loss = 9.234e-01
It: 120, Loss = 9.207e-01
It: 130, Loss = 9.179e-01
It: 140, Loss = 9.145e-01
It: 150, Loss = 9.097e-01
It: 160, Loss = 9.021e-01
It: 170, Loss = 8.982e-01
It: 180, Loss = 8.815e-01
It: 190, Loss = 8.717e-01
It: 200, Loss = 8.603e-01
It: 210, Loss = 8.482e-01
It: 220, Loss = 8.341e-01
It: 230, Loss = 8.104e-01
It: 240, Loss = 7.713e-01
It: 250, Loss = 7.558e-01
It: 260, Loss = 7.298e-01
It: 270, Loss = 7.197e-01
It: 280, Loss = 7.061e-01
It: 290, Loss = 6.933e-01
It: 300, Loss = 6.801e-01
It: 310, Loss = 6.678e-01
It: 320, Loss = 6.752e-01
It: 330, Loss = 6.506e-01
It: 340, Loss = 6.349e-01
It: 350, Loss = 6.157e-01
It: 360, Loss = 5.886e-01
It: 370, Loss = 5.905e-01
It: 380, Loss = 5.167e-01
It: 390, Loss = 4.312e-01
It: 400, Loss = 3.750e-01
It: 410, Loss = 3.174e-01
It: 420, Loss = 3.253e-01
It: 430, Loss = 2.483e-01
It: 440, Loss = 2.263e-01
It: 450, Loss = 2.079e-01
It: 460, Loss = 1.881e-01
It: 470, Loss = 1.748e-01
It: 480, Loss = 1.634e-01
It: 490, Loss = 2.138e-01
It: 500, Loss = 1.572e-01
It: 510, Loss = 1.436e-01
It: 520, Loss = 1.367e-01
It: 530, Loss = 1.317e-01
It: 540, Loss = 1.341e-01
It: 550, Loss = 1.308e-01
It: 560, Loss = 1.260e-01
It: 570, Loss = 1.200e-01
It: 580, Loss = 1.171e-01
It: 590, Loss = 1.165e-01
It: 600, Loss = 1.151e-01
It: 610, Loss = 1.200e-01
It: 620, Loss = 1.133e-01
It: 630, Loss = 1.091e-01
It: 640, Loss = 1.067e-01
It: 650, Loss = 1.053e-01
It: 660, Loss = 1.037e-01
It: 670, Loss = 1.024e-01
It: 680, Loss = 1.021e-01
It: 690, Loss = 1.040e-01
It: 700, Loss = 1.025e-01
It: 710, Loss = 9.947e-02
It: 720, Loss = 9.788e-02
It: 730, Loss = 9.614e-02
It: 740, Loss = 9.486e-02
It: 750, Loss = 9.379e-02
It: 760, Loss = 9.274e-02
It: 770, Loss = 9.188e-02
It: 780, Loss = 1.599e-01
It: 790, Loss = 1.058e-01
It: 800, Loss = 9.417e-02
It: 810, Loss = 8.842e-02
It: 820, Loss = 8.774e-02
It: 830, Loss = 8.643e-02
It: 840, Loss = 8.515e-02
It: 850, Loss = 8.395e-02
It: 860, Loss = 8.275e-02
It: 870, Loss = 8.154e-02
It: 880, Loss = 8.454e-02
It: 890, Loss = 1.173e-01
It: 900, Loss = 8.359e-02
It: 910, Loss = 7.995e-02
It: 920, Loss = 7.669e-02
It: 930, Loss = 7.500e-02
It: 940, Loss = 7.357e-02
It: 950, Loss = 7.202e-02
It: 960, Loss = 7.046e-02
It: 970, Loss = 6.882e-02
It: 980, Loss = 6.710e-02
It: 990, Loss = 6.529e-02
G_pred shape (100, 100)
It: 0, Loss = 1.027e+00
It: 10, Loss = 9.653e-01
It: 20, Loss = 9.383e-01
It: 30, Loss = 9.067e-01
It: 40, Loss = 8.878e-01
It: 50, Loss = 8.775e-01
It: 60, Loss = 8.671e-01
It: 70, Loss = 8.606e-01
It: 80, Loss = 8.573e-01
It: 90, Loss = 8.553e-01
It: 100, Loss = 8.535e-01
It: 110, Loss = 8.523e-01
It: 120, Loss = 8.516e-01
It: 130, Loss = 8.511e-01
It: 140, Loss = 8.505e-01
It: 150, Loss = 8.499e-01
It: 160, Loss = 8.493e-01
It: 170, Loss = 8.487e-01
It: 180, Loss = 8.479e-01
It: 190, Loss = 8.469e-01
It: 200, Loss = 8.465e-01
It: 210, Loss = 8.435e-01
It: 220, Loss = 8.400e-01
It: 230, Loss = 8.322e-01
It: 240, Loss = 8.087e-01
It: 250, Loss = 7.285e-01
It: 260, Loss = 6.684e-01
It: 270, Loss = 6.312e-01
It: 280, Loss = 6.259e-01
It: 290, Loss = 6.176e-01
It: 300, Loss = 6.108e-01
It: 310, Loss = 6.041e-01
It: 320, Loss = 5.972e-01
It: 330, Loss = 5.896e-01
It: 340, Loss = 5.811e-01
It: 350, Loss = 5.710e-01
It: 360, Loss = 5.631e-01
It: 370, Loss = 5.509e-01
It: 380, Loss = 5.370e-01
It: 390, Loss = 5.226e-01
It: 400, Loss = 5.498e-01
It: 410, Loss = 5.218e-01
It: 420, Loss = 5.017e-01
It: 430, Loss = 4.948e-01
It: 440, Loss = 4.882e-01
It: 450, Loss = 4.796e-01
It: 460, Loss = 4.691e-01
It: 470, Loss = 4.553e-01
It: 480, Loss = 5.058e-01
It: 490, Loss = 4.251e-01
It: 500, Loss = 4.062e-01
It: 510, Loss = 3.854e-01
It: 520, Loss = 3.632e-01
It: 530, Loss = 3.344e-01
It: 540, Loss = 3.003e-01
It: 550, Loss = 2.786e-01
It: 560, Loss = 2.326e-01
It: 570, Loss = 2.062e-01
It: 580, Loss = 1.965e-01
It: 590, Loss = 1.787e-01
It: 600, Loss = 1.739e-01
It: 610, Loss = 1.671e-01
It: 620, Loss = 1.589e-01
It: 630, Loss = 1.537e-01
It: 640, Loss = 1.533e-01
It: 650, Loss = 1.577e-01
It: 660, Loss = 1.410e-01
It: 670, Loss = 1.378e-01
It: 680, Loss = 1.327e-01
It: 690, Loss = 1.288e-01
It: 700, Loss = 1.381e-01
It: 710, Loss = 1.217e-01
It: 720, Loss = 1.163e-01
It: 730, Loss = 1.138e-01
It: 740, Loss = 1.120e-01
It: 750, Loss = 1.064e-01
It: 760, Loss = 9.904e-02
It: 770, Loss = 9.399e-02
It: 780, Loss = 9.442e-02
It: 790, Loss = 9.516e-02
It: 800, Loss = 8.278e-02
It: 810, Loss = 7.617e-02
It: 820, Loss = 7.100e-02
It: 830, Loss = 6.561e-02
It: 840, Loss = 6.224e-02
It: 850, Loss = 7.334e-02
It: 860, Loss = 7.024e-02
It: 870, Loss = 5.673e-02
It: 880, Loss = 5.517e-02
It: 890, Loss = 5.108e-02
It: 900, Loss = 4.917e-02
It: 910, Loss = 4.744e-02
It: 920, Loss = 4.592e-02
It: 930, Loss = 4.508e-02
It: 940, Loss = 4.787e-02
It: 950, Loss = 4.519e-02
It: 960, Loss = 4.376e-02
It: 970, Loss = 4.167e-02
It: 980, Loss = 3.977e-02
It: 990, Loss = 3.852e-02
G_pred shape (100, 100)
It: 0, Loss = 1.472e+00
It: 10, Loss = 9.127e-01
It: 20, Loss = 9.044e-01
It: 30, Loss = 9.015e-01
It: 40, Loss = 8.956e-01
It: 50, Loss = 8.907e-01
It: 60, Loss = 8.868e-01
It: 70, Loss = 8.835e-01
It: 80, Loss = 8.806e-01
It: 90, Loss = 8.782e-01
It: 100, Loss = 8.768e-01
It: 110, Loss = 8.761e-01
It: 120, Loss = 8.755e-01
It: 130, Loss = 8.750e-01
It: 140, Loss = 8.746e-01
It: 150, Loss = 8.741e-01
It: 160, Loss = 8.736e-01
It: 170, Loss = 8.731e-01
It: 180, Loss = 8.725e-01
It: 190, Loss = 8.718e-01
It: 200, Loss = 8.710e-01
It: 210, Loss = 8.700e-01
It: 220, Loss = 8.686e-01
It: 230, Loss = 8.667e-01
It: 240, Loss = 8.640e-01
It: 250, Loss = 8.599e-01
It: 260, Loss = 8.540e-01
It: 270, Loss = 8.469e-01
It: 280, Loss = 8.435e-01
It: 290, Loss = 8.394e-01
It: 300, Loss = 8.343e-01
It: 310, Loss = 8.272e-01
It: 320, Loss = 8.176e-01
It: 330, Loss = 8.035e-01
It: 340, Loss = 7.789e-01
It: 350, Loss = 7.355e-01
It: 360, Loss = 6.847e-01
It: 370, Loss = 6.430e-01
It: 380, Loss = 6.273e-01
It: 390, Loss = 6.054e-01
It: 400, Loss = 5.897e-01
It: 410, Loss = 5.821e-01
It: 420, Loss = 5.728e-01
It: 430, Loss = 5.678e-01
It: 440, Loss = 5.571e-01
It: 450, Loss = 5.496e-01
It: 460, Loss = 5.471e-01
It: 470, Loss = 5.426e-01
It: 480, Loss = 5.744e-01
It: 490, Loss = 5.351e-01
It: 500, Loss = 5.333e-01
It: 510, Loss = 5.272e-01
It: 520, Loss = 5.226e-01
It: 530, Loss = 5.172e-01
It: 540, Loss = 5.119e-01
It: 550, Loss = 5.060e-01
It: 560, Loss = 5.035e-01
It: 570, Loss = 5.087e-01
It: 580, Loss = 4.960e-01
It: 590, Loss = 4.899e-01
It: 600, Loss = 4.830e-01
It: 610, Loss = 4.785e-01
It: 620, Loss = 4.729e-01
It: 630, Loss = 4.679e-01
It: 640, Loss = 4.626e-01
It: 650, Loss = 4.573e-01
It: 660, Loss = 4.584e-01
It: 670, Loss = 4.755e-01
It: 680, Loss = 4.550e-01
It: 690, Loss = 4.466e-01
It: 700, Loss = 4.416e-01
It: 710, Loss = 4.356e-01
It: 720, Loss = 4.311e-01
It: 730, Loss = 4.264e-01
It: 740, Loss = 4.220e-01
It: 750, Loss = 4.177e-01
It: 760, Loss = 4.545e-01
It: 770, Loss = 4.656e-01
It: 780, Loss = 4.205e-01
It: 790, Loss = 4.114e-01
It: 800, Loss = 4.060e-01
It: 810, Loss = 4.013e-01
It: 820, Loss = 3.966e-01
It: 830, Loss = 3.924e-01
It: 840, Loss = 3.879e-01
It: 850, Loss = 3.831e-01
It: 860, Loss = 5.099e-01
It: 870, Loss = 3.942e-01
It: 880, Loss = 3.949e-01
It: 890, Loss = 3.786e-01
It: 900, Loss = 3.698e-01
It: 910, Loss = 3.629e-01
It: 920, Loss = 3.571e-01
It: 930, Loss = 3.506e-01
It: 940, Loss = 3.437e-01
It: 950, Loss = 3.363e-01
It: 960, Loss = 8.954e-01
It: 970, Loss = 4.327e-01
It: 980, Loss = 3.472e-01
It: 990, Loss = 3.402e-01
G_pred shape (100, 100)
It: 0, Loss = 1.724e+00
It: 10, Loss = 1.024e+00
It: 20, Loss = 9.793e-01
It: 30, Loss = 9.629e-01
It: 40, Loss = 9.580e-01
It: 50, Loss = 9.546e-01
It: 60, Loss = 9.519e-01
It: 70, Loss = 9.491e-01
It: 80, Loss = 9.462e-01
It: 90, Loss = 9.431e-01
It: 100, Loss = 9.399e-01
It: 110, Loss = 9.362e-01
It: 120, Loss = 9.317e-01
It: 130, Loss = 9.275e-01
It: 140, Loss = 9.254e-01
It: 150, Loss = 9.244e-01
It: 160, Loss = 9.232e-01
It: 170, Loss = 9.223e-01
It: 180, Loss = 9.215e-01
It: 190, Loss = 9.209e-01
It: 200, Loss = 9.203e-01
It: 210, Loss = 9.198e-01
It: 220, Loss = 9.193e-01
It: 230, Loss = 9.188e-01
It: 240, Loss = 9.182e-01
It: 250, Loss = 9.176e-01
It: 260, Loss = 9.170e-01
It: 270, Loss = 9.163e-01
It: 280, Loss = 9.156e-01
It: 290, Loss = 9.148e-01
It: 300, Loss = 9.138e-01
It: 310, Loss = 9.128e-01
It: 320, Loss = 9.116e-01
It: 330, Loss = 9.102e-01
It: 340, Loss = 9.086e-01
It: 350, Loss = 9.068e-01
It: 360, Loss = 9.046e-01
It: 370, Loss = 9.022e-01
It: 380, Loss = 8.995e-01
It: 390, Loss = 8.965e-01
It: 400, Loss = 8.934e-01
It: 410, Loss = 8.904e-01
It: 420, Loss = 8.878e-01
It: 430, Loss = 8.855e-01
It: 440, Loss = 8.832e-01
It: 450, Loss = 8.807e-01
It: 460, Loss = 8.778e-01
It: 470, Loss = 8.745e-01
It: 480, Loss = 8.703e-01
It: 490, Loss = 8.650e-01
It: 500, Loss = 8.583e-01
It: 510, Loss = 8.503e-01
It: 520, Loss = 8.424e-01
It: 530, Loss = 8.392e-01
It: 540, Loss = 8.322e-01
It: 550, Loss = 8.267e-01
It: 560, Loss = 8.204e-01
It: 570, Loss = 8.133e-01
It: 580, Loss = 8.060e-01
It: 590, Loss = 7.993e-01
It: 600, Loss = 8.009e-01
It: 610, Loss = 7.908e-01
It: 620, Loss = 7.823e-01
It: 630, Loss = 7.758e-01
It: 640, Loss = 7.675e-01
It: 650, Loss = 7.579e-01
It: 660, Loss = 7.554e-01
It: 670, Loss = 7.447e-01
It: 680, Loss = 7.329e-01
It: 690, Loss = 7.263e-01
It: 700, Loss = 7.221e-01
It: 710, Loss = 7.193e-01
It: 720, Loss = 7.164e-01
It: 730, Loss = 7.144e-01
It: 740, Loss = 7.126e-01
It: 750, Loss = 7.113e-01
It: 760, Loss = 7.083e-01
It: 770, Loss = 7.052e-01
It: 780, Loss = 7.057e-01
It: 790, Loss = 7.033e-01
It: 800, Loss = 6.985e-01
It: 810, Loss = 6.964e-01
It: 820, Loss = 6.934e-01
It: 830, Loss = 6.929e-01
It: 840, Loss = 7.081e-01
It: 850, Loss = 6.910e-01
It: 860, Loss = 6.864e-01
It: 870, Loss = 6.809e-01
It: 880, Loss = 6.752e-01
It: 890, Loss = 6.693e-01
It: 900, Loss = 6.617e-01
It: 910, Loss = 7.963e-01
It: 920, Loss = 6.570e-01
It: 930, Loss = 6.474e-01
It: 940, Loss = 6.413e-01
It: 950, Loss = 6.306e-01
It: 960, Loss = 6.196e-01
It: 970, Loss = 6.086e-01
It: 980, Loss = 5.965e-01
It: 990, Loss = 7.855e-01
G_pred shape (100, 100)
It: 0, Loss = 1.118e+00
It: 10, Loss = 9.514e-01
It: 20, Loss = 8.950e-01
It: 30, Loss = 8.632e-01
It: 40, Loss = 8.462e-01
It: 50, Loss = 8.451e-01
It: 60, Loss = 8.411e-01
It: 70, Loss = 8.397e-01
It: 80, Loss = 8.383e-01
It: 90, Loss = 8.373e-01
It: 100, Loss = 8.364e-01
It: 110, Loss = 8.356e-01
It: 120, Loss = 8.349e-01
It: 130, Loss = 8.342e-01
It: 140, Loss = 8.335e-01
It: 150, Loss = 8.328e-01
It: 160, Loss = 8.321e-01
It: 170, Loss = 8.313e-01
It: 180, Loss = 8.305e-01
It: 190, Loss = 8.296e-01
It: 200, Loss = 8.284e-01
It: 210, Loss = 8.271e-01
It: 220, Loss = 8.256e-01
It: 230, Loss = 8.240e-01
It: 240, Loss = 8.225e-01
It: 250, Loss = 8.210e-01
It: 260, Loss = 8.233e-01
It: 270, Loss = 8.244e-01
It: 280, Loss = 8.184e-01
It: 290, Loss = 8.170e-01
It: 300, Loss = 8.158e-01
It: 310, Loss = 8.140e-01
It: 320, Loss = 8.120e-01
It: 330, Loss = 8.090e-01
It: 340, Loss = 8.026e-01
It: 350, Loss = 7.927e-01
It: 360, Loss = 7.850e-01
It: 370, Loss = 7.741e-01
It: 380, Loss = 7.595e-01
It: 390, Loss = 7.386e-01
It: 400, Loss = 7.300e-01
It: 410, Loss = 7.107e-01
It: 420, Loss = 7.011e-01
It: 430, Loss = 6.904e-01
It: 440, Loss = 6.767e-01
It: 450, Loss = 6.640e-01
It: 460, Loss = 6.475e-01
It: 470, Loss = 6.184e-01
It: 480, Loss = 6.587e-01
It: 490, Loss = 5.942e-01
It: 500, Loss = 5.745e-01
It: 510, Loss = 5.594e-01
It: 520, Loss = 5.476e-01
It: 530, Loss = 5.362e-01
It: 540, Loss = 5.225e-01
It: 550, Loss = 5.140e-01
It: 560, Loss = 5.213e-01
It: 570, Loss = 4.905e-01
It: 580, Loss = 4.786e-01
It: 590, Loss = 4.636e-01
It: 600, Loss = 4.519e-01
It: 610, Loss = 4.409e-01
It: 620, Loss = 4.304e-01
It: 630, Loss = 4.590e-01
It: 640, Loss = 4.243e-01
It: 650, Loss = 3.977e-01
It: 660, Loss = 3.783e-01
It: 670, Loss = 3.515e-01
It: 680, Loss = 3.321e-01
It: 690, Loss = 3.250e-01
It: 700, Loss = 2.772e-01
It: 710, Loss = 2.566e-01
It: 720, Loss = 2.371e-01
It: 730, Loss = 2.234e-01
It: 740, Loss = 3.031e-01
It: 750, Loss = 2.093e-01
It: 760, Loss = 1.942e-01
It: 770, Loss = 1.852e-01
It: 780, Loss = 1.737e-01
It: 790, Loss = 1.637e-01
It: 800, Loss = 1.621e-01
It: 810, Loss = 1.829e-01
It: 820, Loss = 1.503e-01
It: 830, Loss = 1.356e-01
It: 840, Loss = 1.260e-01
It: 850, Loss = 1.172e-01
It: 860, Loss = 1.124e-01
It: 870, Loss = 1.848e-01
It: 880, Loss = 1.287e-01
It: 890, Loss = 1.067e-01
It: 900, Loss = 9.736e-02
It: 910, Loss = 8.972e-02
It: 920, Loss = 8.576e-02
It: 930, Loss = 8.156e-02
It: 940, Loss = 7.828e-02
It: 950, Loss = 7.541e-02
It: 960, Loss = 9.677e-02
It: 970, Loss = 8.864e-02
It: 980, Loss = 8.885e-02
It: 990, Loss = 7.191e-02
G_pred shape (100, 100)
