Using TensorFlow 2 backend.

N_train =  25
It: 0, Loss = 1.735e+00
It: 10, Loss = 1.058e+00
It: 20, Loss = 9.948e-01
It: 30, Loss = 9.674e-01
It: 40, Loss = 9.542e-01
It: 50, Loss = 9.437e-01
It: 60, Loss = 9.330e-01
It: 70, Loss = 9.217e-01
It: 80, Loss = 9.108e-01
It: 90, Loss = 9.017e-01
It: 100, Loss = 8.964e-01
It: 110, Loss = 8.945e-01
It: 120, Loss = 8.934e-01
It: 130, Loss = 8.924e-01
It: 140, Loss = 8.914e-01
It: 150, Loss = 8.906e-01
It: 160, Loss = 8.898e-01
It: 170, Loss = 8.891e-01
It: 180, Loss = 8.884e-01
It: 190, Loss = 8.878e-01
It: 200, Loss = 8.871e-01
It: 210, Loss = 8.866e-01
It: 220, Loss = 8.860e-01
It: 230, Loss = 8.855e-01
It: 240, Loss = 8.850e-01
It: 250, Loss = 8.845e-01
It: 260, Loss = 8.840e-01
It: 270, Loss = 8.835e-01
It: 280, Loss = 8.830e-01
It: 290, Loss = 8.826e-01
It: 300, Loss = 8.820e-01
It: 310, Loss = 8.815e-01
It: 320, Loss = 8.809e-01
It: 330, Loss = 8.802e-01
It: 340, Loss = 8.795e-01
It: 350, Loss = 8.786e-01
It: 360, Loss = 8.776e-01
It: 370, Loss = 8.763e-01
It: 380, Loss = 8.746e-01
It: 390, Loss = 8.723e-01
It: 400, Loss = 8.690e-01
It: 410, Loss = 8.637e-01
It: 420, Loss = 8.548e-01
It: 430, Loss = 8.394e-01
It: 440, Loss = 8.114e-01
It: 450, Loss = 7.691e-01
It: 460, Loss = 7.229e-01
It: 470, Loss = 6.864e-01
It: 480, Loss = 6.501e-01
It: 490, Loss = 6.313e-01
It: 500, Loss = 6.161e-01
It: 510, Loss = 6.056e-01
It: 520, Loss = 6.004e-01
It: 530, Loss = 6.011e-01
It: 540, Loss = 5.879e-01
It: 550, Loss = 5.844e-01
It: 560, Loss = 5.790e-01
It: 570, Loss = 5.671e-01
It: 580, Loss = 5.601e-01
It: 590, Loss = 5.550e-01
It: 600, Loss = 5.488e-01
It: 610, Loss = 5.501e-01
It: 620, Loss = 5.374e-01
It: 630, Loss = 5.332e-01
It: 640, Loss = 5.291e-01
It: 650, Loss = 5.248e-01
It: 660, Loss = 5.211e-01
It: 670, Loss = 5.298e-01
It: 680, Loss = 5.284e-01
It: 690, Loss = 5.174e-01
It: 700, Loss = 5.120e-01
It: 710, Loss = 5.080e-01
It: 720, Loss = 5.052e-01
It: 730, Loss = 5.021e-01
It: 740, Loss = 5.256e-01
It: 750, Loss = 5.050e-01
It: 760, Loss = 4.942e-01
It: 770, Loss = 4.923e-01
It: 780, Loss = 4.884e-01
It: 790, Loss = 4.851e-01
It: 800, Loss = 4.815e-01
It: 810, Loss = 4.775e-01
It: 820, Loss = 4.741e-01
It: 830, Loss = 4.896e-01
It: 840, Loss = 4.670e-01
It: 850, Loss = 4.593e-01
It: 860, Loss = 4.520e-01
It: 870, Loss = 4.427e-01
It: 880, Loss = 4.343e-01
It: 890, Loss = 4.240e-01
It: 900, Loss = 4.108e-01
It: 910, Loss = 3.955e-01
It: 920, Loss = 3.845e-01
It: 930, Loss = 4.004e-01
It: 940, Loss = 3.774e-01
It: 950, Loss = 3.633e-01
It: 960, Loss = 3.563e-01
It: 970, Loss = 3.522e-01
It: 980, Loss = 3.605e-01
It: 990, Loss = 3.472e-01
G_pred shape (100, 100)
It: 0, Loss = 3.290e+00
It: 10, Loss = 1.168e+00
It: 20, Loss = 1.133e+00
It: 30, Loss = 1.044e+00
It: 40, Loss = 9.876e-01
It: 50, Loss = 9.714e-01
It: 60, Loss = 9.666e-01
It: 70, Loss = 9.629e-01
It: 80, Loss = 9.587e-01
It: 90, Loss = 9.543e-01
It: 100, Loss = 9.494e-01
It: 110, Loss = 9.442e-01
It: 120, Loss = 9.389e-01
It: 130, Loss = 9.338e-01
It: 140, Loss = 9.297e-01
It: 150, Loss = 9.266e-01
It: 160, Loss = 9.245e-01
It: 170, Loss = 9.239e-01
It: 180, Loss = 9.229e-01
It: 190, Loss = 9.225e-01
It: 200, Loss = 9.221e-01
It: 210, Loss = 9.218e-01
It: 220, Loss = 9.216e-01
It: 230, Loss = 9.213e-01
It: 240, Loss = 9.210e-01
It: 250, Loss = 9.207e-01
It: 260, Loss = 9.202e-01
It: 270, Loss = 9.196e-01
It: 280, Loss = 9.190e-01
It: 290, Loss = 9.189e-01
It: 300, Loss = 9.190e-01
It: 310, Loss = 9.185e-01
It: 320, Loss = 9.183e-01
It: 330, Loss = 9.181e-01
It: 340, Loss = 9.179e-01
It: 350, Loss = 9.177e-01
It: 360, Loss = 9.176e-01
It: 370, Loss = 9.175e-01
It: 380, Loss = 9.174e-01
It: 390, Loss = 9.172e-01
It: 400, Loss = 9.171e-01
It: 410, Loss = 9.170e-01
It: 420, Loss = 9.169e-01
It: 430, Loss = 9.167e-01
It: 440, Loss = 9.166e-01
It: 450, Loss = 9.164e-01
It: 460, Loss = 9.162e-01
It: 470, Loss = 9.159e-01
It: 480, Loss = 9.157e-01
It: 490, Loss = 9.153e-01
It: 500, Loss = 9.150e-01
It: 510, Loss = 9.145e-01
It: 520, Loss = 9.140e-01
It: 530, Loss = 9.134e-01
It: 540, Loss = 9.126e-01
It: 550, Loss = 9.116e-01
It: 560, Loss = 9.104e-01
It: 570, Loss = 9.090e-01
It: 580, Loss = 9.072e-01
It: 590, Loss = 9.052e-01
It: 600, Loss = 9.029e-01
It: 610, Loss = 9.006e-01
It: 620, Loss = 8.985e-01
It: 630, Loss = 8.965e-01
It: 640, Loss = 8.946e-01
It: 650, Loss = 8.928e-01
It: 660, Loss = 8.910e-01
It: 670, Loss = 8.893e-01
It: 680, Loss = 8.877e-01
It: 690, Loss = 8.860e-01
It: 700, Loss = 8.841e-01
It: 710, Loss = 8.816e-01
It: 720, Loss = 8.780e-01
It: 730, Loss = 8.726e-01
It: 740, Loss = 8.654e-01
It: 750, Loss = 8.568e-01
It: 760, Loss = 8.495e-01
It: 770, Loss = 8.369e-01
It: 780, Loss = 8.269e-01
It: 790, Loss = 8.165e-01
It: 800, Loss = 8.062e-01
It: 810, Loss = 7.962e-01
It: 820, Loss = 7.856e-01
It: 830, Loss = 7.745e-01
It: 840, Loss = 7.639e-01
It: 850, Loss = 7.543e-01
It: 860, Loss = 7.450e-01
It: 870, Loss = 7.384e-01
It: 880, Loss = 7.273e-01
It: 890, Loss = 7.176e-01
It: 900, Loss = 7.071e-01
It: 910, Loss = 7.021e-01
It: 920, Loss = 6.854e-01
It: 930, Loss = 6.725e-01
It: 940, Loss = 6.585e-01
It: 950, Loss = 6.888e-01
It: 960, Loss = 6.335e-01
It: 970, Loss = 6.075e-01
It: 980, Loss = 5.834e-01
It: 990, Loss = 5.628e-01
G_pred shape (100, 100)
It: 0, Loss = 1.051e+00
It: 10, Loss = 9.646e-01
It: 20, Loss = 9.410e-01
It: 30, Loss = 9.310e-01
It: 40, Loss = 9.250e-01
It: 50, Loss = 9.246e-01
It: 60, Loss = 9.236e-01
It: 70, Loss = 9.227e-01
It: 80, Loss = 9.218e-01
It: 90, Loss = 9.206e-01
It: 100, Loss = 9.191e-01
It: 110, Loss = 9.172e-01
It: 120, Loss = 9.143e-01
It: 130, Loss = 9.101e-01
It: 140, Loss = 9.039e-01
It: 150, Loss = 8.964e-01
It: 160, Loss = 8.882e-01
It: 170, Loss = 8.752e-01
It: 180, Loss = 8.553e-01
It: 190, Loss = 8.286e-01
It: 200, Loss = 8.063e-01
It: 210, Loss = 7.874e-01
It: 220, Loss = 7.746e-01
It: 230, Loss = 7.585e-01
It: 240, Loss = 7.487e-01
It: 250, Loss = 7.413e-01
It: 260, Loss = 7.372e-01
It: 270, Loss = 7.323e-01
It: 280, Loss = 7.277e-01
It: 290, Loss = 7.260e-01
It: 300, Loss = 7.238e-01
It: 310, Loss = 7.225e-01
It: 320, Loss = 7.245e-01
It: 330, Loss = 7.221e-01
It: 340, Loss = 7.198e-01
It: 350, Loss = 7.182e-01
It: 360, Loss = 7.167e-01
It: 370, Loss = 7.159e-01
It: 380, Loss = 7.210e-01
It: 390, Loss = 7.148e-01
It: 400, Loss = 7.121e-01
It: 410, Loss = 7.109e-01
It: 420, Loss = 7.097e-01
It: 430, Loss = 7.180e-01
It: 440, Loss = 7.071e-01
It: 450, Loss = 7.047e-01
It: 460, Loss = 7.033e-01
It: 470, Loss = 7.013e-01
It: 480, Loss = 7.110e-01
It: 490, Loss = 6.961e-01
It: 500, Loss = 6.912e-01
It: 510, Loss = 6.858e-01
It: 520, Loss = 6.801e-01
It: 530, Loss = 6.734e-01
It: 540, Loss = 6.689e-01
It: 550, Loss = 6.541e-01
It: 560, Loss = 6.383e-01
It: 570, Loss = 6.302e-01
It: 580, Loss = 6.076e-01
It: 590, Loss = 5.880e-01
It: 600, Loss = 6.062e-01
It: 610, Loss = 5.436e-01
It: 620, Loss = 5.178e-01
It: 630, Loss = 4.917e-01
It: 640, Loss = 4.657e-01
It: 650, Loss = 4.445e-01
It: 660, Loss = 4.323e-01
It: 670, Loss = 4.243e-01
It: 680, Loss = 3.969e-01
It: 690, Loss = 3.812e-01
It: 700, Loss = 4.563e-01
It: 710, Loss = 3.619e-01
It: 720, Loss = 3.436e-01
It: 730, Loss = 3.291e-01
It: 740, Loss = 3.099e-01
It: 750, Loss = 3.087e-01
It: 760, Loss = 2.658e-01
It: 770, Loss = 3.162e-01
It: 780, Loss = 2.257e-01
It: 790, Loss = 1.910e-01
It: 800, Loss = 2.158e-01
It: 810, Loss = 1.853e-01
It: 820, Loss = 1.322e-01
It: 830, Loss = 1.109e-01
It: 840, Loss = 8.965e-02
It: 850, Loss = 7.790e-02
It: 860, Loss = 1.513e-01
It: 870, Loss = 8.143e-02
It: 880, Loss = 6.515e-02
It: 890, Loss = 5.597e-02
It: 900, Loss = 5.112e-02
It: 910, Loss = 4.684e-02
It: 920, Loss = 4.337e-02
It: 930, Loss = 4.021e-02
It: 940, Loss = 1.458e-01
It: 950, Loss = 6.143e-02
It: 960, Loss = 4.540e-02
It: 970, Loss = 3.726e-02
It: 980, Loss = 3.204e-02
It: 990, Loss = 3.190e-02
G_pred shape (100, 100)
It: 0, Loss = 4.626e+00
It: 10, Loss = 1.348e+00
It: 20, Loss = 1.194e+00
It: 30, Loss = 1.007e+00
It: 40, Loss = 9.487e-01
It: 50, Loss = 9.485e-01
It: 60, Loss = 9.486e-01
It: 70, Loss = 9.463e-01
It: 80, Loss = 9.447e-01
It: 90, Loss = 9.436e-01
It: 100, Loss = 9.428e-01
It: 110, Loss = 9.420e-01
It: 120, Loss = 9.412e-01
It: 130, Loss = 9.404e-01
It: 140, Loss = 9.396e-01
It: 150, Loss = 9.387e-01
It: 160, Loss = 9.378e-01
It: 170, Loss = 9.369e-01
It: 180, Loss = 9.359e-01
It: 190, Loss = 9.349e-01
It: 200, Loss = 9.339e-01
It: 210, Loss = 9.328e-01
It: 220, Loss = 9.318e-01
It: 230, Loss = 9.309e-01
It: 240, Loss = 9.299e-01
It: 250, Loss = 9.291e-01
It: 260, Loss = 9.283e-01
It: 270, Loss = 9.277e-01
It: 280, Loss = 9.272e-01
It: 290, Loss = 9.267e-01
It: 300, Loss = 9.264e-01
It: 310, Loss = 9.261e-01
It: 320, Loss = 9.259e-01
It: 330, Loss = 9.257e-01
It: 340, Loss = 9.255e-01
It: 350, Loss = 9.253e-01
It: 360, Loss = 9.251e-01
It: 370, Loss = 9.250e-01
It: 380, Loss = 9.248e-01
It: 390, Loss = 9.246e-01
It: 400, Loss = 9.243e-01
It: 410, Loss = 9.241e-01
It: 420, Loss = 9.238e-01
It: 430, Loss = 9.235e-01
It: 440, Loss = 9.232e-01
It: 450, Loss = 9.228e-01
It: 460, Loss = 9.223e-01
It: 470, Loss = 9.218e-01
It: 480, Loss = 9.213e-01
It: 490, Loss = 9.206e-01
It: 500, Loss = 9.197e-01
It: 510, Loss = 9.188e-01
It: 520, Loss = 9.176e-01
It: 530, Loss = 9.162e-01
It: 540, Loss = 9.144e-01
It: 550, Loss = 9.122e-01
It: 560, Loss = 9.095e-01
It: 570, Loss = 9.061e-01
It: 580, Loss = 9.020e-01
It: 590, Loss = 8.971e-01
It: 600, Loss = 8.909e-01
It: 610, Loss = 8.829e-01
It: 620, Loss = 8.721e-01
It: 630, Loss = 8.562e-01
It: 640, Loss = 8.327e-01
It: 650, Loss = 8.063e-01
It: 660, Loss = 7.892e-01
It: 670, Loss = 7.907e-01
It: 680, Loss = 7.736e-01
It: 690, Loss = 7.665e-01
It: 700, Loss = 7.589e-01
It: 710, Loss = 7.503e-01
It: 720, Loss = 7.404e-01
It: 730, Loss = 7.296e-01
It: 740, Loss = 7.180e-01
It: 750, Loss = 7.047e-01
It: 760, Loss = 6.882e-01
It: 770, Loss = 6.671e-01
It: 780, Loss = 6.427e-01
It: 790, Loss = 6.401e-01
It: 800, Loss = 6.141e-01
It: 810, Loss = 6.047e-01
It: 820, Loss = 5.934e-01
It: 830, Loss = 5.795e-01
It: 840, Loss = 5.645e-01
It: 850, Loss = 5.562e-01
It: 860, Loss = 5.486e-01
It: 870, Loss = 5.417e-01
It: 880, Loss = 5.268e-01
It: 890, Loss = 5.158e-01
It: 900, Loss = 5.060e-01
It: 910, Loss = 4.972e-01
It: 920, Loss = 4.904e-01
It: 930, Loss = 4.916e-01
It: 940, Loss = 4.823e-01
It: 950, Loss = 4.863e-01
It: 960, Loss = 4.784e-01
It: 970, Loss = 4.750e-01
It: 980, Loss = 4.734e-01
It: 990, Loss = 4.717e-01
G_pred shape (100, 100)
It: 0, Loss = 1.094e+00
It: 10, Loss = 1.063e+00
It: 20, Loss = 9.788e-01
It: 30, Loss = 9.820e-01
It: 40, Loss = 9.625e-01
It: 50, Loss = 9.615e-01
It: 60, Loss = 9.560e-01
It: 70, Loss = 9.526e-01
It: 80, Loss = 9.489e-01
It: 90, Loss = 9.451e-01
It: 100, Loss = 9.415e-01
It: 110, Loss = 9.387e-01
It: 120, Loss = 9.368e-01
It: 130, Loss = 9.352e-01
It: 140, Loss = 9.340e-01
It: 150, Loss = 9.330e-01
It: 160, Loss = 9.321e-01
It: 170, Loss = 9.312e-01
It: 180, Loss = 9.304e-01
It: 190, Loss = 9.297e-01
It: 200, Loss = 9.289e-01
It: 210, Loss = 9.282e-01
It: 220, Loss = 9.274e-01
It: 230, Loss = 9.267e-01
It: 240, Loss = 9.258e-01
It: 250, Loss = 9.249e-01
It: 260, Loss = 9.237e-01
It: 270, Loss = 9.220e-01
It: 280, Loss = 9.196e-01
It: 290, Loss = 9.162e-01
It: 300, Loss = 9.141e-01
It: 310, Loss = 9.131e-01
It: 320, Loss = 9.119e-01
It: 330, Loss = 9.106e-01
It: 340, Loss = 9.092e-01
It: 350, Loss = 9.076e-01
It: 360, Loss = 9.059e-01
It: 370, Loss = 9.039e-01
It: 380, Loss = 9.014e-01
It: 390, Loss = 8.983e-01
It: 400, Loss = 8.941e-01
It: 410, Loss = 8.883e-01
It: 420, Loss = 8.814e-01
It: 430, Loss = 8.756e-01
It: 440, Loss = 8.720e-01
It: 450, Loss = 8.670e-01
It: 460, Loss = 8.599e-01
It: 470, Loss = 8.494e-01
It: 480, Loss = 8.371e-01
It: 490, Loss = 8.258e-01
It: 500, Loss = 8.125e-01
It: 510, Loss = 7.974e-01
It: 520, Loss = 7.756e-01
It: 530, Loss = 7.551e-01
It: 540, Loss = 7.342e-01
It: 550, Loss = 7.402e-01
It: 560, Loss = 6.941e-01
It: 570, Loss = 6.746e-01
It: 580, Loss = 6.549e-01
It: 590, Loss = 6.304e-01
It: 600, Loss = 6.028e-01
It: 610, Loss = 5.713e-01
It: 620, Loss = 6.210e-01
It: 630, Loss = 5.200e-01
It: 640, Loss = 4.776e-01
It: 650, Loss = 4.467e-01
It: 660, Loss = 4.234e-01
It: 670, Loss = 4.087e-01
It: 680, Loss = 3.718e-01
It: 690, Loss = 3.399e-01
It: 700, Loss = 4.192e-01
It: 710, Loss = 3.118e-01
It: 720, Loss = 2.975e-01
It: 730, Loss = 2.760e-01
It: 740, Loss = 2.566e-01
It: 750, Loss = 2.381e-01
It: 760, Loss = 2.187e-01
It: 770, Loss = 2.657e-01
It: 780, Loss = 1.981e-01
It: 790, Loss = 1.760e-01
It: 800, Loss = 1.582e-01
It: 810, Loss = 1.408e-01
It: 820, Loss = 1.262e-01
It: 830, Loss = 1.337e-01
It: 840, Loss = 1.090e-01
It: 850, Loss = 9.792e-02
It: 860, Loss = 8.662e-02
It: 870, Loss = 7.740e-02
It: 880, Loss = 6.833e-02
It: 890, Loss = 6.151e-02
It: 900, Loss = 5.963e-02
It: 910, Loss = 6.826e-02
It: 920, Loss = 5.305e-02
It: 930, Loss = 4.553e-02
It: 940, Loss = 4.174e-02
It: 950, Loss = 3.824e-02
It: 960, Loss = 3.592e-02
It: 970, Loss = 3.367e-02
It: 980, Loss = 3.187e-02
It: 990, Loss = 3.043e-02
G_pred shape (100, 100)
