Using TensorFlow 2 backend.

N_train =  30
It: 0, Loss = 4.252e+00
It: 10, Loss = 1.566e+00
It: 20, Loss = 1.115e+00
It: 30, Loss = 9.859e-01
It: 40, Loss = 9.795e-01
It: 50, Loss = 9.633e-01
It: 60, Loss = 9.532e-01
It: 70, Loss = 9.439e-01
It: 80, Loss = 9.341e-01
It: 90, Loss = 9.240e-01
It: 100, Loss = 9.140e-01
It: 110, Loss = 9.057e-01
It: 120, Loss = 9.005e-01
It: 130, Loss = 8.985e-01
It: 140, Loss = 8.979e-01
It: 150, Loss = 8.976e-01
It: 160, Loss = 8.973e-01
It: 170, Loss = 8.971e-01
It: 180, Loss = 8.968e-01
It: 190, Loss = 8.966e-01
It: 200, Loss = 8.963e-01
It: 210, Loss = 8.961e-01
It: 220, Loss = 8.959e-01
It: 230, Loss = 8.957e-01
It: 240, Loss = 8.956e-01
It: 250, Loss = 8.954e-01
It: 260, Loss = 8.952e-01
It: 270, Loss = 8.951e-01
It: 280, Loss = 8.949e-01
It: 290, Loss = 8.947e-01
It: 300, Loss = 8.946e-01
It: 310, Loss = 8.944e-01
It: 320, Loss = 8.942e-01
It: 330, Loss = 8.940e-01
It: 340, Loss = 8.938e-01
It: 350, Loss = 8.935e-01
It: 360, Loss = 8.932e-01
It: 370, Loss = 8.928e-01
It: 380, Loss = 8.923e-01
It: 390, Loss = 8.917e-01
It: 400, Loss = 8.907e-01
It: 410, Loss = 8.889e-01
It: 420, Loss = 8.857e-01
It: 430, Loss = 8.808e-01
It: 440, Loss = 8.772e-01
It: 450, Loss = 8.769e-01
It: 460, Loss = 8.764e-01
It: 470, Loss = 8.764e-01
It: 480, Loss = 8.762e-01
It: 490, Loss = 8.761e-01
It: 500, Loss = 8.760e-01
It: 510, Loss = 8.759e-01
It: 520, Loss = 8.758e-01
It: 530, Loss = 8.757e-01
It: 540, Loss = 8.756e-01
It: 550, Loss = 8.755e-01
It: 560, Loss = 8.754e-01
It: 570, Loss = 8.753e-01
It: 580, Loss = 8.752e-01
It: 590, Loss = 8.750e-01
It: 600, Loss = 8.749e-01
It: 610, Loss = 8.748e-01
It: 620, Loss = 8.746e-01
It: 630, Loss = 8.745e-01
It: 640, Loss = 8.743e-01
It: 650, Loss = 8.742e-01
It: 660, Loss = 8.740e-01
It: 670, Loss = 8.738e-01
It: 680, Loss = 8.736e-01
It: 690, Loss = 8.734e-01
It: 700, Loss = 8.732e-01
It: 710, Loss = 8.729e-01
It: 720, Loss = 8.727e-01
It: 730, Loss = 8.724e-01
It: 740, Loss = 8.721e-01
It: 750, Loss = 8.718e-01
It: 760, Loss = 8.714e-01
It: 770, Loss = 8.710e-01
It: 780, Loss = 8.705e-01
It: 790, Loss = 8.700e-01
It: 800, Loss = 8.695e-01
It: 810, Loss = 8.688e-01
It: 820, Loss = 8.681e-01
It: 830, Loss = 8.673e-01
It: 840, Loss = 8.664e-01
It: 850, Loss = 8.654e-01
It: 860, Loss = 8.642e-01
It: 870, Loss = 8.629e-01
It: 880, Loss = 8.614e-01
It: 890, Loss = 8.595e-01
It: 900, Loss = 8.573e-01
It: 910, Loss = 8.545e-01
It: 920, Loss = 8.509e-01
It: 930, Loss = 8.459e-01
It: 940, Loss = 8.391e-01
It: 950, Loss = 8.305e-01
It: 960, Loss = 8.209e-01
It: 970, Loss = 8.106e-01
It: 980, Loss = 7.986e-01
It: 990, Loss = 7.824e-01
G_pred shape (100, 100)
It: 0, Loss = 1.390e+00
It: 10, Loss = 9.842e-01
It: 20, Loss = 9.768e-01
It: 30, Loss = 9.477e-01
It: 40, Loss = 9.344e-01
It: 50, Loss = 9.193e-01
It: 60, Loss = 9.097e-01
It: 70, Loss = 9.012e-01
It: 80, Loss = 8.976e-01
It: 90, Loss = 8.958e-01
It: 100, Loss = 8.940e-01
It: 110, Loss = 8.923e-01
It: 120, Loss = 8.908e-01
It: 130, Loss = 8.893e-01
It: 140, Loss = 8.880e-01
It: 150, Loss = 8.868e-01
It: 160, Loss = 8.856e-01
It: 170, Loss = 8.841e-01
It: 180, Loss = 8.821e-01
It: 190, Loss = 8.788e-01
It: 200, Loss = 8.720e-01
It: 210, Loss = 8.627e-01
It: 220, Loss = 8.637e-01
It: 230, Loss = 8.610e-01
It: 240, Loss = 8.607e-01
It: 250, Loss = 8.600e-01
It: 260, Loss = 8.596e-01
It: 270, Loss = 8.591e-01
It: 280, Loss = 8.586e-01
It: 290, Loss = 8.581e-01
It: 300, Loss = 8.575e-01
It: 310, Loss = 8.568e-01
It: 320, Loss = 8.559e-01
It: 330, Loss = 8.553e-01
It: 340, Loss = 8.538e-01
It: 350, Loss = 8.526e-01
It: 360, Loss = 8.506e-01
It: 370, Loss = 8.485e-01
It: 380, Loss = 8.459e-01
It: 390, Loss = 8.473e-01
It: 400, Loss = 8.418e-01
It: 410, Loss = 8.385e-01
It: 420, Loss = 8.360e-01
It: 430, Loss = 8.331e-01
It: 440, Loss = 8.306e-01
It: 450, Loss = 8.287e-01
It: 460, Loss = 8.238e-01
It: 470, Loss = 8.197e-01
It: 480, Loss = 8.132e-01
It: 490, Loss = 8.059e-01
It: 500, Loss = 7.965e-01
It: 510, Loss = 7.764e-01
It: 520, Loss = 7.517e-01
It: 530, Loss = 7.203e-01
It: 540, Loss = 7.006e-01
It: 550, Loss = 6.856e-01
It: 560, Loss = 6.622e-01
It: 570, Loss = 6.446e-01
It: 580, Loss = 6.238e-01
It: 590, Loss = 6.495e-01
It: 600, Loss = 6.067e-01
It: 610, Loss = 5.830e-01
It: 620, Loss = 5.693e-01
It: 630, Loss = 5.575e-01
It: 640, Loss = 5.457e-01
It: 650, Loss = 5.334e-01
It: 660, Loss = 5.203e-01
It: 670, Loss = 5.080e-01
It: 680, Loss = 5.086e-01
It: 690, Loss = 4.887e-01
It: 700, Loss = 4.746e-01
It: 710, Loss = 4.652e-01
It: 720, Loss = 4.576e-01
It: 730, Loss = 5.254e-01
It: 740, Loss = 4.696e-01
It: 750, Loss = 4.459e-01
It: 760, Loss = 4.387e-01
It: 770, Loss = 4.318e-01
It: 780, Loss = 4.248e-01
It: 790, Loss = 4.172e-01
It: 800, Loss = 4.164e-01
It: 810, Loss = 4.065e-01
It: 820, Loss = 3.945e-01
It: 830, Loss = 4.301e-01
It: 840, Loss = 4.184e-01
It: 850, Loss = 3.842e-01
It: 860, Loss = 3.645e-01
It: 870, Loss = 3.509e-01
It: 880, Loss = 3.367e-01
It: 890, Loss = 3.232e-01
It: 900, Loss = 3.089e-01
It: 910, Loss = 3.070e-01
It: 920, Loss = 2.967e-01
It: 930, Loss = 2.748e-01
It: 940, Loss = 2.565e-01
It: 950, Loss = 2.389e-01
It: 960, Loss = 2.434e-01
It: 970, Loss = 2.216e-01
It: 980, Loss = 1.990e-01
It: 990, Loss = 1.822e-01
G_pred shape (100, 100)
It: 0, Loss = 1.163e+00
It: 10, Loss = 1.096e+00
It: 20, Loss = 9.581e-01
It: 30, Loss = 9.520e-01
It: 40, Loss = 9.366e-01
It: 50, Loss = 9.217e-01
It: 60, Loss = 9.114e-01
It: 70, Loss = 9.020e-01
It: 80, Loss = 8.959e-01
It: 90, Loss = 8.934e-01
It: 100, Loss = 8.922e-01
It: 110, Loss = 8.913e-01
It: 120, Loss = 8.906e-01
It: 130, Loss = 8.900e-01
It: 140, Loss = 8.895e-01
It: 150, Loss = 8.890e-01
It: 160, Loss = 8.885e-01
It: 170, Loss = 8.880e-01
It: 180, Loss = 8.874e-01
It: 190, Loss = 8.869e-01
It: 200, Loss = 8.863e-01
It: 210, Loss = 8.856e-01
It: 220, Loss = 8.849e-01
It: 230, Loss = 8.841e-01
It: 240, Loss = 8.832e-01
It: 250, Loss = 8.822e-01
It: 260, Loss = 8.810e-01
It: 270, Loss = 8.797e-01
It: 280, Loss = 8.781e-01
It: 290, Loss = 8.761e-01
It: 300, Loss = 8.737e-01
It: 310, Loss = 8.708e-01
It: 320, Loss = 8.676e-01
It: 330, Loss = 8.640e-01
It: 340, Loss = 8.587e-01
It: 350, Loss = 8.470e-01
It: 360, Loss = 8.204e-01
It: 370, Loss = 7.746e-01
It: 380, Loss = 7.683e-01
It: 390, Loss = 7.582e-01
It: 400, Loss = 7.553e-01
It: 410, Loss = 7.520e-01
It: 420, Loss = 7.489e-01
It: 430, Loss = 7.452e-01
It: 440, Loss = 7.412e-01
It: 450, Loss = 7.365e-01
It: 460, Loss = 7.309e-01
It: 470, Loss = 7.253e-01
It: 480, Loss = 7.181e-01
It: 490, Loss = 7.081e-01
It: 500, Loss = 6.993e-01
It: 510, Loss = 6.906e-01
It: 520, Loss = 6.829e-01
It: 530, Loss = 6.749e-01
It: 540, Loss = 6.656e-01
It: 550, Loss = 6.559e-01
It: 560, Loss = 6.447e-01
It: 570, Loss = 6.363e-01
It: 580, Loss = 6.299e-01
It: 590, Loss = 6.242e-01
It: 600, Loss = 6.182e-01
It: 610, Loss = 6.122e-01
It: 620, Loss = 6.068e-01
It: 630, Loss = 6.009e-01
It: 640, Loss = 5.947e-01
It: 650, Loss = 5.899e-01
It: 660, Loss = 5.832e-01
It: 670, Loss = 5.726e-01
It: 680, Loss = 5.667e-01
It: 690, Loss = 5.659e-01
It: 700, Loss = 5.443e-01
It: 710, Loss = 5.334e-01
It: 720, Loss = 5.160e-01
It: 730, Loss = 5.227e-01
It: 740, Loss = 4.688e-01
It: 750, Loss = 4.332e-01
It: 760, Loss = 4.038e-01
It: 770, Loss = 3.951e-01
It: 780, Loss = 3.570e-01
It: 790, Loss = 3.306e-01
It: 800, Loss = 3.119e-01
It: 810, Loss = 3.486e-01
It: 820, Loss = 2.978e-01
It: 830, Loss = 2.835e-01
It: 840, Loss = 2.715e-01
It: 850, Loss = 2.670e-01
It: 860, Loss = 2.656e-01
It: 870, Loss = 2.542e-01
It: 880, Loss = 2.385e-01
It: 890, Loss = 2.619e-01
It: 900, Loss = 2.379e-01
It: 910, Loss = 2.224e-01
It: 920, Loss = 2.172e-01
It: 930, Loss = 2.106e-01
It: 940, Loss = 3.197e-01
It: 950, Loss = 2.237e-01
It: 960, Loss = 1.964e-01
It: 970, Loss = 1.903e-01
It: 980, Loss = 1.809e-01
It: 990, Loss = 1.743e-01
G_pred shape (100, 100)
It: 0, Loss = 1.193e+00
It: 10, Loss = 9.739e-01
It: 20, Loss = 9.394e-01
It: 30, Loss = 9.176e-01
It: 40, Loss = 9.095e-01
It: 50, Loss = 9.074e-01
It: 60, Loss = 9.051e-01
It: 70, Loss = 9.040e-01
It: 80, Loss = 9.025e-01
It: 90, Loss = 9.009e-01
It: 100, Loss = 8.993e-01
It: 110, Loss = 8.977e-01
It: 120, Loss = 8.964e-01
It: 130, Loss = 8.957e-01
It: 140, Loss = 8.955e-01
It: 150, Loss = 8.954e-01
It: 160, Loss = 8.953e-01
It: 170, Loss = 8.952e-01
It: 180, Loss = 8.951e-01
It: 190, Loss = 8.950e-01
It: 200, Loss = 8.949e-01
It: 210, Loss = 8.948e-01
It: 220, Loss = 8.947e-01
It: 230, Loss = 8.946e-01
It: 240, Loss = 8.944e-01
It: 250, Loss = 8.943e-01
It: 260, Loss = 8.941e-01
It: 270, Loss = 8.939e-01
It: 280, Loss = 8.936e-01
It: 290, Loss = 8.933e-01
It: 300, Loss = 8.929e-01
It: 310, Loss = 8.923e-01
It: 320, Loss = 8.915e-01
It: 330, Loss = 8.903e-01
It: 340, Loss = 8.887e-01
It: 350, Loss = 8.868e-01
It: 360, Loss = 8.854e-01
It: 370, Loss = 8.847e-01
It: 380, Loss = 8.841e-01
It: 390, Loss = 8.838e-01
It: 400, Loss = 8.835e-01
It: 410, Loss = 8.870e-01
It: 420, Loss = 8.845e-01
It: 430, Loss = 8.828e-01
It: 440, Loss = 8.827e-01
It: 450, Loss = 8.823e-01
It: 460, Loss = 8.819e-01
It: 470, Loss = 8.815e-01
It: 480, Loss = 8.811e-01
It: 490, Loss = 8.807e-01
It: 500, Loss = 8.801e-01
It: 510, Loss = 8.794e-01
It: 520, Loss = 8.786e-01
It: 530, Loss = 8.775e-01
It: 540, Loss = 8.763e-01
It: 550, Loss = 8.895e-01
It: 560, Loss = 8.748e-01
It: 570, Loss = 8.736e-01
It: 580, Loss = 8.720e-01
It: 590, Loss = 8.698e-01
It: 600, Loss = 8.671e-01
It: 610, Loss = 8.633e-01
It: 620, Loss = 8.576e-01
It: 630, Loss = 8.483e-01
It: 640, Loss = 8.419e-01
It: 650, Loss = 8.227e-01
It: 660, Loss = 8.062e-01
It: 670, Loss = 7.839e-01
It: 680, Loss = 7.650e-01
It: 690, Loss = 7.480e-01
It: 700, Loss = 7.288e-01
It: 710, Loss = 7.111e-01
It: 720, Loss = 7.057e-01
It: 730, Loss = 6.847e-01
It: 740, Loss = 6.473e-01
It: 750, Loss = 6.357e-01
It: 760, Loss = 5.904e-01
It: 770, Loss = 5.752e-01
It: 780, Loss = 5.586e-01
It: 790, Loss = 5.510e-01
It: 800, Loss = 5.826e-01
It: 810, Loss = 5.313e-01
It: 820, Loss = 5.230e-01
It: 830, Loss = 5.120e-01
It: 840, Loss = 5.951e-01
It: 850, Loss = 5.166e-01
It: 860, Loss = 4.927e-01
It: 870, Loss = 4.805e-01
It: 880, Loss = 4.657e-01
It: 890, Loss = 4.520e-01
It: 900, Loss = 5.024e-01
It: 910, Loss = 4.383e-01
It: 920, Loss = 4.201e-01
It: 930, Loss = 4.052e-01
It: 940, Loss = 3.903e-01
It: 950, Loss = 3.859e-01
It: 960, Loss = 3.613e-01
It: 970, Loss = 3.360e-01
It: 980, Loss = 3.444e-01
It: 990, Loss = 3.349e-01
G_pred shape (100, 100)
It: 0, Loss = 1.447e+00
It: 10, Loss = 1.152e+00
It: 20, Loss = 1.035e+00
It: 30, Loss = 9.835e-01
It: 40, Loss = 9.638e-01
It: 50, Loss = 9.516e-01
It: 60, Loss = 9.455e-01
It: 70, Loss = 9.396e-01
It: 80, Loss = 9.328e-01
It: 90, Loss = 9.262e-01
It: 100, Loss = 9.201e-01
It: 110, Loss = 9.162e-01
It: 120, Loss = 9.148e-01
It: 130, Loss = 9.140e-01
It: 140, Loss = 9.136e-01
It: 150, Loss = 9.132e-01
It: 160, Loss = 9.129e-01
It: 170, Loss = 9.126e-01
It: 180, Loss = 9.124e-01
It: 190, Loss = 9.122e-01
It: 200, Loss = 9.120e-01
It: 210, Loss = 9.118e-01
It: 220, Loss = 9.116e-01
It: 230, Loss = 9.114e-01
It: 240, Loss = 9.111e-01
It: 250, Loss = 9.109e-01
It: 260, Loss = 9.107e-01
It: 270, Loss = 9.104e-01
It: 280, Loss = 9.102e-01
It: 290, Loss = 9.099e-01
It: 300, Loss = 9.097e-01
It: 310, Loss = 9.094e-01
It: 320, Loss = 9.091e-01
It: 330, Loss = 9.088e-01
It: 340, Loss = 9.085e-01
It: 350, Loss = 9.082e-01
It: 360, Loss = 9.079e-01
It: 370, Loss = 9.075e-01
It: 380, Loss = 9.072e-01
It: 390, Loss = 9.069e-01
It: 400, Loss = 9.066e-01
It: 410, Loss = 9.064e-01
It: 420, Loss = 9.061e-01
It: 430, Loss = 9.059e-01
It: 440, Loss = 9.057e-01
It: 450, Loss = 9.055e-01
It: 460, Loss = 9.053e-01
It: 470, Loss = 9.051e-01
It: 480, Loss = 9.049e-01
It: 490, Loss = 9.047e-01
It: 500, Loss = 9.044e-01
It: 510, Loss = 9.041e-01
It: 520, Loss = 9.038e-01
It: 530, Loss = 9.035e-01
It: 540, Loss = 9.030e-01
It: 550, Loss = 9.023e-01
It: 560, Loss = 9.014e-01
It: 570, Loss = 8.997e-01
It: 580, Loss = 8.965e-01
It: 590, Loss = 8.909e-01
It: 600, Loss = 8.862e-01
It: 610, Loss = 8.861e-01
It: 620, Loss = 8.846e-01
It: 630, Loss = 8.844e-01
It: 640, Loss = 8.842e-01
It: 650, Loss = 8.841e-01
It: 660, Loss = 8.840e-01
It: 670, Loss = 8.839e-01
It: 680, Loss = 8.838e-01
It: 690, Loss = 8.838e-01
It: 700, Loss = 8.837e-01
It: 710, Loss = 8.836e-01
It: 720, Loss = 8.836e-01
It: 730, Loss = 8.835e-01
It: 740, Loss = 8.835e-01
It: 750, Loss = 8.834e-01
It: 760, Loss = 8.833e-01
It: 770, Loss = 8.833e-01
It: 780, Loss = 8.832e-01
It: 790, Loss = 8.832e-01
It: 800, Loss = 8.831e-01
It: 810, Loss = 8.831e-01
It: 820, Loss = 8.830e-01
It: 830, Loss = 8.829e-01
It: 840, Loss = 8.828e-01
It: 850, Loss = 8.827e-01
It: 860, Loss = 8.826e-01
It: 870, Loss = 8.825e-01
It: 880, Loss = 8.824e-01
It: 890, Loss = 8.823e-01
It: 900, Loss = 8.830e-01
It: 910, Loss = 8.821e-01
It: 920, Loss = 8.820e-01
It: 930, Loss = 8.819e-01
It: 940, Loss = 8.817e-01
It: 950, Loss = 8.816e-01
It: 960, Loss = 8.814e-01
It: 970, Loss = 8.813e-01
It: 980, Loss = 8.811e-01
It: 990, Loss = 8.810e-01
G_pred shape (100, 100)
