Using TensorFlow 2 backend.

N_train =  6
It: 0, Loss = 1.300e+00
It: 10, Loss = 9.476e-01
It: 20, Loss = 9.056e-01
It: 30, Loss = 8.722e-01
It: 40, Loss = 8.505e-01
It: 50, Loss = 8.267e-01
It: 60, Loss = 8.101e-01
It: 70, Loss = 8.019e-01
It: 80, Loss = 7.935e-01
It: 90, Loss = 7.867e-01
It: 100, Loss = 7.810e-01
It: 110, Loss = 7.763e-01
It: 120, Loss = 7.727e-01
It: 130, Loss = 7.700e-01
It: 140, Loss = 7.679e-01
It: 150, Loss = 7.662e-01
It: 160, Loss = 7.647e-01
It: 170, Loss = 7.632e-01
It: 180, Loss = 7.614e-01
It: 190, Loss = 7.593e-01
It: 200, Loss = 7.568e-01
It: 210, Loss = 7.677e-01
It: 220, Loss = 7.556e-01
It: 230, Loss = 7.488e-01
It: 240, Loss = 7.465e-01
It: 250, Loss = 7.427e-01
It: 260, Loss = 7.385e-01
It: 270, Loss = 7.326e-01
It: 280, Loss = 7.232e-01
It: 290, Loss = 7.118e-01
It: 300, Loss = 6.963e-01
It: 310, Loss = 6.896e-01
It: 320, Loss = 6.881e-01
It: 330, Loss = 6.852e-01
It: 340, Loss = 6.836e-01
It: 350, Loss = 6.819e-01
It: 360, Loss = 6.804e-01
It: 370, Loss = 6.789e-01
It: 380, Loss = 6.774e-01
It: 390, Loss = 6.757e-01
It: 400, Loss = 6.736e-01
It: 410, Loss = 6.705e-01
It: 420, Loss = 6.654e-01
It: 430, Loss = 6.599e-01
It: 440, Loss = 6.778e-01
It: 450, Loss = 6.596e-01
It: 460, Loss = 6.530e-01
It: 470, Loss = 6.522e-01
It: 480, Loss = 6.509e-01
It: 490, Loss = 6.499e-01
It: 500, Loss = 6.489e-01
It: 510, Loss = 6.477e-01
It: 520, Loss = 6.460e-01
It: 530, Loss = 6.434e-01
It: 540, Loss = 6.388e-01
It: 550, Loss = 6.289e-01
It: 560, Loss = 6.017e-01
It: 570, Loss = 7.610e-01
It: 580, Loss = 6.478e-01
It: 590, Loss = 5.285e-01
It: 600, Loss = 4.744e-01
It: 610, Loss = 4.447e-01
It: 620, Loss = 4.064e-01
It: 630, Loss = 3.702e-01
It: 640, Loss = 3.376e-01
It: 650, Loss = 3.197e-01
It: 660, Loss = 3.034e-01
It: 670, Loss = 2.918e-01
It: 680, Loss = 2.823e-01
It: 690, Loss = 2.744e-01
It: 700, Loss = 2.674e-01
It: 710, Loss = 2.596e-01
It: 720, Loss = 2.527e-01
It: 730, Loss = 2.491e-01
It: 740, Loss = 2.397e-01
It: 750, Loss = 2.297e-01
It: 760, Loss = 2.232e-01
It: 770, Loss = 2.053e-01
It: 780, Loss = 1.806e-01
It: 790, Loss = 1.575e-01
It: 800, Loss = 1.434e-01
It: 810, Loss = 1.154e-01
It: 820, Loss = 9.304e-02
It: 830, Loss = 9.088e-02
It: 840, Loss = 6.170e-02
It: 850, Loss = 4.328e-02
It: 860, Loss = 3.645e-02
It: 870, Loss = 4.003e-02
It: 880, Loss = 2.880e-02
It: 890, Loss = 2.316e-02
It: 900, Loss = 4.873e-02
It: 910, Loss = 2.519e-02
It: 920, Loss = 1.808e-02
It: 930, Loss = 1.658e-02
It: 940, Loss = 1.459e-02
It: 950, Loss = 1.320e-02
It: 960, Loss = 1.201e-02
It: 970, Loss = 1.098e-02
It: 980, Loss = 1.012e-02
It: 990, Loss = 9.354e-03
G_pred shape (100, 100)
It: 0, Loss = 1.544e+00
It: 10, Loss = 9.842e-01
It: 20, Loss = 9.867e-01
It: 30, Loss = 9.664e-01
It: 40, Loss = 9.505e-01
It: 50, Loss = 9.405e-01
It: 60, Loss = 9.298e-01
It: 70, Loss = 9.168e-01
It: 80, Loss = 9.032e-01
It: 90, Loss = 8.920e-01
It: 100, Loss = 8.858e-01
It: 110, Loss = 8.804e-01
It: 120, Loss = 8.745e-01
It: 130, Loss = 8.688e-01
It: 140, Loss = 8.630e-01
It: 150, Loss = 8.568e-01
It: 160, Loss = 8.500e-01
It: 170, Loss = 8.424e-01
It: 180, Loss = 8.347e-01
It: 190, Loss = 8.285e-01
It: 200, Loss = 8.243e-01
It: 210, Loss = 8.204e-01
It: 220, Loss = 8.168e-01
It: 230, Loss = 8.132e-01
It: 240, Loss = 8.090e-01
It: 250, Loss = 8.036e-01
It: 260, Loss = 7.956e-01
It: 270, Loss = 7.811e-01
It: 280, Loss = 7.488e-01
It: 290, Loss = 7.844e-01
It: 300, Loss = 6.592e-01
It: 310, Loss = 6.068e-01
It: 320, Loss = 6.065e-01
It: 330, Loss = 5.956e-01
It: 340, Loss = 5.906e-01
It: 350, Loss = 5.841e-01
It: 360, Loss = 5.776e-01
It: 370, Loss = 5.707e-01
It: 380, Loss = 5.639e-01
It: 390, Loss = 5.577e-01
It: 400, Loss = 5.566e-01
It: 410, Loss = 5.545e-01
It: 420, Loss = 5.514e-01
It: 430, Loss = 5.435e-01
It: 440, Loss = 5.366e-01
It: 450, Loss = 5.257e-01
It: 460, Loss = 5.106e-01
It: 470, Loss = 5.150e-01
It: 480, Loss = 4.926e-01
It: 490, Loss = 4.710e-01
It: 500, Loss = 5.077e-01
It: 510, Loss = 4.149e-01
It: 520, Loss = 3.838e-01
It: 530, Loss = 3.303e-01
It: 540, Loss = 4.935e-01
It: 550, Loss = 2.895e-01
It: 560, Loss = 2.485e-01
It: 570, Loss = 2.172e-01
It: 580, Loss = 1.951e-01
It: 590, Loss = 1.793e-01
It: 600, Loss = 4.963e-01
It: 610, Loss = 1.622e-01
It: 620, Loss = 1.502e-01
It: 630, Loss = 1.383e-01
It: 640, Loss = 1.286e-01
It: 650, Loss = 1.167e-01
It: 660, Loss = 1.080e-01
It: 670, Loss = 9.904e-02
It: 680, Loss = 9.131e-02
It: 690, Loss = 2.579e-01
It: 700, Loss = 1.102e-01
It: 710, Loss = 8.727e-02
It: 720, Loss = 7.397e-02
It: 730, Loss = 6.645e-02
It: 740, Loss = 6.133e-02
It: 750, Loss = 5.720e-02
It: 760, Loss = 5.316e-02
It: 770, Loss = 4.981e-02
It: 780, Loss = 4.689e-02
It: 790, Loss = 4.463e-02
It: 800, Loss = 2.842e-01
It: 810, Loss = 5.538e-02
It: 820, Loss = 6.314e-02
It: 830, Loss = 4.598e-02
It: 840, Loss = 4.280e-02
It: 850, Loss = 3.929e-02
It: 860, Loss = 3.700e-02
It: 870, Loss = 3.541e-02
It: 880, Loss = 3.408e-02
It: 890, Loss = 3.287e-02
It: 900, Loss = 3.173e-02
It: 910, Loss = 3.066e-02
It: 920, Loss = 2.965e-02
It: 930, Loss = 2.869e-02
It: 940, Loss = 2.776e-02
It: 950, Loss = 2.687e-02
It: 960, Loss = 2.602e-02
It: 970, Loss = 2.520e-02
It: 980, Loss = 2.440e-02
It: 990, Loss = 2.364e-02
G_pred shape (100, 100)
It: 0, Loss = 9.751e-01
It: 10, Loss = 8.539e-01
It: 20, Loss = 7.633e-01
It: 30, Loss = 7.584e-01
It: 40, Loss = 7.433e-01
It: 50, Loss = 7.384e-01
It: 60, Loss = 7.353e-01
It: 70, Loss = 7.323e-01
It: 80, Loss = 7.299e-01
It: 90, Loss = 7.279e-01
It: 100, Loss = 7.262e-01
It: 110, Loss = 7.249e-01
It: 120, Loss = 7.238e-01
It: 130, Loss = 7.227e-01
It: 140, Loss = 7.216e-01
It: 150, Loss = 7.204e-01
It: 160, Loss = 7.192e-01
It: 170, Loss = 7.177e-01
It: 180, Loss = 7.161e-01
It: 190, Loss = 7.143e-01
It: 200, Loss = 7.121e-01
It: 210, Loss = 7.095e-01
It: 220, Loss = 7.064e-01
It: 230, Loss = 7.025e-01
It: 240, Loss = 6.981e-01
It: 250, Loss = 6.933e-01
It: 260, Loss = 6.877e-01
It: 270, Loss = 6.893e-01
It: 280, Loss = 6.772e-01
It: 290, Loss = 6.664e-01
It: 300, Loss = 6.539e-01
It: 310, Loss = 6.414e-01
It: 320, Loss = 6.314e-01
It: 330, Loss = 6.274e-01
It: 340, Loss = 6.170e-01
It: 350, Loss = 6.040e-01
It: 360, Loss = 5.862e-01
It: 370, Loss = 5.626e-01
It: 380, Loss = 5.508e-01
It: 390, Loss = 5.406e-01
It: 400, Loss = 5.408e-01
It: 410, Loss = 5.390e-01
It: 420, Loss = 5.374e-01
It: 430, Loss = 5.363e-01
It: 440, Loss = 5.356e-01
It: 450, Loss = 5.348e-01
It: 460, Loss = 5.358e-01
It: 470, Loss = 5.321e-01
It: 480, Loss = 5.308e-01
It: 490, Loss = 5.291e-01
It: 500, Loss = 5.272e-01
It: 510, Loss = 5.259e-01
It: 520, Loss = 5.328e-01
It: 530, Loss = 5.223e-01
It: 540, Loss = 5.192e-01
It: 550, Loss = 5.148e-01
It: 560, Loss = 5.104e-01
It: 570, Loss = 5.043e-01
It: 580, Loss = 5.015e-01
It: 590, Loss = 5.136e-01
It: 600, Loss = 5.035e-01
It: 610, Loss = 4.896e-01
It: 620, Loss = 4.819e-01
It: 630, Loss = 4.693e-01
It: 640, Loss = 4.524e-01
It: 650, Loss = 4.439e-01
It: 660, Loss = 4.138e-01
It: 670, Loss = 3.773e-01
It: 680, Loss = 3.621e-01
It: 690, Loss = 4.584e-01
It: 700, Loss = 3.111e-01
It: 710, Loss = 2.582e-01
It: 720, Loss = 2.309e-01
It: 730, Loss = 2.031e-01
It: 740, Loss = 2.860e-01
It: 750, Loss = 2.168e-01
It: 760, Loss = 1.811e-01
It: 770, Loss = 1.741e-01
It: 780, Loss = 1.653e-01
It: 790, Loss = 1.572e-01
It: 800, Loss = 1.506e-01
It: 810, Loss = 2.737e-01
It: 820, Loss = 1.554e-01
It: 830, Loss = 1.481e-01
It: 840, Loss = 1.381e-01
It: 850, Loss = 1.293e-01
It: 860, Loss = 1.258e-01
It: 870, Loss = 1.223e-01
It: 880, Loss = 1.198e-01
It: 890, Loss = 1.753e-01
It: 900, Loss = 1.303e-01
It: 910, Loss = 1.150e-01
It: 920, Loss = 1.160e-01
It: 930, Loss = 1.109e-01
It: 940, Loss = 1.093e-01
It: 950, Loss = 1.079e-01
It: 960, Loss = 1.064e-01
It: 970, Loss = 1.051e-01
It: 980, Loss = 1.105e-01
It: 990, Loss = 1.384e-01
G_pred shape (100, 100)
It: 0, Loss = 1.123e+00
It: 10, Loss = 1.133e+00
It: 20, Loss = 9.662e-01
It: 30, Loss = 9.687e-01
It: 40, Loss = 9.175e-01
It: 50, Loss = 9.164e-01
It: 60, Loss = 9.020e-01
It: 70, Loss = 8.919e-01
It: 80, Loss = 8.800e-01
It: 90, Loss = 8.648e-01
It: 100, Loss = 8.450e-01
It: 110, Loss = 8.206e-01
It: 120, Loss = 7.988e-01
It: 130, Loss = 7.894e-01
It: 140, Loss = 7.805e-01
It: 150, Loss = 7.698e-01
It: 160, Loss = 7.505e-01
It: 170, Loss = 7.177e-01
It: 180, Loss = 6.864e-01
It: 190, Loss = 6.718e-01
It: 200, Loss = 6.685e-01
It: 210, Loss = 6.644e-01
It: 220, Loss = 6.618e-01
It: 230, Loss = 6.595e-01
It: 240, Loss = 6.573e-01
It: 250, Loss = 6.554e-01
It: 260, Loss = 6.537e-01
It: 270, Loss = 6.520e-01
It: 280, Loss = 6.504e-01
It: 290, Loss = 6.489e-01
It: 300, Loss = 6.475e-01
It: 310, Loss = 6.460e-01
It: 320, Loss = 6.447e-01
It: 330, Loss = 6.433e-01
It: 340, Loss = 6.420e-01
It: 350, Loss = 6.408e-01
It: 360, Loss = 6.396e-01
It: 370, Loss = 6.383e-01
It: 380, Loss = 6.370e-01
It: 390, Loss = 6.357e-01
It: 400, Loss = 6.343e-01
It: 410, Loss = 6.332e-01
It: 420, Loss = 6.316e-01
It: 430, Loss = 6.299e-01
It: 440, Loss = 6.284e-01
It: 450, Loss = 6.268e-01
It: 460, Loss = 6.251e-01
It: 470, Loss = 6.233e-01
It: 480, Loss = 6.225e-01
It: 490, Loss = 6.193e-01
It: 500, Loss = 6.167e-01
It: 510, Loss = 6.135e-01
It: 520, Loss = 6.094e-01
It: 530, Loss = 6.050e-01
It: 540, Loss = 5.989e-01
It: 550, Loss = 5.902e-01
It: 560, Loss = 5.794e-01
It: 570, Loss = 5.680e-01
It: 580, Loss = 5.534e-01
It: 590, Loss = 5.398e-01
It: 600, Loss = 5.275e-01
It: 610, Loss = 5.163e-01
It: 620, Loss = 5.063e-01
It: 630, Loss = 4.989e-01
It: 640, Loss = 4.907e-01
It: 650, Loss = 4.807e-01
It: 660, Loss = 4.704e-01
It: 670, Loss = 4.572e-01
It: 680, Loss = 4.330e-01
It: 690, Loss = 4.017e-01
It: 700, Loss = 3.716e-01
It: 710, Loss = 3.742e-01
It: 720, Loss = 3.575e-01
It: 730, Loss = 3.429e-01
It: 740, Loss = 3.347e-01
It: 750, Loss = 3.266e-01
It: 760, Loss = 3.181e-01
It: 770, Loss = 3.084e-01
It: 780, Loss = 2.970e-01
It: 790, Loss = 2.834e-01
It: 800, Loss = 2.943e-01
It: 810, Loss = 3.097e-01
It: 820, Loss = 2.697e-01
It: 830, Loss = 2.459e-01
It: 840, Loss = 2.341e-01
It: 850, Loss = 2.262e-01
It: 860, Loss = 2.204e-01
It: 870, Loss = 2.158e-01
It: 880, Loss = 2.108e-01
It: 890, Loss = 2.058e-01
It: 900, Loss = 2.007e-01
It: 910, Loss = 1.955e-01
It: 920, Loss = 1.901e-01
It: 930, Loss = 1.844e-01
It: 940, Loss = 1.786e-01
It: 950, Loss = 1.726e-01
It: 960, Loss = 2.716e-01
It: 970, Loss = 1.687e-01
It: 980, Loss = 1.668e-01
It: 990, Loss = 1.621e-01
G_pred shape (100, 100)
It: 0, Loss = 1.110e+00
It: 10, Loss = 9.560e-01
It: 20, Loss = 9.361e-01
It: 30, Loss = 9.318e-01
It: 40, Loss = 9.239e-01
It: 50, Loss = 9.191e-01
It: 60, Loss = 9.157e-01
It: 70, Loss = 9.132e-01
It: 80, Loss = 9.103e-01
It: 90, Loss = 9.070e-01
It: 100, Loss = 9.031e-01
It: 110, Loss = 8.984e-01
It: 120, Loss = 8.928e-01
It: 130, Loss = 8.867e-01
It: 140, Loss = 8.811e-01
It: 150, Loss = 8.770e-01
It: 160, Loss = 8.736e-01
It: 170, Loss = 8.702e-01
It: 180, Loss = 8.668e-01
It: 190, Loss = 8.631e-01
It: 200, Loss = 8.586e-01
It: 210, Loss = 8.520e-01
It: 220, Loss = 8.409e-01
It: 230, Loss = 8.239e-01
It: 240, Loss = 7.869e-01
It: 250, Loss = 7.493e-01
It: 260, Loss = 7.408e-01
It: 270, Loss = 7.208e-01
It: 280, Loss = 7.089e-01
It: 290, Loss = 6.946e-01
It: 300, Loss = 6.830e-01
It: 310, Loss = 6.679e-01
It: 320, Loss = 6.936e-01
It: 330, Loss = 6.283e-01
It: 340, Loss = 6.097e-01
It: 350, Loss = 5.692e-01
It: 360, Loss = 5.480e-01
It: 370, Loss = 5.383e-01
It: 380, Loss = 5.176e-01
It: 390, Loss = 5.024e-01
It: 400, Loss = 4.916e-01
It: 410, Loss = 4.775e-01
It: 420, Loss = 4.563e-01
It: 430, Loss = 4.375e-01
It: 440, Loss = 4.039e-01
It: 450, Loss = 3.831e-01
It: 460, Loss = 3.559e-01
It: 470, Loss = 3.247e-01
It: 480, Loss = 2.940e-01
It: 490, Loss = 2.624e-01
It: 500, Loss = 4.537e-01
It: 510, Loss = 2.968e-01
It: 520, Loss = 2.182e-01
It: 530, Loss = 1.780e-01
It: 540, Loss = 1.448e-01
It: 550, Loss = 1.192e-01
It: 560, Loss = 9.928e-02
It: 570, Loss = 8.285e-02
It: 580, Loss = 8.280e-02
It: 590, Loss = 1.050e-01
It: 600, Loss = 7.277e-02
It: 610, Loss = 5.842e-02
It: 620, Loss = 5.159e-02
It: 630, Loss = 4.652e-02
It: 640, Loss = 4.322e-02
It: 650, Loss = 4.022e-02
It: 660, Loss = 3.783e-02
It: 670, Loss = 3.568e-02
It: 680, Loss = 3.375e-02
It: 690, Loss = 3.197e-02
It: 700, Loss = 3.031e-02
It: 710, Loss = 2.874e-02
It: 720, Loss = 2.727e-02
It: 730, Loss = 1.339e-01
It: 740, Loss = 4.089e-02
It: 750, Loss = 2.934e-02
It: 760, Loss = 2.694e-02
It: 770, Loss = 2.392e-02
It: 780, Loss = 2.231e-02
It: 790, Loss = 2.137e-02
It: 800, Loss = 2.031e-02
It: 810, Loss = 1.936e-02
It: 820, Loss = 1.848e-02
It: 830, Loss = 1.764e-02
It: 840, Loss = 1.684e-02
It: 850, Loss = 1.608e-02
It: 860, Loss = 1.776e-02
It: 870, Loss = 4.018e-02
It: 880, Loss = 3.399e-02
It: 890, Loss = 1.771e-02
It: 900, Loss = 1.611e-02
It: 910, Loss = 1.560e-02
It: 920, Loss = 1.437e-02
It: 930, Loss = 1.382e-02
It: 940, Loss = 1.315e-02
It: 950, Loss = 1.257e-02
It: 960, Loss = 1.204e-02
It: 970, Loss = 1.155e-02
It: 980, Loss = 1.108e-02
It: 990, Loss = 1.064e-02
G_pred shape (100, 100)
