Using TensorFlow 2 backend.

N_train =  70
It: 0, Loss = 1.092e+00
It: 10, Loss = 1.103e+00
It: 20, Loss = 9.926e-01
It: 30, Loss = 9.720e-01
It: 40, Loss = 9.679e-01
It: 50, Loss = 9.618e-01
It: 60, Loss = 9.531e-01
It: 70, Loss = 9.452e-01
It: 80, Loss = 9.368e-01
It: 90, Loss = 9.299e-01
It: 100, Loss = 9.259e-01
It: 110, Loss = 9.246e-01
It: 120, Loss = 9.244e-01
It: 130, Loss = 9.242e-01
It: 140, Loss = 9.239e-01
It: 150, Loss = 9.238e-01
It: 160, Loss = 9.236e-01
It: 170, Loss = 9.235e-01
It: 180, Loss = 9.233e-01
It: 190, Loss = 9.231e-01
It: 200, Loss = 9.229e-01
It: 210, Loss = 9.226e-01
It: 220, Loss = 9.223e-01
It: 230, Loss = 9.220e-01
It: 240, Loss = 9.216e-01
It: 250, Loss = 9.210e-01
It: 260, Loss = 9.202e-01
It: 270, Loss = 9.190e-01
It: 280, Loss = 9.172e-01
It: 290, Loss = 9.147e-01
It: 300, Loss = 9.124e-01
It: 310, Loss = 9.115e-01
It: 320, Loss = 9.113e-01
It: 330, Loss = 9.108e-01
It: 340, Loss = 9.104e-01
It: 350, Loss = 9.100e-01
It: 360, Loss = 9.095e-01
It: 370, Loss = 9.089e-01
It: 380, Loss = 9.083e-01
It: 390, Loss = 9.074e-01
It: 400, Loss = 9.064e-01
It: 410, Loss = 9.049e-01
It: 420, Loss = 9.029e-01
It: 430, Loss = 8.999e-01
It: 440, Loss = 8.951e-01
It: 450, Loss = 8.874e-01
It: 460, Loss = 8.755e-01
It: 470, Loss = 8.587e-01
It: 480, Loss = 8.573e-01
It: 490, Loss = 8.324e-01
It: 500, Loss = 8.156e-01
It: 510, Loss = 8.048e-01
It: 520, Loss = 7.943e-01
It: 530, Loss = 7.837e-01
It: 540, Loss = 7.833e-01
It: 550, Loss = 7.720e-01
It: 560, Loss = 7.654e-01
It: 570, Loss = 7.589e-01
It: 580, Loss = 7.517e-01
It: 590, Loss = 7.514e-01
It: 600, Loss = 7.369e-01
It: 610, Loss = 7.261e-01
It: 620, Loss = 7.132e-01
It: 630, Loss = 7.635e-01
It: 640, Loss = 6.934e-01
It: 650, Loss = 6.821e-01
It: 660, Loss = 6.688e-01
It: 670, Loss = 6.531e-01
It: 680, Loss = 6.372e-01
It: 690, Loss = 6.193e-01
It: 700, Loss = 6.000e-01
It: 710, Loss = 5.782e-01
It: 720, Loss = 6.311e-01
It: 730, Loss = 5.653e-01
It: 740, Loss = 5.473e-01
It: 750, Loss = 5.329e-01
It: 760, Loss = 5.247e-01
It: 770, Loss = 5.157e-01
It: 780, Loss = 5.067e-01
It: 790, Loss = 4.968e-01
It: 800, Loss = 5.538e-01
It: 810, Loss = 4.964e-01
It: 820, Loss = 4.814e-01
It: 830, Loss = 4.601e-01
It: 840, Loss = 4.436e-01
It: 850, Loss = 4.265e-01
It: 860, Loss = 4.094e-01
It: 870, Loss = 4.742e-01
It: 880, Loss = 4.253e-01
It: 890, Loss = 3.887e-01
It: 900, Loss = 3.668e-01
It: 910, Loss = 3.464e-01
It: 920, Loss = 3.297e-01
It: 930, Loss = 3.119e-01
It: 940, Loss = 4.645e-01
It: 950, Loss = 3.048e-01
It: 960, Loss = 2.825e-01
It: 970, Loss = 2.622e-01
It: 980, Loss = 2.406e-01
It: 990, Loss = 2.233e-01
G_pred shape (100, 100)
It: 0, Loss = 1.177e+00
It: 10, Loss = 9.824e-01
It: 20, Loss = 9.602e-01
It: 30, Loss = 9.447e-01
It: 40, Loss = 9.334e-01
It: 50, Loss = 9.296e-01
It: 60, Loss = 9.279e-01
It: 70, Loss = 9.265e-01
It: 80, Loss = 9.253e-01
It: 90, Loss = 9.244e-01
It: 100, Loss = 9.238e-01
It: 110, Loss = 9.234e-01
It: 120, Loss = 9.230e-01
It: 130, Loss = 9.227e-01
It: 140, Loss = 9.224e-01
It: 150, Loss = 9.221e-01
It: 160, Loss = 9.219e-01
It: 170, Loss = 9.216e-01
It: 180, Loss = 9.213e-01
It: 190, Loss = 9.209e-01
It: 200, Loss = 9.206e-01
It: 210, Loss = 9.202e-01
It: 220, Loss = 9.197e-01
It: 230, Loss = 9.192e-01
It: 240, Loss = 9.186e-01
It: 250, Loss = 9.180e-01
It: 260, Loss = 9.172e-01
It: 270, Loss = 9.163e-01
It: 280, Loss = 9.153e-01
It: 290, Loss = 9.141e-01
It: 300, Loss = 9.128e-01
It: 310, Loss = 9.115e-01
It: 320, Loss = 9.090e-01
It: 330, Loss = 9.061e-01
It: 340, Loss = 9.015e-01
It: 350, Loss = 8.937e-01
It: 360, Loss = 8.806e-01
It: 370, Loss = 8.663e-01
It: 380, Loss = 8.830e-01
It: 390, Loss = 8.320e-01
It: 400, Loss = 8.121e-01
It: 410, Loss = 8.065e-01
It: 420, Loss = 8.004e-01
It: 430, Loss = 7.959e-01
It: 440, Loss = 7.915e-01
It: 450, Loss = 7.869e-01
It: 460, Loss = 7.818e-01
It: 470, Loss = 7.762e-01
It: 480, Loss = 7.838e-01
It: 490, Loss = 7.650e-01
It: 500, Loss = 7.609e-01
It: 510, Loss = 7.553e-01
It: 520, Loss = 7.506e-01
It: 530, Loss = 7.462e-01
It: 540, Loss = 7.544e-01
It: 550, Loss = 7.391e-01
It: 560, Loss = 7.295e-01
It: 570, Loss = 7.178e-01
It: 580, Loss = 7.434e-01
It: 590, Loss = 7.044e-01
It: 600, Loss = 6.836e-01
It: 610, Loss = 6.640e-01
It: 620, Loss = 6.521e-01
It: 630, Loss = 6.507e-01
It: 640, Loss = 6.185e-01
It: 650, Loss = 5.981e-01
It: 660, Loss = 5.824e-01
It: 670, Loss = 5.649e-01
It: 680, Loss = 5.544e-01
It: 690, Loss = 5.344e-01
It: 700, Loss = 5.190e-01
It: 710, Loss = 5.106e-01
It: 720, Loss = 5.868e-01
It: 730, Loss = 4.980e-01
It: 740, Loss = 4.843e-01
It: 750, Loss = 4.751e-01
It: 760, Loss = 4.633e-01
It: 770, Loss = 4.529e-01
It: 780, Loss = 4.419e-01
It: 790, Loss = 4.308e-01
It: 800, Loss = 4.191e-01
It: 810, Loss = 4.113e-01
It: 820, Loss = 3.953e-01
It: 830, Loss = 3.816e-01
It: 840, Loss = 3.668e-01
It: 850, Loss = 3.474e-01
It: 860, Loss = 3.691e-01
It: 870, Loss = 3.152e-01
It: 880, Loss = 3.047e-01
It: 890, Loss = 2.810e-01
It: 900, Loss = 2.600e-01
It: 910, Loss = 3.610e-01
It: 920, Loss = 2.333e-01
It: 930, Loss = 2.117e-01
It: 940, Loss = 1.939e-01
It: 950, Loss = 1.656e-01
It: 960, Loss = 1.420e-01
It: 970, Loss = 2.332e-01
It: 980, Loss = 1.330e-01
It: 990, Loss = 1.171e-01
G_pred shape (100, 100)
It: 0, Loss = 1.053e+00
It: 10, Loss = 1.063e+00
It: 20, Loss = 9.770e-01
It: 30, Loss = 9.839e-01
It: 40, Loss = 9.646e-01
It: 50, Loss = 9.567e-01
It: 60, Loss = 9.510e-01
It: 70, Loss = 9.446e-01
It: 80, Loss = 9.379e-01
It: 90, Loss = 9.316e-01
It: 100, Loss = 9.264e-01
It: 110, Loss = 9.230e-01
It: 120, Loss = 9.215e-01
It: 130, Loss = 9.211e-01
It: 140, Loss = 9.208e-01
It: 150, Loss = 9.206e-01
It: 160, Loss = 9.204e-01
It: 170, Loss = 9.203e-01
It: 180, Loss = 9.201e-01
It: 190, Loss = 9.200e-01
It: 200, Loss = 9.199e-01
It: 210, Loss = 9.198e-01
It: 220, Loss = 9.197e-01
It: 230, Loss = 9.196e-01
It: 240, Loss = 9.194e-01
It: 250, Loss = 9.193e-01
It: 260, Loss = 9.192e-01
It: 270, Loss = 9.190e-01
It: 280, Loss = 9.188e-01
It: 290, Loss = 9.185e-01
It: 300, Loss = 9.181e-01
It: 310, Loss = 9.174e-01
It: 320, Loss = 9.161e-01
It: 330, Loss = 9.132e-01
It: 340, Loss = 9.080e-01
It: 350, Loss = 9.037e-01
It: 360, Loss = 9.027e-01
It: 370, Loss = 9.017e-01
It: 380, Loss = 9.014e-01
It: 390, Loss = 9.011e-01
It: 400, Loss = 9.009e-01
It: 410, Loss = 9.007e-01
It: 420, Loss = 9.005e-01
It: 430, Loss = 9.003e-01
It: 440, Loss = 9.001e-01
It: 450, Loss = 9.000e-01
It: 460, Loss = 8.998e-01
It: 470, Loss = 8.996e-01
It: 480, Loss = 8.994e-01
It: 490, Loss = 8.991e-01
It: 500, Loss = 8.989e-01
It: 510, Loss = 8.987e-01
It: 520, Loss = 8.984e-01
It: 530, Loss = 8.981e-01
It: 540, Loss = 8.978e-01
It: 550, Loss = 8.974e-01
It: 560, Loss = 8.970e-01
It: 570, Loss = 8.966e-01
It: 580, Loss = 8.961e-01
It: 590, Loss = 8.955e-01
It: 600, Loss = 8.949e-01
It: 610, Loss = 8.941e-01
It: 620, Loss = 8.933e-01
It: 630, Loss = 8.923e-01
It: 640, Loss = 8.911e-01
It: 650, Loss = 8.896e-01
It: 660, Loss = 8.878e-01
It: 670, Loss = 8.855e-01
It: 680, Loss = 8.825e-01
It: 690, Loss = 8.787e-01
It: 700, Loss = 8.738e-01
It: 710, Loss = 8.672e-01
It: 720, Loss = 8.579e-01
It: 730, Loss = 8.459e-01
It: 740, Loss = 8.370e-01
It: 750, Loss = 8.251e-01
It: 760, Loss = 8.147e-01
It: 770, Loss = 8.075e-01
It: 780, Loss = 8.028e-01
It: 790, Loss = 7.995e-01
It: 800, Loss = 7.956e-01
It: 810, Loss = 7.946e-01
It: 820, Loss = 7.915e-01
It: 830, Loss = 7.890e-01
It: 840, Loss = 8.027e-01
It: 850, Loss = 7.889e-01
It: 860, Loss = 7.825e-01
It: 870, Loss = 7.805e-01
It: 880, Loss = 7.775e-01
It: 890, Loss = 7.741e-01
It: 900, Loss = 7.704e-01
It: 910, Loss = 7.657e-01
It: 920, Loss = 7.947e-01
It: 930, Loss = 7.565e-01
It: 940, Loss = 7.523e-01
It: 950, Loss = 7.385e-01
It: 960, Loss = 7.271e-01
It: 970, Loss = 7.132e-01
It: 980, Loss = 6.978e-01
It: 990, Loss = 7.363e-01
G_pred shape (100, 100)
It: 0, Loss = 1.170e+00
It: 10, Loss = 9.753e-01
It: 20, Loss = 9.621e-01
It: 30, Loss = 9.494e-01
It: 40, Loss = 9.425e-01
It: 50, Loss = 9.359e-01
It: 60, Loss = 9.332e-01
It: 70, Loss = 9.314e-01
It: 80, Loss = 9.298e-01
It: 90, Loss = 9.289e-01
It: 100, Loss = 9.286e-01
It: 110, Loss = 9.283e-01
It: 120, Loss = 9.280e-01
It: 130, Loss = 9.277e-01
It: 140, Loss = 9.274e-01
It: 150, Loss = 9.270e-01
It: 160, Loss = 9.266e-01
It: 170, Loss = 9.260e-01
It: 180, Loss = 9.254e-01
It: 190, Loss = 9.246e-01
It: 200, Loss = 9.236e-01
It: 210, Loss = 9.221e-01
It: 220, Loss = 9.200e-01
It: 230, Loss = 9.175e-01
It: 240, Loss = 9.134e-01
It: 250, Loss = 9.096e-01
It: 260, Loss = 9.085e-01
It: 270, Loss = 9.077e-01
It: 280, Loss = 9.063e-01
It: 290, Loss = 9.050e-01
It: 300, Loss = 9.036e-01
It: 310, Loss = 9.018e-01
It: 320, Loss = 8.995e-01
It: 330, Loss = 8.963e-01
It: 340, Loss = 8.917e-01
It: 350, Loss = 8.846e-01
It: 360, Loss = 8.890e-01
It: 370, Loss = 8.726e-01
It: 380, Loss = 8.535e-01
It: 390, Loss = 8.325e-01
It: 400, Loss = 8.145e-01
It: 410, Loss = 8.003e-01
It: 420, Loss = 7.864e-01
It: 430, Loss = 7.750e-01
It: 440, Loss = 7.582e-01
It: 450, Loss = 7.645e-01
It: 460, Loss = 7.370e-01
It: 470, Loss = 7.120e-01
It: 480, Loss = 6.879e-01
It: 490, Loss = 6.614e-01
It: 500, Loss = 6.744e-01
It: 510, Loss = 6.466e-01
It: 520, Loss = 6.257e-01
It: 530, Loss = 6.080e-01
It: 540, Loss = 5.952e-01
It: 550, Loss = 5.958e-01
It: 560, Loss = 5.779e-01
It: 570, Loss = 5.586e-01
It: 580, Loss = 5.502e-01
It: 590, Loss = 5.670e-01
It: 600, Loss = 5.362e-01
It: 610, Loss = 5.841e-01
It: 620, Loss = 5.224e-01
It: 630, Loss = 5.148e-01
It: 640, Loss = 5.015e-01
It: 650, Loss = 4.946e-01
It: 660, Loss = 4.862e-01
It: 670, Loss = 4.779e-01
It: 680, Loss = 4.691e-01
It: 690, Loss = 4.593e-01
It: 700, Loss = 4.560e-01
It: 710, Loss = 4.428e-01
It: 720, Loss = 4.394e-01
It: 730, Loss = 4.217e-01
It: 740, Loss = 4.644e-01
It: 750, Loss = 4.047e-01
It: 760, Loss = 3.773e-01
It: 770, Loss = 3.554e-01
It: 780, Loss = 3.252e-01
It: 790, Loss = 3.036e-01
It: 800, Loss = 3.000e-01
It: 810, Loss = 2.523e-01
It: 820, Loss = 2.192e-01
It: 830, Loss = 1.938e-01
It: 840, Loss = 1.805e-01
It: 850, Loss = 1.486e-01
It: 860, Loss = 1.377e-01
It: 870, Loss = 1.290e-01
It: 880, Loss = 1.302e-01
It: 890, Loss = 1.141e-01
It: 900, Loss = 1.062e-01
It: 910, Loss = 9.842e-02
It: 920, Loss = 9.276e-02
It: 930, Loss = 1.289e-01
It: 940, Loss = 7.834e-02
It: 950, Loss = 7.608e-02
It: 960, Loss = 6.463e-02
It: 970, Loss = 5.881e-02
It: 980, Loss = 5.402e-02
It: 990, Loss = 5.727e-02
G_pred shape (100, 100)
It: 0, Loss = 1.147e+00
It: 10, Loss = 9.937e-01
It: 20, Loss = 9.592e-01
It: 30, Loss = 9.440e-01
It: 40, Loss = 9.353e-01
It: 50, Loss = 9.315e-01
It: 60, Loss = 9.305e-01
It: 70, Loss = 9.290e-01
It: 80, Loss = 9.275e-01
It: 90, Loss = 9.270e-01
It: 100, Loss = 9.267e-01
It: 110, Loss = 9.265e-01
It: 120, Loss = 9.263e-01
It: 130, Loss = 9.262e-01
It: 140, Loss = 9.260e-01
It: 150, Loss = 9.258e-01
It: 160, Loss = 9.255e-01
It: 170, Loss = 9.253e-01
It: 180, Loss = 9.250e-01
It: 190, Loss = 9.247e-01
It: 200, Loss = 9.243e-01
It: 210, Loss = 9.238e-01
It: 220, Loss = 9.232e-01
It: 230, Loss = 9.223e-01
It: 240, Loss = 9.209e-01
It: 250, Loss = 9.183e-01
It: 260, Loss = 9.136e-01
It: 270, Loss = 9.046e-01
It: 280, Loss = 8.894e-01
It: 290, Loss = 8.645e-01
It: 300, Loss = 8.431e-01
It: 310, Loss = 8.076e-01
It: 320, Loss = 7.874e-01
It: 330, Loss = 7.694e-01
It: 340, Loss = 7.537e-01
It: 350, Loss = 7.472e-01
It: 360, Loss = 7.426e-01
It: 370, Loss = 7.323e-01
It: 380, Loss = 7.292e-01
It: 390, Loss = 7.251e-01
It: 400, Loss = 7.237e-01
It: 410, Loss = 7.176e-01
It: 420, Loss = 7.256e-01
It: 430, Loss = 7.116e-01
It: 440, Loss = 7.086e-01
It: 450, Loss = 7.067e-01
It: 460, Loss = 7.036e-01
It: 470, Loss = 7.106e-01
It: 480, Loss = 6.981e-01
It: 490, Loss = 6.966e-01
It: 500, Loss = 6.906e-01
It: 510, Loss = 6.858e-01
It: 520, Loss = 6.803e-01
It: 530, Loss = 6.779e-01
It: 540, Loss = 6.634e-01
It: 550, Loss = 6.540e-01
It: 560, Loss = 6.393e-01
It: 570, Loss = 6.294e-01
It: 580, Loss = 6.280e-01
It: 590, Loss = 5.987e-01
It: 600, Loss = 5.865e-01
It: 610, Loss = 5.749e-01
It: 620, Loss = 5.576e-01
It: 630, Loss = 5.426e-01
It: 640, Loss = 5.316e-01
It: 650, Loss = 5.493e-01
It: 660, Loss = 5.189e-01
It: 670, Loss = 5.010e-01
It: 680, Loss = 4.915e-01
It: 690, Loss = 4.842e-01
It: 700, Loss = 4.758e-01
It: 710, Loss = 4.666e-01
It: 720, Loss = 4.564e-01
It: 730, Loss = 4.452e-01
It: 740, Loss = 4.440e-01
It: 750, Loss = 4.231e-01
It: 760, Loss = 4.091e-01
It: 770, Loss = 3.950e-01
It: 780, Loss = 3.838e-01
It: 790, Loss = 3.728e-01
It: 800, Loss = 3.875e-01
It: 810, Loss = 3.624e-01
It: 820, Loss = 3.462e-01
It: 830, Loss = 3.302e-01
It: 840, Loss = 3.298e-01
It: 850, Loss = 3.210e-01
It: 860, Loss = 2.983e-01
It: 870, Loss = 2.856e-01
It: 880, Loss = 2.816e-01
It: 890, Loss = 3.062e-01
It: 900, Loss = 2.630e-01
It: 910, Loss = 2.451e-01
It: 920, Loss = 2.277e-01
It: 930, Loss = 2.085e-01
It: 940, Loss = 1.963e-01
It: 950, Loss = 2.098e-01
It: 960, Loss = 1.678e-01
It: 970, Loss = 1.431e-01
It: 980, Loss = 1.228e-01
It: 990, Loss = 1.053e-01
G_pred shape (100, 100)
