Using TensorFlow 2 backend.

N_train =  16
It: 0, Loss = 1.330e+00
It: 10, Loss = 1.182e+00
It: 20, Loss = 9.866e-01
It: 30, Loss = 9.426e-01
It: 40, Loss = 9.471e-01
It: 50, Loss = 9.423e-01
It: 60, Loss = 9.370e-01
It: 70, Loss = 9.356e-01
It: 80, Loss = 9.334e-01
It: 90, Loss = 9.319e-01
It: 100, Loss = 9.305e-01
It: 110, Loss = 9.292e-01
It: 120, Loss = 9.281e-01
It: 130, Loss = 9.272e-01
It: 140, Loss = 9.263e-01
It: 150, Loss = 9.255e-01
It: 160, Loss = 9.247e-01
It: 170, Loss = 9.238e-01
It: 180, Loss = 9.230e-01
It: 190, Loss = 9.221e-01
It: 200, Loss = 9.211e-01
It: 210, Loss = 9.201e-01
It: 220, Loss = 9.190e-01
It: 230, Loss = 9.179e-01
It: 240, Loss = 9.166e-01
It: 250, Loss = 9.152e-01
It: 260, Loss = 9.137e-01
It: 270, Loss = 9.120e-01
It: 280, Loss = 9.101e-01
It: 290, Loss = 9.078e-01
It: 300, Loss = 9.051e-01
It: 310, Loss = 9.013e-01
It: 320, Loss = 8.956e-01
It: 330, Loss = 8.853e-01
It: 340, Loss = 8.666e-01
It: 350, Loss = 8.453e-01
It: 360, Loss = 8.344e-01
It: 370, Loss = 8.295e-01
It: 380, Loss = 8.237e-01
It: 390, Loss = 8.194e-01
It: 400, Loss = 8.159e-01
It: 410, Loss = 8.125e-01
It: 420, Loss = 8.089e-01
It: 430, Loss = 8.048e-01
It: 440, Loss = 8.012e-01
It: 450, Loss = 7.961e-01
It: 460, Loss = 7.886e-01
It: 470, Loss = 7.819e-01
It: 480, Loss = 7.753e-01
It: 490, Loss = 7.734e-01
It: 500, Loss = 7.627e-01
It: 510, Loss = 7.581e-01
It: 520, Loss = 7.514e-01
It: 530, Loss = 7.415e-01
It: 540, Loss = 7.202e-01
It: 550, Loss = 7.091e-01
It: 560, Loss = 6.405e-01
It: 570, Loss = 5.987e-01
It: 580, Loss = 5.460e-01
It: 590, Loss = 5.244e-01
It: 600, Loss = 5.040e-01
It: 610, Loss = 4.820e-01
It: 620, Loss = 4.614e-01
It: 630, Loss = 4.362e-01
It: 640, Loss = 4.063e-01
It: 650, Loss = 3.795e-01
It: 660, Loss = 3.609e-01
It: 670, Loss = 3.457e-01
It: 680, Loss = 3.328e-01
It: 690, Loss = 3.233e-01
It: 700, Loss = 3.162e-01
It: 710, Loss = 3.112e-01
It: 720, Loss = 3.067e-01
It: 730, Loss = 3.027e-01
It: 740, Loss = 2.990e-01
It: 750, Loss = 2.954e-01
It: 760, Loss = 3.246e-01
It: 770, Loss = 2.932e-01
It: 780, Loss = 2.854e-01
It: 790, Loss = 2.812e-01
It: 800, Loss = 2.761e-01
It: 810, Loss = 2.716e-01
It: 820, Loss = 2.672e-01
It: 830, Loss = 2.900e-01
It: 840, Loss = 2.674e-01
It: 850, Loss = 2.570e-01
It: 860, Loss = 2.552e-01
It: 870, Loss = 2.489e-01
It: 880, Loss = 2.447e-01
It: 890, Loss = 2.402e-01
It: 900, Loss = 2.989e-01
It: 910, Loss = 2.360e-01
It: 920, Loss = 2.316e-01
It: 930, Loss = 2.241e-01
It: 940, Loss = 2.200e-01
It: 950, Loss = 2.168e-01
It: 960, Loss = 2.131e-01
It: 970, Loss = 2.745e-01
It: 980, Loss = 2.328e-01
It: 990, Loss = 2.075e-01
G_pred shape (100, 100)
It: 0, Loss = 1.065e+00
It: 10, Loss = 9.865e-01
It: 20, Loss = 9.711e-01
It: 30, Loss = 9.642e-01
It: 40, Loss = 9.570e-01
It: 50, Loss = 9.529e-01
It: 60, Loss = 9.509e-01
It: 70, Loss = 9.493e-01
It: 80, Loss = 9.483e-01
It: 90, Loss = 9.477e-01
It: 100, Loss = 9.472e-01
It: 110, Loss = 9.467e-01
It: 120, Loss = 9.463e-01
It: 130, Loss = 9.458e-01
It: 140, Loss = 9.452e-01
It: 150, Loss = 9.446e-01
It: 160, Loss = 9.438e-01
It: 170, Loss = 9.429e-01
It: 180, Loss = 9.418e-01
It: 190, Loss = 9.404e-01
It: 200, Loss = 9.388e-01
It: 210, Loss = 9.369e-01
It: 220, Loss = 9.348e-01
It: 230, Loss = 9.330e-01
It: 240, Loss = 9.315e-01
It: 250, Loss = 9.300e-01
It: 260, Loss = 9.283e-01
It: 270, Loss = 9.267e-01
It: 280, Loss = 9.252e-01
It: 290, Loss = 9.237e-01
It: 300, Loss = 9.222e-01
It: 310, Loss = 9.206e-01
It: 320, Loss = 9.186e-01
It: 330, Loss = 9.160e-01
It: 340, Loss = 9.119e-01
It: 350, Loss = 9.049e-01
It: 360, Loss = 8.926e-01
It: 370, Loss = 8.623e-01
It: 380, Loss = 7.942e-01
It: 390, Loss = 7.337e-01
It: 400, Loss = 6.694e-01
It: 410, Loss = 6.172e-01
It: 420, Loss = 5.861e-01
It: 430, Loss = 5.090e-01
It: 440, Loss = 4.435e-01
It: 450, Loss = 4.326e-01
It: 460, Loss = 3.425e-01
It: 470, Loss = 2.917e-01
It: 480, Loss = 3.342e-01
It: 490, Loss = 2.223e-01
It: 500, Loss = 1.967e-01
It: 510, Loss = 1.677e-01
It: 520, Loss = 1.465e-01
It: 530, Loss = 1.300e-01
It: 540, Loss = 1.805e-01
It: 550, Loss = 1.332e-01
It: 560, Loss = 1.064e-01
It: 570, Loss = 9.991e-02
It: 580, Loss = 9.490e-02
It: 590, Loss = 9.054e-02
It: 600, Loss = 8.647e-02
It: 610, Loss = 8.268e-02
It: 620, Loss = 7.911e-02
It: 630, Loss = 7.595e-02
It: 640, Loss = 7.560e-02
It: 650, Loss = 7.366e-02
It: 660, Loss = 6.951e-02
It: 670, Loss = 6.695e-02
It: 680, Loss = 6.444e-02
It: 690, Loss = 6.218e-02
It: 700, Loss = 5.977e-02
It: 710, Loss = 5.755e-02
It: 720, Loss = 6.260e-02
It: 730, Loss = 6.583e-02
It: 740, Loss = 6.298e-02
It: 750, Loss = 5.307e-02
It: 760, Loss = 5.066e-02
It: 770, Loss = 4.852e-02
It: 780, Loss = 4.679e-02
It: 790, Loss = 4.500e-02
It: 800, Loss = 4.326e-02
It: 810, Loss = 4.153e-02
It: 820, Loss = 3.976e-02
It: 830, Loss = 3.795e-02
It: 840, Loss = 5.082e-02
It: 850, Loss = 5.853e-02
It: 860, Loss = 4.078e-02
It: 870, Loss = 3.459e-02
It: 880, Loss = 3.158e-02
It: 890, Loss = 3.006e-02
It: 900, Loss = 2.807e-02
It: 910, Loss = 2.618e-02
It: 920, Loss = 2.443e-02
It: 930, Loss = 2.271e-02
It: 940, Loss = 2.106e-02
It: 950, Loss = 1.948e-02
It: 960, Loss = 1.799e-02
It: 970, Loss = 1.657e-02
It: 980, Loss = 1.525e-02
It: 990, Loss = 1.406e-02
G_pred shape (100, 100)
It: 0, Loss = 1.051e+00
It: 10, Loss = 9.837e-01
It: 20, Loss = 1.002e+00
It: 30, Loss = 9.489e-01
It: 40, Loss = 9.405e-01
It: 50, Loss = 9.238e-01
It: 60, Loss = 9.087e-01
It: 70, Loss = 8.949e-01
It: 80, Loss = 8.833e-01
It: 90, Loss = 8.753e-01
It: 100, Loss = 8.675e-01
It: 110, Loss = 8.611e-01
It: 120, Loss = 8.545e-01
It: 130, Loss = 8.455e-01
It: 140, Loss = 8.381e-01
It: 150, Loss = 8.337e-01
It: 160, Loss = 8.280e-01
It: 170, Loss = 8.150e-01
It: 180, Loss = 7.935e-01
It: 190, Loss = 7.876e-01
It: 200, Loss = 7.857e-01
It: 210, Loss = 7.837e-01
It: 220, Loss = 7.822e-01
It: 230, Loss = 7.813e-01
It: 240, Loss = 7.806e-01
It: 250, Loss = 7.799e-01
It: 260, Loss = 7.791e-01
It: 270, Loss = 7.784e-01
It: 280, Loss = 7.777e-01
It: 290, Loss = 7.770e-01
It: 300, Loss = 7.763e-01
It: 310, Loss = 7.758e-01
It: 320, Loss = 7.753e-01
It: 330, Loss = 7.754e-01
It: 340, Loss = 7.744e-01
It: 350, Loss = 7.740e-01
It: 360, Loss = 7.735e-01
It: 370, Loss = 7.731e-01
It: 380, Loss = 7.727e-01
It: 390, Loss = 7.724e-01
It: 400, Loss = 7.720e-01
It: 410, Loss = 7.716e-01
It: 420, Loss = 7.713e-01
It: 430, Loss = 7.709e-01
It: 440, Loss = 7.705e-01
It: 450, Loss = 7.701e-01
It: 460, Loss = 7.697e-01
It: 470, Loss = 7.692e-01
It: 480, Loss = 7.686e-01
It: 490, Loss = 7.680e-01
It: 500, Loss = 7.673e-01
It: 510, Loss = 7.664e-01
It: 520, Loss = 7.655e-01
It: 530, Loss = 7.646e-01
It: 540, Loss = 7.631e-01
It: 550, Loss = 7.613e-01
It: 560, Loss = 7.585e-01
It: 570, Loss = 7.540e-01
It: 580, Loss = 7.487e-01
It: 590, Loss = 7.381e-01
It: 600, Loss = 7.245e-01
It: 610, Loss = 7.371e-01
It: 620, Loss = 7.122e-01
It: 630, Loss = 7.024e-01
It: 640, Loss = 6.959e-01
It: 650, Loss = 6.885e-01
It: 660, Loss = 6.949e-01
It: 670, Loss = 6.846e-01
It: 680, Loss = 6.770e-01
It: 690, Loss = 6.760e-01
It: 700, Loss = 6.729e-01
It: 710, Loss = 6.709e-01
It: 720, Loss = 6.688e-01
It: 730, Loss = 6.762e-01
It: 740, Loss = 6.646e-01
It: 750, Loss = 6.629e-01
It: 760, Loss = 6.614e-01
It: 770, Loss = 6.584e-01
It: 780, Loss = 6.648e-01
It: 790, Loss = 6.618e-01
It: 800, Loss = 6.546e-01
It: 810, Loss = 6.495e-01
It: 820, Loss = 6.467e-01
It: 830, Loss = 6.430e-01
It: 840, Loss = 6.890e-01
It: 850, Loss = 6.370e-01
It: 860, Loss = 6.319e-01
It: 870, Loss = 6.259e-01
It: 880, Loss = 6.188e-01
It: 890, Loss = 6.096e-01
It: 900, Loss = 7.694e-01
It: 910, Loss = 6.425e-01
It: 920, Loss = 6.045e-01
It: 930, Loss = 5.993e-01
It: 940, Loss = 5.912e-01
It: 950, Loss = 5.835e-01
It: 960, Loss = 5.785e-01
It: 970, Loss = 5.742e-01
It: 980, Loss = 5.702e-01
It: 990, Loss = 5.661e-01
G_pred shape (100, 100)
It: 0, Loss = 1.211e+00
It: 10, Loss = 1.015e+00
It: 20, Loss = 9.715e-01
It: 30, Loss = 9.443e-01
It: 40, Loss = 9.281e-01
It: 50, Loss = 9.140e-01
It: 60, Loss = 8.977e-01
It: 70, Loss = 8.813e-01
It: 80, Loss = 8.709e-01
It: 90, Loss = 8.679e-01
It: 100, Loss = 8.652e-01
It: 110, Loss = 8.638e-01
It: 120, Loss = 8.633e-01
It: 130, Loss = 8.628e-01
It: 140, Loss = 8.624e-01
It: 150, Loss = 8.618e-01
It: 160, Loss = 8.611e-01
It: 170, Loss = 8.600e-01
It: 180, Loss = 8.581e-01
It: 190, Loss = 8.539e-01
It: 200, Loss = 8.432e-01
It: 210, Loss = 8.225e-01
It: 220, Loss = 8.139e-01
It: 230, Loss = 8.067e-01
It: 240, Loss = 8.032e-01
It: 250, Loss = 7.984e-01
It: 260, Loss = 7.941e-01
It: 270, Loss = 7.869e-01
It: 280, Loss = 7.824e-01
It: 290, Loss = 7.806e-01
It: 300, Loss = 7.783e-01
It: 310, Loss = 7.777e-01
It: 320, Loss = 7.770e-01
It: 330, Loss = 7.782e-01
It: 340, Loss = 7.775e-01
It: 350, Loss = 7.768e-01
It: 360, Loss = 7.764e-01
It: 370, Loss = 7.762e-01
It: 380, Loss = 7.760e-01
It: 390, Loss = 7.759e-01
It: 400, Loss = 7.757e-01
It: 410, Loss = 7.755e-01
It: 420, Loss = 7.752e-01
It: 430, Loss = 7.750e-01
It: 440, Loss = 7.747e-01
It: 450, Loss = 7.743e-01
It: 460, Loss = 7.751e-01
It: 470, Loss = 7.784e-01
It: 480, Loss = 7.743e-01
It: 490, Loss = 7.726e-01
It: 500, Loss = 7.714e-01
It: 510, Loss = 7.703e-01
It: 520, Loss = 7.685e-01
It: 530, Loss = 7.661e-01
It: 540, Loss = 7.624e-01
It: 550, Loss = 7.777e-01
It: 560, Loss = 7.556e-01
It: 570, Loss = 7.484e-01
It: 580, Loss = 7.397e-01
It: 590, Loss = 7.273e-01
It: 600, Loss = 7.023e-01
It: 610, Loss = 7.613e-01
It: 620, Loss = 6.400e-01
It: 630, Loss = 6.147e-01
It: 640, Loss = 5.868e-01
It: 650, Loss = 5.585e-01
It: 660, Loss = 5.273e-01
It: 670, Loss = 6.031e-01
It: 680, Loss = 5.011e-01
It: 690, Loss = 4.882e-01
It: 700, Loss = 4.787e-01
It: 710, Loss = 4.687e-01
It: 720, Loss = 4.581e-01
It: 730, Loss = 4.466e-01
It: 740, Loss = 4.351e-01
It: 750, Loss = 4.249e-01
It: 760, Loss = 4.164e-01
It: 770, Loss = 4.092e-01
It: 780, Loss = 4.027e-01
It: 790, Loss = 3.972e-01
It: 800, Loss = 4.030e-01
It: 810, Loss = 3.950e-01
It: 820, Loss = 3.835e-01
It: 830, Loss = 3.785e-01
It: 840, Loss = 3.734e-01
It: 850, Loss = 3.681e-01
It: 860, Loss = 3.633e-01
It: 870, Loss = 3.589e-01
It: 880, Loss = 3.560e-01
It: 890, Loss = 3.503e-01
It: 900, Loss = 3.466e-01
It: 910, Loss = 3.402e-01
It: 920, Loss = 3.339e-01
It: 930, Loss = 3.333e-01
It: 940, Loss = 3.294e-01
It: 950, Loss = 3.227e-01
It: 960, Loss = 3.147e-01
It: 970, Loss = 3.050e-01
It: 980, Loss = 3.056e-01
It: 990, Loss = 3.254e-01
G_pred shape (100, 100)
It: 0, Loss = 1.675e+00
It: 10, Loss = 9.927e-01
It: 20, Loss = 9.923e-01
It: 30, Loss = 9.468e-01
It: 40, Loss = 9.330e-01
It: 50, Loss = 9.239e-01
It: 60, Loss = 9.146e-01
It: 70, Loss = 9.082e-01
It: 80, Loss = 9.044e-01
It: 90, Loss = 9.015e-01
It: 100, Loss = 8.982e-01
It: 110, Loss = 8.949e-01
It: 120, Loss = 8.925e-01
It: 130, Loss = 8.908e-01
It: 140, Loss = 8.893e-01
It: 150, Loss = 8.878e-01
It: 160, Loss = 8.864e-01
It: 170, Loss = 8.849e-01
It: 180, Loss = 8.834e-01
It: 190, Loss = 8.817e-01
It: 200, Loss = 8.800e-01
It: 210, Loss = 8.780e-01
It: 220, Loss = 8.756e-01
It: 230, Loss = 8.728e-01
It: 240, Loss = 8.692e-01
It: 250, Loss = 8.641e-01
It: 260, Loss = 8.568e-01
It: 270, Loss = 8.459e-01
It: 280, Loss = 8.302e-01
It: 290, Loss = 8.100e-01
It: 300, Loss = 7.957e-01
It: 310, Loss = 7.714e-01
It: 320, Loss = 7.484e-01
It: 330, Loss = 7.191e-01
It: 340, Loss = 7.408e-01
It: 350, Loss = 6.699e-01
It: 360, Loss = 6.201e-01
It: 370, Loss = 6.005e-01
It: 380, Loss = 5.888e-01
It: 390, Loss = 5.714e-01
It: 400, Loss = 5.424e-01
It: 410, Loss = 5.375e-01
It: 420, Loss = 5.320e-01
It: 430, Loss = 5.112e-01
It: 440, Loss = 4.968e-01
It: 450, Loss = 4.941e-01
It: 460, Loss = 4.824e-01
It: 470, Loss = 4.745e-01
It: 480, Loss = 4.460e-01
It: 490, Loss = 4.414e-01
It: 500, Loss = 4.268e-01
It: 510, Loss = 4.184e-01
It: 520, Loss = 4.116e-01
It: 530, Loss = 4.038e-01
It: 540, Loss = 3.974e-01
It: 550, Loss = 4.042e-01
It: 560, Loss = 3.915e-01
It: 570, Loss = 3.938e-01
It: 580, Loss = 3.882e-01
It: 590, Loss = 3.813e-01
It: 600, Loss = 3.782e-01
It: 610, Loss = 3.752e-01
It: 620, Loss = 3.721e-01
It: 630, Loss = 3.689e-01
It: 640, Loss = 3.655e-01
It: 650, Loss = 3.620e-01
It: 660, Loss = 3.583e-01
It: 670, Loss = 3.728e-01
It: 680, Loss = 4.282e-01
It: 690, Loss = 3.689e-01
It: 700, Loss = 3.570e-01
It: 710, Loss = 3.481e-01
It: 720, Loss = 3.420e-01
It: 730, Loss = 3.372e-01
It: 740, Loss = 3.330e-01
It: 750, Loss = 3.285e-01
It: 760, Loss = 3.238e-01
It: 770, Loss = 3.188e-01
It: 780, Loss = 3.135e-01
It: 790, Loss = 3.080e-01
It: 800, Loss = 4.225e-01
It: 810, Loss = 3.286e-01
It: 820, Loss = 3.123e-01
It: 830, Loss = 2.998e-01
It: 840, Loss = 2.904e-01
It: 850, Loss = 2.840e-01
It: 860, Loss = 2.794e-01
It: 870, Loss = 2.750e-01
It: 880, Loss = 2.708e-01
It: 890, Loss = 2.670e-01
It: 900, Loss = 2.632e-01
It: 910, Loss = 2.597e-01
It: 920, Loss = 2.562e-01
It: 930, Loss = 2.527e-01
It: 940, Loss = 2.730e-01
It: 950, Loss = 2.515e-01
It: 960, Loss = 2.601e-01
It: 970, Loss = 2.462e-01
It: 980, Loss = 2.386e-01
It: 990, Loss = 2.353e-01
G_pred shape (100, 100)
