Using TensorFlow 2 backend.

N_train =  60
It: 0, Loss = 3.134e+00
It: 10, Loss = 1.041e+00
It: 20, Loss = 1.071e+00
It: 30, Loss = 1.045e+00
It: 40, Loss = 9.997e-01
It: 50, Loss = 9.777e-01
It: 60, Loss = 9.693e-01
It: 70, Loss = 9.645e-01
It: 80, Loss = 9.603e-01
It: 90, Loss = 9.559e-01
It: 100, Loss = 9.509e-01
It: 110, Loss = 9.455e-01
It: 120, Loss = 9.396e-01
It: 130, Loss = 9.337e-01
It: 140, Loss = 9.284e-01
It: 150, Loss = 9.245e-01
It: 160, Loss = 9.224e-01
It: 170, Loss = 9.216e-01
It: 180, Loss = 9.211e-01
It: 190, Loss = 9.206e-01
It: 200, Loss = 9.203e-01
It: 210, Loss = 9.200e-01
It: 220, Loss = 9.198e-01
It: 230, Loss = 9.196e-01
It: 240, Loss = 9.195e-01
It: 250, Loss = 9.193e-01
It: 260, Loss = 9.191e-01
It: 270, Loss = 9.189e-01
It: 280, Loss = 9.186e-01
It: 290, Loss = 9.181e-01
It: 300, Loss = 9.175e-01
It: 310, Loss = 9.165e-01
It: 320, Loss = 9.151e-01
It: 330, Loss = 9.132e-01
It: 340, Loss = 9.114e-01
It: 350, Loss = 9.103e-01
It: 360, Loss = 9.096e-01
It: 370, Loss = 9.088e-01
It: 380, Loss = 9.082e-01
It: 390, Loss = 9.077e-01
It: 400, Loss = 9.072e-01
It: 410, Loss = 9.068e-01
It: 420, Loss = 9.063e-01
It: 430, Loss = 9.059e-01
It: 440, Loss = 9.054e-01
It: 450, Loss = 9.049e-01
It: 460, Loss = 9.044e-01
It: 470, Loss = 9.038e-01
It: 480, Loss = 9.033e-01
It: 490, Loss = 9.026e-01
It: 500, Loss = 9.019e-01
It: 510, Loss = 9.012e-01
It: 520, Loss = 9.003e-01
It: 530, Loss = 8.995e-01
It: 540, Loss = 8.981e-01
It: 550, Loss = 8.968e-01
It: 560, Loss = 8.951e-01
It: 570, Loss = 8.932e-01
It: 580, Loss = 8.914e-01
It: 590, Loss = 8.886e-01
It: 600, Loss = 8.854e-01
It: 610, Loss = 8.817e-01
It: 620, Loss = 8.784e-01
It: 630, Loss = 8.718e-01
It: 640, Loss = 8.649e-01
It: 650, Loss = 8.558e-01
It: 660, Loss = 8.450e-01
It: 670, Loss = 8.327e-01
It: 680, Loss = 8.206e-01
It: 690, Loss = 8.108e-01
It: 700, Loss = 8.041e-01
It: 710, Loss = 7.994e-01
It: 720, Loss = 7.946e-01
It: 730, Loss = 7.900e-01
It: 740, Loss = 7.855e-01
It: 750, Loss = 7.808e-01
It: 760, Loss = 7.760e-01
It: 770, Loss = 7.706e-01
It: 780, Loss = 7.645e-01
It: 790, Loss = 7.574e-01
It: 800, Loss = 7.491e-01
It: 810, Loss = 7.413e-01
It: 820, Loss = 7.296e-01
It: 830, Loss = 7.175e-01
It: 840, Loss = 7.105e-01
It: 850, Loss = 6.945e-01
It: 860, Loss = 6.762e-01
It: 870, Loss = 6.575e-01
It: 880, Loss = 6.352e-01
It: 890, Loss = 6.126e-01
It: 900, Loss = 6.029e-01
It: 910, Loss = 5.782e-01
It: 920, Loss = 5.719e-01
It: 930, Loss = 5.613e-01
It: 940, Loss = 5.552e-01
It: 950, Loss = 5.472e-01
It: 960, Loss = 5.395e-01
It: 970, Loss = 5.430e-01
It: 980, Loss = 5.364e-01
It: 990, Loss = 5.298e-01
G_pred shape (100, 100)
It: 0, Loss = 9.950e-01
It: 10, Loss = 9.946e-01
It: 20, Loss = 9.881e-01
It: 30, Loss = 9.637e-01
It: 40, Loss = 9.500e-01
It: 50, Loss = 9.428e-01
It: 60, Loss = 9.365e-01
It: 70, Loss = 9.303e-01
It: 80, Loss = 9.263e-01
It: 90, Loss = 9.244e-01
It: 100, Loss = 9.237e-01
It: 110, Loss = 9.230e-01
It: 120, Loss = 9.225e-01
It: 130, Loss = 9.221e-01
It: 140, Loss = 9.218e-01
It: 150, Loss = 9.216e-01
It: 160, Loss = 9.213e-01
It: 170, Loss = 9.211e-01
It: 180, Loss = 9.208e-01
It: 190, Loss = 9.205e-01
It: 200, Loss = 9.201e-01
It: 210, Loss = 9.196e-01
It: 220, Loss = 9.190e-01
It: 230, Loss = 9.181e-01
It: 240, Loss = 9.168e-01
It: 250, Loss = 9.147e-01
It: 260, Loss = 9.121e-01
It: 270, Loss = 9.099e-01
It: 280, Loss = 9.090e-01
It: 290, Loss = 9.083e-01
It: 300, Loss = 9.077e-01
It: 310, Loss = 9.071e-01
It: 320, Loss = 9.066e-01
It: 330, Loss = 9.060e-01
It: 340, Loss = 9.054e-01
It: 350, Loss = 9.047e-01
It: 360, Loss = 9.039e-01
It: 370, Loss = 9.031e-01
It: 380, Loss = 9.022e-01
It: 390, Loss = 9.012e-01
It: 400, Loss = 9.001e-01
It: 410, Loss = 8.988e-01
It: 420, Loss = 8.974e-01
It: 430, Loss = 8.957e-01
It: 440, Loss = 8.935e-01
It: 450, Loss = 8.905e-01
It: 460, Loss = 8.863e-01
It: 470, Loss = 8.799e-01
It: 480, Loss = 8.697e-01
It: 490, Loss = 8.526e-01
It: 500, Loss = 8.243e-01
It: 510, Loss = 8.166e-01
It: 520, Loss = 7.992e-01
It: 530, Loss = 7.976e-01
It: 540, Loss = 7.923e-01
It: 550, Loss = 7.884e-01
It: 560, Loss = 7.850e-01
It: 570, Loss = 7.812e-01
It: 580, Loss = 7.769e-01
It: 590, Loss = 7.719e-01
It: 600, Loss = 7.657e-01
It: 610, Loss = 7.581e-01
It: 620, Loss = 7.483e-01
It: 630, Loss = 7.357e-01
It: 640, Loss = 7.187e-01
It: 650, Loss = 7.406e-01
It: 660, Loss = 6.885e-01
It: 670, Loss = 6.508e-01
It: 680, Loss = 6.261e-01
It: 690, Loss = 6.073e-01
It: 700, Loss = 5.947e-01
It: 710, Loss = 5.854e-01
It: 720, Loss = 5.772e-01
It: 730, Loss = 5.940e-01
It: 740, Loss = 5.673e-01
It: 750, Loss = 5.609e-01
It: 760, Loss = 5.559e-01
It: 770, Loss = 5.521e-01
It: 780, Loss = 5.484e-01
It: 790, Loss = 5.468e-01
It: 800, Loss = 5.495e-01
It: 810, Loss = 5.397e-01
It: 820, Loss = 5.386e-01
It: 830, Loss = 5.346e-01
It: 840, Loss = 5.311e-01
It: 850, Loss = 5.278e-01
It: 860, Loss = 5.241e-01
It: 870, Loss = 5.202e-01
It: 880, Loss = 5.158e-01
It: 890, Loss = 5.166e-01
It: 900, Loss = 5.404e-01
It: 910, Loss = 5.063e-01
It: 920, Loss = 4.997e-01
It: 930, Loss = 4.946e-01
It: 940, Loss = 4.870e-01
It: 950, Loss = 4.791e-01
It: 960, Loss = 4.700e-01
It: 970, Loss = 4.594e-01
It: 980, Loss = 4.470e-01
It: 990, Loss = 4.317e-01
G_pred shape (100, 100)
It: 0, Loss = 1.080e+00
It: 10, Loss = 1.011e+00
It: 20, Loss = 1.011e+00
It: 30, Loss = 9.730e-01
It: 40, Loss = 9.619e-01
It: 50, Loss = 9.475e-01
It: 60, Loss = 9.373e-01
It: 70, Loss = 9.282e-01
It: 80, Loss = 9.234e-01
It: 90, Loss = 9.227e-01
It: 100, Loss = 9.226e-01
It: 110, Loss = 9.222e-01
It: 120, Loss = 9.220e-01
It: 130, Loss = 9.218e-01
It: 140, Loss = 9.217e-01
It: 150, Loss = 9.215e-01
It: 160, Loss = 9.214e-01
It: 170, Loss = 9.212e-01
It: 180, Loss = 9.210e-01
It: 190, Loss = 9.209e-01
It: 200, Loss = 9.207e-01
It: 210, Loss = 9.205e-01
It: 220, Loss = 9.203e-01
It: 230, Loss = 9.200e-01
It: 240, Loss = 9.198e-01
It: 250, Loss = 9.195e-01
It: 260, Loss = 9.192e-01
It: 270, Loss = 9.188e-01
It: 280, Loss = 9.184e-01
It: 290, Loss = 9.180e-01
It: 300, Loss = 9.175e-01
It: 310, Loss = 9.172e-01
It: 320, Loss = 9.168e-01
It: 330, Loss = 9.164e-01
It: 340, Loss = 9.160e-01
It: 350, Loss = 9.155e-01
It: 360, Loss = 9.151e-01
It: 370, Loss = 9.146e-01
It: 380, Loss = 9.141e-01
It: 390, Loss = 9.135e-01
It: 400, Loss = 9.129e-01
It: 410, Loss = 9.122e-01
It: 420, Loss = 9.114e-01
It: 430, Loss = 9.105e-01
It: 440, Loss = 9.095e-01
It: 450, Loss = 9.084e-01
It: 460, Loss = 9.072e-01
It: 470, Loss = 9.059e-01
It: 480, Loss = 9.046e-01
It: 490, Loss = 9.032e-01
It: 500, Loss = 9.017e-01
It: 510, Loss = 9.001e-01
It: 520, Loss = 8.981e-01
It: 530, Loss = 8.958e-01
It: 540, Loss = 8.930e-01
It: 550, Loss = 8.892e-01
It: 560, Loss = 8.843e-01
It: 570, Loss = 8.773e-01
It: 580, Loss = 8.675e-01
It: 590, Loss = 8.559e-01
It: 600, Loss = 8.411e-01
It: 610, Loss = 8.234e-01
It: 620, Loss = 8.001e-01
It: 630, Loss = 7.744e-01
It: 640, Loss = 7.572e-01
It: 650, Loss = 7.349e-01
It: 660, Loss = 7.161e-01
It: 670, Loss = 7.078e-01
It: 680, Loss = 6.994e-01
It: 690, Loss = 6.911e-01
It: 700, Loss = 6.817e-01
It: 710, Loss = 6.693e-01
It: 720, Loss = 6.538e-01
It: 730, Loss = 6.302e-01
It: 740, Loss = 6.315e-01
It: 750, Loss = 6.013e-01
It: 760, Loss = 5.717e-01
It: 770, Loss = 5.522e-01
It: 780, Loss = 5.278e-01
It: 790, Loss = 5.029e-01
It: 800, Loss = 4.780e-01
It: 810, Loss = 4.624e-01
It: 820, Loss = 4.652e-01
It: 830, Loss = 4.417e-01
It: 840, Loss = 4.335e-01
It: 850, Loss = 4.245e-01
It: 860, Loss = 4.154e-01
It: 870, Loss = 4.066e-01
It: 880, Loss = 3.974e-01
It: 890, Loss = 3.873e-01
It: 900, Loss = 3.753e-01
It: 910, Loss = 3.605e-01
It: 920, Loss = 3.419e-01
It: 930, Loss = 3.643e-01
It: 940, Loss = 3.097e-01
It: 950, Loss = 2.836e-01
It: 960, Loss = 2.506e-01
It: 970, Loss = 2.423e-01
It: 980, Loss = 2.073e-01
It: 990, Loss = 1.623e-01
G_pred shape (100, 100)
It: 0, Loss = 4.375e+00
It: 10, Loss = 1.649e+00
It: 20, Loss = 1.071e+00
It: 30, Loss = 9.817e-01
It: 40, Loss = 9.961e-01
It: 50, Loss = 9.727e-01
It: 60, Loss = 9.680e-01
It: 70, Loss = 9.663e-01
It: 80, Loss = 9.633e-01
It: 90, Loss = 9.604e-01
It: 100, Loss = 9.575e-01
It: 110, Loss = 9.542e-01
It: 120, Loss = 9.507e-01
It: 130, Loss = 9.470e-01
It: 140, Loss = 9.437e-01
It: 150, Loss = 9.411e-01
It: 160, Loss = 9.396e-01
It: 170, Loss = 9.389e-01
It: 180, Loss = 9.387e-01
It: 190, Loss = 9.385e-01
It: 200, Loss = 9.383e-01
It: 210, Loss = 9.381e-01
It: 220, Loss = 9.380e-01
It: 230, Loss = 9.379e-01
It: 240, Loss = 9.378e-01
It: 250, Loss = 9.376e-01
It: 260, Loss = 9.375e-01
It: 270, Loss = 9.374e-01
It: 280, Loss = 9.373e-01
It: 290, Loss = 9.372e-01
It: 300, Loss = 9.371e-01
It: 310, Loss = 9.369e-01
It: 320, Loss = 9.368e-01
It: 330, Loss = 9.367e-01
It: 340, Loss = 9.365e-01
It: 350, Loss = 9.364e-01
It: 360, Loss = 9.362e-01
It: 370, Loss = 9.360e-01
It: 380, Loss = 9.358e-01
It: 390, Loss = 9.356e-01
It: 400, Loss = 9.354e-01
It: 410, Loss = 9.351e-01
It: 420, Loss = 9.348e-01
It: 430, Loss = 9.344e-01
It: 440, Loss = 9.340e-01
It: 450, Loss = 9.335e-01
It: 460, Loss = 9.330e-01
It: 470, Loss = 9.323e-01
It: 480, Loss = 9.315e-01
It: 490, Loss = 9.306e-01
It: 500, Loss = 9.295e-01
It: 510, Loss = 9.281e-01
It: 520, Loss = 9.264e-01
It: 530, Loss = 9.242e-01
It: 540, Loss = 9.214e-01
It: 550, Loss = 9.177e-01
It: 560, Loss = 9.126e-01
It: 570, Loss = 9.062e-01
It: 580, Loss = 8.986e-01
It: 590, Loss = 8.891e-01
It: 600, Loss = 8.788e-01
It: 610, Loss = 8.696e-01
It: 620, Loss = 8.620e-01
It: 630, Loss = 8.552e-01
It: 640, Loss = 8.482e-01
It: 650, Loss = 8.405e-01
It: 660, Loss = 8.323e-01
It: 670, Loss = 8.240e-01
It: 680, Loss = 8.158e-01
It: 690, Loss = 8.079e-01
It: 700, Loss = 8.001e-01
It: 710, Loss = 7.928e-01
It: 720, Loss = 7.810e-01
It: 730, Loss = 7.625e-01
It: 740, Loss = 7.370e-01
It: 750, Loss = 7.060e-01
It: 760, Loss = 6.719e-01
It: 770, Loss = 6.572e-01
It: 780, Loss = 6.513e-01
It: 790, Loss = 6.412e-01
It: 800, Loss = 6.351e-01
It: 810, Loss = 6.288e-01
It: 820, Loss = 6.286e-01
It: 830, Loss = 6.191e-01
It: 840, Loss = 6.141e-01
It: 850, Loss = 6.104e-01
It: 860, Loss = 6.078e-01
It: 870, Loss = 6.017e-01
It: 880, Loss = 5.968e-01
It: 890, Loss = 6.042e-01
It: 900, Loss = 5.932e-01
It: 910, Loss = 5.865e-01
It: 920, Loss = 5.838e-01
It: 930, Loss = 5.787e-01
It: 940, Loss = 5.851e-01
It: 950, Loss = 5.756e-01
It: 960, Loss = 5.716e-01
It: 970, Loss = 5.675e-01
It: 980, Loss = 5.639e-01
It: 990, Loss = 5.605e-01
G_pred shape (100, 100)
It: 0, Loss = 1.328e+00
It: 10, Loss = 9.876e-01
It: 20, Loss = 9.635e-01
It: 30, Loss = 9.383e-01
It: 40, Loss = 9.220e-01
It: 50, Loss = 9.146e-01
It: 60, Loss = 9.110e-01
It: 70, Loss = 9.103e-01
It: 80, Loss = 9.093e-01
It: 90, Loss = 9.089e-01
It: 100, Loss = 9.085e-01
It: 110, Loss = 9.082e-01
It: 120, Loss = 9.080e-01
It: 130, Loss = 9.077e-01
It: 140, Loss = 9.075e-01
It: 150, Loss = 9.073e-01
It: 160, Loss = 9.071e-01
It: 170, Loss = 9.069e-01
It: 180, Loss = 9.067e-01
It: 190, Loss = 9.064e-01
It: 200, Loss = 9.062e-01
It: 210, Loss = 9.059e-01
It: 220, Loss = 9.057e-01
It: 230, Loss = 9.054e-01
It: 240, Loss = 9.050e-01
It: 250, Loss = 9.047e-01
It: 260, Loss = 9.043e-01
It: 270, Loss = 9.039e-01
It: 280, Loss = 9.035e-01
It: 290, Loss = 9.030e-01
It: 300, Loss = 9.025e-01
It: 310, Loss = 9.019e-01
It: 320, Loss = 9.013e-01
It: 330, Loss = 9.005e-01
It: 340, Loss = 8.996e-01
It: 350, Loss = 8.986e-01
It: 360, Loss = 8.974e-01
It: 370, Loss = 8.958e-01
It: 380, Loss = 8.938e-01
It: 390, Loss = 8.911e-01
It: 400, Loss = 8.874e-01
It: 410, Loss = 8.819e-01
It: 420, Loss = 8.768e-01
It: 430, Loss = 8.773e-01
It: 440, Loss = 8.614e-01
It: 450, Loss = 8.459e-01
It: 460, Loss = 8.222e-01
It: 470, Loss = 8.052e-01
It: 480, Loss = 7.956e-01
It: 490, Loss = 7.872e-01
It: 500, Loss = 7.787e-01
It: 510, Loss = 7.702e-01
It: 520, Loss = 7.614e-01
It: 530, Loss = 7.524e-01
It: 540, Loss = 7.364e-01
It: 550, Loss = 7.109e-01
It: 560, Loss = 6.869e-01
It: 570, Loss = 6.841e-01
It: 580, Loss = 6.514e-01
It: 590, Loss = 6.301e-01
It: 600, Loss = 6.134e-01
It: 610, Loss = 5.974e-01
It: 620, Loss = 5.971e-01
It: 630, Loss = 5.728e-01
It: 640, Loss = 5.611e-01
It: 650, Loss = 5.537e-01
It: 660, Loss = 5.393e-01
It: 670, Loss = 5.742e-01
It: 680, Loss = 5.367e-01
It: 690, Loss = 5.190e-01
It: 700, Loss = 5.049e-01
It: 710, Loss = 4.975e-01
It: 720, Loss = 4.869e-01
It: 730, Loss = 4.761e-01
It: 740, Loss = 4.671e-01
It: 750, Loss = 5.027e-01
It: 760, Loss = 4.777e-01
It: 770, Loss = 4.541e-01
It: 780, Loss = 4.493e-01
It: 790, Loss = 4.418e-01
It: 800, Loss = 4.342e-01
It: 810, Loss = 4.263e-01
It: 820, Loss = 4.170e-01
It: 830, Loss = 4.060e-01
It: 840, Loss = 3.926e-01
It: 850, Loss = 3.759e-01
It: 860, Loss = 4.384e-01
It: 870, Loss = 3.407e-01
It: 880, Loss = 3.118e-01
It: 890, Loss = 2.826e-01
It: 900, Loss = 2.448e-01
It: 910, Loss = 2.515e-01
It: 920, Loss = 1.997e-01
It: 930, Loss = 1.736e-01
It: 940, Loss = 1.421e-01
It: 950, Loss = 1.876e-01
It: 960, Loss = 1.534e-01
It: 970, Loss = 1.128e-01
It: 980, Loss = 1.020e-01
It: 990, Loss = 8.573e-02
G_pred shape (100, 100)
