Using TensorFlow 2 backend.

N_train =  20
It: 0, Loss = 1.911e+00
It: 10, Loss = 1.019e+00
It: 20, Loss = 9.783e-01
It: 30, Loss = 9.722e-01
It: 40, Loss = 9.610e-01
It: 50, Loss = 9.471e-01
It: 60, Loss = 9.336e-01
It: 70, Loss = 9.195e-01
It: 80, Loss = 9.033e-01
It: 90, Loss = 8.855e-01
It: 100, Loss = 8.721e-01
It: 110, Loss = 8.660e-01
It: 120, Loss = 8.629e-01
It: 130, Loss = 8.623e-01
It: 140, Loss = 8.616e-01
It: 150, Loss = 8.610e-01
It: 160, Loss = 8.605e-01
It: 170, Loss = 8.601e-01
It: 180, Loss = 8.598e-01
It: 190, Loss = 8.594e-01
It: 200, Loss = 8.591e-01
It: 210, Loss = 8.588e-01
It: 220, Loss = 8.584e-01
It: 230, Loss = 8.580e-01
It: 240, Loss = 8.575e-01
It: 250, Loss = 8.570e-01
It: 260, Loss = 8.563e-01
It: 270, Loss = 8.555e-01
It: 280, Loss = 8.543e-01
It: 290, Loss = 8.523e-01
It: 300, Loss = 8.484e-01
It: 310, Loss = 8.398e-01
It: 320, Loss = 8.266e-01
It: 330, Loss = 8.227e-01
It: 340, Loss = 8.178e-01
It: 350, Loss = 8.146e-01
It: 360, Loss = 8.127e-01
It: 370, Loss = 8.106e-01
It: 380, Loss = 8.093e-01
It: 390, Loss = 8.079e-01
It: 400, Loss = 8.065e-01
It: 410, Loss = 8.050e-01
It: 420, Loss = 8.036e-01
It: 430, Loss = 8.022e-01
It: 440, Loss = 8.008e-01
It: 450, Loss = 7.994e-01
It: 460, Loss = 7.991e-01
It: 470, Loss = 7.968e-01
It: 480, Loss = 7.955e-01
It: 490, Loss = 7.940e-01
It: 500, Loss = 7.926e-01
It: 510, Loss = 7.909e-01
It: 520, Loss = 7.891e-01
It: 530, Loss = 7.871e-01
It: 540, Loss = 7.891e-01
It: 550, Loss = 7.834e-01
It: 560, Loss = 7.809e-01
It: 570, Loss = 7.782e-01
It: 580, Loss = 7.758e-01
It: 590, Loss = 7.734e-01
It: 600, Loss = 7.707e-01
It: 610, Loss = 7.677e-01
It: 620, Loss = 7.641e-01
It: 630, Loss = 7.598e-01
It: 640, Loss = 7.547e-01
It: 650, Loss = 7.486e-01
It: 660, Loss = 7.417e-01
It: 670, Loss = 7.339e-01
It: 680, Loss = 7.268e-01
It: 690, Loss = 7.191e-01
It: 700, Loss = 7.134e-01
It: 710, Loss = 7.083e-01
It: 720, Loss = 7.031e-01
It: 730, Loss = 6.985e-01
It: 740, Loss = 6.910e-01
It: 750, Loss = 6.840e-01
It: 760, Loss = 6.780e-01
It: 770, Loss = 6.743e-01
It: 780, Loss = 6.654e-01
It: 790, Loss = 6.591e-01
It: 800, Loss = 6.574e-01
It: 810, Loss = 6.452e-01
It: 820, Loss = 6.384e-01
It: 830, Loss = 6.276e-01
It: 840, Loss = 6.185e-01
It: 850, Loss = 6.080e-01
It: 860, Loss = 5.937e-01
It: 870, Loss = 5.952e-01
It: 880, Loss = 5.652e-01
It: 890, Loss = 5.500e-01
It: 900, Loss = 5.355e-01
It: 910, Loss = 5.276e-01
It: 920, Loss = 5.021e-01
It: 930, Loss = 4.867e-01
It: 940, Loss = 4.734e-01
It: 950, Loss = 4.583e-01
It: 960, Loss = 4.484e-01
It: 970, Loss = 4.861e-01
It: 980, Loss = 4.503e-01
It: 990, Loss = 4.261e-01
G_pred shape (100, 100)
It: 0, Loss = 1.299e+00
It: 10, Loss = 1.139e+00
It: 20, Loss = 9.794e-01
It: 30, Loss = 9.579e-01
It: 40, Loss = 9.528e-01
It: 50, Loss = 9.365e-01
It: 60, Loss = 9.293e-01
It: 70, Loss = 9.228e-01
It: 80, Loss = 9.202e-01
It: 90, Loss = 9.196e-01
It: 100, Loss = 9.190e-01
It: 110, Loss = 9.184e-01
It: 120, Loss = 9.180e-01
It: 130, Loss = 9.176e-01
It: 140, Loss = 9.172e-01
It: 150, Loss = 9.167e-01
It: 160, Loss = 9.162e-01
It: 170, Loss = 9.157e-01
It: 180, Loss = 9.151e-01
It: 190, Loss = 9.143e-01
It: 200, Loss = 9.135e-01
It: 210, Loss = 9.125e-01
It: 220, Loss = 9.114e-01
It: 230, Loss = 9.101e-01
It: 240, Loss = 9.086e-01
It: 250, Loss = 9.070e-01
It: 260, Loss = 9.054e-01
It: 270, Loss = 9.038e-01
It: 280, Loss = 9.025e-01
It: 290, Loss = 9.014e-01
It: 300, Loss = 9.006e-01
It: 310, Loss = 8.999e-01
It: 320, Loss = 8.993e-01
It: 330, Loss = 8.986e-01
It: 340, Loss = 8.979e-01
It: 350, Loss = 8.971e-01
It: 360, Loss = 8.960e-01
It: 370, Loss = 8.946e-01
It: 380, Loss = 8.939e-01
It: 390, Loss = 8.909e-01
It: 400, Loss = 8.886e-01
It: 410, Loss = 8.857e-01
It: 420, Loss = 8.811e-01
It: 430, Loss = 8.922e-01
It: 440, Loss = 8.818e-01
It: 450, Loss = 8.674e-01
It: 460, Loss = 8.553e-01
It: 470, Loss = 8.426e-01
It: 480, Loss = 8.270e-01
It: 490, Loss = 8.147e-01
It: 500, Loss = 8.120e-01
It: 510, Loss = 7.956e-01
It: 520, Loss = 7.878e-01
It: 530, Loss = 7.802e-01
It: 540, Loss = 7.726e-01
It: 550, Loss = 7.642e-01
It: 560, Loss = 7.563e-01
It: 570, Loss = 7.521e-01
It: 580, Loss = 7.507e-01
It: 590, Loss = 7.410e-01
It: 600, Loss = 7.362e-01
It: 610, Loss = 7.305e-01
It: 620, Loss = 7.230e-01
It: 630, Loss = 7.151e-01
It: 640, Loss = 7.058e-01
It: 650, Loss = 7.012e-01
It: 660, Loss = 6.903e-01
It: 670, Loss = 6.887e-01
It: 680, Loss = 6.776e-01
It: 690, Loss = 6.720e-01
It: 700, Loss = 6.691e-01
It: 710, Loss = 6.660e-01
It: 720, Loss = 6.631e-01
It: 730, Loss = 6.602e-01
It: 740, Loss = 6.570e-01
It: 750, Loss = 6.534e-01
It: 760, Loss = 6.491e-01
It: 770, Loss = 6.437e-01
It: 780, Loss = 6.370e-01
It: 790, Loss = 6.281e-01
It: 800, Loss = 6.159e-01
It: 810, Loss = 6.515e-01
It: 820, Loss = 6.064e-01
It: 830, Loss = 5.770e-01
It: 840, Loss = 5.533e-01
It: 850, Loss = 5.307e-01
It: 860, Loss = 5.087e-01
It: 870, Loss = 5.034e-01
It: 880, Loss = 4.671e-01
It: 890, Loss = 4.463e-01
It: 900, Loss = 4.240e-01
It: 910, Loss = 4.146e-01
It: 920, Loss = 3.930e-01
It: 930, Loss = 3.681e-01
It: 940, Loss = 3.572e-01
It: 950, Loss = 3.444e-01
It: 960, Loss = 3.336e-01
It: 970, Loss = 3.342e-01
It: 980, Loss = 3.367e-01
It: 990, Loss = 3.096e-01
G_pred shape (100, 100)
It: 0, Loss = 2.483e+00
It: 10, Loss = 1.024e+00
It: 20, Loss = 1.017e+00
It: 30, Loss = 9.973e-01
It: 40, Loss = 9.780e-01
It: 50, Loss = 9.705e-01
It: 60, Loss = 9.663e-01
It: 70, Loss = 9.625e-01
It: 80, Loss = 9.589e-01
It: 90, Loss = 9.554e-01
It: 100, Loss = 9.522e-01
It: 110, Loss = 9.495e-01
It: 120, Loss = 9.475e-01
It: 130, Loss = 9.462e-01
It: 140, Loss = 9.454e-01
It: 150, Loss = 9.449e-01
It: 160, Loss = 9.444e-01
It: 170, Loss = 9.440e-01
It: 180, Loss = 9.435e-01
It: 190, Loss = 9.430e-01
It: 200, Loss = 9.426e-01
It: 210, Loss = 9.421e-01
It: 220, Loss = 9.416e-01
It: 230, Loss = 9.410e-01
It: 240, Loss = 9.404e-01
It: 250, Loss = 9.398e-01
It: 260, Loss = 9.390e-01
It: 270, Loss = 9.383e-01
It: 280, Loss = 9.374e-01
It: 290, Loss = 9.364e-01
It: 300, Loss = 9.353e-01
It: 310, Loss = 9.340e-01
It: 320, Loss = 9.326e-01
It: 330, Loss = 9.310e-01
It: 340, Loss = 9.293e-01
It: 350, Loss = 9.275e-01
It: 360, Loss = 9.258e-01
It: 370, Loss = 9.245e-01
It: 380, Loss = 9.235e-01
It: 390, Loss = 9.224e-01
It: 400, Loss = 9.209e-01
It: 410, Loss = 9.184e-01
It: 420, Loss = 9.142e-01
It: 430, Loss = 9.062e-01
It: 440, Loss = 8.908e-01
It: 450, Loss = 8.624e-01
It: 460, Loss = 8.357e-01
It: 470, Loss = 7.926e-01
It: 480, Loss = 7.574e-01
It: 490, Loss = 7.439e-01
It: 500, Loss = 7.280e-01
It: 510, Loss = 7.214e-01
It: 520, Loss = 7.177e-01
It: 530, Loss = 7.141e-01
It: 540, Loss = 7.109e-01
It: 550, Loss = 7.075e-01
It: 560, Loss = 7.039e-01
It: 570, Loss = 6.990e-01
It: 580, Loss = 6.935e-01
It: 590, Loss = 6.866e-01
It: 600, Loss = 7.023e-01
It: 610, Loss = 6.709e-01
It: 620, Loss = 6.637e-01
It: 630, Loss = 6.523e-01
It: 640, Loss = 6.376e-01
It: 650, Loss = 6.229e-01
It: 660, Loss = 6.159e-01
It: 670, Loss = 6.023e-01
It: 680, Loss = 5.934e-01
It: 690, Loss = 5.961e-01
It: 700, Loss = 5.635e-01
It: 710, Loss = 5.549e-01
It: 720, Loss = 5.441e-01
It: 730, Loss = 5.459e-01
It: 740, Loss = 5.387e-01
It: 750, Loss = 5.210e-01
It: 760, Loss = 5.158e-01
It: 770, Loss = 5.226e-01
It: 780, Loss = 5.077e-01
It: 790, Loss = 5.083e-01
It: 800, Loss = 5.013e-01
It: 810, Loss = 4.975e-01
It: 820, Loss = 5.108e-01
It: 830, Loss = 4.920e-01
It: 840, Loss = 4.885e-01
It: 850, Loss = 4.852e-01
It: 860, Loss = 4.842e-01
It: 870, Loss = 5.084e-01
It: 880, Loss = 4.799e-01
It: 890, Loss = 4.765e-01
It: 900, Loss = 4.750e-01
It: 910, Loss = 4.719e-01
It: 920, Loss = 4.979e-01
It: 930, Loss = 4.729e-01
It: 940, Loss = 4.647e-01
It: 950, Loss = 4.626e-01
It: 960, Loss = 4.593e-01
It: 970, Loss = 4.562e-01
It: 980, Loss = 4.662e-01
It: 990, Loss = 4.616e-01
G_pred shape (100, 100)
It: 0, Loss = 1.146e+00
It: 10, Loss = 9.993e-01
It: 20, Loss = 9.847e-01
It: 30, Loss = 9.749e-01
It: 40, Loss = 9.704e-01
It: 50, Loss = 9.688e-01
It: 60, Loss = 9.674e-01
It: 70, Loss = 9.661e-01
It: 80, Loss = 9.649e-01
It: 90, Loss = 9.637e-01
It: 100, Loss = 9.624e-01
It: 110, Loss = 9.610e-01
It: 120, Loss = 9.596e-01
It: 130, Loss = 9.581e-01
It: 140, Loss = 9.564e-01
It: 150, Loss = 9.545e-01
It: 160, Loss = 9.524e-01
It: 170, Loss = 9.499e-01
It: 180, Loss = 9.473e-01
It: 190, Loss = 9.447e-01
It: 200, Loss = 9.424e-01
It: 210, Loss = 9.404e-01
It: 220, Loss = 9.384e-01
It: 230, Loss = 9.360e-01
It: 240, Loss = 9.332e-01
It: 250, Loss = 9.295e-01
It: 260, Loss = 9.243e-01
It: 270, Loss = 9.267e-01
It: 280, Loss = 9.115e-01
It: 290, Loss = 8.961e-01
It: 300, Loss = 8.808e-01
It: 310, Loss = 8.678e-01
It: 320, Loss = 8.550e-01
It: 330, Loss = 8.461e-01
It: 340, Loss = 8.364e-01
It: 350, Loss = 8.238e-01
It: 360, Loss = 8.146e-01
It: 370, Loss = 7.890e-01
It: 380, Loss = 7.585e-01
It: 390, Loss = 7.202e-01
It: 400, Loss = 6.915e-01
It: 410, Loss = 6.486e-01
It: 420, Loss = 6.021e-01
It: 430, Loss = 5.793e-01
It: 440, Loss = 5.551e-01
It: 450, Loss = 5.375e-01
It: 460, Loss = 5.236e-01
It: 470, Loss = 5.125e-01
It: 480, Loss = 5.098e-01
It: 490, Loss = 5.006e-01
It: 500, Loss = 4.900e-01
It: 510, Loss = 4.803e-01
It: 520, Loss = 4.762e-01
It: 530, Loss = 4.671e-01
It: 540, Loss = 4.597e-01
It: 550, Loss = 4.528e-01
It: 560, Loss = 4.435e-01
It: 570, Loss = 4.356e-01
It: 580, Loss = 4.970e-01
It: 590, Loss = 4.248e-01
It: 600, Loss = 4.189e-01
It: 610, Loss = 4.127e-01
It: 620, Loss = 4.016e-01
It: 630, Loss = 3.917e-01
It: 640, Loss = 3.798e-01
It: 650, Loss = 3.713e-01
It: 660, Loss = 3.597e-01
It: 670, Loss = 3.532e-01
It: 680, Loss = 3.301e-01
It: 690, Loss = 3.122e-01
It: 700, Loss = 2.907e-01
It: 710, Loss = 2.715e-01
It: 720, Loss = 2.611e-01
It: 730, Loss = 2.434e-01
It: 740, Loss = 1.994e-01
It: 750, Loss = 1.589e-01
It: 760, Loss = 1.381e-01
It: 770, Loss = 1.277e-01
It: 780, Loss = 1.115e-01
It: 790, Loss = 1.001e-01
It: 800, Loss = 9.058e-02
It: 810, Loss = 8.556e-02
It: 820, Loss = 7.907e-02
It: 830, Loss = 7.089e-02
It: 840, Loss = 6.343e-02
It: 850, Loss = 5.853e-02
It: 860, Loss = 9.470e-02
It: 870, Loss = 6.489e-02
It: 880, Loss = 5.429e-02
It: 890, Loss = 4.770e-02
It: 900, Loss = 4.486e-02
It: 910, Loss = 4.234e-02
It: 920, Loss = 4.109e-02
It: 930, Loss = 6.166e-02
It: 940, Loss = 4.588e-02
It: 950, Loss = 4.060e-02
It: 960, Loss = 3.518e-02
It: 970, Loss = 3.378e-02
It: 980, Loss = 3.245e-02
It: 990, Loss = 3.122e-02
G_pred shape (100, 100)
It: 0, Loss = 4.532e+00
It: 10, Loss = 1.549e+00
It: 20, Loss = 1.200e+00
It: 30, Loss = 9.821e-01
It: 40, Loss = 9.686e-01
It: 50, Loss = 9.694e-01
It: 60, Loss = 9.596e-01
It: 70, Loss = 9.511e-01
It: 80, Loss = 9.428e-01
It: 90, Loss = 9.352e-01
It: 100, Loss = 9.332e-01
It: 110, Loss = 9.307e-01
It: 120, Loss = 9.289e-01
It: 130, Loss = 9.270e-01
It: 140, Loss = 9.254e-01
It: 150, Loss = 9.239e-01
It: 160, Loss = 9.225e-01
It: 170, Loss = 9.214e-01
It: 180, Loss = 9.204e-01
It: 190, Loss = 9.196e-01
It: 200, Loss = 9.189e-01
It: 210, Loss = 9.184e-01
It: 220, Loss = 9.179e-01
It: 230, Loss = 9.174e-01
It: 240, Loss = 9.169e-01
It: 250, Loss = 9.164e-01
It: 260, Loss = 9.159e-01
It: 270, Loss = 9.154e-01
It: 280, Loss = 9.148e-01
It: 290, Loss = 9.141e-01
It: 300, Loss = 9.135e-01
It: 310, Loss = 9.127e-01
It: 320, Loss = 9.118e-01
It: 330, Loss = 9.109e-01
It: 340, Loss = 9.096e-01
It: 350, Loss = 9.077e-01
It: 360, Loss = 9.039e-01
It: 370, Loss = 8.947e-01
It: 380, Loss = 8.831e-01
It: 390, Loss = 8.712e-01
It: 400, Loss = 8.541e-01
It: 410, Loss = 8.258e-01
It: 420, Loss = 8.032e-01
It: 430, Loss = 7.938e-01
It: 440, Loss = 7.911e-01
It: 450, Loss = 7.900e-01
It: 460, Loss = 7.891e-01
It: 470, Loss = 7.884e-01
It: 480, Loss = 7.879e-01
It: 490, Loss = 7.874e-01
It: 500, Loss = 7.870e-01
It: 510, Loss = 7.866e-01
It: 520, Loss = 7.862e-01
It: 530, Loss = 7.857e-01
It: 540, Loss = 7.853e-01
It: 550, Loss = 7.847e-01
It: 560, Loss = 7.842e-01
It: 570, Loss = 7.835e-01
It: 580, Loss = 7.827e-01
It: 590, Loss = 7.819e-01
It: 600, Loss = 7.808e-01
It: 610, Loss = 7.792e-01
It: 620, Loss = 7.772e-01
It: 630, Loss = 7.746e-01
It: 640, Loss = 7.711e-01
It: 650, Loss = 7.660e-01
It: 660, Loss = 7.575e-01
It: 670, Loss = 7.383e-01
It: 680, Loss = 6.877e-01
It: 690, Loss = 6.529e-01
It: 700, Loss = 6.390e-01
It: 710, Loss = 6.204e-01
It: 720, Loss = 6.076e-01
It: 730, Loss = 5.989e-01
It: 740, Loss = 5.912e-01
It: 750, Loss = 5.839e-01
It: 760, Loss = 5.773e-01
It: 770, Loss = 5.714e-01
It: 780, Loss = 5.665e-01
It: 790, Loss = 5.625e-01
It: 800, Loss = 5.594e-01
It: 810, Loss = 5.568e-01
It: 820, Loss = 5.665e-01
It: 830, Loss = 5.547e-01
It: 840, Loss = 5.504e-01
It: 850, Loss = 5.482e-01
It: 860, Loss = 5.457e-01
It: 870, Loss = 5.432e-01
It: 880, Loss = 5.403e-01
It: 890, Loss = 5.372e-01
It: 900, Loss = 5.337e-01
It: 910, Loss = 5.298e-01
It: 920, Loss = 5.954e-01
It: 930, Loss = 5.243e-01
It: 940, Loss = 5.191e-01
It: 950, Loss = 5.147e-01
It: 960, Loss = 5.093e-01
It: 970, Loss = 5.041e-01
It: 980, Loss = 4.985e-01
It: 990, Loss = 4.929e-01
G_pred shape (100, 100)
