Using TensorFlow 2 backend.

N_train =  5
It: 0, Loss = 1.559e+00
It: 10, Loss = 1.063e+00
It: 20, Loss = 1.009e+00
It: 30, Loss = 9.840e-01
It: 40, Loss = 9.681e-01
It: 50, Loss = 9.544e-01
It: 60, Loss = 9.399e-01
It: 70, Loss = 9.263e-01
It: 80, Loss = 9.136e-01
It: 90, Loss = 9.043e-01
It: 100, Loss = 8.999e-01
It: 110, Loss = 8.979e-01
It: 120, Loss = 8.961e-01
It: 130, Loss = 8.945e-01
It: 140, Loss = 8.933e-01
It: 150, Loss = 8.924e-01
It: 160, Loss = 8.915e-01
It: 170, Loss = 8.908e-01
It: 180, Loss = 8.901e-01
It: 190, Loss = 8.894e-01
It: 200, Loss = 8.888e-01
It: 210, Loss = 8.881e-01
It: 220, Loss = 8.874e-01
It: 230, Loss = 8.867e-01
It: 240, Loss = 8.859e-01
It: 250, Loss = 8.851e-01
It: 260, Loss = 8.842e-01
It: 270, Loss = 8.831e-01
It: 280, Loss = 8.819e-01
It: 290, Loss = 8.805e-01
It: 300, Loss = 8.786e-01
It: 310, Loss = 8.759e-01
It: 320, Loss = 8.718e-01
It: 330, Loss = 8.649e-01
It: 340, Loss = 8.555e-01
It: 350, Loss = 8.477e-01
It: 360, Loss = 8.442e-01
It: 370, Loss = 8.397e-01
It: 380, Loss = 8.355e-01
It: 390, Loss = 8.309e-01
It: 400, Loss = 8.255e-01
It: 410, Loss = 8.183e-01
It: 420, Loss = 8.122e-01
It: 430, Loss = 7.954e-01
It: 440, Loss = 7.840e-01
It: 450, Loss = 7.724e-01
It: 460, Loss = 7.597e-01
It: 470, Loss = 7.401e-01
It: 480, Loss = 6.965e-01
It: 490, Loss = 6.434e-01
It: 500, Loss = 5.730e-01
It: 510, Loss = 5.148e-01
It: 520, Loss = 4.643e-01
It: 530, Loss = 4.386e-01
It: 540, Loss = 4.025e-01
It: 550, Loss = 3.870e-01
It: 560, Loss = 3.593e-01
It: 570, Loss = 3.441e-01
It: 580, Loss = 3.037e-01
It: 590, Loss = 2.945e-01
It: 600, Loss = 2.579e-01
It: 610, Loss = 3.240e-01
It: 620, Loss = 2.622e-01
It: 630, Loss = 2.351e-01
It: 640, Loss = 2.164e-01
It: 650, Loss = 2.065e-01
It: 660, Loss = 1.982e-01
It: 670, Loss = 1.917e-01
It: 680, Loss = 1.850e-01
It: 690, Loss = 1.810e-01
It: 700, Loss = 2.403e-01
It: 710, Loss = 1.887e-01
It: 720, Loss = 1.732e-01
It: 730, Loss = 1.628e-01
It: 740, Loss = 1.559e-01
It: 750, Loss = 1.477e-01
It: 760, Loss = 1.390e-01
It: 770, Loss = 1.306e-01
It: 780, Loss = 2.334e-01
It: 790, Loss = 1.334e-01
It: 800, Loss = 1.124e-01
It: 810, Loss = 9.681e-02
It: 820, Loss = 9.371e-02
It: 830, Loss = 8.513e-02
It: 840, Loss = 7.364e-02
It: 850, Loss = 5.543e-02
It: 860, Loss = 1.271e-01
It: 870, Loss = 8.921e-02
It: 880, Loss = 5.795e-02
It: 890, Loss = 3.521e-02
It: 900, Loss = 3.281e-02
It: 910, Loss = 2.685e-02
It: 920, Loss = 4.183e-02
It: 930, Loss = 2.449e-02
It: 940, Loss = 2.572e-02
It: 950, Loss = 1.912e-02
It: 960, Loss = 1.524e-02
It: 970, Loss = 1.381e-02
It: 980, Loss = 1.258e-02
It: 990, Loss = 1.150e-02
G_pred shape (100, 100)
It: 0, Loss = 1.485e+00
It: 10, Loss = 1.120e+00
It: 20, Loss = 1.005e+00
It: 30, Loss = 9.213e-01
It: 40, Loss = 8.685e-01
It: 50, Loss = 8.297e-01
It: 60, Loss = 8.005e-01
It: 70, Loss = 7.738e-01
It: 80, Loss = 7.551e-01
It: 90, Loss = 7.423e-01
It: 100, Loss = 7.338e-01
It: 110, Loss = 7.296e-01
It: 120, Loss = 7.275e-01
It: 130, Loss = 7.259e-01
It: 140, Loss = 7.243e-01
It: 150, Loss = 7.229e-01
It: 160, Loss = 7.215e-01
It: 170, Loss = 7.200e-01
It: 180, Loss = 7.184e-01
It: 190, Loss = 7.167e-01
It: 200, Loss = 7.148e-01
It: 210, Loss = 7.127e-01
It: 220, Loss = 7.104e-01
It: 230, Loss = 7.077e-01
It: 240, Loss = 7.048e-01
It: 250, Loss = 7.014e-01
It: 260, Loss = 6.976e-01
It: 270, Loss = 6.933e-01
It: 280, Loss = 6.885e-01
It: 290, Loss = 6.830e-01
It: 300, Loss = 6.769e-01
It: 310, Loss = 6.698e-01
It: 320, Loss = 6.613e-01
It: 330, Loss = 6.504e-01
It: 340, Loss = 6.372e-01
It: 350, Loss = 6.251e-01
It: 360, Loss = 6.136e-01
It: 370, Loss = 6.003e-01
It: 380, Loss = 5.837e-01
It: 390, Loss = 5.621e-01
It: 400, Loss = 5.333e-01
It: 410, Loss = 4.953e-01
It: 420, Loss = 4.532e-01
It: 430, Loss = 4.510e-01
It: 440, Loss = 4.035e-01
It: 450, Loss = 3.797e-01
It: 460, Loss = 3.635e-01
It: 470, Loss = 3.532e-01
It: 480, Loss = 3.542e-01
It: 490, Loss = 3.402e-01
It: 500, Loss = 3.360e-01
It: 510, Loss = 3.297e-01
It: 520, Loss = 3.254e-01
It: 530, Loss = 3.214e-01
It: 540, Loss = 3.264e-01
It: 550, Loss = 3.159e-01
It: 560, Loss = 3.117e-01
It: 570, Loss = 3.089e-01
It: 580, Loss = 3.072e-01
It: 590, Loss = 3.066e-01
It: 600, Loss = 3.008e-01
It: 610, Loss = 3.011e-01
It: 620, Loss = 2.950e-01
It: 630, Loss = 2.963e-01
It: 640, Loss = 2.891e-01
It: 650, Loss = 2.855e-01
It: 660, Loss = 2.858e-01
It: 670, Loss = 2.790e-01
It: 680, Loss = 2.767e-01
It: 690, Loss = 2.707e-01
It: 700, Loss = 2.742e-01
It: 710, Loss = 2.690e-01
It: 720, Loss = 2.552e-01
It: 730, Loss = 2.477e-01
It: 740, Loss = 2.713e-01
It: 750, Loss = 2.320e-01
It: 760, Loss = 2.391e-01
It: 770, Loss = 2.191e-01
It: 780, Loss = 2.107e-01
It: 790, Loss = 2.067e-01
It: 800, Loss = 1.962e-01
It: 810, Loss = 1.840e-01
It: 820, Loss = 1.673e-01
It: 830, Loss = 1.551e-01
It: 840, Loss = 1.454e-01
It: 850, Loss = 1.871e-01
It: 860, Loss = 1.428e-01
It: 870, Loss = 1.307e-01
It: 880, Loss = 1.138e-01
It: 890, Loss = 1.057e-01
It: 900, Loss = 9.587e-02
It: 910, Loss = 9.058e-02
It: 920, Loss = 1.273e-01
It: 930, Loss = 7.568e-02
It: 940, Loss = 7.756e-02
It: 950, Loss = 6.515e-02
It: 960, Loss = 8.791e-02
It: 970, Loss = 8.823e-02
It: 980, Loss = 6.179e-02
It: 990, Loss = 5.179e-02
G_pred shape (100, 100)
It: 0, Loss = 1.289e+00
It: 10, Loss = 9.454e-01
It: 20, Loss = 9.334e-01
It: 30, Loss = 9.247e-01
It: 40, Loss = 9.183e-01
It: 50, Loss = 9.142e-01
It: 60, Loss = 9.113e-01
It: 70, Loss = 9.090e-01
It: 80, Loss = 9.064e-01
It: 90, Loss = 9.044e-01
It: 100, Loss = 9.026e-01
It: 110, Loss = 9.005e-01
It: 120, Loss = 8.976e-01
It: 130, Loss = 8.936e-01
It: 140, Loss = 8.879e-01
It: 150, Loss = 8.809e-01
It: 160, Loss = 8.741e-01
It: 170, Loss = 8.687e-01
It: 180, Loss = 8.640e-01
It: 190, Loss = 8.583e-01
It: 200, Loss = 8.511e-01
It: 210, Loss = 8.426e-01
It: 220, Loss = 8.327e-01
It: 230, Loss = 8.131e-01
It: 240, Loss = 7.648e-01
It: 250, Loss = 7.471e-01
It: 260, Loss = 7.104e-01
It: 270, Loss = 6.588e-01
It: 280, Loss = 5.951e-01
It: 290, Loss = 6.165e-01
It: 300, Loss = 5.474e-01
It: 310, Loss = 5.072e-01
It: 320, Loss = 4.877e-01
It: 330, Loss = 4.763e-01
It: 340, Loss = 4.656e-01
It: 350, Loss = 4.568e-01
It: 360, Loss = 4.476e-01
It: 370, Loss = 4.379e-01
It: 380, Loss = 4.271e-01
It: 390, Loss = 4.151e-01
It: 400, Loss = 4.336e-01
It: 410, Loss = 4.059e-01
It: 420, Loss = 3.929e-01
It: 430, Loss = 3.765e-01
It: 440, Loss = 3.584e-01
It: 450, Loss = 3.411e-01
It: 460, Loss = 3.271e-01
It: 470, Loss = 3.202e-01
It: 480, Loss = 2.719e-01
It: 490, Loss = 2.737e-01
It: 500, Loss = 3.050e-01
It: 510, Loss = 2.337e-01
It: 520, Loss = 2.051e-01
It: 530, Loss = 1.764e-01
It: 540, Loss = 1.550e-01
It: 550, Loss = 1.966e-01
It: 560, Loss = 1.521e-01
It: 570, Loss = 1.155e-01
It: 580, Loss = 1.003e-01
It: 590, Loss = 8.818e-02
It: 600, Loss = 1.122e-01
It: 610, Loss = 1.936e-01
It: 620, Loss = 8.845e-02
It: 630, Loss = 8.065e-02
It: 640, Loss = 6.364e-02
It: 650, Loss = 5.815e-02
It: 660, Loss = 5.370e-02
It: 670, Loss = 4.973e-02
It: 680, Loss = 4.651e-02
It: 690, Loss = 4.354e-02
It: 700, Loss = 4.084e-02
It: 710, Loss = 3.832e-02
It: 720, Loss = 3.597e-02
It: 730, Loss = 3.375e-02
It: 740, Loss = 3.165e-02
It: 750, Loss = 2.966e-02
It: 760, Loss = 2.778e-02
It: 770, Loss = 2.599e-02
It: 780, Loss = 2.431e-02
It: 790, Loss = 2.850e-02
It: 800, Loss = 2.842e-02
It: 810, Loss = 3.990e-02
It: 820, Loss = 2.632e-02
It: 830, Loss = 2.080e-02
It: 840, Loss = 1.813e-02
It: 850, Loss = 1.698e-02
It: 860, Loss = 3.168e-02
It: 870, Loss = 2.306e-02
It: 880, Loss = 1.633e-02
It: 890, Loss = 1.570e-02
It: 900, Loss = 1.425e-02
It: 910, Loss = 1.321e-02
It: 920, Loss = 1.269e-02
It: 930, Loss = 1.204e-02
It: 940, Loss = 1.136e-02
It: 950, Loss = 1.080e-02
It: 960, Loss = 1.029e-02
It: 970, Loss = 9.809e-03
It: 980, Loss = 9.357e-03
It: 990, Loss = 8.933e-03
G_pred shape (100, 100)
It: 0, Loss = 1.479e+00
It: 10, Loss = 9.458e-01
It: 20, Loss = 9.364e-01
It: 30, Loss = 8.980e-01
It: 40, Loss = 8.726e-01
It: 50, Loss = 8.464e-01
It: 60, Loss = 8.102e-01
It: 70, Loss = 7.727e-01
It: 80, Loss = 7.710e-01
It: 90, Loss = 7.652e-01
It: 100, Loss = 7.640e-01
It: 110, Loss = 7.630e-01
It: 120, Loss = 7.622e-01
It: 130, Loss = 7.617e-01
It: 140, Loss = 7.611e-01
It: 150, Loss = 7.605e-01
It: 160, Loss = 7.597e-01
It: 170, Loss = 7.588e-01
It: 180, Loss = 7.577e-01
It: 190, Loss = 7.561e-01
It: 200, Loss = 7.537e-01
It: 210, Loss = 7.492e-01
It: 220, Loss = 7.393e-01
It: 230, Loss = 7.161e-01
It: 240, Loss = 7.009e-01
It: 250, Loss = 6.839e-01
It: 260, Loss = 6.667e-01
It: 270, Loss = 6.438e-01
It: 280, Loss = 6.119e-01
It: 290, Loss = 5.474e-01
It: 300, Loss = 4.982e-01
It: 310, Loss = 4.641e-01
It: 320, Loss = 4.615e-01
It: 330, Loss = 4.546e-01
It: 340, Loss = 4.514e-01
It: 350, Loss = 4.479e-01
It: 360, Loss = 4.448e-01
It: 370, Loss = 4.421e-01
It: 380, Loss = 4.399e-01
It: 390, Loss = 4.384e-01
It: 400, Loss = 4.371e-01
It: 410, Loss = 4.355e-01
It: 420, Loss = 4.336e-01
It: 430, Loss = 4.313e-01
It: 440, Loss = 4.283e-01
It: 450, Loss = 4.242e-01
It: 460, Loss = 4.186e-01
It: 470, Loss = 4.107e-01
It: 480, Loss = 4.024e-01
It: 490, Loss = 4.272e-01
It: 500, Loss = 4.056e-01
It: 510, Loss = 3.820e-01
It: 520, Loss = 3.654e-01
It: 530, Loss = 3.517e-01
It: 540, Loss = 3.396e-01
It: 550, Loss = 3.292e-01
It: 560, Loss = 3.175e-01
It: 570, Loss = 3.060e-01
It: 580, Loss = 2.944e-01
It: 590, Loss = 3.105e-01
It: 600, Loss = 3.057e-01
It: 610, Loss = 2.826e-01
It: 620, Loss = 2.687e-01
It: 630, Loss = 2.553e-01
It: 640, Loss = 2.467e-01
It: 650, Loss = 2.384e-01
It: 660, Loss = 2.305e-01
It: 670, Loss = 2.223e-01
It: 680, Loss = 2.130e-01
It: 690, Loss = 2.020e-01
It: 700, Loss = 1.921e-01
It: 710, Loss = 2.137e-01
It: 720, Loss = 1.814e-01
It: 730, Loss = 1.551e-01
It: 740, Loss = 1.432e-01
It: 750, Loss = 1.311e-01
It: 760, Loss = 1.199e-01
It: 770, Loss = 1.096e-01
It: 780, Loss = 9.935e-02
It: 790, Loss = 8.917e-02
It: 800, Loss = 7.930e-02
It: 810, Loss = 1.489e-01
It: 820, Loss = 9.247e-02
It: 830, Loss = 7.125e-02
It: 840, Loss = 5.924e-02
It: 850, Loss = 5.330e-02
It: 860, Loss = 4.713e-02
It: 870, Loss = 4.303e-02
It: 880, Loss = 3.920e-02
It: 890, Loss = 5.002e-02
It: 900, Loss = 8.115e-02
It: 910, Loss = 4.639e-02
It: 920, Loss = 3.486e-02
It: 930, Loss = 3.329e-02
It: 940, Loss = 3.146e-02
It: 950, Loss = 2.997e-02
It: 960, Loss = 2.889e-02
It: 970, Loss = 2.777e-02
It: 980, Loss = 2.680e-02
It: 990, Loss = 2.591e-02
G_pred shape (100, 100)
It: 0, Loss = 1.178e+00
It: 10, Loss = 9.138e-01
It: 20, Loss = 8.858e-01
It: 30, Loss = 8.725e-01
It: 40, Loss = 8.577e-01
It: 50, Loss = 8.426e-01
It: 60, Loss = 8.298e-01
It: 70, Loss = 8.210e-01
It: 80, Loss = 8.142e-01
It: 90, Loss = 8.095e-01
It: 100, Loss = 8.043e-01
It: 110, Loss = 7.968e-01
It: 120, Loss = 7.839e-01
It: 130, Loss = 7.623e-01
It: 140, Loss = 7.414e-01
It: 150, Loss = 7.390e-01
It: 160, Loss = 7.346e-01
It: 170, Loss = 7.321e-01
It: 180, Loss = 7.287e-01
It: 190, Loss = 7.239e-01
It: 200, Loss = 7.143e-01
It: 210, Loss = 6.930e-01
It: 220, Loss = 6.468e-01
It: 230, Loss = 6.002e-01
It: 240, Loss = 5.439e-01
It: 250, Loss = 5.206e-01
It: 260, Loss = 5.029e-01
It: 270, Loss = 4.782e-01
It: 280, Loss = 4.150e-01
It: 290, Loss = 2.790e-01
It: 300, Loss = 1.742e-01
It: 310, Loss = 1.213e-01
It: 320, Loss = 7.727e-02
It: 330, Loss = 6.231e-02
It: 340, Loss = 5.079e-02
It: 350, Loss = 6.625e-02
It: 360, Loss = 4.968e-02
It: 370, Loss = 3.750e-02
It: 380, Loss = 3.184e-02
It: 390, Loss = 2.882e-02
It: 400, Loss = 2.644e-02
It: 410, Loss = 2.484e-02
It: 420, Loss = 2.350e-02
It: 430, Loss = 2.241e-02
It: 440, Loss = 2.190e-02
It: 450, Loss = 2.744e-02
It: 460, Loss = 2.649e-02
It: 470, Loss = 2.087e-02
It: 480, Loss = 1.917e-02
It: 490, Loss = 1.851e-02
It: 500, Loss = 1.811e-02
It: 510, Loss = 1.753e-02
It: 520, Loss = 1.711e-02
It: 530, Loss = 1.671e-02
It: 540, Loss = 1.633e-02
It: 550, Loss = 1.597e-02
It: 560, Loss = 1.566e-02
It: 570, Loss = 1.748e-02
It: 580, Loss = 1.693e-02
It: 590, Loss = 1.522e-02
It: 600, Loss = 1.458e-02
It: 610, Loss = 1.429e-02
It: 620, Loss = 2.159e-02
It: 630, Loss = 2.064e-02
It: 640, Loss = 1.788e-02
It: 650, Loss = 1.470e-02
It: 660, Loss = 1.362e-02
It: 670, Loss = 1.326e-02
It: 680, Loss = 1.309e-02
It: 690, Loss = 1.292e-02
It: 700, Loss = 1.277e-02
It: 710, Loss = 1.263e-02
It: 720, Loss = 1.250e-02
It: 730, Loss = 1.237e-02
It: 740, Loss = 1.225e-02
It: 750, Loss = 1.214e-02
It: 760, Loss = 1.203e-02
It: 770, Loss = 1.193e-02
It: 780, Loss = 1.184e-02
It: 790, Loss = 1.605e-02
It: 800, Loss = 1.262e-02
It: 810, Loss = 1.203e-02
It: 820, Loss = 1.188e-02
It: 830, Loss = 1.143e-02
It: 840, Loss = 1.139e-02
It: 850, Loss = 1.128e-02
It: 860, Loss = 1.120e-02
It: 870, Loss = 1.115e-02
It: 880, Loss = 1.235e-02
It: 890, Loss = 1.391e-02
It: 900, Loss = 1.309e-02
It: 910, Loss = 1.131e-02
It: 920, Loss = 1.092e-02
It: 930, Loss = 1.083e-02
It: 940, Loss = 1.075e-02
It: 950, Loss = 1.069e-02
It: 960, Loss = 1.064e-02
It: 970, Loss = 1.058e-02
It: 980, Loss = 1.053e-02
It: 990, Loss = 1.048e-02
G_pred shape (100, 100)
