Using TensorFlow 2 backend.

N_train =  1
It: 0, Loss = 1.532e+00
It: 10, Loss = 7.658e-01
It: 20, Loss = 7.786e-01
It: 30, Loss = 7.614e-01
It: 40, Loss = 7.452e-01
It: 50, Loss = 7.374e-01
It: 60, Loss = 7.323e-01
It: 70, Loss = 7.278e-01
It: 80, Loss = 7.234e-01
It: 90, Loss = 7.197e-01
It: 100, Loss = 7.164e-01
It: 110, Loss = 7.129e-01
It: 120, Loss = 7.089e-01
It: 130, Loss = 7.043e-01
It: 140, Loss = 6.990e-01
It: 150, Loss = 6.923e-01
It: 160, Loss = 6.830e-01
It: 170, Loss = 6.680e-01
It: 180, Loss = 6.380e-01
It: 190, Loss = 5.644e-01
It: 200, Loss = 4.034e-01
It: 210, Loss = 3.592e-01
It: 220, Loss = 2.740e-01
It: 230, Loss = 1.471e-01
It: 240, Loss = 6.800e-02
It: 250, Loss = 6.387e-02
It: 260, Loss = 6.033e-02
It: 270, Loss = 5.694e-02
It: 280, Loss = 5.622e-02
It: 290, Loss = 5.506e-02
It: 300, Loss = 5.429e-02
It: 310, Loss = 5.354e-02
It: 320, Loss = 5.278e-02
It: 330, Loss = 5.199e-02
It: 340, Loss = 5.113e-02
It: 350, Loss = 5.019e-02
It: 360, Loss = 4.916e-02
It: 370, Loss = 4.802e-02
It: 380, Loss = 4.674e-02
It: 390, Loss = 4.679e-02
It: 400, Loss = 5.494e-02
It: 410, Loss = 4.330e-02
It: 420, Loss = 4.242e-02
It: 430, Loss = 4.045e-02
It: 440, Loss = 3.812e-02
It: 450, Loss = 3.612e-02
It: 460, Loss = 3.409e-02
It: 470, Loss = 3.195e-02
It: 480, Loss = 2.982e-02
It: 490, Loss = 2.769e-02
It: 500, Loss = 2.562e-02
It: 510, Loss = 2.365e-02
It: 520, Loss = 3.426e-02
It: 530, Loss = 2.652e-02
It: 540, Loss = 2.008e-02
It: 550, Loss = 1.850e-02
It: 560, Loss = 1.699e-02
It: 570, Loss = 1.567e-02
It: 580, Loss = 1.465e-02
It: 590, Loss = 1.355e-02
It: 600, Loss = 1.259e-02
It: 610, Loss = 1.171e-02
It: 620, Loss = 1.090e-02
It: 630, Loss = 1.017e-02
It: 640, Loss = 9.528e-03
It: 650, Loss = 1.498e-02
It: 660, Loss = 8.918e-03
It: 670, Loss = 8.989e-03
It: 680, Loss = 1.053e-02
It: 690, Loss = 8.264e-03
It: 700, Loss = 7.721e-03
It: 710, Loss = 7.541e-03
It: 720, Loss = 7.278e-03
It: 730, Loss = 7.059e-03
It: 740, Loss = 6.867e-03
It: 750, Loss = 6.687e-03
It: 760, Loss = 6.511e-03
It: 770, Loss = 6.339e-03
It: 780, Loss = 6.167e-03
It: 790, Loss = 5.995e-03
It: 800, Loss = 5.824e-03
It: 810, Loss = 5.654e-03
It: 820, Loss = 5.485e-03
It: 830, Loss = 5.319e-03
It: 840, Loss = 5.155e-03
It: 850, Loss = 4.996e-03
It: 860, Loss = 4.841e-03
It: 870, Loss = 4.691e-03
It: 880, Loss = 4.548e-03
It: 890, Loss = 4.802e-03
It: 900, Loss = 5.027e-03
It: 910, Loss = 6.283e-03
It: 920, Loss = 7.446e-03
It: 930, Loss = 5.688e-03
It: 940, Loss = 4.306e-03
It: 950, Loss = 4.180e-03
It: 960, Loss = 4.068e-03
It: 970, Loss = 3.914e-03
It: 980, Loss = 3.828e-03
It: 990, Loss = 3.735e-03
G_pred shape (100, 100)
It: 0, Loss = 1.047e+00
It: 10, Loss = 9.584e-01
It: 20, Loss = 9.540e-01
It: 30, Loss = 9.495e-01
It: 40, Loss = 9.447e-01
It: 50, Loss = 9.432e-01
It: 60, Loss = 9.412e-01
It: 70, Loss = 9.385e-01
It: 80, Loss = 9.341e-01
It: 90, Loss = 9.238e-01
It: 100, Loss = 8.835e-01
It: 110, Loss = 7.805e-01
It: 120, Loss = 5.830e-01
It: 130, Loss = 1.880e-01
It: 140, Loss = 1.177e-01
It: 150, Loss = 7.109e-02
It: 160, Loss = 3.772e-02
It: 170, Loss = 2.044e-02
It: 180, Loss = 1.135e-02
It: 190, Loss = 8.476e-03
It: 200, Loss = 6.406e-03
It: 210, Loss = 4.910e-03
It: 220, Loss = 4.133e-03
It: 230, Loss = 3.557e-03
It: 240, Loss = 3.132e-03
It: 250, Loss = 2.797e-03
It: 260, Loss = 2.511e-03
It: 270, Loss = 2.266e-03
It: 280, Loss = 2.085e-03
It: 290, Loss = 7.638e-03
It: 300, Loss = 4.327e-03
It: 310, Loss = 2.064e-03
It: 320, Loss = 1.595e-03
It: 330, Loss = 1.498e-03
It: 340, Loss = 1.459e-03
It: 350, Loss = 1.340e-03
It: 360, Loss = 1.285e-03
It: 370, Loss = 1.227e-03
It: 380, Loss = 1.180e-03
It: 390, Loss = 1.141e-03
It: 400, Loss = 1.105e-03
It: 410, Loss = 1.074e-03
It: 420, Loss = 1.046e-03
It: 430, Loss = 1.020e-03
It: 440, Loss = 9.972e-04
It: 450, Loss = 9.762e-04
It: 460, Loss = 1.046e-03
It: 470, Loss = 1.537e-02
It: 480, Loss = 1.436e-03
It: 490, Loss = 2.316e-03
It: 500, Loss = 1.325e-03
It: 510, Loss = 9.151e-04
It: 520, Loss = 9.063e-04
It: 530, Loss = 8.884e-04
It: 540, Loss = 8.556e-04
It: 550, Loss = 8.435e-04
It: 560, Loss = 8.306e-04
It: 570, Loss = 8.178e-04
It: 580, Loss = 8.059e-04
It: 590, Loss = 7.943e-04
It: 600, Loss = 7.830e-04
It: 610, Loss = 7.719e-04
It: 620, Loss = 7.608e-04
It: 630, Loss = 7.500e-04
It: 640, Loss = 7.392e-04
It: 650, Loss = 7.286e-04
It: 660, Loss = 7.180e-04
It: 670, Loss = 7.075e-04
It: 680, Loss = 6.971e-04
It: 690, Loss = 6.868e-04
It: 700, Loss = 7.497e-04
It: 710, Loss = 2.596e-02
It: 720, Loss = 6.832e-04
It: 730, Loss = 7.194e-04
It: 740, Loss = 6.906e-04
It: 750, Loss = 7.247e-04
It: 760, Loss = 6.911e-04
It: 770, Loss = 6.525e-04
It: 780, Loss = 6.285e-04
It: 790, Loss = 6.139e-04
It: 800, Loss = 6.036e-04
It: 810, Loss = 5.946e-04
It: 820, Loss = 5.854e-04
It: 830, Loss = 5.761e-04
It: 840, Loss = 5.670e-04
It: 850, Loss = 5.578e-04
It: 860, Loss = 5.487e-04
It: 870, Loss = 5.395e-04
It: 880, Loss = 5.303e-04
It: 890, Loss = 5.212e-04
It: 900, Loss = 5.120e-04
It: 910, Loss = 5.027e-04
It: 920, Loss = 4.935e-04
It: 930, Loss = 4.843e-04
It: 940, Loss = 4.750e-04
It: 950, Loss = 4.657e-04
It: 960, Loss = 4.565e-04
It: 970, Loss = 4.472e-04
It: 980, Loss = 4.379e-04
It: 990, Loss = 4.286e-04
G_pred shape (100, 100)
It: 0, Loss = 1.110e+00
It: 10, Loss = 8.313e-01
It: 20, Loss = 7.789e-01
It: 30, Loss = 7.331e-01
It: 40, Loss = 6.830e-01
It: 50, Loss = 6.236e-01
It: 60, Loss = 6.003e-01
It: 70, Loss = 6.022e-01
It: 80, Loss = 5.985e-01
It: 90, Loss = 5.984e-01
It: 100, Loss = 5.975e-01
It: 110, Loss = 5.971e-01
It: 120, Loss = 5.964e-01
It: 130, Loss = 5.957e-01
It: 140, Loss = 5.948e-01
It: 150, Loss = 5.933e-01
It: 160, Loss = 5.908e-01
It: 170, Loss = 5.852e-01
It: 180, Loss = 5.660e-01
It: 190, Loss = 4.843e-01
It: 200, Loss = 3.090e-01
It: 210, Loss = 1.651e-01
It: 220, Loss = 1.210e-01
It: 230, Loss = 9.002e-02
It: 240, Loss = 6.129e-02
It: 250, Loss = 4.731e-02
It: 260, Loss = 3.789e-02
It: 270, Loss = 3.137e-02
It: 280, Loss = 2.387e-02
It: 290, Loss = 1.772e-02
It: 300, Loss = 1.254e-02
It: 310, Loss = 1.730e-02
It: 320, Loss = 7.881e-03
It: 330, Loss = 7.295e-03
It: 340, Loss = 4.274e-03
It: 350, Loss = 3.314e-03
It: 360, Loss = 2.734e-03
It: 370, Loss = 2.335e-03
It: 380, Loss = 1.940e-03
It: 390, Loss = 1.669e-03
It: 400, Loss = 1.495e-03
It: 410, Loss = 1.479e-02
It: 420, Loss = 1.904e-03
It: 430, Loss = 2.320e-03
It: 440, Loss = 1.588e-03
It: 450, Loss = 1.041e-03
It: 460, Loss = 8.340e-04
It: 470, Loss = 7.044e-04
It: 480, Loss = 6.143e-04
It: 490, Loss = 5.661e-04
It: 500, Loss = 5.213e-04
It: 510, Loss = 4.823e-04
It: 520, Loss = 4.547e-04
It: 530, Loss = 6.140e-04
It: 540, Loss = 1.958e-02
It: 550, Loss = 4.834e-03
It: 560, Loss = 1.928e-03
It: 570, Loss = 5.457e-04
It: 580, Loss = 3.935e-04
It: 590, Loss = 3.664e-04
It: 600, Loss = 3.479e-04
It: 610, Loss = 3.274e-04
It: 620, Loss = 3.157e-04
It: 630, Loss = 3.083e-04
It: 640, Loss = 2.999e-04
It: 650, Loss = 2.938e-04
It: 660, Loss = 2.880e-04
It: 670, Loss = 2.828e-04
It: 680, Loss = 2.779e-04
It: 690, Loss = 2.734e-04
It: 700, Loss = 2.692e-04
It: 710, Loss = 2.652e-04
It: 720, Loss = 2.664e-04
It: 730, Loss = 3.217e-03
It: 740, Loss = 7.165e-03
It: 750, Loss = 4.499e-03
It: 760, Loss = 1.371e-03
It: 770, Loss = 5.717e-04
It: 780, Loss = 2.807e-04
It: 790, Loss = 2.513e-04
It: 800, Loss = 2.579e-04
It: 810, Loss = 2.460e-04
It: 820, Loss = 2.352e-04
It: 830, Loss = 2.330e-04
It: 840, Loss = 2.296e-04
It: 850, Loss = 2.272e-04
It: 860, Loss = 2.248e-04
It: 870, Loss = 2.226e-04
It: 880, Loss = 2.205e-04
It: 890, Loss = 2.185e-04
It: 900, Loss = 2.165e-04
It: 910, Loss = 2.146e-04
It: 920, Loss = 2.128e-04
It: 930, Loss = 2.110e-04
It: 940, Loss = 2.092e-04
It: 950, Loss = 2.075e-04
It: 960, Loss = 2.059e-04
It: 970, Loss = 2.042e-04
It: 980, Loss = 2.035e-04
It: 990, Loss = 7.346e-04
G_pred shape (100, 100)
It: 0, Loss = 1.071e+00
It: 10, Loss = 8.656e-01
It: 20, Loss = 8.726e-01
It: 30, Loss = 8.650e-01
It: 40, Loss = 8.626e-01
It: 50, Loss = 8.614e-01
It: 60, Loss = 8.605e-01
It: 70, Loss = 8.597e-01
It: 80, Loss = 8.590e-01
It: 90, Loss = 8.581e-01
It: 100, Loss = 8.573e-01
It: 110, Loss = 8.563e-01
It: 120, Loss = 8.551e-01
It: 130, Loss = 8.534e-01
It: 140, Loss = 8.504e-01
It: 150, Loss = 8.446e-01
It: 160, Loss = 8.294e-01
It: 170, Loss = 7.803e-01
It: 180, Loss = 6.437e-01
It: 190, Loss = 4.811e-01
It: 200, Loss = 3.167e-01
It: 210, Loss = 1.180e-01
It: 220, Loss = 3.467e-02
It: 230, Loss = 1.015e-02
It: 240, Loss = 9.951e-03
It: 250, Loss = 5.426e-03
It: 260, Loss = 4.470e-03
It: 270, Loss = 3.872e-03
It: 280, Loss = 3.552e-03
It: 290, Loss = 3.408e-03
It: 300, Loss = 3.317e-03
It: 310, Loss = 3.250e-03
It: 320, Loss = 3.197e-03
It: 330, Loss = 3.153e-03
It: 340, Loss = 3.115e-03
It: 350, Loss = 3.082e-03
It: 360, Loss = 3.053e-03
It: 370, Loss = 3.027e-03
It: 380, Loss = 3.003e-03
It: 390, Loss = 2.981e-03
It: 400, Loss = 2.960e-03
It: 410, Loss = 2.940e-03
It: 420, Loss = 2.921e-03
It: 430, Loss = 2.903e-03
It: 440, Loss = 2.885e-03
It: 450, Loss = 2.867e-03
It: 460, Loss = 2.850e-03
It: 470, Loss = 2.834e-03
It: 480, Loss = 2.817e-03
It: 490, Loss = 2.801e-03
It: 500, Loss = 2.786e-03
It: 510, Loss = 2.770e-03
It: 520, Loss = 2.755e-03
It: 530, Loss = 2.740e-03
It: 540, Loss = 2.726e-03
It: 550, Loss = 2.712e-03
It: 560, Loss = 2.705e-03
It: 570, Loss = 1.205e-02
It: 580, Loss = 6.453e-03
It: 590, Loss = 2.874e-03
It: 600, Loss = 2.704e-03
It: 610, Loss = 2.661e-03
It: 620, Loss = 2.635e-03
It: 630, Loss = 2.620e-03
It: 640, Loss = 2.610e-03
It: 650, Loss = 2.601e-03
It: 660, Loss = 2.589e-03
It: 670, Loss = 2.578e-03
It: 680, Loss = 2.568e-03
It: 690, Loss = 2.559e-03
It: 700, Loss = 2.550e-03
It: 710, Loss = 2.541e-03
It: 720, Loss = 2.532e-03
It: 730, Loss = 2.524e-03
It: 740, Loss = 2.515e-03
It: 750, Loss = 2.507e-03
It: 760, Loss = 2.500e-03
It: 770, Loss = 2.492e-03
It: 780, Loss = 2.485e-03
It: 790, Loss = 2.477e-03
It: 800, Loss = 2.470e-03
It: 810, Loss = 2.464e-03
It: 820, Loss = 2.457e-03
It: 830, Loss = 2.451e-03
It: 840, Loss = 2.444e-03
It: 850, Loss = 2.438e-03
It: 860, Loss = 2.432e-03
It: 870, Loss = 2.426e-03
It: 880, Loss = 2.421e-03
It: 890, Loss = 2.522e-03
It: 900, Loss = 1.751e-02
It: 910, Loss = 5.555e-03
It: 920, Loss = 2.968e-03
It: 930, Loss = 2.403e-03
It: 940, Loss = 2.417e-03
It: 950, Loss = 2.422e-03
It: 960, Loss = 2.395e-03
It: 970, Loss = 2.375e-03
It: 980, Loss = 2.371e-03
It: 990, Loss = 2.366e-03
G_pred shape (100, 100)
It: 0, Loss = 9.596e-01
It: 10, Loss = 9.775e-01
It: 20, Loss = 9.372e-01
It: 30, Loss = 9.347e-01
It: 40, Loss = 9.190e-01
It: 50, Loss = 9.013e-01
It: 60, Loss = 8.775e-01
It: 70, Loss = 8.615e-01
It: 80, Loss = 8.454e-01
It: 90, Loss = 8.224e-01
It: 100, Loss = 7.774e-01
It: 110, Loss = 6.391e-01
It: 120, Loss = 2.919e-01
It: 130, Loss = 2.273e-01
It: 140, Loss = 1.442e-01
It: 150, Loss = 6.237e-02
It: 160, Loss = 5.319e-02
It: 170, Loss = 4.187e-02
It: 180, Loss = 3.318e-02
It: 190, Loss = 2.626e-02
It: 200, Loss = 1.949e-02
It: 210, Loss = 1.315e-02
It: 220, Loss = 8.147e-03
It: 230, Loss = 4.682e-03
It: 240, Loss = 2.751e-03
It: 250, Loss = 1.869e-03
It: 260, Loss = 1.725e-03
It: 270, Loss = 1.082e-03
It: 280, Loss = 1.626e-03
It: 290, Loss = 9.357e-04
It: 300, Loss = 7.418e-04
It: 310, Loss = 5.065e-04
It: 320, Loss = 4.238e-04
It: 330, Loss = 3.526e-04
It: 340, Loss = 4.593e-04
It: 350, Loss = 1.717e-03
It: 360, Loss = 3.580e-04
It: 370, Loss = 3.080e-04
It: 380, Loss = 1.968e-04
It: 390, Loss = 1.776e-04
It: 400, Loss = 1.628e-04
It: 410, Loss = 3.255e-04
It: 420, Loss = 1.221e-03
It: 430, Loss = 6.788e-04
It: 440, Loss = 2.250e-04
It: 450, Loss = 1.519e-04
It: 460, Loss = 1.386e-04
It: 470, Loss = 1.209e-04
It: 480, Loss = 2.305e-04
It: 490, Loss = 3.054e-03
It: 500, Loss = 1.733e-04
It: 510, Loss = 2.067e-04
It: 520, Loss = 1.893e-04
It: 530, Loss = 1.061e-04
It: 540, Loss = 9.080e-05
It: 550, Loss = 8.632e-05
It: 560, Loss = 8.676e-05
It: 570, Loss = 2.297e-04
It: 580, Loss = 5.955e-04
It: 590, Loss = 5.180e-04
It: 600, Loss = 1.225e-04
It: 610, Loss = 9.939e-05
It: 620, Loss = 9.527e-05
It: 630, Loss = 2.280e-04
It: 640, Loss = 2.990e-03
It: 650, Loss = 4.212e-04
It: 660, Loss = 2.384e-04
It: 670, Loss = 1.533e-04
It: 680, Loss = 8.066e-05
It: 690, Loss = 7.804e-05
It: 700, Loss = 7.111e-05
It: 710, Loss = 7.023e-05
It: 720, Loss = 6.816e-05
It: 730, Loss = 6.853e-05
It: 740, Loss = 1.015e-04
It: 750, Loss = 3.011e-03
It: 760, Loss = 5.228e-04
It: 770, Loss = 2.049e-04
It: 780, Loss = 1.113e-04
It: 790, Loss = 8.878e-05
It: 800, Loss = 7.364e-05
It: 810, Loss = 7.257e-05
It: 820, Loss = 6.643e-05
It: 830, Loss = 6.410e-05
It: 840, Loss = 6.380e-05
It: 850, Loss = 6.323e-05
It: 860, Loss = 6.349e-05
It: 870, Loss = 9.967e-05
It: 880, Loss = 4.594e-03
It: 890, Loss = 1.247e-03
It: 900, Loss = 2.118e-04
It: 910, Loss = 1.534e-04
It: 920, Loss = 1.479e-04
It: 930, Loss = 8.300e-05
It: 940, Loss = 6.249e-05
It: 950, Loss = 6.131e-05
It: 960, Loss = 6.073e-05
It: 970, Loss = 6.023e-05
It: 980, Loss = 5.994e-05
It: 990, Loss = 5.958e-05
G_pred shape (100, 100)
