Using TensorFlow 2 backend.

N_train =  18
It: 0, Loss = 1.995e+00
It: 10, Loss = 1.167e+00
It: 20, Loss = 1.074e+00
It: 30, Loss = 1.016e+00
It: 40, Loss = 9.818e-01
It: 50, Loss = 9.610e-01
It: 60, Loss = 9.509e-01
It: 70, Loss = 9.450e-01
It: 80, Loss = 9.370e-01
It: 90, Loss = 9.267e-01
It: 100, Loss = 9.144e-01
It: 110, Loss = 9.033e-01
It: 120, Loss = 8.953e-01
It: 130, Loss = 8.874e-01
It: 140, Loss = 8.826e-01
It: 150, Loss = 8.802e-01
It: 160, Loss = 8.786e-01
It: 170, Loss = 8.769e-01
It: 180, Loss = 8.750e-01
It: 190, Loss = 8.733e-01
It: 200, Loss = 8.715e-01
It: 210, Loss = 8.697e-01
It: 220, Loss = 8.679e-01
It: 230, Loss = 8.661e-01
It: 240, Loss = 8.644e-01
It: 250, Loss = 8.628e-01
It: 260, Loss = 8.613e-01
It: 270, Loss = 8.599e-01
It: 280, Loss = 8.587e-01
It: 290, Loss = 8.576e-01
It: 300, Loss = 8.565e-01
It: 310, Loss = 8.556e-01
It: 320, Loss = 8.547e-01
It: 330, Loss = 8.537e-01
It: 340, Loss = 8.528e-01
It: 350, Loss = 8.517e-01
It: 360, Loss = 8.506e-01
It: 370, Loss = 8.492e-01
It: 380, Loss = 8.477e-01
It: 390, Loss = 8.457e-01
It: 400, Loss = 8.429e-01
It: 410, Loss = 8.374e-01
It: 420, Loss = 8.266e-01
It: 430, Loss = 8.134e-01
It: 440, Loss = 7.962e-01
It: 450, Loss = 7.733e-01
It: 460, Loss = 7.406e-01
It: 470, Loss = 6.987e-01
It: 480, Loss = 6.729e-01
It: 490, Loss = 6.547e-01
It: 500, Loss = 6.347e-01
It: 510, Loss = 6.237e-01
It: 520, Loss = 6.101e-01
It: 530, Loss = 6.001e-01
It: 540, Loss = 5.940e-01
It: 550, Loss = 5.898e-01
It: 560, Loss = 5.846e-01
It: 570, Loss = 5.808e-01
It: 580, Loss = 5.822e-01
It: 590, Loss = 5.742e-01
It: 600, Loss = 5.717e-01
It: 610, Loss = 5.681e-01
It: 620, Loss = 5.704e-01
It: 630, Loss = 5.616e-01
It: 640, Loss = 5.566e-01
It: 650, Loss = 5.526e-01
It: 660, Loss = 5.471e-01
It: 670, Loss = 5.412e-01
It: 680, Loss = 6.329e-01
It: 690, Loss = 5.499e-01
It: 700, Loss = 5.436e-01
It: 710, Loss = 5.326e-01
It: 720, Loss = 5.277e-01
It: 730, Loss = 5.235e-01
It: 740, Loss = 5.199e-01
It: 750, Loss = 5.160e-01
It: 760, Loss = 5.116e-01
It: 770, Loss = 5.065e-01
It: 780, Loss = 5.005e-01
It: 790, Loss = 4.933e-01
It: 800, Loss = 7.415e-01
It: 810, Loss = 5.195e-01
It: 820, Loss = 4.811e-01
It: 830, Loss = 4.771e-01
It: 840, Loss = 4.620e-01
It: 850, Loss = 4.497e-01
It: 860, Loss = 4.359e-01
It: 870, Loss = 4.210e-01
It: 880, Loss = 5.499e-01
It: 890, Loss = 4.379e-01
It: 900, Loss = 3.925e-01
It: 910, Loss = 3.790e-01
It: 920, Loss = 3.670e-01
It: 930, Loss = 3.554e-01
It: 940, Loss = 3.473e-01
It: 950, Loss = 3.382e-01
It: 960, Loss = 3.336e-01
It: 970, Loss = 3.236e-01
It: 980, Loss = 3.178e-01
It: 990, Loss = 3.074e-01
G_pred shape (100, 100)
It: 0, Loss = 3.961e+00
It: 10, Loss = 1.453e+00
It: 20, Loss = 1.107e+00
It: 30, Loss = 9.646e-01
It: 40, Loss = 9.587e-01
It: 50, Loss = 9.514e-01
It: 60, Loss = 9.379e-01
It: 70, Loss = 9.273e-01
It: 80, Loss = 9.183e-01
It: 90, Loss = 9.102e-01
It: 100, Loss = 9.037e-01
It: 110, Loss = 8.994e-01
It: 120, Loss = 8.970e-01
It: 130, Loss = 8.954e-01
It: 140, Loss = 8.940e-01
It: 150, Loss = 8.926e-01
It: 160, Loss = 8.912e-01
It: 170, Loss = 8.899e-01
It: 180, Loss = 8.886e-01
It: 190, Loss = 8.874e-01
It: 200, Loss = 8.862e-01
It: 210, Loss = 8.851e-01
It: 220, Loss = 8.840e-01
It: 230, Loss = 8.830e-01
It: 240, Loss = 8.820e-01
It: 250, Loss = 8.810e-01
It: 260, Loss = 8.800e-01
It: 270, Loss = 8.790e-01
It: 280, Loss = 8.780e-01
It: 290, Loss = 8.770e-01
It: 300, Loss = 8.759e-01
It: 310, Loss = 8.747e-01
It: 320, Loss = 8.735e-01
It: 330, Loss = 8.722e-01
It: 340, Loss = 8.709e-01
It: 350, Loss = 8.695e-01
It: 360, Loss = 8.682e-01
It: 370, Loss = 8.669e-01
It: 380, Loss = 8.656e-01
It: 390, Loss = 8.645e-01
It: 400, Loss = 8.634e-01
It: 410, Loss = 8.625e-01
It: 420, Loss = 8.617e-01
It: 430, Loss = 8.611e-01
It: 440, Loss = 8.605e-01
It: 450, Loss = 8.599e-01
It: 460, Loss = 8.594e-01
It: 470, Loss = 8.588e-01
It: 480, Loss = 8.583e-01
It: 490, Loss = 8.578e-01
It: 500, Loss = 8.572e-01
It: 510, Loss = 8.566e-01
It: 520, Loss = 8.559e-01
It: 530, Loss = 8.551e-01
It: 540, Loss = 8.542e-01
It: 550, Loss = 8.531e-01
It: 560, Loss = 8.517e-01
It: 570, Loss = 8.498e-01
It: 580, Loss = 8.471e-01
It: 590, Loss = 8.428e-01
It: 600, Loss = 8.358e-01
It: 610, Loss = 8.326e-01
It: 620, Loss = 8.115e-01
It: 630, Loss = 7.935e-01
It: 640, Loss = 7.803e-01
It: 650, Loss = 7.519e-01
It: 660, Loss = 7.226e-01
It: 670, Loss = 6.845e-01
It: 680, Loss = 6.472e-01
It: 690, Loss = 6.172e-01
It: 700, Loss = 5.830e-01
It: 710, Loss = 5.587e-01
It: 720, Loss = 5.449e-01
It: 730, Loss = 5.290e-01
It: 740, Loss = 5.112e-01
It: 750, Loss = 4.935e-01
It: 760, Loss = 4.712e-01
It: 770, Loss = 4.472e-01
It: 780, Loss = 4.260e-01
It: 790, Loss = 3.867e-01
It: 800, Loss = 4.654e-01
It: 810, Loss = 3.599e-01
It: 820, Loss = 3.252e-01
It: 830, Loss = 3.008e-01
It: 840, Loss = 2.780e-01
It: 850, Loss = 2.611e-01
It: 860, Loss = 3.161e-01
It: 870, Loss = 2.462e-01
It: 880, Loss = 2.294e-01
It: 890, Loss = 2.122e-01
It: 900, Loss = 2.012e-01
It: 910, Loss = 1.919e-01
It: 920, Loss = 1.841e-01
It: 930, Loss = 1.783e-01
It: 940, Loss = 1.865e-01
It: 950, Loss = 1.698e-01
It: 960, Loss = 1.623e-01
It: 970, Loss = 1.556e-01
It: 980, Loss = 1.494e-01
It: 990, Loss = 1.459e-01
G_pred shape (100, 100)
It: 0, Loss = 1.165e+00
It: 10, Loss = 1.140e+00
It: 20, Loss = 1.020e+00
It: 30, Loss = 9.860e-01
It: 40, Loss = 9.775e-01
It: 50, Loss = 9.720e-01
It: 60, Loss = 9.617e-01
It: 70, Loss = 9.515e-01
It: 80, Loss = 9.396e-01
It: 90, Loss = 9.309e-01
It: 100, Loss = 9.290e-01
It: 110, Loss = 9.276e-01
It: 120, Loss = 9.263e-01
It: 130, Loss = 9.253e-01
It: 140, Loss = 9.242e-01
It: 150, Loss = 9.232e-01
It: 160, Loss = 9.222e-01
It: 170, Loss = 9.211e-01
It: 180, Loss = 9.198e-01
It: 190, Loss = 9.185e-01
It: 200, Loss = 9.169e-01
It: 210, Loss = 9.149e-01
It: 220, Loss = 9.124e-01
It: 230, Loss = 9.092e-01
It: 240, Loss = 9.047e-01
It: 250, Loss = 8.989e-01
It: 260, Loss = 8.918e-01
It: 270, Loss = 8.832e-01
It: 280, Loss = 8.718e-01
It: 290, Loss = 8.557e-01
It: 300, Loss = 8.348e-01
It: 310, Loss = 8.083e-01
It: 320, Loss = 7.748e-01
It: 330, Loss = 7.487e-01
It: 340, Loss = 7.109e-01
It: 350, Loss = 6.778e-01
It: 360, Loss = 6.484e-01
It: 370, Loss = 6.353e-01
It: 380, Loss = 6.040e-01
It: 390, Loss = 5.853e-01
It: 400, Loss = 5.644e-01
It: 410, Loss = 5.390e-01
It: 420, Loss = 5.244e-01
It: 430, Loss = 5.241e-01
It: 440, Loss = 5.083e-01
It: 450, Loss = 5.017e-01
It: 460, Loss = 4.917e-01
It: 470, Loss = 4.843e-01
It: 480, Loss = 4.769e-01
It: 490, Loss = 4.974e-01
It: 500, Loss = 4.764e-01
It: 510, Loss = 4.637e-01
It: 520, Loss = 4.571e-01
It: 530, Loss = 4.527e-01
It: 540, Loss = 4.442e-01
It: 550, Loss = 4.379e-01
It: 560, Loss = 4.318e-01
It: 570, Loss = 4.265e-01
It: 580, Loss = 4.217e-01
It: 590, Loss = 4.357e-01
It: 600, Loss = 4.285e-01
It: 610, Loss = 4.132e-01
It: 620, Loss = 4.123e-01
It: 630, Loss = 4.079e-01
It: 640, Loss = 4.048e-01
It: 650, Loss = 4.020e-01
It: 660, Loss = 3.996e-01
It: 670, Loss = 3.972e-01
It: 680, Loss = 3.948e-01
It: 690, Loss = 3.925e-01
It: 700, Loss = 3.901e-01
It: 710, Loss = 3.874e-01
It: 720, Loss = 3.846e-01
It: 730, Loss = 3.813e-01
It: 740, Loss = 3.777e-01
It: 750, Loss = 4.426e-01
It: 760, Loss = 3.936e-01
It: 770, Loss = 3.677e-01
It: 780, Loss = 3.610e-01
It: 790, Loss = 3.548e-01
It: 800, Loss = 3.470e-01
It: 810, Loss = 3.385e-01
It: 820, Loss = 3.285e-01
It: 830, Loss = 3.179e-01
It: 840, Loss = 4.125e-01
It: 850, Loss = 3.089e-01
It: 860, Loss = 3.031e-01
It: 870, Loss = 2.976e-01
It: 880, Loss = 2.842e-01
It: 890, Loss = 2.778e-01
It: 900, Loss = 2.700e-01
It: 910, Loss = 2.628e-01
It: 920, Loss = 2.552e-01
It: 930, Loss = 2.525e-01
It: 940, Loss = 2.930e-01
It: 950, Loss = 2.470e-01
It: 960, Loss = 2.464e-01
It: 970, Loss = 2.370e-01
It: 980, Loss = 2.273e-01
It: 990, Loss = 2.191e-01
G_pred shape (100, 100)
It: 0, Loss = 1.096e+00
It: 10, Loss = 1.008e+00
It: 20, Loss = 9.667e-01
It: 30, Loss = 9.662e-01
It: 40, Loss = 9.484e-01
It: 50, Loss = 9.377e-01
It: 60, Loss = 9.281e-01
It: 70, Loss = 9.173e-01
It: 80, Loss = 9.062e-01
It: 90, Loss = 8.960e-01
It: 100, Loss = 8.860e-01
It: 110, Loss = 8.748e-01
It: 120, Loss = 8.628e-01
It: 130, Loss = 8.504e-01
It: 140, Loss = 8.403e-01
It: 150, Loss = 8.348e-01
It: 160, Loss = 8.305e-01
It: 170, Loss = 8.276e-01
It: 180, Loss = 8.255e-01
It: 190, Loss = 8.236e-01
It: 200, Loss = 8.219e-01
It: 210, Loss = 8.202e-01
It: 220, Loss = 8.184e-01
It: 230, Loss = 8.165e-01
It: 240, Loss = 8.144e-01
It: 250, Loss = 8.120e-01
It: 260, Loss = 8.095e-01
It: 270, Loss = 8.069e-01
It: 280, Loss = 8.037e-01
It: 290, Loss = 8.000e-01
It: 300, Loss = 7.957e-01
It: 310, Loss = 7.900e-01
It: 320, Loss = 7.850e-01
It: 330, Loss = 7.807e-01
It: 340, Loss = 7.791e-01
It: 350, Loss = 7.778e-01
It: 360, Loss = 7.748e-01
It: 370, Loss = 7.750e-01
It: 380, Loss = 7.658e-01
It: 390, Loss = 7.661e-01
It: 400, Loss = 7.656e-01
It: 410, Loss = 7.616e-01
It: 420, Loss = 7.585e-01
It: 430, Loss = 7.667e-01
It: 440, Loss = 7.588e-01
It: 450, Loss = 7.539e-01
It: 460, Loss = 7.523e-01
It: 470, Loss = 7.475e-01
It: 480, Loss = 7.447e-01
It: 490, Loss = 7.410e-01
It: 500, Loss = 7.470e-01
It: 510, Loss = 7.322e-01
It: 520, Loss = 7.262e-01
It: 530, Loss = 7.331e-01
It: 540, Loss = 7.150e-01
It: 550, Loss = 7.053e-01
It: 560, Loss = 6.998e-01
It: 570, Loss = 7.862e-01
It: 580, Loss = 7.029e-01
It: 590, Loss = 6.812e-01
It: 600, Loss = 6.697e-01
It: 610, Loss = 6.626e-01
It: 620, Loss = 6.520e-01
It: 630, Loss = 7.462e-01
It: 640, Loss = 6.536e-01
It: 650, Loss = 6.360e-01
It: 660, Loss = 6.198e-01
It: 670, Loss = 6.094e-01
It: 680, Loss = 5.995e-01
It: 690, Loss = 5.879e-01
It: 700, Loss = 5.786e-01
It: 710, Loss = 6.300e-01
It: 720, Loss = 5.723e-01
It: 730, Loss = 5.583e-01
It: 740, Loss = 5.445e-01
It: 750, Loss = 5.340e-01
It: 760, Loss = 5.264e-01
It: 770, Loss = 5.191e-01
It: 780, Loss = 5.126e-01
It: 790, Loss = 5.065e-01
It: 800, Loss = 5.005e-01
It: 810, Loss = 5.317e-01
It: 820, Loss = 5.476e-01
It: 830, Loss = 4.966e-01
It: 840, Loss = 4.867e-01
It: 850, Loss = 4.818e-01
It: 860, Loss = 4.765e-01
It: 870, Loss = 4.711e-01
It: 880, Loss = 4.658e-01
It: 890, Loss = 4.597e-01
It: 900, Loss = 4.527e-01
It: 910, Loss = 4.440e-01
It: 920, Loss = 4.330e-01
It: 930, Loss = 4.525e-01
It: 940, Loss = 4.248e-01
It: 950, Loss = 3.923e-01
It: 960, Loss = 3.749e-01
It: 970, Loss = 3.463e-01
It: 980, Loss = 3.174e-01
It: 990, Loss = 4.389e-01
G_pred shape (100, 100)
It: 0, Loss = 5.328e+00
It: 10, Loss = 1.429e+00
It: 20, Loss = 1.296e+00
It: 30, Loss = 1.044e+00
It: 40, Loss = 9.635e-01
It: 50, Loss = 9.614e-01
It: 60, Loss = 9.598e-01
It: 70, Loss = 9.551e-01
It: 80, Loss = 9.507e-01
It: 90, Loss = 9.468e-01
It: 100, Loss = 9.428e-01
It: 110, Loss = 9.387e-01
It: 120, Loss = 9.343e-01
It: 130, Loss = 9.300e-01
It: 140, Loss = 9.260e-01
It: 150, Loss = 9.226e-01
It: 160, Loss = 9.203e-01
It: 170, Loss = 9.190e-01
It: 180, Loss = 9.183e-01
It: 190, Loss = 9.180e-01
It: 200, Loss = 9.177e-01
It: 210, Loss = 9.173e-01
It: 220, Loss = 9.170e-01
It: 230, Loss = 9.166e-01
It: 240, Loss = 9.163e-01
It: 250, Loss = 9.159e-01
It: 260, Loss = 9.154e-01
It: 270, Loss = 9.150e-01
It: 280, Loss = 9.145e-01
It: 290, Loss = 9.139e-01
It: 300, Loss = 9.133e-01
It: 310, Loss = 9.126e-01
It: 320, Loss = 9.119e-01
It: 330, Loss = 9.111e-01
It: 340, Loss = 9.102e-01
It: 350, Loss = 9.092e-01
It: 360, Loss = 9.080e-01
It: 370, Loss = 9.067e-01
It: 380, Loss = 9.053e-01
It: 390, Loss = 9.038e-01
It: 400, Loss = 9.021e-01
It: 410, Loss = 9.003e-01
It: 420, Loss = 8.984e-01
It: 430, Loss = 8.959e-01
It: 440, Loss = 8.926e-01
It: 450, Loss = 8.875e-01
It: 460, Loss = 8.814e-01
It: 470, Loss = 8.748e-01
It: 480, Loss = 8.686e-01
It: 490, Loss = 8.630e-01
It: 500, Loss = 8.579e-01
It: 510, Loss = 8.532e-01
It: 520, Loss = 8.491e-01
It: 530, Loss = 8.431e-01
It: 540, Loss = 8.376e-01
It: 550, Loss = 8.317e-01
It: 560, Loss = 8.253e-01
It: 570, Loss = 8.181e-01
It: 580, Loss = 8.103e-01
It: 590, Loss = 8.019e-01
It: 600, Loss = 7.922e-01
It: 610, Loss = 7.803e-01
It: 620, Loss = 7.641e-01
It: 630, Loss = 7.404e-01
It: 640, Loss = 7.058e-01
It: 650, Loss = 6.675e-01
It: 660, Loss = 6.363e-01
It: 670, Loss = 5.978e-01
It: 680, Loss = 5.611e-01
It: 690, Loss = 5.317e-01
It: 700, Loss = 5.051e-01
It: 710, Loss = 4.887e-01
It: 720, Loss = 4.755e-01
It: 730, Loss = 4.611e-01
It: 740, Loss = 4.545e-01
It: 750, Loss = 4.447e-01
It: 760, Loss = 4.388e-01
It: 770, Loss = 4.448e-01
It: 780, Loss = 4.283e-01
It: 790, Loss = 4.249e-01
It: 800, Loss = 4.199e-01
It: 810, Loss = 4.156e-01
It: 820, Loss = 4.133e-01
It: 830, Loss = 4.674e-01
It: 840, Loss = 4.170e-01
It: 850, Loss = 4.073e-01
It: 860, Loss = 4.049e-01
It: 870, Loss = 4.022e-01
It: 880, Loss = 4.001e-01
It: 890, Loss = 3.974e-01
It: 900, Loss = 3.952e-01
It: 910, Loss = 3.929e-01
It: 920, Loss = 3.907e-01
It: 930, Loss = 3.885e-01
It: 940, Loss = 3.864e-01
It: 950, Loss = 3.843e-01
It: 960, Loss = 3.822e-01
It: 970, Loss = 3.942e-01
It: 980, Loss = 4.666e-01
It: 990, Loss = 3.845e-01
G_pred shape (100, 100)
