Using TensorFlow 2 backend.

N_train =  9
It: 0, Loss = 4.083e+00
It: 10, Loss = 9.824e-01
It: 20, Loss = 1.028e+00
It: 30, Loss = 1.024e+00
It: 40, Loss = 9.878e-01
It: 50, Loss = 9.629e-01
It: 60, Loss = 9.516e-01
It: 70, Loss = 9.465e-01
It: 80, Loss = 9.437e-01
It: 90, Loss = 9.417e-01
It: 100, Loss = 9.400e-01
It: 110, Loss = 9.383e-01
It: 120, Loss = 9.366e-01
It: 130, Loss = 9.348e-01
It: 140, Loss = 9.328e-01
It: 150, Loss = 9.306e-01
It: 160, Loss = 9.280e-01
It: 170, Loss = 9.250e-01
It: 180, Loss = 9.216e-01
It: 190, Loss = 9.182e-01
It: 200, Loss = 9.152e-01
It: 210, Loss = 9.125e-01
It: 220, Loss = 9.101e-01
It: 230, Loss = 9.078e-01
It: 240, Loss = 9.059e-01
It: 250, Loss = 9.042e-01
It: 260, Loss = 9.027e-01
It: 270, Loss = 9.012e-01
It: 280, Loss = 8.995e-01
It: 290, Loss = 8.975e-01
It: 300, Loss = 8.951e-01
It: 310, Loss = 8.920e-01
It: 320, Loss = 8.881e-01
It: 330, Loss = 8.839e-01
It: 340, Loss = 8.802e-01
It: 350, Loss = 8.773e-01
It: 360, Loss = 8.748e-01
It: 370, Loss = 8.722e-01
It: 380, Loss = 8.693e-01
It: 390, Loss = 8.662e-01
It: 400, Loss = 8.628e-01
It: 410, Loss = 8.590e-01
It: 420, Loss = 8.548e-01
It: 430, Loss = 8.499e-01
It: 440, Loss = 8.445e-01
It: 450, Loss = 8.386e-01
It: 460, Loss = 8.328e-01
It: 470, Loss = 8.273e-01
It: 480, Loss = 8.225e-01
It: 490, Loss = 8.182e-01
It: 500, Loss = 8.142e-01
It: 510, Loss = 8.103e-01
It: 520, Loss = 8.065e-01
It: 530, Loss = 8.031e-01
It: 540, Loss = 7.991e-01
It: 550, Loss = 7.959e-01
It: 560, Loss = 7.927e-01
It: 570, Loss = 7.895e-01
It: 580, Loss = 7.860e-01
It: 590, Loss = 7.822e-01
It: 600, Loss = 7.778e-01
It: 610, Loss = 7.725e-01
It: 620, Loss = 7.661e-01
It: 630, Loss = 7.579e-01
It: 640, Loss = 7.471e-01
It: 650, Loss = 7.329e-01
It: 660, Loss = 7.168e-01
It: 670, Loss = 7.005e-01
It: 680, Loss = 6.835e-01
It: 690, Loss = 6.668e-01
It: 700, Loss = 6.493e-01
It: 710, Loss = 6.299e-01
It: 720, Loss = 6.121e-01
It: 730, Loss = 5.900e-01
It: 740, Loss = 5.679e-01
It: 750, Loss = 5.485e-01
It: 760, Loss = 5.400e-01
It: 770, Loss = 5.243e-01
It: 780, Loss = 5.137e-01
It: 790, Loss = 5.042e-01
It: 800, Loss = 5.008e-01
It: 810, Loss = 4.900e-01
It: 820, Loss = 4.816e-01
It: 830, Loss = 4.797e-01
It: 840, Loss = 4.726e-01
It: 850, Loss = 4.644e-01
It: 860, Loss = 4.580e-01
It: 870, Loss = 4.622e-01
It: 880, Loss = 4.473e-01
It: 890, Loss = 4.391e-01
It: 900, Loss = 4.330e-01
It: 910, Loss = 4.384e-01
It: 920, Loss = 4.159e-01
It: 930, Loss = 4.070e-01
It: 940, Loss = 3.985e-01
It: 950, Loss = 3.904e-01
It: 960, Loss = 3.834e-01
It: 970, Loss = 3.694e-01
It: 980, Loss = 3.608e-01
It: 990, Loss = 3.626e-01
G_pred shape (100, 100)
It: 0, Loss = 1.321e+00
It: 10, Loss = 1.028e+00
It: 20, Loss = 9.816e-01
It: 30, Loss = 9.652e-01
It: 40, Loss = 9.471e-01
It: 50, Loss = 9.267e-01
It: 60, Loss = 9.103e-01
It: 70, Loss = 9.025e-01
It: 80, Loss = 9.008e-01
It: 90, Loss = 8.978e-01
It: 100, Loss = 8.955e-01
It: 110, Loss = 8.936e-01
It: 120, Loss = 8.916e-01
It: 130, Loss = 8.898e-01
It: 140, Loss = 8.881e-01
It: 150, Loss = 8.866e-01
It: 160, Loss = 8.852e-01
It: 170, Loss = 8.840e-01
It: 180, Loss = 8.829e-01
It: 190, Loss = 8.821e-01
It: 200, Loss = 8.813e-01
It: 210, Loss = 8.807e-01
It: 220, Loss = 8.801e-01
It: 230, Loss = 8.796e-01
It: 240, Loss = 8.790e-01
It: 250, Loss = 8.785e-01
It: 260, Loss = 8.780e-01
It: 270, Loss = 8.775e-01
It: 280, Loss = 8.770e-01
It: 290, Loss = 8.765e-01
It: 300, Loss = 8.758e-01
It: 310, Loss = 8.751e-01
It: 320, Loss = 8.741e-01
It: 330, Loss = 8.727e-01
It: 340, Loss = 8.706e-01
It: 350, Loss = 8.671e-01
It: 360, Loss = 8.611e-01
It: 370, Loss = 8.508e-01
It: 380, Loss = 8.333e-01
It: 390, Loss = 8.000e-01
It: 400, Loss = 7.434e-01
It: 410, Loss = 7.029e-01
It: 420, Loss = 6.863e-01
It: 430, Loss = 6.735e-01
It: 440, Loss = 6.610e-01
It: 450, Loss = 6.494e-01
It: 460, Loss = 6.369e-01
It: 470, Loss = 6.254e-01
It: 480, Loss = 6.043e-01
It: 490, Loss = 5.799e-01
It: 500, Loss = 5.488e-01
It: 510, Loss = 5.118e-01
It: 520, Loss = 4.839e-01
It: 530, Loss = 4.636e-01
It: 540, Loss = 4.205e-01
It: 550, Loss = 4.188e-01
It: 560, Loss = 3.353e-01
It: 570, Loss = 3.020e-01
It: 580, Loss = 2.771e-01
It: 590, Loss = 2.575e-01
It: 600, Loss = 2.154e-01
It: 610, Loss = 1.941e-01
It: 620, Loss = 1.800e-01
It: 630, Loss = 1.654e-01
It: 640, Loss = 1.594e-01
It: 650, Loss = 1.508e-01
It: 660, Loss = 1.439e-01
It: 670, Loss = 1.992e-01
It: 680, Loss = 1.523e-01
It: 690, Loss = 1.330e-01
It: 700, Loss = 1.301e-01
It: 710, Loss = 1.257e-01
It: 720, Loss = 1.217e-01
It: 730, Loss = 1.181e-01
It: 740, Loss = 1.181e-01
It: 750, Loss = 1.282e-01
It: 760, Loss = 1.138e-01
It: 770, Loss = 1.108e-01
It: 780, Loss = 1.064e-01
It: 790, Loss = 1.038e-01
It: 800, Loss = 1.014e-01
It: 810, Loss = 9.905e-02
It: 820, Loss = 1.650e-01
It: 830, Loss = 1.078e-01
It: 840, Loss = 1.013e-01
It: 850, Loss = 9.689e-02
It: 860, Loss = 9.414e-02
It: 870, Loss = 9.083e-02
It: 880, Loss = 8.877e-02
It: 890, Loss = 1.319e-01
It: 900, Loss = 1.102e-01
It: 910, Loss = 8.978e-02
It: 920, Loss = 8.797e-02
It: 930, Loss = 8.278e-02
It: 940, Loss = 8.074e-02
It: 950, Loss = 7.872e-02
It: 960, Loss = 7.686e-02
It: 970, Loss = 7.491e-02
It: 980, Loss = 7.294e-02
It: 990, Loss = 9.620e-02
G_pred shape (100, 100)
It: 0, Loss = 1.181e+00
It: 10, Loss = 9.481e-01
It: 20, Loss = 9.128e-01
It: 30, Loss = 9.009e-01
It: 40, Loss = 8.954e-01
It: 50, Loss = 8.895e-01
It: 60, Loss = 8.877e-01
It: 70, Loss = 8.868e-01
It: 80, Loss = 8.863e-01
It: 90, Loss = 8.858e-01
It: 100, Loss = 8.854e-01
It: 110, Loss = 8.850e-01
It: 120, Loss = 8.846e-01
It: 130, Loss = 8.841e-01
It: 140, Loss = 8.837e-01
It: 150, Loss = 8.832e-01
It: 160, Loss = 8.827e-01
It: 170, Loss = 8.822e-01
It: 180, Loss = 8.816e-01
It: 190, Loss = 8.809e-01
It: 200, Loss = 8.801e-01
It: 210, Loss = 8.792e-01
It: 220, Loss = 8.782e-01
It: 230, Loss = 8.769e-01
It: 240, Loss = 8.753e-01
It: 250, Loss = 8.733e-01
It: 260, Loss = 8.706e-01
It: 270, Loss = 8.667e-01
It: 280, Loss = 8.615e-01
It: 290, Loss = 8.559e-01
It: 300, Loss = 8.497e-01
It: 310, Loss = 8.428e-01
It: 320, Loss = 8.352e-01
It: 330, Loss = 8.256e-01
It: 340, Loss = 8.115e-01
It: 350, Loss = 7.862e-01
It: 360, Loss = 7.625e-01
It: 370, Loss = 6.958e-01
It: 380, Loss = 6.168e-01
It: 390, Loss = 6.908e-01
It: 400, Loss = 5.509e-01
It: 410, Loss = 5.289e-01
It: 420, Loss = 5.021e-01
It: 430, Loss = 4.850e-01
It: 440, Loss = 4.666e-01
It: 450, Loss = 4.465e-01
It: 460, Loss = 4.226e-01
It: 470, Loss = 3.925e-01
It: 480, Loss = 3.585e-01
It: 490, Loss = 3.322e-01
It: 500, Loss = 3.748e-01
It: 510, Loss = 3.141e-01
It: 520, Loss = 2.943e-01
It: 530, Loss = 2.758e-01
It: 540, Loss = 2.579e-01
It: 550, Loss = 2.402e-01
It: 560, Loss = 2.242e-01
It: 570, Loss = 2.099e-01
It: 580, Loss = 2.910e-01
It: 590, Loss = 2.080e-01
It: 600, Loss = 1.815e-01
It: 610, Loss = 1.729e-01
It: 620, Loss = 1.642e-01
It: 630, Loss = 1.557e-01
It: 640, Loss = 1.495e-01
It: 650, Loss = 1.570e-01
It: 660, Loss = 1.337e-01
It: 670, Loss = 1.251e-01
It: 680, Loss = 1.268e-01
It: 690, Loss = 1.138e-01
It: 700, Loss = 1.027e-01
It: 710, Loss = 9.037e-02
It: 720, Loss = 8.982e-02
It: 730, Loss = 1.014e-01
It: 740, Loss = 7.827e-02
It: 750, Loss = 7.021e-02
It: 760, Loss = 6.180e-02
It: 770, Loss = 5.755e-02
It: 780, Loss = 1.084e-01
It: 790, Loss = 6.349e-02
It: 800, Loss = 5.555e-02
It: 810, Loss = 4.727e-02
It: 820, Loss = 4.384e-02
It: 830, Loss = 4.118e-02
It: 840, Loss = 4.010e-02
It: 850, Loss = 4.069e-02
It: 860, Loss = 4.706e-02
It: 870, Loss = 3.717e-02
It: 880, Loss = 3.443e-02
It: 890, Loss = 3.235e-02
It: 900, Loss = 4.466e-02
It: 910, Loss = 3.681e-02
It: 920, Loss = 4.594e-02
It: 930, Loss = 3.125e-02
It: 940, Loss = 3.024e-02
It: 950, Loss = 2.837e-02
It: 960, Loss = 2.703e-02
It: 970, Loss = 2.583e-02
It: 980, Loss = 2.492e-02
It: 990, Loss = 2.406e-02
G_pred shape (100, 100)
It: 0, Loss = 1.040e+00
It: 10, Loss = 1.150e+00
It: 20, Loss = 9.547e-01
It: 30, Loss = 9.809e-01
It: 40, Loss = 9.498e-01
It: 50, Loss = 9.454e-01
It: 60, Loss = 9.414e-01
It: 70, Loss = 9.389e-01
It: 80, Loss = 9.358e-01
It: 90, Loss = 9.329e-01
It: 100, Loss = 9.295e-01
It: 110, Loss = 9.255e-01
It: 120, Loss = 9.207e-01
It: 130, Loss = 9.153e-01
It: 140, Loss = 9.097e-01
It: 150, Loss = 9.048e-01
It: 160, Loss = 9.011e-01
It: 170, Loss = 8.982e-01
It: 180, Loss = 8.956e-01
It: 190, Loss = 8.927e-01
It: 200, Loss = 8.889e-01
It: 210, Loss = 8.832e-01
It: 220, Loss = 8.748e-01
It: 230, Loss = 8.629e-01
It: 240, Loss = 8.535e-01
It: 250, Loss = 8.436e-01
It: 260, Loss = 8.355e-01
It: 270, Loss = 8.332e-01
It: 280, Loss = 8.323e-01
It: 290, Loss = 8.311e-01
It: 300, Loss = 8.301e-01
It: 310, Loss = 8.292e-01
It: 320, Loss = 8.284e-01
It: 330, Loss = 8.277e-01
It: 340, Loss = 8.269e-01
It: 350, Loss = 8.262e-01
It: 360, Loss = 8.255e-01
It: 370, Loss = 8.247e-01
It: 380, Loss = 8.239e-01
It: 390, Loss = 8.230e-01
It: 400, Loss = 8.218e-01
It: 410, Loss = 8.206e-01
It: 420, Loss = 8.192e-01
It: 430, Loss = 8.176e-01
It: 440, Loss = 8.164e-01
It: 450, Loss = 8.141e-01
It: 460, Loss = 8.121e-01
It: 470, Loss = 8.096e-01
It: 480, Loss = 8.094e-01
It: 490, Loss = 8.057e-01
It: 500, Loss = 8.022e-01
It: 510, Loss = 7.995e-01
It: 520, Loss = 7.967e-01
It: 530, Loss = 7.939e-01
It: 540, Loss = 7.911e-01
It: 550, Loss = 7.909e-01
It: 560, Loss = 7.864e-01
It: 570, Loss = 7.848e-01
It: 580, Loss = 7.829e-01
It: 590, Loss = 7.810e-01
It: 600, Loss = 7.794e-01
It: 610, Loss = 7.777e-01
It: 620, Loss = 7.840e-01
It: 630, Loss = 7.788e-01
It: 640, Loss = 7.747e-01
It: 650, Loss = 7.725e-01
It: 660, Loss = 7.705e-01
It: 670, Loss = 7.686e-01
It: 680, Loss = 7.665e-01
It: 690, Loss = 7.640e-01
It: 700, Loss = 8.176e-01
It: 710, Loss = 7.687e-01
It: 720, Loss = 7.622e-01
It: 730, Loss = 7.561e-01
It: 740, Loss = 7.516e-01
It: 750, Loss = 7.475e-01
It: 760, Loss = 7.431e-01
It: 770, Loss = 7.388e-01
It: 780, Loss = 7.859e-01
It: 790, Loss = 7.398e-01
It: 800, Loss = 7.317e-01
It: 810, Loss = 7.260e-01
It: 820, Loss = 7.226e-01
It: 830, Loss = 7.168e-01
It: 840, Loss = 7.108e-01
It: 850, Loss = 7.051e-01
It: 860, Loss = 7.425e-01
It: 870, Loss = 6.983e-01
It: 880, Loss = 6.976e-01
It: 890, Loss = 6.915e-01
It: 900, Loss = 6.823e-01
It: 910, Loss = 6.764e-01
It: 920, Loss = 6.703e-01
It: 930, Loss = 6.629e-01
It: 940, Loss = 6.816e-01
It: 950, Loss = 6.755e-01
It: 960, Loss = 6.464e-01
It: 970, Loss = 6.347e-01
It: 980, Loss = 6.253e-01
It: 990, Loss = 6.126e-01
G_pred shape (100, 100)
It: 0, Loss = 1.010e+00
It: 10, Loss = 9.812e-01
It: 20, Loss = 9.624e-01
It: 30, Loss = 9.494e-01
It: 40, Loss = 9.325e-01
It: 50, Loss = 9.247e-01
It: 60, Loss = 9.189e-01
It: 70, Loss = 9.141e-01
It: 80, Loss = 9.088e-01
It: 90, Loss = 9.047e-01
It: 100, Loss = 8.994e-01
It: 110, Loss = 8.920e-01
It: 120, Loss = 8.818e-01
It: 130, Loss = 8.668e-01
It: 140, Loss = 8.456e-01
It: 150, Loss = 8.105e-01
It: 160, Loss = 7.807e-01
It: 170, Loss = 7.539e-01
It: 180, Loss = 7.259e-01
It: 190, Loss = 6.825e-01
It: 200, Loss = 6.436e-01
It: 210, Loss = 6.046e-01
It: 220, Loss = 5.745e-01
It: 230, Loss = 6.270e-01
It: 240, Loss = 5.381e-01
It: 250, Loss = 5.240e-01
It: 260, Loss = 5.059e-01
It: 270, Loss = 4.834e-01
It: 280, Loss = 4.550e-01
It: 290, Loss = 4.402e-01
It: 300, Loss = 4.070e-01
It: 310, Loss = 3.688e-01
It: 320, Loss = 3.397e-01
It: 330, Loss = 3.218e-01
It: 340, Loss = 2.758e-01
It: 350, Loss = 2.456e-01
It: 360, Loss = 2.512e-01
It: 370, Loss = 2.048e-01
It: 380, Loss = 1.860e-01
It: 390, Loss = 1.683e-01
It: 400, Loss = 1.541e-01
It: 410, Loss = 1.786e-01
It: 420, Loss = 1.427e-01
It: 430, Loss = 1.257e-01
It: 440, Loss = 1.157e-01
It: 450, Loss = 1.096e-01
It: 460, Loss = 1.048e-01
It: 470, Loss = 1.360e-01
It: 480, Loss = 1.119e-01
It: 490, Loss = 9.648e-02
It: 500, Loss = 9.282e-02
It: 510, Loss = 9.006e-02
It: 520, Loss = 8.695e-02
It: 530, Loss = 8.416e-02
It: 540, Loss = 8.272e-02
It: 550, Loss = 8.929e-02
It: 560, Loss = 8.243e-02
It: 570, Loss = 7.714e-02
It: 580, Loss = 7.230e-02
It: 590, Loss = 6.983e-02
It: 600, Loss = 6.743e-02
It: 610, Loss = 6.853e-02
It: 620, Loss = 8.232e-02
It: 630, Loss = 6.730e-02
It: 640, Loss = 6.110e-02
It: 650, Loss = 5.799e-02
It: 660, Loss = 5.699e-02
It: 670, Loss = 5.579e-02
It: 680, Loss = 5.481e-02
It: 690, Loss = 5.818e-02
It: 700, Loss = 5.339e-02
It: 710, Loss = 5.019e-02
It: 720, Loss = 4.870e-02
It: 730, Loss = 4.730e-02
It: 740, Loss = 4.595e-02
It: 750, Loss = 4.477e-02
It: 760, Loss = 4.368e-02
It: 770, Loss = 4.264e-02
It: 780, Loss = 4.167e-02
It: 790, Loss = 4.141e-02
It: 800, Loss = 5.483e-02
It: 810, Loss = 5.377e-02
It: 820, Loss = 4.115e-02
It: 830, Loss = 3.873e-02
It: 840, Loss = 3.794e-02
It: 850, Loss = 3.719e-02
It: 860, Loss = 3.658e-02
It: 870, Loss = 3.593e-02
It: 880, Loss = 3.531e-02
It: 890, Loss = 3.472e-02
It: 900, Loss = 3.415e-02
It: 910, Loss = 3.361e-02
It: 920, Loss = 3.522e-02
It: 930, Loss = 4.550e-02
It: 940, Loss = 3.976e-02
It: 950, Loss = 3.520e-02
It: 960, Loss = 3.250e-02
It: 970, Loss = 3.161e-02
It: 980, Loss = 3.096e-02
It: 990, Loss = 3.045e-02
G_pred shape (100, 100)
