Using TensorFlow 2 backend.

N_train =  10
It: 0, Loss = 4.170e+00
It: 10, Loss = 1.146e+00
It: 20, Loss = 1.161e+00
It: 30, Loss = 1.040e+00
It: 40, Loss = 9.455e-01
It: 50, Loss = 9.162e-01
It: 60, Loss = 9.038e-01
It: 70, Loss = 8.987e-01
It: 80, Loss = 8.971e-01
It: 90, Loss = 8.957e-01
It: 100, Loss = 8.943e-01
It: 110, Loss = 8.931e-01
It: 120, Loss = 8.916e-01
It: 130, Loss = 8.899e-01
It: 140, Loss = 8.876e-01
It: 150, Loss = 8.838e-01
It: 160, Loss = 8.728e-01
It: 170, Loss = 8.401e-01
It: 180, Loss = 8.287e-01
It: 190, Loss = 8.202e-01
It: 200, Loss = 8.145e-01
It: 210, Loss = 8.092e-01
It: 220, Loss = 8.053e-01
It: 230, Loss = 8.025e-01
It: 240, Loss = 8.001e-01
It: 250, Loss = 7.982e-01
It: 260, Loss = 7.965e-01
It: 270, Loss = 7.949e-01
It: 280, Loss = 7.933e-01
It: 290, Loss = 7.917e-01
It: 300, Loss = 7.901e-01
It: 310, Loss = 7.886e-01
It: 320, Loss = 7.872e-01
It: 330, Loss = 7.861e-01
It: 340, Loss = 7.853e-01
It: 350, Loss = 7.850e-01
It: 360, Loss = 7.843e-01
It: 370, Loss = 7.836e-01
It: 380, Loss = 7.831e-01
It: 390, Loss = 7.827e-01
It: 400, Loss = 7.823e-01
It: 410, Loss = 7.819e-01
It: 420, Loss = 7.815e-01
It: 430, Loss = 7.812e-01
It: 440, Loss = 7.809e-01
It: 450, Loss = 7.806e-01
It: 460, Loss = 7.803e-01
It: 470, Loss = 7.800e-01
It: 480, Loss = 7.797e-01
It: 490, Loss = 7.794e-01
It: 500, Loss = 7.791e-01
It: 510, Loss = 7.788e-01
It: 520, Loss = 7.785e-01
It: 530, Loss = 7.782e-01
It: 540, Loss = 7.778e-01
It: 550, Loss = 7.775e-01
It: 560, Loss = 7.771e-01
It: 570, Loss = 7.767e-01
It: 580, Loss = 7.762e-01
It: 590, Loss = 7.757e-01
It: 600, Loss = 7.752e-01
It: 610, Loss = 7.746e-01
It: 620, Loss = 7.740e-01
It: 630, Loss = 7.733e-01
It: 640, Loss = 7.726e-01
It: 650, Loss = 7.725e-01
It: 660, Loss = 7.708e-01
It: 670, Loss = 7.699e-01
It: 680, Loss = 7.688e-01
It: 690, Loss = 7.676e-01
It: 700, Loss = 7.663e-01
It: 710, Loss = 7.649e-01
It: 720, Loss = 7.634e-01
It: 730, Loss = 7.617e-01
It: 740, Loss = 7.598e-01
It: 750, Loss = 7.577e-01
It: 760, Loss = 7.553e-01
It: 770, Loss = 7.526e-01
It: 780, Loss = 7.495e-01
It: 790, Loss = 7.459e-01
It: 800, Loss = 7.417e-01
It: 810, Loss = 7.370e-01
It: 820, Loss = 7.318e-01
It: 830, Loss = 7.262e-01
It: 840, Loss = 7.202e-01
It: 850, Loss = 7.138e-01
It: 860, Loss = 7.067e-01
It: 870, Loss = 6.992e-01
It: 880, Loss = 6.909e-01
It: 890, Loss = 6.824e-01
It: 900, Loss = 6.739e-01
It: 910, Loss = 6.654e-01
It: 920, Loss = 6.571e-01
It: 930, Loss = 6.488e-01
It: 940, Loss = 6.404e-01
It: 950, Loss = 6.301e-01
It: 960, Loss = 6.185e-01
It: 970, Loss = 6.049e-01
It: 980, Loss = 6.033e-01
It: 990, Loss = 5.830e-01
G_pred shape (100, 100)
It: 0, Loss = 1.171e+00
It: 10, Loss = 1.287e+00
It: 20, Loss = 9.434e-01
It: 30, Loss = 9.512e-01
It: 40, Loss = 9.415e-01
It: 50, Loss = 9.169e-01
It: 60, Loss = 9.109e-01
It: 70, Loss = 9.002e-01
It: 80, Loss = 8.919e-01
It: 90, Loss = 8.839e-01
It: 100, Loss = 8.778e-01
It: 110, Loss = 8.740e-01
It: 120, Loss = 8.715e-01
It: 130, Loss = 8.691e-01
It: 140, Loss = 8.665e-01
It: 150, Loss = 8.641e-01
It: 160, Loss = 8.616e-01
It: 170, Loss = 8.590e-01
It: 180, Loss = 8.562e-01
It: 190, Loss = 8.534e-01
It: 200, Loss = 8.504e-01
It: 210, Loss = 8.475e-01
It: 220, Loss = 8.444e-01
It: 230, Loss = 8.408e-01
It: 240, Loss = 8.347e-01
It: 250, Loss = 8.173e-01
It: 260, Loss = 7.755e-01
It: 270, Loss = 7.532e-01
It: 280, Loss = 7.381e-01
It: 290, Loss = 7.285e-01
It: 300, Loss = 7.239e-01
It: 310, Loss = 7.188e-01
It: 320, Loss = 7.151e-01
It: 330, Loss = 7.119e-01
It: 340, Loss = 7.101e-01
It: 350, Loss = 7.120e-01
It: 360, Loss = 7.059e-01
It: 370, Loss = 7.039e-01
It: 380, Loss = 7.020e-01
It: 390, Loss = 6.997e-01
It: 400, Loss = 6.970e-01
It: 410, Loss = 6.937e-01
It: 420, Loss = 6.894e-01
It: 430, Loss = 6.837e-01
It: 440, Loss = 6.757e-01
It: 450, Loss = 6.640e-01
It: 460, Loss = 6.477e-01
It: 470, Loss = 6.284e-01
It: 480, Loss = 6.138e-01
It: 490, Loss = 6.041e-01
It: 500, Loss = 5.951e-01
It: 510, Loss = 5.851e-01
It: 520, Loss = 5.746e-01
It: 530, Loss = 5.621e-01
It: 540, Loss = 5.453e-01
It: 550, Loss = 5.238e-01
It: 560, Loss = 5.396e-01
It: 570, Loss = 4.966e-01
It: 580, Loss = 4.828e-01
It: 590, Loss = 4.715e-01
It: 600, Loss = 4.653e-01
It: 610, Loss = 4.610e-01
It: 620, Loss = 4.582e-01
It: 630, Loss = 4.559e-01
It: 640, Loss = 4.540e-01
It: 650, Loss = 4.523e-01
It: 660, Loss = 4.508e-01
It: 670, Loss = 4.496e-01
It: 680, Loss = 4.742e-01
It: 690, Loss = 4.498e-01
It: 700, Loss = 4.468e-01
It: 710, Loss = 4.458e-01
It: 720, Loss = 4.450e-01
It: 730, Loss = 4.437e-01
It: 740, Loss = 4.426e-01
It: 750, Loss = 4.414e-01
It: 760, Loss = 4.400e-01
It: 770, Loss = 4.385e-01
It: 780, Loss = 4.366e-01
It: 790, Loss = 4.344e-01
It: 800, Loss = 4.382e-01
It: 810, Loss = 4.388e-01
It: 820, Loss = 4.357e-01
It: 830, Loss = 4.240e-01
It: 840, Loss = 4.183e-01
It: 850, Loss = 4.126e-01
It: 860, Loss = 4.056e-01
It: 870, Loss = 3.978e-01
It: 880, Loss = 3.892e-01
It: 890, Loss = 4.584e-01
It: 900, Loss = 3.876e-01
It: 910, Loss = 3.745e-01
It: 920, Loss = 3.622e-01
It: 930, Loss = 3.523e-01
It: 940, Loss = 3.448e-01
It: 950, Loss = 3.384e-01
It: 960, Loss = 3.348e-01
It: 970, Loss = 3.606e-01
It: 980, Loss = 3.343e-01
It: 990, Loss = 3.213e-01
G_pred shape (100, 100)
It: 0, Loss = 3.490e+00
It: 10, Loss = 1.071e+00
It: 20, Loss = 1.074e+00
It: 30, Loss = 1.047e+00
It: 40, Loss = 9.971e-01
It: 50, Loss = 9.716e-01
It: 60, Loss = 9.623e-01
It: 70, Loss = 9.581e-01
It: 80, Loss = 9.553e-01
It: 90, Loss = 9.529e-01
It: 100, Loss = 9.506e-01
It: 110, Loss = 9.483e-01
It: 120, Loss = 9.459e-01
It: 130, Loss = 9.434e-01
It: 140, Loss = 9.409e-01
It: 150, Loss = 9.381e-01
It: 160, Loss = 9.352e-01
It: 170, Loss = 9.320e-01
It: 180, Loss = 9.287e-01
It: 190, Loss = 9.253e-01
It: 200, Loss = 9.216e-01
It: 210, Loss = 9.175e-01
It: 220, Loss = 9.127e-01
It: 230, Loss = 9.068e-01
It: 240, Loss = 8.996e-01
It: 250, Loss = 8.912e-01
It: 260, Loss = 8.825e-01
It: 270, Loss = 8.750e-01
It: 280, Loss = 8.693e-01
It: 290, Loss = 8.633e-01
It: 300, Loss = 8.540e-01
It: 310, Loss = 8.391e-01
It: 320, Loss = 8.221e-01
It: 330, Loss = 8.118e-01
It: 340, Loss = 8.079e-01
It: 350, Loss = 8.061e-01
It: 360, Loss = 8.043e-01
It: 370, Loss = 8.027e-01
It: 380, Loss = 8.014e-01
It: 390, Loss = 8.002e-01
It: 400, Loss = 7.991e-01
It: 410, Loss = 7.981e-01
It: 420, Loss = 7.973e-01
It: 430, Loss = 7.965e-01
It: 440, Loss = 7.958e-01
It: 450, Loss = 7.951e-01
It: 460, Loss = 7.945e-01
It: 470, Loss = 7.940e-01
It: 480, Loss = 7.934e-01
It: 490, Loss = 7.929e-01
It: 500, Loss = 7.924e-01
It: 510, Loss = 7.920e-01
It: 520, Loss = 7.915e-01
It: 530, Loss = 7.911e-01
It: 540, Loss = 7.907e-01
It: 550, Loss = 7.902e-01
It: 560, Loss = 7.898e-01
It: 570, Loss = 7.894e-01
It: 580, Loss = 7.890e-01
It: 590, Loss = 7.886e-01
It: 600, Loss = 7.882e-01
It: 610, Loss = 7.878e-01
It: 620, Loss = 7.874e-01
It: 630, Loss = 7.871e-01
It: 640, Loss = 7.867e-01
It: 650, Loss = 7.863e-01
It: 660, Loss = 7.858e-01
It: 670, Loss = 7.854e-01
It: 680, Loss = 7.848e-01
It: 690, Loss = 7.842e-01
It: 700, Loss = 7.835e-01
It: 710, Loss = 7.827e-01
It: 720, Loss = 7.817e-01
It: 730, Loss = 7.805e-01
It: 740, Loss = 7.790e-01
It: 750, Loss = 7.772e-01
It: 760, Loss = 7.751e-01
It: 770, Loss = 7.724e-01
It: 780, Loss = 7.692e-01
It: 790, Loss = 7.652e-01
It: 800, Loss = 7.601e-01
It: 810, Loss = 7.535e-01
It: 820, Loss = 7.448e-01
It: 830, Loss = 7.312e-01
It: 840, Loss = 7.097e-01
It: 850, Loss = 6.796e-01
It: 860, Loss = 6.463e-01
It: 870, Loss = 6.147e-01
It: 880, Loss = 5.849e-01
It: 890, Loss = 5.649e-01
It: 900, Loss = 5.456e-01
It: 910, Loss = 5.332e-01
It: 920, Loss = 5.193e-01
It: 930, Loss = 5.088e-01
It: 940, Loss = 4.975e-01
It: 950, Loss = 4.865e-01
It: 960, Loss = 4.765e-01
It: 970, Loss = 4.668e-01
It: 980, Loss = 4.708e-01
It: 990, Loss = 4.537e-01
G_pred shape (100, 100)
It: 0, Loss = 1.774e+00
It: 10, Loss = 1.052e+00
It: 20, Loss = 9.848e-01
It: 30, Loss = 9.355e-01
It: 40, Loss = 9.129e-01
It: 50, Loss = 8.812e-01
It: 60, Loss = 8.582e-01
It: 70, Loss = 8.495e-01
It: 80, Loss = 8.475e-01
It: 90, Loss = 8.457e-01
It: 100, Loss = 8.443e-01
It: 110, Loss = 8.431e-01
It: 120, Loss = 8.422e-01
It: 130, Loss = 8.413e-01
It: 140, Loss = 8.405e-01
It: 150, Loss = 8.397e-01
It: 160, Loss = 8.389e-01
It: 170, Loss = 8.382e-01
It: 180, Loss = 8.374e-01
It: 190, Loss = 8.367e-01
It: 200, Loss = 8.360e-01
It: 210, Loss = 8.353e-01
It: 220, Loss = 8.346e-01
It: 230, Loss = 8.339e-01
It: 240, Loss = 8.331e-01
It: 250, Loss = 8.324e-01
It: 260, Loss = 8.316e-01
It: 270, Loss = 8.308e-01
It: 280, Loss = 8.300e-01
It: 290, Loss = 8.291e-01
It: 300, Loss = 8.281e-01
It: 310, Loss = 8.270e-01
It: 320, Loss = 8.259e-01
It: 330, Loss = 8.248e-01
It: 340, Loss = 8.236e-01
It: 350, Loss = 8.217e-01
It: 360, Loss = 8.197e-01
It: 370, Loss = 8.175e-01
It: 380, Loss = 8.150e-01
It: 390, Loss = 8.121e-01
It: 400, Loss = 8.106e-01
It: 410, Loss = 8.066e-01
It: 420, Loss = 8.037e-01
It: 430, Loss = 8.005e-01
It: 440, Loss = 7.972e-01
It: 450, Loss = 7.940e-01
It: 460, Loss = 8.004e-01
It: 470, Loss = 7.910e-01
It: 480, Loss = 7.835e-01
It: 490, Loss = 7.795e-01
It: 500, Loss = 7.740e-01
It: 510, Loss = 7.678e-01
It: 520, Loss = 7.594e-01
It: 530, Loss = 7.932e-01
It: 540, Loss = 7.495e-01
It: 550, Loss = 7.330e-01
It: 560, Loss = 7.144e-01
It: 570, Loss = 6.934e-01
It: 580, Loss = 6.710e-01
It: 590, Loss = 8.018e-01
It: 600, Loss = 6.644e-01
It: 610, Loss = 6.272e-01
It: 620, Loss = 6.030e-01
It: 630, Loss = 5.897e-01
It: 640, Loss = 5.769e-01
It: 650, Loss = 5.643e-01
It: 660, Loss = 5.508e-01
It: 670, Loss = 5.370e-01
It: 680, Loss = 5.240e-01
It: 690, Loss = 5.116e-01
It: 700, Loss = 6.342e-01
It: 710, Loss = 5.168e-01
It: 720, Loss = 4.999e-01
It: 730, Loss = 4.800e-01
It: 740, Loss = 4.650e-01
It: 750, Loss = 4.522e-01
It: 760, Loss = 4.394e-01
It: 770, Loss = 4.271e-01
It: 780, Loss = 4.561e-01
It: 790, Loss = 4.167e-01
It: 800, Loss = 3.934e-01
It: 810, Loss = 3.818e-01
It: 820, Loss = 3.685e-01
It: 830, Loss = 3.560e-01
It: 840, Loss = 3.671e-01
It: 850, Loss = 3.445e-01
It: 860, Loss = 3.496e-01
It: 870, Loss = 3.177e-01
It: 880, Loss = 3.106e-01
It: 890, Loss = 2.953e-01
It: 900, Loss = 2.762e-01
It: 910, Loss = 2.576e-01
It: 920, Loss = 2.385e-01
It: 930, Loss = 2.486e-01
It: 940, Loss = 2.301e-01
It: 950, Loss = 2.104e-01
It: 960, Loss = 2.007e-01
It: 970, Loss = 1.864e-01
It: 980, Loss = 4.435e-01
It: 990, Loss = 1.849e-01
G_pred shape (100, 100)
It: 0, Loss = 1.086e+00
It: 10, Loss = 1.136e+00
It: 20, Loss = 9.684e-01
It: 30, Loss = 9.150e-01
It: 40, Loss = 8.972e-01
It: 50, Loss = 8.878e-01
It: 60, Loss = 8.757e-01
It: 70, Loss = 8.709e-01
It: 80, Loss = 8.682e-01
It: 90, Loss = 8.658e-01
It: 100, Loss = 8.636e-01
It: 110, Loss = 8.618e-01
It: 120, Loss = 8.601e-01
It: 130, Loss = 8.585e-01
It: 140, Loss = 8.568e-01
It: 150, Loss = 8.551e-01
It: 160, Loss = 8.533e-01
It: 170, Loss = 8.514e-01
It: 180, Loss = 8.493e-01
It: 190, Loss = 8.472e-01
It: 200, Loss = 8.449e-01
It: 210, Loss = 8.427e-01
It: 220, Loss = 8.404e-01
It: 230, Loss = 8.382e-01
It: 240, Loss = 8.360e-01
It: 250, Loss = 8.337e-01
It: 260, Loss = 8.313e-01
It: 270, Loss = 8.288e-01
It: 280, Loss = 8.260e-01
It: 290, Loss = 8.228e-01
It: 300, Loss = 8.186e-01
It: 310, Loss = 8.120e-01
It: 320, Loss = 8.000e-01
It: 330, Loss = 8.017e-01
It: 340, Loss = 7.853e-01
It: 350, Loss = 7.838e-01
It: 360, Loss = 7.820e-01
It: 370, Loss = 7.801e-01
It: 380, Loss = 7.791e-01
It: 390, Loss = 7.781e-01
It: 400, Loss = 7.771e-01
It: 410, Loss = 7.761e-01
It: 420, Loss = 7.752e-01
It: 430, Loss = 7.742e-01
It: 440, Loss = 7.732e-01
It: 450, Loss = 7.723e-01
It: 460, Loss = 7.713e-01
It: 470, Loss = 7.725e-01
It: 480, Loss = 7.718e-01
It: 490, Loss = 7.688e-01
It: 500, Loss = 7.676e-01
It: 510, Loss = 7.665e-01
It: 520, Loss = 7.653e-01
It: 530, Loss = 7.640e-01
It: 540, Loss = 7.626e-01
It: 550, Loss = 7.610e-01
It: 560, Loss = 7.592e-01
It: 570, Loss = 7.573e-01
It: 580, Loss = 7.625e-01
It: 590, Loss = 7.527e-01
It: 600, Loss = 7.507e-01
It: 610, Loss = 7.458e-01
It: 620, Loss = 7.423e-01
It: 630, Loss = 7.469e-01
It: 640, Loss = 7.210e-01
It: 650, Loss = 6.956e-01
It: 660, Loss = 6.529e-01
It: 670, Loss = 5.916e-01
It: 680, Loss = 5.827e-01
It: 690, Loss = 5.361e-01
It: 700, Loss = 4.919e-01
It: 710, Loss = 4.601e-01
It: 720, Loss = 4.318e-01
It: 730, Loss = 4.034e-01
It: 740, Loss = 3.959e-01
It: 750, Loss = 3.717e-01
It: 760, Loss = 3.391e-01
It: 770, Loss = 3.341e-01
It: 780, Loss = 3.207e-01
It: 790, Loss = 3.091e-01
It: 800, Loss = 3.171e-01
It: 810, Loss = 2.840e-01
It: 820, Loss = 2.796e-01
It: 830, Loss = 2.712e-01
It: 840, Loss = 2.673e-01
It: 850, Loss = 2.614e-01
It: 860, Loss = 2.702e-01
It: 870, Loss = 2.538e-01
It: 880, Loss = 2.628e-01
It: 890, Loss = 2.533e-01
It: 900, Loss = 2.428e-01
It: 910, Loss = 2.803e-01
It: 920, Loss = 2.553e-01
It: 930, Loss = 2.386e-01
It: 940, Loss = 2.285e-01
It: 950, Loss = 2.218e-01
It: 960, Loss = 3.150e-01
It: 970, Loss = 2.311e-01
It: 980, Loss = 2.188e-01
It: 990, Loss = 2.072e-01
G_pred shape (100, 100)
