Using TensorFlow 2 backend.

N_train =  2
It: 0, Loss = 1.267e+00
It: 10, Loss = 1.000e+00
It: 20, Loss = 9.915e-01
It: 30, Loss = 9.624e-01
It: 40, Loss = 9.282e-01
It: 50, Loss = 9.239e-01
It: 60, Loss = 9.187e-01
It: 70, Loss = 9.150e-01
It: 80, Loss = 9.112e-01
It: 90, Loss = 9.060e-01
It: 100, Loss = 8.973e-01
It: 110, Loss = 8.794e-01
It: 120, Loss = 8.320e-01
It: 130, Loss = 7.809e-01
It: 140, Loss = 7.608e-01
It: 150, Loss = 7.453e-01
It: 160, Loss = 7.261e-01
It: 170, Loss = 7.087e-01
It: 180, Loss = 7.032e-01
It: 190, Loss = 6.963e-01
It: 200, Loss = 6.908e-01
It: 210, Loss = 6.868e-01
It: 220, Loss = 6.820e-01
It: 230, Loss = 6.756e-01
It: 240, Loss = 6.709e-01
It: 250, Loss = 6.499e-01
It: 260, Loss = 6.141e-01
It: 270, Loss = 5.763e-01
It: 280, Loss = 4.273e-01
It: 290, Loss = 3.156e-01
It: 300, Loss = 2.007e-01
It: 310, Loss = 1.507e-01
It: 320, Loss = 1.083e-01
It: 330, Loss = 7.422e-02
It: 340, Loss = 8.966e-02
It: 350, Loss = 5.755e-02
It: 360, Loss = 5.445e-02
It: 370, Loss = 4.952e-02
It: 380, Loss = 4.526e-02
It: 390, Loss = 4.188e-02
It: 400, Loss = 3.894e-02
It: 410, Loss = 3.610e-02
It: 420, Loss = 5.407e-02
It: 430, Loss = 6.290e-02
It: 440, Loss = 3.641e-02
It: 450, Loss = 2.973e-02
It: 460, Loss = 2.787e-02
It: 470, Loss = 2.560e-02
It: 480, Loss = 2.401e-02
It: 490, Loss = 2.255e-02
It: 500, Loss = 2.114e-02
It: 510, Loss = 1.986e-02
It: 520, Loss = 1.869e-02
It: 530, Loss = 1.764e-02
It: 540, Loss = 8.594e-02
It: 550, Loss = 3.610e-02
It: 560, Loss = 2.053e-02
It: 570, Loss = 1.667e-02
It: 580, Loss = 1.541e-02
It: 590, Loss = 1.444e-02
It: 600, Loss = 1.368e-02
It: 610, Loss = 1.306e-02
It: 620, Loss = 1.255e-02
It: 630, Loss = 1.208e-02
It: 640, Loss = 1.164e-02
It: 650, Loss = 1.123e-02
It: 660, Loss = 1.084e-02
It: 670, Loss = 1.048e-02
It: 680, Loss = 1.024e-02
It: 690, Loss = 1.047e-01
It: 700, Loss = 2.147e-02
It: 710, Loss = 1.012e-02
It: 720, Loss = 1.142e-02
It: 730, Loss = 1.043e-02
It: 740, Loss = 9.316e-03
It: 750, Loss = 8.994e-03
It: 760, Loss = 8.764e-03
It: 770, Loss = 8.539e-03
It: 780, Loss = 8.335e-03
It: 790, Loss = 8.138e-03
It: 800, Loss = 7.948e-03
It: 810, Loss = 7.770e-03
It: 820, Loss = 7.599e-03
It: 830, Loss = 7.435e-03
It: 840, Loss = 7.278e-03
It: 850, Loss = 7.125e-03
It: 860, Loss = 6.978e-03
It: 870, Loss = 6.835e-03
It: 880, Loss = 6.696e-03
It: 890, Loss = 6.603e-03
It: 900, Loss = 3.555e-02
It: 910, Loss = 1.550e-02
It: 920, Loss = 1.020e-02
It: 930, Loss = 7.769e-03
It: 940, Loss = 6.787e-03
It: 950, Loss = 6.265e-03
It: 960, Loss = 5.973e-03
It: 970, Loss = 5.857e-03
It: 980, Loss = 5.737e-03
It: 990, Loss = 5.633e-03
G_pred shape (100, 100)
It: 0, Loss = 1.302e+00
It: 10, Loss = 1.114e+00
It: 20, Loss = 1.001e+00
It: 30, Loss = 9.455e-01
It: 40, Loss = 9.238e-01
It: 50, Loss = 9.184e-01
It: 60, Loss = 9.159e-01
It: 70, Loss = 9.122e-01
It: 80, Loss = 9.093e-01
It: 90, Loss = 9.069e-01
It: 100, Loss = 9.047e-01
It: 110, Loss = 9.030e-01
It: 120, Loss = 9.015e-01
It: 130, Loss = 9.003e-01
It: 140, Loss = 8.990e-01
It: 150, Loss = 8.977e-01
It: 160, Loss = 8.959e-01
It: 170, Loss = 8.936e-01
It: 180, Loss = 8.903e-01
It: 190, Loss = 8.853e-01
It: 200, Loss = 8.783e-01
It: 210, Loss = 8.705e-01
It: 220, Loss = 8.617e-01
It: 230, Loss = 8.514e-01
It: 240, Loss = 8.396e-01
It: 250, Loss = 8.245e-01
It: 260, Loss = 8.019e-01
It: 270, Loss = 7.772e-01
It: 280, Loss = 7.204e-01
It: 290, Loss = 6.186e-01
It: 300, Loss = 5.151e-01
It: 310, Loss = 4.448e-01
It: 320, Loss = 3.894e-01
It: 330, Loss = 3.489e-01
It: 340, Loss = 3.259e-01
It: 350, Loss = 2.841e-01
It: 360, Loss = 2.440e-01
It: 370, Loss = 2.443e-01
It: 380, Loss = 1.680e-01
It: 390, Loss = 1.345e-01
It: 400, Loss = 1.166e-01
It: 410, Loss = 7.039e-02
It: 420, Loss = 3.217e-02
It: 430, Loss = 2.299e-02
It: 440, Loss = 1.150e-02
It: 450, Loss = 7.908e-03
It: 460, Loss = 6.621e-03
It: 470, Loss = 6.125e-03
It: 480, Loss = 5.638e-03
It: 490, Loss = 5.229e-03
It: 500, Loss = 4.900e-03
It: 510, Loss = 4.606e-03
It: 520, Loss = 4.385e-03
It: 530, Loss = 1.033e-02
It: 540, Loss = 1.968e-02
It: 550, Loss = 6.963e-03
It: 560, Loss = 4.147e-03
It: 570, Loss = 4.083e-03
It: 580, Loss = 3.378e-03
It: 590, Loss = 3.274e-03
It: 600, Loss = 3.141e-03
It: 610, Loss = 3.010e-03
It: 620, Loss = 2.895e-03
It: 630, Loss = 2.796e-03
It: 640, Loss = 2.701e-03
It: 650, Loss = 2.613e-03
It: 660, Loss = 2.531e-03
It: 670, Loss = 2.453e-03
It: 680, Loss = 2.388e-03
It: 690, Loss = 4.454e-03
It: 700, Loss = 7.605e-03
It: 710, Loss = 9.651e-03
It: 720, Loss = 5.111e-03
It: 730, Loss = 2.825e-03
It: 740, Loss = 2.199e-03
It: 750, Loss = 2.168e-03
It: 760, Loss = 2.124e-03
It: 770, Loss = 2.029e-03
It: 780, Loss = 1.990e-03
It: 790, Loss = 1.942e-03
It: 800, Loss = 1.901e-03
It: 810, Loss = 1.863e-03
It: 820, Loss = 1.826e-03
It: 830, Loss = 1.791e-03
It: 840, Loss = 1.758e-03
It: 850, Loss = 1.726e-03
It: 860, Loss = 1.695e-03
It: 870, Loss = 1.666e-03
It: 880, Loss = 1.637e-03
It: 890, Loss = 1.610e-03
It: 900, Loss = 1.583e-03
It: 910, Loss = 1.558e-03
It: 920, Loss = 1.534e-03
It: 930, Loss = 1.714e-03
It: 940, Loss = 8.250e-02
It: 950, Loss = 2.068e-03
It: 960, Loss = 2.558e-03
It: 970, Loss = 3.237e-03
It: 980, Loss = 2.199e-03
It: 990, Loss = 1.604e-03
G_pred shape (100, 100)
It: 0, Loss = 1.051e+00
It: 10, Loss = 9.275e-01
It: 20, Loss = 8.954e-01
It: 30, Loss = 8.794e-01
It: 40, Loss = 8.671e-01
It: 50, Loss = 8.552e-01
It: 60, Loss = 8.439e-01
It: 70, Loss = 8.341e-01
It: 80, Loss = 8.282e-01
It: 90, Loss = 8.223e-01
It: 100, Loss = 8.147e-01
It: 110, Loss = 8.061e-01
It: 120, Loss = 7.958e-01
It: 130, Loss = 7.837e-01
It: 140, Loss = 7.699e-01
It: 150, Loss = 7.513e-01
It: 160, Loss = 7.381e-01
It: 170, Loss = 7.364e-01
It: 180, Loss = 7.316e-01
It: 190, Loss = 7.265e-01
It: 200, Loss = 7.189e-01
It: 210, Loss = 7.045e-01
It: 220, Loss = 6.713e-01
It: 230, Loss = 5.994e-01
It: 240, Loss = 5.624e-01
It: 250, Loss = 5.158e-01
It: 260, Loss = 4.874e-01
It: 270, Loss = 4.528e-01
It: 280, Loss = 4.028e-01
It: 290, Loss = 4.063e-01
It: 300, Loss = 3.039e-01
It: 310, Loss = 2.394e-01
It: 320, Loss = 1.830e-01
It: 330, Loss = 9.387e-02
It: 340, Loss = 5.640e-02
It: 350, Loss = 7.042e-02
It: 360, Loss = 5.066e-02
It: 370, Loss = 3.342e-02
It: 380, Loss = 2.952e-02
It: 390, Loss = 2.648e-02
It: 400, Loss = 2.381e-02
It: 410, Loss = 2.172e-02
It: 420, Loss = 2.004e-02
It: 430, Loss = 1.854e-02
It: 440, Loss = 1.720e-02
It: 450, Loss = 2.673e-02
It: 460, Loss = 1.959e-02
It: 470, Loss = 1.535e-02
It: 480, Loss = 1.435e-02
It: 490, Loss = 1.301e-02
It: 500, Loss = 1.188e-02
It: 510, Loss = 1.111e-02
It: 520, Loss = 1.031e-02
It: 530, Loss = 9.563e-03
It: 540, Loss = 8.832e-03
It: 550, Loss = 8.131e-03
It: 560, Loss = 7.460e-03
It: 570, Loss = 6.818e-03
It: 580, Loss = 6.219e-03
It: 590, Loss = 2.080e-02
It: 600, Loss = 1.350e-02
It: 610, Loss = 1.114e-02
It: 620, Loss = 5.988e-03
It: 630, Loss = 4.568e-03
It: 640, Loss = 4.338e-03
It: 650, Loss = 3.771e-03
It: 660, Loss = 3.404e-03
It: 670, Loss = 3.117e-03
It: 680, Loss = 2.867e-03
It: 690, Loss = 2.642e-03
It: 700, Loss = 2.438e-03
It: 710, Loss = 2.255e-03
It: 720, Loss = 2.090e-03
It: 730, Loss = 1.942e-03
It: 740, Loss = 1.808e-03
It: 750, Loss = 1.687e-03
It: 760, Loss = 1.577e-03
It: 770, Loss = 1.477e-03
It: 780, Loss = 1.386e-03
It: 790, Loss = 1.329e-03
It: 800, Loss = 2.719e-02
It: 810, Loss = 6.925e-03
It: 820, Loss = 3.102e-03
It: 830, Loss = 1.848e-03
It: 840, Loss = 1.323e-03
It: 850, Loss = 1.083e-03
It: 860, Loss = 1.001e-03
It: 870, Loss = 9.356e-04
It: 880, Loss = 8.771e-04
It: 890, Loss = 8.381e-04
It: 900, Loss = 7.978e-04
It: 910, Loss = 7.624e-04
It: 920, Loss = 7.299e-04
It: 930, Loss = 6.999e-04
It: 940, Loss = 6.720e-04
It: 950, Loss = 6.461e-04
It: 960, Loss = 6.226e-04
It: 970, Loss = 7.721e-04
It: 980, Loss = 4.356e-02
It: 990, Loss = 3.373e-03
G_pred shape (100, 100)
It: 0, Loss = 9.861e-01
It: 10, Loss = 9.443e-01
It: 20, Loss = 8.962e-01
It: 30, Loss = 8.041e-01
It: 40, Loss = 7.680e-01
It: 50, Loss = 7.519e-01
It: 60, Loss = 7.482e-01
It: 70, Loss = 7.451e-01
It: 80, Loss = 7.439e-01
It: 90, Loss = 7.431e-01
It: 100, Loss = 7.426e-01
It: 110, Loss = 7.421e-01
It: 120, Loss = 7.418e-01
It: 130, Loss = 7.416e-01
It: 140, Loss = 7.414e-01
It: 150, Loss = 7.412e-01
It: 160, Loss = 7.410e-01
It: 170, Loss = 7.409e-01
It: 180, Loss = 7.408e-01
It: 190, Loss = 7.406e-01
It: 200, Loss = 7.405e-01
It: 210, Loss = 7.404e-01
It: 220, Loss = 7.402e-01
It: 230, Loss = 7.401e-01
It: 240, Loss = 7.399e-01
It: 250, Loss = 7.397e-01
It: 260, Loss = 7.396e-01
It: 270, Loss = 7.394e-01
It: 280, Loss = 7.391e-01
It: 290, Loss = 7.389e-01
It: 300, Loss = 7.386e-01
It: 310, Loss = 7.383e-01
It: 320, Loss = 7.380e-01
It: 330, Loss = 7.376e-01
It: 340, Loss = 7.371e-01
It: 350, Loss = 7.365e-01
It: 360, Loss = 7.357e-01
It: 370, Loss = 7.345e-01
It: 380, Loss = 7.329e-01
It: 390, Loss = 7.413e-01
It: 400, Loss = 7.332e-01
It: 410, Loss = 7.237e-01
It: 420, Loss = 7.145e-01
It: 430, Loss = 6.863e-01
It: 440, Loss = 5.686e-01
It: 450, Loss = 4.177e-01
It: 460, Loss = 1.227e-01
It: 470, Loss = 6.545e-02
It: 480, Loss = 3.483e-02
It: 490, Loss = 2.261e-02
It: 500, Loss = 1.563e-02
It: 510, Loss = 1.653e-02
It: 520, Loss = 1.298e-02
It: 530, Loss = 9.592e-03
It: 540, Loss = 8.092e-03
It: 550, Loss = 6.988e-03
It: 560, Loss = 6.070e-03
It: 570, Loss = 5.302e-03
It: 580, Loss = 4.642e-03
It: 590, Loss = 4.069e-03
It: 600, Loss = 3.570e-03
It: 610, Loss = 3.133e-03
It: 620, Loss = 2.752e-03
It: 630, Loss = 2.422e-03
It: 640, Loss = 2.137e-03
It: 650, Loss = 1.891e-03
It: 660, Loss = 1.680e-03
It: 670, Loss = 1.500e-03
It: 680, Loss = 1.347e-03
It: 690, Loss = 1.217e-03
It: 700, Loss = 1.107e-03
It: 710, Loss = 1.015e-03
It: 720, Loss = 9.454e-04
It: 730, Loss = 8.773e-03
It: 740, Loss = 2.445e-03
It: 750, Loss = 1.509e-03
It: 760, Loss = 8.299e-04
It: 770, Loss = 7.223e-04
It: 780, Loss = 7.156e-04
It: 790, Loss = 6.689e-04
It: 800, Loss = 6.372e-04
It: 810, Loss = 6.150e-04
It: 820, Loss = 5.945e-04
It: 830, Loss = 5.760e-04
It: 840, Loss = 5.595e-04
It: 850, Loss = 5.443e-04
It: 860, Loss = 5.303e-04
It: 870, Loss = 5.172e-04
It: 880, Loss = 5.051e-04
It: 890, Loss = 4.937e-04
It: 900, Loss = 4.830e-04
It: 910, Loss = 4.729e-04
It: 920, Loss = 4.634e-04
It: 930, Loss = 4.544e-04
It: 940, Loss = 4.458e-04
It: 950, Loss = 4.377e-04
It: 960, Loss = 4.300e-04
It: 970, Loss = 4.226e-04
It: 980, Loss = 4.156e-04
It: 990, Loss = 4.090e-04
G_pred shape (100, 100)
It: 0, Loss = 1.991e+00
It: 10, Loss = 9.273e-01
It: 20, Loss = 8.530e-01
It: 30, Loss = 7.620e-01
It: 40, Loss = 6.996e-01
It: 50, Loss = 6.485e-01
It: 60, Loss = 6.234e-01
It: 70, Loss = 5.983e-01
It: 80, Loss = 5.801e-01
It: 90, Loss = 5.751e-01
It: 100, Loss = 5.717e-01
It: 110, Loss = 5.683e-01
It: 120, Loss = 5.663e-01
It: 130, Loss = 5.648e-01
It: 140, Loss = 5.637e-01
It: 150, Loss = 5.628e-01
It: 160, Loss = 5.619e-01
It: 170, Loss = 5.608e-01
It: 180, Loss = 5.594e-01
It: 190, Loss = 5.571e-01
It: 200, Loss = 5.528e-01
It: 210, Loss = 5.433e-01
It: 220, Loss = 5.203e-01
It: 230, Loss = 4.737e-01
It: 240, Loss = 4.233e-01
It: 250, Loss = 4.192e-01
It: 260, Loss = 4.128e-01
It: 270, Loss = 4.102e-01
It: 280, Loss = 4.066e-01
It: 290, Loss = 4.032e-01
It: 300, Loss = 3.993e-01
It: 310, Loss = 3.949e-01
It: 320, Loss = 3.897e-01
It: 330, Loss = 3.840e-01
It: 340, Loss = 3.779e-01
It: 350, Loss = 3.729e-01
It: 360, Loss = 3.664e-01
It: 370, Loss = 3.597e-01
It: 380, Loss = 3.499e-01
It: 390, Loss = 3.352e-01
It: 400, Loss = 3.103e-01
It: 410, Loss = 2.630e-01
It: 420, Loss = 1.920e-01
It: 430, Loss = 1.139e-01
It: 440, Loss = 8.142e-02
It: 450, Loss = 6.646e-02
It: 460, Loss = 4.887e-02
It: 470, Loss = 3.869e-02
It: 480, Loss = 3.156e-02
It: 490, Loss = 2.699e-02
It: 500, Loss = 1.871e-02
It: 510, Loss = 1.385e-02
It: 520, Loss = 1.070e-02
It: 530, Loss = 7.834e-03
It: 540, Loss = 5.643e-03
It: 550, Loss = 4.085e-03
It: 560, Loss = 3.065e-03
It: 570, Loss = 2.448e-03
It: 580, Loss = 2.090e-03
It: 590, Loss = 1.889e-03
It: 600, Loss = 1.772e-03
It: 610, Loss = 1.698e-03
It: 620, Loss = 1.644e-03
It: 630, Loss = 1.600e-03
It: 640, Loss = 1.561e-03
It: 650, Loss = 1.526e-03
It: 660, Loss = 1.492e-03
It: 670, Loss = 1.461e-03
It: 680, Loss = 1.432e-03
It: 690, Loss = 1.408e-03
It: 700, Loss = 2.977e-03
It: 710, Loss = 2.611e-03
It: 720, Loss = 1.823e-03
It: 730, Loss = 1.771e-03
It: 740, Loss = 1.353e-03
It: 750, Loss = 1.327e-03
It: 760, Loss = 1.279e-03
It: 770, Loss = 1.265e-03
It: 780, Loss = 1.245e-03
It: 790, Loss = 1.229e-03
It: 800, Loss = 1.215e-03
It: 810, Loss = 1.203e-03
It: 820, Loss = 1.195e-03
It: 830, Loss = 1.371e-03
It: 840, Loss = 1.633e-02
It: 850, Loss = 1.415e-03
It: 860, Loss = 1.559e-03
It: 870, Loss = 1.551e-03
It: 880, Loss = 1.320e-03
It: 890, Loss = 1.188e-03
It: 900, Loss = 1.142e-03
It: 910, Loss = 1.124e-03
It: 920, Loss = 1.113e-03
It: 930, Loss = 1.103e-03
It: 940, Loss = 1.096e-03
It: 950, Loss = 1.089e-03
It: 960, Loss = 1.083e-03
It: 970, Loss = 1.077e-03
It: 980, Loss = 1.071e-03
It: 990, Loss = 1.065e-03
G_pred shape (100, 100)
