Using TensorFlow 2 backend.

N_train =  35
It: 0, Loss = 1.088e+00
It: 10, Loss = 1.012e+00
It: 20, Loss = 9.685e-01
It: 30, Loss = 9.435e-01
It: 40, Loss = 9.252e-01
It: 50, Loss = 9.122e-01
It: 60, Loss = 9.101e-01
It: 70, Loss = 9.074e-01
It: 80, Loss = 9.052e-01
It: 90, Loss = 9.028e-01
It: 100, Loss = 9.003e-01
It: 110, Loss = 8.982e-01
It: 120, Loss = 8.966e-01
It: 130, Loss = 8.949e-01
It: 140, Loss = 8.932e-01
It: 150, Loss = 8.910e-01
It: 160, Loss = 8.878e-01
It: 170, Loss = 8.827e-01
It: 180, Loss = 8.733e-01
It: 190, Loss = 8.632e-01
It: 200, Loss = 8.593e-01
It: 210, Loss = 8.561e-01
It: 220, Loss = 8.551e-01
It: 230, Loss = 8.545e-01
It: 240, Loss = 8.540e-01
It: 250, Loss = 8.534e-01
It: 260, Loss = 8.529e-01
It: 270, Loss = 8.524e-01
It: 280, Loss = 8.519e-01
It: 290, Loss = 8.515e-01
It: 300, Loss = 8.510e-01
It: 310, Loss = 8.505e-01
It: 320, Loss = 8.500e-01
It: 330, Loss = 8.495e-01
It: 340, Loss = 8.490e-01
It: 350, Loss = 8.484e-01
It: 360, Loss = 8.479e-01
It: 370, Loss = 8.472e-01
It: 380, Loss = 8.463e-01
It: 390, Loss = 8.451e-01
It: 400, Loss = 8.433e-01
It: 410, Loss = 8.401e-01
It: 420, Loss = 8.337e-01
It: 430, Loss = 8.908e-01
It: 440, Loss = 8.124e-01
It: 450, Loss = 8.054e-01
It: 460, Loss = 7.804e-01
It: 470, Loss = 7.535e-01
It: 480, Loss = 7.246e-01
It: 490, Loss = 7.033e-01
It: 500, Loss = 7.360e-01
It: 510, Loss = 6.876e-01
It: 520, Loss = 6.827e-01
It: 530, Loss = 6.755e-01
It: 540, Loss = 6.674e-01
It: 550, Loss = 6.590e-01
It: 560, Loss = 6.650e-01
It: 570, Loss = 6.442e-01
It: 580, Loss = 6.216e-01
It: 590, Loss = 6.027e-01
It: 600, Loss = 5.869e-01
It: 610, Loss = 5.347e-01
It: 620, Loss = 5.116e-01
It: 630, Loss = 4.823e-01
It: 640, Loss = 4.513e-01
It: 650, Loss = 4.359e-01
It: 660, Loss = 4.206e-01
It: 670, Loss = 4.076e-01
It: 680, Loss = 4.207e-01
It: 690, Loss = 4.013e-01
It: 700, Loss = 3.882e-01
It: 710, Loss = 3.722e-01
It: 720, Loss = 3.573e-01
It: 730, Loss = 3.465e-01
It: 740, Loss = 3.354e-01
It: 750, Loss = 3.241e-01
It: 760, Loss = 3.161e-01
It: 770, Loss = 2.985e-01
It: 780, Loss = 2.808e-01
It: 790, Loss = 2.870e-01
It: 800, Loss = 2.377e-01
It: 810, Loss = 2.498e-01
It: 820, Loss = 2.038e-01
It: 830, Loss = 1.991e-01
It: 840, Loss = 1.490e-01
It: 850, Loss = 1.309e-01
It: 860, Loss = 1.165e-01
It: 870, Loss = 1.360e-01
It: 880, Loss = 1.055e-01
It: 890, Loss = 9.060e-02
It: 900, Loss = 7.845e-02
It: 910, Loss = 1.494e-01
It: 920, Loss = 8.560e-02
It: 930, Loss = 5.594e-02
It: 940, Loss = 4.735e-02
It: 950, Loss = 4.233e-02
It: 960, Loss = 1.026e-01
It: 970, Loss = 5.180e-02
It: 980, Loss = 3.501e-02
It: 990, Loss = 3.033e-02
G_pred shape (100, 100)
It: 0, Loss = 1.576e+00
It: 10, Loss = 1.020e+00
It: 20, Loss = 9.895e-01
It: 30, Loss = 9.730e-01
It: 40, Loss = 9.629e-01
It: 50, Loss = 9.544e-01
It: 60, Loss = 9.453e-01
It: 70, Loss = 9.367e-01
It: 80, Loss = 9.292e-01
It: 90, Loss = 9.225e-01
It: 100, Loss = 9.181e-01
It: 110, Loss = 9.165e-01
It: 120, Loss = 9.162e-01
It: 130, Loss = 9.160e-01
It: 140, Loss = 9.157e-01
It: 150, Loss = 9.155e-01
It: 160, Loss = 9.153e-01
It: 170, Loss = 9.152e-01
It: 180, Loss = 9.150e-01
It: 190, Loss = 9.149e-01
It: 200, Loss = 9.147e-01
It: 210, Loss = 9.146e-01
It: 220, Loss = 9.145e-01
It: 230, Loss = 9.144e-01
It: 240, Loss = 9.142e-01
It: 250, Loss = 9.141e-01
It: 260, Loss = 9.140e-01
It: 270, Loss = 9.138e-01
It: 280, Loss = 9.135e-01
It: 290, Loss = 9.130e-01
It: 300, Loss = 9.123e-01
It: 310, Loss = 9.114e-01
It: 320, Loss = 9.103e-01
It: 330, Loss = 9.090e-01
It: 340, Loss = 9.081e-01
It: 350, Loss = 9.071e-01
It: 360, Loss = 9.066e-01
It: 370, Loss = 9.062e-01
It: 380, Loss = 9.059e-01
It: 390, Loss = 9.056e-01
It: 400, Loss = 9.057e-01
It: 410, Loss = 9.054e-01
It: 420, Loss = 9.052e-01
It: 430, Loss = 9.050e-01
It: 440, Loss = 9.048e-01
It: 450, Loss = 9.045e-01
It: 460, Loss = 9.041e-01
It: 470, Loss = 9.037e-01
It: 480, Loss = 9.030e-01
It: 490, Loss = 9.020e-01
It: 500, Loss = 9.004e-01
It: 510, Loss = 8.973e-01
It: 520, Loss = 8.908e-01
It: 530, Loss = 8.762e-01
It: 540, Loss = 8.483e-01
It: 550, Loss = 8.321e-01
It: 560, Loss = 8.060e-01
It: 570, Loss = 7.701e-01
It: 580, Loss = 7.373e-01
It: 590, Loss = 7.245e-01
It: 600, Loss = 7.107e-01
It: 610, Loss = 7.027e-01
It: 620, Loss = 6.940e-01
It: 630, Loss = 6.863e-01
It: 640, Loss = 6.796e-01
It: 650, Loss = 6.732e-01
It: 660, Loss = 6.661e-01
It: 670, Loss = 6.575e-01
It: 680, Loss = 6.479e-01
It: 690, Loss = 6.376e-01
It: 700, Loss = 6.283e-01
It: 710, Loss = 6.197e-01
It: 720, Loss = 6.138e-01
It: 730, Loss = 6.053e-01
It: 740, Loss = 6.025e-01
It: 750, Loss = 5.965e-01
It: 760, Loss = 5.910e-01
It: 770, Loss = 5.855e-01
It: 780, Loss = 5.793e-01
It: 790, Loss = 5.745e-01
It: 800, Loss = 5.811e-01
It: 810, Loss = 5.602e-01
It: 820, Loss = 5.552e-01
It: 830, Loss = 5.461e-01
It: 840, Loss = 5.376e-01
It: 850, Loss = 6.207e-01
It: 860, Loss = 5.349e-01
It: 870, Loss = 5.278e-01
It: 880, Loss = 5.182e-01
It: 890, Loss = 5.102e-01
It: 900, Loss = 5.038e-01
It: 910, Loss = 4.970e-01
It: 920, Loss = 4.901e-01
It: 930, Loss = 5.110e-01
It: 940, Loss = 5.101e-01
It: 950, Loss = 4.884e-01
It: 960, Loss = 4.733e-01
It: 970, Loss = 4.661e-01
It: 980, Loss = 4.601e-01
It: 990, Loss = 4.542e-01
G_pred shape (100, 100)
It: 0, Loss = 3.750e+00
It: 10, Loss = 1.200e+00
It: 20, Loss = 1.168e+00
It: 30, Loss = 1.031e+00
It: 40, Loss = 9.622e-01
It: 50, Loss = 9.495e-01
It: 60, Loss = 9.471e-01
It: 70, Loss = 9.454e-01
It: 80, Loss = 9.436e-01
It: 90, Loss = 9.417e-01
It: 100, Loss = 9.397e-01
It: 110, Loss = 9.377e-01
It: 120, Loss = 9.356e-01
It: 130, Loss = 9.334e-01
It: 140, Loss = 9.312e-01
It: 150, Loss = 9.290e-01
It: 160, Loss = 9.268e-01
It: 170, Loss = 9.247e-01
It: 180, Loss = 9.229e-01
It: 190, Loss = 9.214e-01
It: 200, Loss = 9.203e-01
It: 210, Loss = 9.196e-01
It: 220, Loss = 9.193e-01
It: 230, Loss = 9.191e-01
It: 240, Loss = 9.189e-01
It: 250, Loss = 9.188e-01
It: 260, Loss = 9.187e-01
It: 270, Loss = 9.186e-01
It: 280, Loss = 9.185e-01
It: 290, Loss = 9.184e-01
It: 300, Loss = 9.183e-01
It: 310, Loss = 9.182e-01
It: 320, Loss = 9.182e-01
It: 330, Loss = 9.181e-01
It: 340, Loss = 9.180e-01
It: 350, Loss = 9.179e-01
It: 360, Loss = 9.178e-01
It: 370, Loss = 9.177e-01
It: 380, Loss = 9.176e-01
It: 390, Loss = 9.175e-01
It: 400, Loss = 9.174e-01
It: 410, Loss = 9.173e-01
It: 420, Loss = 9.172e-01
It: 430, Loss = 9.171e-01
It: 440, Loss = 9.170e-01
It: 450, Loss = 9.169e-01
It: 460, Loss = 9.167e-01
It: 470, Loss = 9.166e-01
It: 480, Loss = 9.164e-01
It: 490, Loss = 9.163e-01
It: 500, Loss = 9.161e-01
It: 510, Loss = 9.159e-01
It: 520, Loss = 9.157e-01
It: 530, Loss = 9.154e-01
It: 540, Loss = 9.152e-01
It: 550, Loss = 9.148e-01
It: 560, Loss = 9.145e-01
It: 570, Loss = 9.141e-01
It: 580, Loss = 9.135e-01
It: 590, Loss = 9.129e-01
It: 600, Loss = 9.122e-01
It: 610, Loss = 9.115e-01
It: 620, Loss = 9.107e-01
It: 630, Loss = 9.099e-01
It: 640, Loss = 9.091e-01
It: 650, Loss = 9.082e-01
It: 660, Loss = 9.070e-01
It: 670, Loss = 9.056e-01
It: 680, Loss = 9.039e-01
It: 690, Loss = 9.018e-01
It: 700, Loss = 8.994e-01
It: 710, Loss = 8.968e-01
It: 720, Loss = 8.937e-01
It: 730, Loss = 8.902e-01
It: 740, Loss = 8.880e-01
It: 750, Loss = 8.853e-01
It: 760, Loss = 8.822e-01
It: 770, Loss = 8.776e-01
It: 780, Loss = 8.712e-01
It: 790, Loss = 8.626e-01
It: 800, Loss = 8.521e-01
It: 810, Loss = 8.408e-01
It: 820, Loss = 8.300e-01
It: 830, Loss = 8.218e-01
It: 840, Loss = 8.122e-01
It: 850, Loss = 8.048e-01
It: 860, Loss = 7.986e-01
It: 870, Loss = 7.930e-01
It: 880, Loss = 7.886e-01
It: 890, Loss = 7.846e-01
It: 900, Loss = 7.808e-01
It: 910, Loss = 7.768e-01
It: 920, Loss = 7.729e-01
It: 930, Loss = 7.692e-01
It: 940, Loss = 7.669e-01
It: 950, Loss = 7.635e-01
It: 960, Loss = 7.611e-01
It: 970, Loss = 7.594e-01
It: 980, Loss = 7.578e-01
It: 990, Loss = 7.566e-01
G_pred shape (100, 100)
It: 0, Loss = 1.140e+00
It: 10, Loss = 1.052e+00
It: 20, Loss = 9.880e-01
It: 30, Loss = 9.632e-01
It: 40, Loss = 9.516e-01
It: 50, Loss = 9.420e-01
It: 60, Loss = 9.344e-01
It: 70, Loss = 9.303e-01
It: 80, Loss = 9.290e-01
It: 90, Loss = 9.276e-01
It: 100, Loss = 9.265e-01
It: 110, Loss = 9.259e-01
It: 120, Loss = 9.255e-01
It: 130, Loss = 9.252e-01
It: 140, Loss = 9.249e-01
It: 150, Loss = 9.246e-01
It: 160, Loss = 9.244e-01
It: 170, Loss = 9.242e-01
It: 180, Loss = 9.239e-01
It: 190, Loss = 9.237e-01
It: 200, Loss = 9.235e-01
It: 210, Loss = 9.232e-01
It: 220, Loss = 9.229e-01
It: 230, Loss = 9.227e-01
It: 240, Loss = 9.224e-01
It: 250, Loss = 9.220e-01
It: 260, Loss = 9.216e-01
It: 270, Loss = 9.212e-01
It: 280, Loss = 9.207e-01
It: 290, Loss = 9.201e-01
It: 300, Loss = 9.193e-01
It: 310, Loss = 9.183e-01
It: 320, Loss = 9.170e-01
It: 330, Loss = 9.151e-01
It: 340, Loss = 9.125e-01
It: 350, Loss = 9.086e-01
It: 360, Loss = 9.135e-01
It: 370, Loss = 9.042e-01
It: 380, Loss = 8.989e-01
It: 390, Loss = 8.963e-01
It: 400, Loss = 8.921e-01
It: 410, Loss = 8.871e-01
It: 420, Loss = 8.794e-01
It: 430, Loss = 8.725e-01
It: 440, Loss = 8.632e-01
It: 450, Loss = 8.418e-01
It: 460, Loss = 8.249e-01
It: 470, Loss = 8.068e-01
It: 480, Loss = 8.044e-01
It: 490, Loss = 7.952e-01
It: 500, Loss = 7.919e-01
It: 510, Loss = 7.832e-01
It: 520, Loss = 7.743e-01
It: 530, Loss = 7.629e-01
It: 540, Loss = 7.478e-01
It: 550, Loss = 7.318e-01
It: 560, Loss = 7.215e-01
It: 570, Loss = 6.950e-01
It: 580, Loss = 6.761e-01
It: 590, Loss = 6.535e-01
It: 600, Loss = 6.430e-01
It: 610, Loss = 6.307e-01
It: 620, Loss = 6.186e-01
It: 630, Loss = 6.064e-01
It: 640, Loss = 5.936e-01
It: 650, Loss = 5.811e-01
It: 660, Loss = 5.702e-01
It: 670, Loss = 5.689e-01
It: 680, Loss = 5.666e-01
It: 690, Loss = 5.531e-01
It: 700, Loss = 5.470e-01
It: 710, Loss = 5.425e-01
It: 720, Loss = 5.387e-01
It: 730, Loss = 5.357e-01
It: 740, Loss = 5.332e-01
It: 750, Loss = 5.311e-01
It: 760, Loss = 5.292e-01
It: 770, Loss = 5.716e-01
It: 780, Loss = 5.336e-01
It: 790, Loss = 5.257e-01
It: 800, Loss = 5.249e-01
It: 810, Loss = 5.229e-01
It: 820, Loss = 5.212e-01
It: 830, Loss = 5.198e-01
It: 840, Loss = 5.183e-01
It: 850, Loss = 5.168e-01
It: 860, Loss = 5.152e-01
It: 870, Loss = 5.137e-01
It: 880, Loss = 5.120e-01
It: 890, Loss = 5.104e-01
It: 900, Loss = 5.087e-01
It: 910, Loss = 5.102e-01
It: 920, Loss = 5.170e-01
It: 930, Loss = 5.054e-01
It: 940, Loss = 5.035e-01
It: 950, Loss = 5.014e-01
It: 960, Loss = 4.997e-01
It: 970, Loss = 4.979e-01
It: 980, Loss = 4.961e-01
It: 990, Loss = 4.942e-01
G_pred shape (100, 100)
It: 0, Loss = 1.239e+00
It: 10, Loss = 1.041e+00
It: 20, Loss = 9.925e-01
It: 30, Loss = 9.702e-01
It: 40, Loss = 9.615e-01
It: 50, Loss = 9.501e-01
It: 60, Loss = 9.384e-01
It: 70, Loss = 9.285e-01
It: 80, Loss = 9.226e-01
It: 90, Loss = 9.204e-01
It: 100, Loss = 9.188e-01
It: 110, Loss = 9.177e-01
It: 120, Loss = 9.171e-01
It: 130, Loss = 9.165e-01
It: 140, Loss = 9.160e-01
It: 150, Loss = 9.156e-01
It: 160, Loss = 9.153e-01
It: 170, Loss = 9.150e-01
It: 180, Loss = 9.148e-01
It: 190, Loss = 9.146e-01
It: 200, Loss = 9.144e-01
It: 210, Loss = 9.142e-01
It: 220, Loss = 9.140e-01
It: 230, Loss = 9.139e-01
It: 240, Loss = 9.137e-01
It: 250, Loss = 9.134e-01
It: 260, Loss = 9.128e-01
It: 270, Loss = 9.110e-01
It: 280, Loss = 9.046e-01
It: 290, Loss = 9.016e-01
It: 300, Loss = 8.993e-01
It: 310, Loss = 8.976e-01
It: 320, Loss = 8.965e-01
It: 330, Loss = 8.959e-01
It: 340, Loss = 8.955e-01
It: 350, Loss = 8.951e-01
It: 360, Loss = 8.947e-01
It: 370, Loss = 8.943e-01
It: 380, Loss = 8.938e-01
It: 390, Loss = 8.936e-01
It: 400, Loss = 8.929e-01
It: 410, Loss = 8.920e-01
It: 420, Loss = 8.912e-01
It: 430, Loss = 8.903e-01
It: 440, Loss = 8.891e-01
It: 450, Loss = 8.877e-01
It: 460, Loss = 8.861e-01
It: 470, Loss = 8.843e-01
It: 480, Loss = 8.818e-01
It: 490, Loss = 8.793e-01
It: 500, Loss = 8.769e-01
It: 510, Loss = 8.757e-01
It: 520, Loss = 8.828e-01
It: 530, Loss = 8.742e-01
It: 540, Loss = 8.727e-01
It: 550, Loss = 8.713e-01
It: 560, Loss = 8.698e-01
It: 570, Loss = 8.682e-01
It: 580, Loss = 8.664e-01
It: 590, Loss = 8.640e-01
It: 600, Loss = 8.609e-01
It: 610, Loss = 8.567e-01
It: 620, Loss = 8.867e-01
It: 630, Loss = 8.535e-01
It: 640, Loss = 8.378e-01
It: 650, Loss = 8.206e-01
It: 660, Loss = 8.012e-01
It: 670, Loss = 7.738e-01
It: 680, Loss = 8.860e-01
It: 690, Loss = 7.493e-01
It: 700, Loss = 7.128e-01
It: 710, Loss = 6.935e-01
It: 720, Loss = 6.820e-01
It: 730, Loss = 6.696e-01
It: 740, Loss = 6.565e-01
It: 750, Loss = 6.412e-01
It: 760, Loss = 6.353e-01
It: 770, Loss = 6.416e-01
It: 780, Loss = 6.160e-01
It: 790, Loss = 6.097e-01
It: 800, Loss = 6.005e-01
It: 810, Loss = 5.940e-01
It: 820, Loss = 5.893e-01
It: 830, Loss = 5.847e-01
It: 840, Loss = 5.800e-01
It: 850, Loss = 5.752e-01
It: 860, Loss = 5.700e-01
It: 870, Loss = 5.644e-01
It: 880, Loss = 5.579e-01
It: 890, Loss = 5.500e-01
It: 900, Loss = 5.397e-01
It: 910, Loss = 5.254e-01
It: 920, Loss = 5.041e-01
It: 930, Loss = 6.316e-01
It: 940, Loss = 4.793e-01
It: 950, Loss = 4.482e-01
It: 960, Loss = 4.201e-01
It: 970, Loss = 3.975e-01
It: 980, Loss = 3.814e-01
It: 990, Loss = 3.610e-01
G_pred shape (100, 100)
