Using TensorFlow 2 backend.

N_train =  65
It: 0, Loss = 1.066e+00
It: 10, Loss = 1.036e+00
It: 20, Loss = 9.820e-01
It: 30, Loss = 9.786e-01
It: 40, Loss = 9.546e-01
It: 50, Loss = 9.464e-01
It: 60, Loss = 9.361e-01
It: 70, Loss = 9.280e-01
It: 80, Loss = 9.239e-01
It: 90, Loss = 9.231e-01
It: 100, Loss = 9.229e-01
It: 110, Loss = 9.225e-01
It: 120, Loss = 9.223e-01
It: 130, Loss = 9.221e-01
It: 140, Loss = 9.220e-01
It: 150, Loss = 9.219e-01
It: 160, Loss = 9.218e-01
It: 170, Loss = 9.217e-01
It: 180, Loss = 9.216e-01
It: 190, Loss = 9.215e-01
It: 200, Loss = 9.215e-01
It: 210, Loss = 9.214e-01
It: 220, Loss = 9.213e-01
It: 230, Loss = 9.212e-01
It: 240, Loss = 9.211e-01
It: 250, Loss = 9.211e-01
It: 260, Loss = 9.210e-01
It: 270, Loss = 9.209e-01
It: 280, Loss = 9.208e-01
It: 290, Loss = 9.207e-01
It: 300, Loss = 9.206e-01
It: 310, Loss = 9.205e-01
It: 320, Loss = 9.203e-01
It: 330, Loss = 9.202e-01
It: 340, Loss = 9.200e-01
It: 350, Loss = 9.197e-01
It: 360, Loss = 9.192e-01
It: 370, Loss = 9.184e-01
It: 380, Loss = 9.170e-01
It: 390, Loss = 9.154e-01
It: 400, Loss = 9.144e-01
It: 410, Loss = 9.141e-01
It: 420, Loss = 9.136e-01
It: 430, Loss = 9.133e-01
It: 440, Loss = 9.130e-01
It: 450, Loss = 9.128e-01
It: 460, Loss = 9.124e-01
It: 470, Loss = 9.121e-01
It: 480, Loss = 9.118e-01
It: 490, Loss = 9.115e-01
It: 500, Loss = 9.111e-01
It: 510, Loss = 9.106e-01
It: 520, Loss = 9.102e-01
It: 530, Loss = 9.096e-01
It: 540, Loss = 9.090e-01
It: 550, Loss = 9.083e-01
It: 560, Loss = 9.074e-01
It: 570, Loss = 9.063e-01
It: 580, Loss = 9.049e-01
It: 590, Loss = 9.032e-01
It: 600, Loss = 9.008e-01
It: 610, Loss = 8.976e-01
It: 620, Loss = 8.932e-01
It: 630, Loss = 8.875e-01
It: 640, Loss = 8.802e-01
It: 650, Loss = 8.723e-01
It: 660, Loss = 8.656e-01
It: 670, Loss = 8.565e-01
It: 680, Loss = 8.453e-01
It: 690, Loss = 8.332e-01
It: 700, Loss = 8.235e-01
It: 710, Loss = 8.183e-01
It: 720, Loss = 8.146e-01
It: 730, Loss = 8.116e-01
It: 740, Loss = 8.087e-01
It: 750, Loss = 8.059e-01
It: 760, Loss = 8.031e-01
It: 770, Loss = 8.002e-01
It: 780, Loss = 7.969e-01
It: 790, Loss = 7.930e-01
It: 800, Loss = 7.883e-01
It: 810, Loss = 7.825e-01
It: 820, Loss = 7.752e-01
It: 830, Loss = 7.656e-01
It: 840, Loss = 7.528e-01
It: 850, Loss = 7.368e-01
It: 860, Loss = 7.159e-01
It: 870, Loss = 7.004e-01
It: 880, Loss = 6.715e-01
It: 890, Loss = 6.475e-01
It: 900, Loss = 6.241e-01
It: 910, Loss = 6.045e-01
It: 920, Loss = 5.891e-01
It: 930, Loss = 5.754e-01
It: 940, Loss = 5.621e-01
It: 950, Loss = 5.517e-01
It: 960, Loss = 5.447e-01
It: 970, Loss = 5.367e-01
It: 980, Loss = 5.177e-01
It: 990, Loss = 5.265e-01
G_pred shape (100, 100)
It: 0, Loss = 2.132e+00
It: 10, Loss = 1.048e+00
It: 20, Loss = 1.039e+00
It: 30, Loss = 1.009e+00
It: 40, Loss = 9.808e-01
It: 50, Loss = 9.687e-01
It: 60, Loss = 9.630e-01
It: 70, Loss = 9.583e-01
It: 80, Loss = 9.534e-01
It: 90, Loss = 9.475e-01
It: 100, Loss = 9.403e-01
It: 110, Loss = 9.328e-01
It: 120, Loss = 9.264e-01
It: 130, Loss = 9.233e-01
It: 140, Loss = 9.226e-01
It: 150, Loss = 9.219e-01
It: 160, Loss = 9.211e-01
It: 170, Loss = 9.205e-01
It: 180, Loss = 9.197e-01
It: 190, Loss = 9.188e-01
It: 200, Loss = 9.175e-01
It: 210, Loss = 9.152e-01
It: 220, Loss = 9.102e-01
It: 230, Loss = 9.069e-01
It: 240, Loss = 9.054e-01
It: 250, Loss = 9.043e-01
It: 260, Loss = 9.033e-01
It: 270, Loss = 9.024e-01
It: 280, Loss = 9.013e-01
It: 290, Loss = 9.000e-01
It: 300, Loss = 8.984e-01
It: 310, Loss = 8.963e-01
It: 320, Loss = 8.935e-01
It: 330, Loss = 8.900e-01
It: 340, Loss = 8.855e-01
It: 350, Loss = 8.801e-01
It: 360, Loss = 8.742e-01
It: 370, Loss = 8.681e-01
It: 380, Loss = 8.620e-01
It: 390, Loss = 8.543e-01
It: 400, Loss = 8.439e-01
It: 410, Loss = 8.315e-01
It: 420, Loss = 8.183e-01
It: 430, Loss = 8.049e-01
It: 440, Loss = 7.957e-01
It: 450, Loss = 7.904e-01
It: 460, Loss = 7.826e-01
It: 470, Loss = 7.786e-01
It: 480, Loss = 7.739e-01
It: 490, Loss = 7.685e-01
It: 500, Loss = 7.668e-01
It: 510, Loss = 7.580e-01
It: 520, Loss = 7.487e-01
It: 530, Loss = 7.435e-01
It: 540, Loss = 7.319e-01
It: 550, Loss = 7.212e-01
It: 560, Loss = 7.026e-01
It: 570, Loss = 6.774e-01
It: 580, Loss = 6.506e-01
It: 590, Loss = 6.235e-01
It: 600, Loss = 6.039e-01
It: 610, Loss = 5.951e-01
It: 620, Loss = 5.956e-01
It: 630, Loss = 5.645e-01
It: 640, Loss = 5.548e-01
It: 650, Loss = 5.516e-01
It: 660, Loss = 5.454e-01
It: 670, Loss = 5.483e-01
It: 680, Loss = 5.410e-01
It: 690, Loss = 5.336e-01
It: 700, Loss = 5.299e-01
It: 710, Loss = 5.261e-01
It: 720, Loss = 5.245e-01
It: 730, Loss = 5.455e-01
It: 740, Loss = 5.278e-01
It: 750, Loss = 5.181e-01
It: 760, Loss = 5.157e-01
It: 770, Loss = 5.137e-01
It: 780, Loss = 5.114e-01
It: 790, Loss = 5.094e-01
It: 800, Loss = 5.074e-01
It: 810, Loss = 5.052e-01
It: 820, Loss = 5.030e-01
It: 830, Loss = 5.007e-01
It: 840, Loss = 4.991e-01
It: 850, Loss = 5.487e-01
It: 860, Loss = 5.056e-01
It: 870, Loss = 4.984e-01
It: 880, Loss = 4.925e-01
It: 890, Loss = 4.888e-01
It: 900, Loss = 4.856e-01
It: 910, Loss = 4.822e-01
It: 920, Loss = 4.785e-01
It: 930, Loss = 4.742e-01
It: 940, Loss = 4.690e-01
It: 950, Loss = 4.628e-01
It: 960, Loss = 4.550e-01
It: 970, Loss = 4.709e-01
It: 980, Loss = 4.551e-01
It: 990, Loss = 4.333e-01
G_pred shape (100, 100)
It: 0, Loss = 1.008e+00
It: 10, Loss = 1.004e+00
It: 20, Loss = 9.568e-01
It: 30, Loss = 9.471e-01
It: 40, Loss = 9.295e-01
It: 50, Loss = 9.233e-01
It: 60, Loss = 9.221e-01
It: 70, Loss = 9.211e-01
It: 80, Loss = 9.206e-01
It: 90, Loss = 9.205e-01
It: 100, Loss = 9.204e-01
It: 110, Loss = 9.203e-01
It: 120, Loss = 9.202e-01
It: 130, Loss = 9.201e-01
It: 140, Loss = 9.200e-01
It: 150, Loss = 9.199e-01
It: 160, Loss = 9.198e-01
It: 170, Loss = 9.197e-01
It: 180, Loss = 9.196e-01
It: 190, Loss = 9.195e-01
It: 200, Loss = 9.194e-01
It: 210, Loss = 9.193e-01
It: 220, Loss = 9.192e-01
It: 230, Loss = 9.191e-01
It: 240, Loss = 9.189e-01
It: 250, Loss = 9.187e-01
It: 260, Loss = 9.185e-01
It: 270, Loss = 9.182e-01
It: 280, Loss = 9.177e-01
It: 290, Loss = 9.168e-01
It: 300, Loss = 9.145e-01
It: 310, Loss = 9.088e-01
It: 320, Loss = 9.040e-01
It: 330, Loss = 9.016e-01
It: 340, Loss = 8.998e-01
It: 350, Loss = 8.983e-01
It: 360, Loss = 8.972e-01
It: 370, Loss = 8.956e-01
It: 380, Loss = 8.932e-01
It: 390, Loss = 8.894e-01
It: 400, Loss = 8.822e-01
It: 410, Loss = 8.670e-01
It: 420, Loss = 8.342e-01
It: 430, Loss = 8.018e-01
It: 440, Loss = 8.017e-01
It: 450, Loss = 7.819e-01
It: 460, Loss = 7.729e-01
It: 470, Loss = 7.689e-01
It: 480, Loss = 7.638e-01
It: 490, Loss = 7.585e-01
It: 500, Loss = 7.517e-01
It: 510, Loss = 7.417e-01
It: 520, Loss = 7.253e-01
It: 530, Loss = 6.993e-01
It: 540, Loss = 6.988e-01
It: 550, Loss = 6.608e-01
It: 560, Loss = 6.492e-01
It: 570, Loss = 6.350e-01
It: 580, Loss = 6.214e-01
It: 590, Loss = 6.110e-01
It: 600, Loss = 6.030e-01
It: 610, Loss = 5.955e-01
It: 620, Loss = 5.878e-01
It: 630, Loss = 5.805e-01
It: 640, Loss = 5.735e-01
It: 650, Loss = 5.819e-01
It: 660, Loss = 5.659e-01
It: 670, Loss = 5.581e-01
It: 680, Loss = 5.525e-01
It: 690, Loss = 5.474e-01
It: 700, Loss = 5.436e-01
It: 710, Loss = 5.412e-01
It: 720, Loss = 5.342e-01
It: 730, Loss = 5.297e-01
It: 740, Loss = 5.312e-01
It: 750, Loss = 5.221e-01
It: 760, Loss = 5.211e-01
It: 770, Loss = 5.161e-01
It: 780, Loss = 5.125e-01
It: 790, Loss = 5.084e-01
It: 800, Loss = 5.103e-01
It: 810, Loss = 5.129e-01
It: 820, Loss = 5.000e-01
It: 830, Loss = 4.956e-01
It: 840, Loss = 4.912e-01
It: 850, Loss = 4.868e-01
It: 860, Loss = 4.986e-01
It: 870, Loss = 4.846e-01
It: 880, Loss = 4.714e-01
It: 890, Loss = 4.640e-01
It: 900, Loss = 4.554e-01
It: 910, Loss = 4.502e-01
It: 920, Loss = 4.608e-01
It: 930, Loss = 4.348e-01
It: 940, Loss = 4.215e-01
It: 950, Loss = 4.120e-01
It: 960, Loss = 4.164e-01
It: 970, Loss = 4.033e-01
It: 980, Loss = 3.898e-01
It: 990, Loss = 3.807e-01
G_pred shape (100, 100)
It: 0, Loss = 1.033e+00
It: 10, Loss = 9.965e-01
It: 20, Loss = 9.702e-01
It: 30, Loss = 9.654e-01
It: 40, Loss = 9.541e-01
It: 50, Loss = 9.429e-01
It: 60, Loss = 9.343e-01
It: 70, Loss = 9.309e-01
It: 80, Loss = 9.296e-01
It: 90, Loss = 9.286e-01
It: 100, Loss = 9.281e-01
It: 110, Loss = 9.277e-01
It: 120, Loss = 9.275e-01
It: 130, Loss = 9.273e-01
It: 140, Loss = 9.272e-01
It: 150, Loss = 9.271e-01
It: 160, Loss = 9.269e-01
It: 170, Loss = 9.268e-01
It: 180, Loss = 9.267e-01
It: 190, Loss = 9.265e-01
It: 200, Loss = 9.264e-01
It: 210, Loss = 9.262e-01
It: 220, Loss = 9.260e-01
It: 230, Loss = 9.258e-01
It: 240, Loss = 9.256e-01
It: 250, Loss = 9.253e-01
It: 260, Loss = 9.250e-01
It: 270, Loss = 9.246e-01
It: 280, Loss = 9.242e-01
It: 290, Loss = 9.238e-01
It: 300, Loss = 9.232e-01
It: 310, Loss = 9.225e-01
It: 320, Loss = 9.215e-01
It: 330, Loss = 9.197e-01
It: 340, Loss = 9.161e-01
It: 350, Loss = 9.116e-01
It: 360, Loss = 9.109e-01
It: 370, Loss = 9.094e-01
It: 380, Loss = 9.081e-01
It: 390, Loss = 9.063e-01
It: 400, Loss = 9.039e-01
It: 410, Loss = 9.005e-01
It: 420, Loss = 9.028e-01
It: 430, Loss = 8.919e-01
It: 440, Loss = 8.889e-01
It: 450, Loss = 8.764e-01
It: 460, Loss = 8.605e-01
It: 470, Loss = 8.487e-01
It: 480, Loss = 8.345e-01
It: 490, Loss = 8.236e-01
It: 500, Loss = 8.068e-01
It: 510, Loss = 7.928e-01
It: 520, Loss = 7.759e-01
It: 530, Loss = 7.800e-01
It: 540, Loss = 7.448e-01
It: 550, Loss = 7.253e-01
It: 560, Loss = 7.099e-01
It: 570, Loss = 6.940e-01
It: 580, Loss = 6.761e-01
It: 590, Loss = 6.617e-01
It: 600, Loss = 6.381e-01
It: 610, Loss = 6.138e-01
It: 620, Loss = 5.895e-01
It: 630, Loss = 5.762e-01
It: 640, Loss = 5.834e-01
It: 650, Loss = 5.669e-01
It: 660, Loss = 5.375e-01
It: 670, Loss = 5.287e-01
It: 680, Loss = 5.229e-01
It: 690, Loss = 5.144e-01
It: 700, Loss = 5.066e-01
It: 710, Loss = 5.540e-01
It: 720, Loss = 4.953e-01
It: 730, Loss = 4.831e-01
It: 740, Loss = 4.683e-01
It: 750, Loss = 4.623e-01
It: 760, Loss = 4.527e-01
It: 770, Loss = 4.464e-01
It: 780, Loss = 4.418e-01
It: 790, Loss = 4.388e-01
It: 800, Loss = 4.267e-01
It: 810, Loss = 4.162e-01
It: 820, Loss = 4.086e-01
It: 830, Loss = 3.982e-01
It: 840, Loss = 3.892e-01
It: 850, Loss = 3.886e-01
It: 860, Loss = 4.226e-01
It: 870, Loss = 3.833e-01
It: 880, Loss = 3.420e-01
It: 890, Loss = 3.279e-01
It: 900, Loss = 3.063e-01
It: 910, Loss = 5.655e-01
It: 920, Loss = 3.574e-01
It: 930, Loss = 2.839e-01
It: 940, Loss = 2.318e-01
It: 950, Loss = 1.964e-01
It: 960, Loss = 1.644e-01
It: 970, Loss = 2.888e-01
It: 980, Loss = 2.100e-01
It: 990, Loss = 1.238e-01
G_pred shape (100, 100)
It: 0, Loss = 1.232e+00
It: 10, Loss = 9.818e-01
It: 20, Loss = 9.618e-01
It: 30, Loss = 9.556e-01
It: 40, Loss = 9.464e-01
It: 50, Loss = 9.400e-01
It: 60, Loss = 9.342e-01
It: 70, Loss = 9.304e-01
It: 80, Loss = 9.274e-01
It: 90, Loss = 9.250e-01
It: 100, Loss = 9.241e-01
It: 110, Loss = 9.239e-01
It: 120, Loss = 9.238e-01
It: 130, Loss = 9.237e-01
It: 140, Loss = 9.235e-01
It: 150, Loss = 9.234e-01
It: 160, Loss = 9.232e-01
It: 170, Loss = 9.231e-01
It: 180, Loss = 9.229e-01
It: 190, Loss = 9.227e-01
It: 200, Loss = 9.225e-01
It: 210, Loss = 9.222e-01
It: 220, Loss = 9.219e-01
It: 230, Loss = 9.216e-01
It: 240, Loss = 9.213e-01
It: 250, Loss = 9.209e-01
It: 260, Loss = 9.204e-01
It: 270, Loss = 9.198e-01
It: 280, Loss = 9.191e-01
It: 290, Loss = 9.182e-01
It: 300, Loss = 9.171e-01
It: 310, Loss = 9.155e-01
It: 320, Loss = 9.134e-01
It: 330, Loss = 9.100e-01
It: 340, Loss = 9.044e-01
It: 350, Loss = 8.943e-01
It: 360, Loss = 8.771e-01
It: 370, Loss = 8.504e-01
It: 380, Loss = 8.543e-01
It: 390, Loss = 8.196e-01
It: 400, Loss = 8.027e-01
It: 410, Loss = 7.818e-01
It: 420, Loss = 7.636e-01
It: 430, Loss = 7.461e-01
It: 440, Loss = 7.336e-01
It: 450, Loss = 7.255e-01
It: 460, Loss = 7.143e-01
It: 470, Loss = 7.097e-01
It: 480, Loss = 7.034e-01
It: 490, Loss = 7.227e-01
It: 500, Loss = 7.027e-01
It: 510, Loss = 6.926e-01
It: 520, Loss = 6.829e-01
It: 530, Loss = 6.766e-01
It: 540, Loss = 7.101e-01
It: 550, Loss = 6.721e-01
It: 560, Loss = 6.611e-01
It: 570, Loss = 6.508e-01
It: 580, Loss = 6.377e-01
It: 590, Loss = 6.271e-01
It: 600, Loss = 6.463e-01
It: 610, Loss = 6.491e-01
It: 620, Loss = 6.068e-01
It: 630, Loss = 5.927e-01
It: 640, Loss = 5.807e-01
It: 650, Loss = 6.238e-01
It: 660, Loss = 5.697e-01
It: 670, Loss = 5.600e-01
It: 680, Loss = 5.511e-01
It: 690, Loss = 5.407e-01
It: 700, Loss = 5.323e-01
It: 710, Loss = 5.253e-01
It: 720, Loss = 5.205e-01
It: 730, Loss = 5.424e-01
It: 740, Loss = 5.183e-01
It: 750, Loss = 5.137e-01
It: 760, Loss = 5.053e-01
It: 770, Loss = 5.005e-01
It: 780, Loss = 4.948e-01
It: 790, Loss = 4.896e-01
It: 800, Loss = 4.841e-01
It: 810, Loss = 4.783e-01
It: 820, Loss = 4.723e-01
It: 830, Loss = 4.702e-01
It: 840, Loss = 4.996e-01
It: 850, Loss = 4.776e-01
It: 860, Loss = 4.540e-01
It: 870, Loss = 4.488e-01
It: 880, Loss = 4.408e-01
It: 890, Loss = 4.329e-01
It: 900, Loss = 4.255e-01
It: 910, Loss = 4.182e-01
It: 920, Loss = 4.111e-01
It: 930, Loss = 4.035e-01
It: 940, Loss = 3.955e-01
It: 950, Loss = 4.036e-01
It: 960, Loss = 3.856e-01
It: 970, Loss = 3.851e-01
It: 980, Loss = 3.673e-01
It: 990, Loss = 3.593e-01
G_pred shape (100, 100)
