Using TensorFlow 2 backend.

N_train =  75
It: 0, Loss = 1.111e+00
It: 10, Loss = 9.746e-01
It: 20, Loss = 9.551e-01
It: 30, Loss = 9.411e-01
It: 40, Loss = 9.357e-01
It: 50, Loss = 9.347e-01
It: 60, Loss = 9.328e-01
It: 70, Loss = 9.315e-01
It: 80, Loss = 9.308e-01
It: 90, Loss = 9.305e-01
It: 100, Loss = 9.301e-01
It: 110, Loss = 9.299e-01
It: 120, Loss = 9.297e-01
It: 130, Loss = 9.295e-01
It: 140, Loss = 9.293e-01
It: 150, Loss = 9.291e-01
It: 160, Loss = 9.289e-01
It: 170, Loss = 9.286e-01
It: 180, Loss = 9.284e-01
It: 190, Loss = 9.281e-01
It: 200, Loss = 9.278e-01
It: 210, Loss = 9.275e-01
It: 220, Loss = 9.270e-01
It: 230, Loss = 9.265e-01
It: 240, Loss = 9.259e-01
It: 250, Loss = 9.250e-01
It: 260, Loss = 9.236e-01
It: 270, Loss = 9.208e-01
It: 280, Loss = 9.154e-01
It: 290, Loss = 9.133e-01
It: 300, Loss = 9.105e-01
It: 310, Loss = 9.066e-01
It: 320, Loss = 8.966e-01
It: 330, Loss = 8.685e-01
It: 340, Loss = 8.597e-01
It: 350, Loss = 8.292e-01
It: 360, Loss = 8.176e-01
It: 370, Loss = 8.077e-01
It: 380, Loss = 7.986e-01
It: 390, Loss = 7.920e-01
It: 400, Loss = 7.877e-01
It: 410, Loss = 7.836e-01
It: 420, Loss = 7.813e-01
It: 430, Loss = 7.738e-01
It: 440, Loss = 7.741e-01
It: 450, Loss = 7.543e-01
It: 460, Loss = 7.458e-01
It: 470, Loss = 7.405e-01
It: 480, Loss = 7.252e-01
It: 490, Loss = 7.253e-01
It: 500, Loss = 6.901e-01
It: 510, Loss = 6.679e-01
It: 520, Loss = 6.427e-01
It: 530, Loss = 6.569e-01
It: 540, Loss = 6.117e-01
It: 550, Loss = 5.904e-01
It: 560, Loss = 5.741e-01
It: 570, Loss = 5.917e-01
It: 580, Loss = 5.543e-01
It: 590, Loss = 5.480e-01
It: 600, Loss = 5.370e-01
It: 610, Loss = 5.582e-01
It: 620, Loss = 5.403e-01
It: 630, Loss = 5.184e-01
It: 640, Loss = 5.038e-01
It: 650, Loss = 4.929e-01
It: 660, Loss = 4.825e-01
It: 670, Loss = 4.768e-01
It: 680, Loss = 4.643e-01
It: 690, Loss = 4.532e-01
It: 700, Loss = 4.386e-01
It: 710, Loss = 4.282e-01
It: 720, Loss = 4.220e-01
It: 730, Loss = 3.938e-01
It: 740, Loss = 3.796e-01
It: 750, Loss = 4.567e-01
It: 760, Loss = 3.894e-01
It: 770, Loss = 3.498e-01
It: 780, Loss = 3.266e-01
It: 790, Loss = 3.093e-01
It: 800, Loss = 4.308e-01
It: 810, Loss = 2.995e-01
It: 820, Loss = 2.838e-01
It: 830, Loss = 2.514e-01
It: 840, Loss = 2.302e-01
It: 850, Loss = 2.046e-01
It: 860, Loss = 2.013e-01
It: 870, Loss = 1.829e-01
It: 880, Loss = 1.662e-01
It: 890, Loss = 1.410e-01
It: 900, Loss = 1.229e-01
It: 910, Loss = 1.091e-01
It: 920, Loss = 9.769e-02
It: 930, Loss = 8.834e-02
It: 940, Loss = 1.100e-01
It: 950, Loss = 9.948e-02
It: 960, Loss = 7.149e-02
It: 970, Loss = 6.300e-02
It: 980, Loss = 5.678e-02
It: 990, Loss = 5.141e-02
G_pred shape (100, 100)
It: 0, Loss = 1.313e+00
It: 10, Loss = 9.958e-01
It: 20, Loss = 9.703e-01
It: 30, Loss = 9.511e-01
It: 40, Loss = 9.394e-01
It: 50, Loss = 9.340e-01
It: 60, Loss = 9.338e-01
It: 70, Loss = 9.327e-01
It: 80, Loss = 9.324e-01
It: 90, Loss = 9.320e-01
It: 100, Loss = 9.317e-01
It: 110, Loss = 9.314e-01
It: 120, Loss = 9.311e-01
It: 130, Loss = 9.308e-01
It: 140, Loss = 9.305e-01
It: 150, Loss = 9.301e-01
It: 160, Loss = 9.297e-01
It: 170, Loss = 9.292e-01
It: 180, Loss = 9.287e-01
It: 190, Loss = 9.281e-01
It: 200, Loss = 9.277e-01
It: 210, Loss = 9.274e-01
It: 220, Loss = 9.271e-01
It: 230, Loss = 9.269e-01
It: 240, Loss = 9.266e-01
It: 250, Loss = 9.263e-01
It: 260, Loss = 9.259e-01
It: 270, Loss = 9.256e-01
It: 280, Loss = 9.251e-01
It: 290, Loss = 9.247e-01
It: 300, Loss = 9.242e-01
It: 310, Loss = 9.237e-01
It: 320, Loss = 9.232e-01
It: 330, Loss = 9.226e-01
It: 340, Loss = 9.219e-01
It: 350, Loss = 9.212e-01
It: 360, Loss = 9.203e-01
It: 370, Loss = 9.191e-01
It: 380, Loss = 9.176e-01
It: 390, Loss = 9.153e-01
It: 400, Loss = 9.117e-01
It: 410, Loss = 9.062e-01
It: 420, Loss = 8.991e-01
It: 430, Loss = 8.895e-01
It: 440, Loss = 8.754e-01
It: 450, Loss = 8.625e-01
It: 460, Loss = 8.495e-01
It: 470, Loss = 8.350e-01
It: 480, Loss = 8.176e-01
It: 490, Loss = 7.992e-01
It: 500, Loss = 7.926e-01
It: 510, Loss = 7.618e-01
It: 520, Loss = 7.432e-01
It: 530, Loss = 7.075e-01
It: 540, Loss = 6.950e-01
It: 550, Loss = 6.550e-01
It: 560, Loss = 6.315e-01
It: 570, Loss = 6.014e-01
It: 580, Loss = 6.659e-01
It: 590, Loss = 5.752e-01
It: 600, Loss = 5.318e-01
It: 610, Loss = 4.905e-01
It: 620, Loss = 5.005e-01
It: 630, Loss = 4.424e-01
It: 640, Loss = 4.164e-01
It: 650, Loss = 3.939e-01
It: 660, Loss = 3.746e-01
It: 670, Loss = 3.583e-01
It: 680, Loss = 3.427e-01
It: 690, Loss = 3.082e-01
It: 700, Loss = 2.832e-01
It: 710, Loss = 2.973e-01
It: 720, Loss = 2.432e-01
It: 730, Loss = 1.989e-01
It: 740, Loss = 1.703e-01
It: 750, Loss = 2.200e-01
It: 760, Loss = 1.500e-01
It: 770, Loss = 1.141e-01
It: 780, Loss = 9.837e-02
It: 790, Loss = 8.960e-02
It: 800, Loss = 8.808e-02
It: 810, Loss = 6.392e-02
It: 820, Loss = 5.716e-02
It: 830, Loss = 4.732e-02
It: 840, Loss = 4.109e-02
It: 850, Loss = 6.132e-02
It: 860, Loss = 3.490e-02
It: 870, Loss = 2.951e-02
It: 880, Loss = 2.607e-02
It: 890, Loss = 2.284e-02
It: 900, Loss = 2.071e-02
It: 910, Loss = 2.110e-02
It: 920, Loss = 2.009e-02
It: 930, Loss = 1.721e-02
It: 940, Loss = 1.628e-02
It: 950, Loss = 1.488e-02
It: 960, Loss = 2.444e-02
It: 970, Loss = 1.903e-02
It: 980, Loss = 1.192e-02
It: 990, Loss = 1.172e-02
G_pred shape (100, 100)
It: 0, Loss = 1.154e+00
It: 10, Loss = 1.147e+00
It: 20, Loss = 9.938e-01
It: 30, Loss = 9.660e-01
It: 40, Loss = 9.620e-01
It: 50, Loss = 9.550e-01
It: 60, Loss = 9.463e-01
It: 70, Loss = 9.404e-01
It: 80, Loss = 9.345e-01
It: 90, Loss = 9.304e-01
It: 100, Loss = 9.280e-01
It: 110, Loss = 9.268e-01
It: 120, Loss = 9.260e-01
It: 130, Loss = 9.252e-01
It: 140, Loss = 9.244e-01
It: 150, Loss = 9.238e-01
It: 160, Loss = 9.233e-01
It: 170, Loss = 9.230e-01
It: 180, Loss = 9.229e-01
It: 190, Loss = 9.227e-01
It: 200, Loss = 9.226e-01
It: 210, Loss = 9.225e-01
It: 220, Loss = 9.223e-01
It: 230, Loss = 9.221e-01
It: 240, Loss = 9.220e-01
It: 250, Loss = 9.218e-01
It: 260, Loss = 9.215e-01
It: 270, Loss = 9.212e-01
It: 280, Loss = 9.208e-01
It: 290, Loss = 9.201e-01
It: 300, Loss = 9.187e-01
It: 310, Loss = 9.159e-01
It: 320, Loss = 9.116e-01
It: 330, Loss = 9.095e-01
It: 340, Loss = 9.091e-01
It: 350, Loss = 9.084e-01
It: 360, Loss = 9.080e-01
It: 370, Loss = 9.076e-01
It: 380, Loss = 9.073e-01
It: 390, Loss = 9.069e-01
It: 400, Loss = 9.065e-01
It: 410, Loss = 9.062e-01
It: 420, Loss = 9.058e-01
It: 430, Loss = 9.054e-01
It: 440, Loss = 9.049e-01
It: 450, Loss = 9.045e-01
It: 460, Loss = 9.040e-01
It: 470, Loss = 9.034e-01
It: 480, Loss = 9.028e-01
It: 490, Loss = 9.022e-01
It: 500, Loss = 9.014e-01
It: 510, Loss = 9.005e-01
It: 520, Loss = 8.994e-01
It: 530, Loss = 8.981e-01
It: 540, Loss = 8.965e-01
It: 550, Loss = 8.944e-01
It: 560, Loss = 8.917e-01
It: 570, Loss = 8.883e-01
It: 580, Loss = 8.838e-01
It: 590, Loss = 8.781e-01
It: 600, Loss = 8.708e-01
It: 610, Loss = 8.618e-01
It: 620, Loss = 8.498e-01
It: 630, Loss = 8.412e-01
It: 640, Loss = 8.412e-01
It: 650, Loss = 8.306e-01
It: 660, Loss = 8.170e-01
It: 670, Loss = 8.053e-01
It: 680, Loss = 7.942e-01
It: 690, Loss = 7.843e-01
It: 700, Loss = 7.746e-01
It: 710, Loss = 7.648e-01
It: 720, Loss = 7.572e-01
It: 730, Loss = 7.574e-01
It: 740, Loss = 7.465e-01
It: 750, Loss = 7.397e-01
It: 760, Loss = 7.351e-01
It: 770, Loss = 7.312e-01
It: 780, Loss = 7.273e-01
It: 790, Loss = 7.231e-01
It: 800, Loss = 7.186e-01
It: 810, Loss = 7.139e-01
It: 820, Loss = 7.092e-01
It: 830, Loss = 7.044e-01
It: 840, Loss = 6.991e-01
It: 850, Loss = 6.933e-01
It: 860, Loss = 7.059e-01
It: 870, Loss = 6.817e-01
It: 880, Loss = 6.748e-01
It: 890, Loss = 6.671e-01
It: 900, Loss = 6.565e-01
It: 910, Loss = 7.033e-01
It: 920, Loss = 6.481e-01
It: 930, Loss = 6.126e-01
It: 940, Loss = 5.887e-01
It: 950, Loss = 6.516e-01
It: 960, Loss = 5.360e-01
It: 970, Loss = 5.282e-01
It: 980, Loss = 4.989e-01
It: 990, Loss = 4.848e-01
G_pred shape (100, 100)
It: 0, Loss = 3.855e+00
It: 10, Loss = 1.318e+00
It: 20, Loss = 1.108e+00
It: 30, Loss = 1.009e+00
It: 40, Loss = 9.637e-01
It: 50, Loss = 9.569e-01
It: 60, Loss = 9.547e-01
It: 70, Loss = 9.510e-01
It: 80, Loss = 9.476e-01
It: 90, Loss = 9.439e-01
It: 100, Loss = 9.403e-01
It: 110, Loss = 9.367e-01
It: 120, Loss = 9.332e-01
It: 130, Loss = 9.301e-01
It: 140, Loss = 9.275e-01
It: 150, Loss = 9.251e-01
It: 160, Loss = 9.229e-01
It: 170, Loss = 9.215e-01
It: 180, Loss = 9.212e-01
It: 190, Loss = 9.210e-01
It: 200, Loss = 9.209e-01
It: 210, Loss = 9.208e-01
It: 220, Loss = 9.207e-01
It: 230, Loss = 9.206e-01
It: 240, Loss = 9.205e-01
It: 250, Loss = 9.204e-01
It: 260, Loss = 9.202e-01
It: 270, Loss = 9.201e-01
It: 280, Loss = 9.200e-01
It: 290, Loss = 9.198e-01
It: 300, Loss = 9.195e-01
It: 310, Loss = 9.191e-01
It: 320, Loss = 9.184e-01
It: 330, Loss = 9.171e-01
It: 340, Loss = 9.153e-01
It: 350, Loss = 9.132e-01
It: 360, Loss = 9.116e-01
It: 370, Loss = 9.103e-01
It: 380, Loss = 9.094e-01
It: 390, Loss = 9.089e-01
It: 400, Loss = 9.085e-01
It: 410, Loss = 9.081e-01
It: 420, Loss = 9.079e-01
It: 430, Loss = 9.077e-01
It: 440, Loss = 9.075e-01
It: 450, Loss = 9.074e-01
It: 460, Loss = 9.073e-01
It: 470, Loss = 9.072e-01
It: 480, Loss = 9.071e-01
It: 490, Loss = 9.070e-01
It: 500, Loss = 9.069e-01
It: 510, Loss = 9.068e-01
It: 520, Loss = 9.067e-01
It: 530, Loss = 9.066e-01
It: 540, Loss = 9.065e-01
It: 550, Loss = 9.065e-01
It: 560, Loss = 9.064e-01
It: 570, Loss = 9.063e-01
It: 580, Loss = 9.062e-01
It: 590, Loss = 9.060e-01
It: 600, Loss = 9.059e-01
It: 610, Loss = 9.058e-01
It: 620, Loss = 9.057e-01
It: 630, Loss = 9.055e-01
It: 640, Loss = 9.054e-01
It: 650, Loss = 9.052e-01
It: 660, Loss = 9.050e-01
It: 670, Loss = 9.049e-01
It: 680, Loss = 9.047e-01
It: 690, Loss = 9.045e-01
It: 700, Loss = 9.043e-01
It: 710, Loss = 9.041e-01
It: 720, Loss = 9.039e-01
It: 730, Loss = 9.038e-01
It: 740, Loss = 9.036e-01
It: 750, Loss = 9.034e-01
It: 760, Loss = 9.032e-01
It: 770, Loss = 9.031e-01
It: 780, Loss = 9.029e-01
It: 790, Loss = 9.026e-01
It: 800, Loss = 9.024e-01
It: 810, Loss = 9.023e-01
It: 820, Loss = 9.019e-01
It: 830, Loss = 9.015e-01
It: 840, Loss = 9.012e-01
It: 850, Loss = 9.007e-01
It: 860, Loss = 9.003e-01
It: 870, Loss = 8.997e-01
It: 880, Loss = 9.000e-01
It: 890, Loss = 8.983e-01
It: 900, Loss = 8.972e-01
It: 910, Loss = 8.957e-01
It: 920, Loss = 8.938e-01
It: 930, Loss = 8.910e-01
It: 940, Loss = 8.864e-01
It: 950, Loss = 8.785e-01
It: 960, Loss = 8.646e-01
It: 970, Loss = 8.418e-01
It: 980, Loss = 8.124e-01
It: 990, Loss = 7.887e-01
G_pred shape (100, 100)
It: 0, Loss = 1.109e+00
It: 10, Loss = 1.011e+00
It: 20, Loss = 1.002e+00
It: 30, Loss = 9.662e-01
It: 40, Loss = 9.532e-01
It: 50, Loss = 9.385e-01
It: 60, Loss = 9.313e-01
It: 70, Loss = 9.302e-01
It: 80, Loss = 9.293e-01
It: 90, Loss = 9.282e-01
It: 100, Loss = 9.271e-01
It: 110, Loss = 9.258e-01
It: 120, Loss = 9.248e-01
It: 130, Loss = 9.245e-01
It: 140, Loss = 9.243e-01
It: 150, Loss = 9.241e-01
It: 160, Loss = 9.239e-01
It: 170, Loss = 9.237e-01
It: 180, Loss = 9.236e-01
It: 190, Loss = 9.234e-01
It: 200, Loss = 9.232e-01
It: 210, Loss = 9.230e-01
It: 220, Loss = 9.228e-01
It: 230, Loss = 9.226e-01
It: 240, Loss = 9.224e-01
It: 250, Loss = 9.221e-01
It: 260, Loss = 9.217e-01
It: 270, Loss = 9.213e-01
It: 280, Loss = 9.208e-01
It: 290, Loss = 9.202e-01
It: 300, Loss = 9.193e-01
It: 310, Loss = 9.182e-01
It: 320, Loss = 9.164e-01
It: 330, Loss = 9.136e-01
It: 340, Loss = 9.091e-01
It: 350, Loss = 9.015e-01
It: 360, Loss = 8.893e-01
It: 370, Loss = 8.710e-01
It: 380, Loss = 8.554e-01
It: 390, Loss = 8.436e-01
It: 400, Loss = 8.341e-01
It: 410, Loss = 8.259e-01
It: 420, Loss = 8.187e-01
It: 430, Loss = 8.108e-01
It: 440, Loss = 8.012e-01
It: 450, Loss = 7.888e-01
It: 460, Loss = 7.805e-01
It: 470, Loss = 7.651e-01
It: 480, Loss = 7.561e-01
It: 490, Loss = 7.471e-01
It: 500, Loss = 7.402e-01
It: 510, Loss = 7.346e-01
It: 520, Loss = 7.249e-01
It: 530, Loss = 7.120e-01
It: 540, Loss = 6.945e-01
It: 550, Loss = 6.728e-01
It: 560, Loss = 6.446e-01
It: 570, Loss = 6.219e-01
It: 580, Loss = 6.112e-01
It: 590, Loss = 5.928e-01
It: 600, Loss = 5.786e-01
It: 610, Loss = 5.667e-01
It: 620, Loss = 5.442e-01
It: 630, Loss = 5.252e-01
It: 640, Loss = 5.043e-01
It: 650, Loss = 4.820e-01
It: 660, Loss = 4.655e-01
It: 670, Loss = 4.485e-01
It: 680, Loss = 4.355e-01
It: 690, Loss = 4.415e-01
It: 700, Loss = 4.120e-01
It: 710, Loss = 3.914e-01
It: 720, Loss = 3.739e-01
It: 730, Loss = 3.525e-01
It: 740, Loss = 5.152e-01
It: 750, Loss = 3.439e-01
It: 760, Loss = 3.160e-01
It: 770, Loss = 2.836e-01
It: 780, Loss = 2.579e-01
It: 790, Loss = 2.404e-01
It: 800, Loss = 1.983e-01
It: 810, Loss = 1.730e-01
It: 820, Loss = 1.537e-01
It: 830, Loss = 1.631e-01
It: 840, Loss = 1.279e-01
It: 850, Loss = 1.095e-01
It: 860, Loss = 1.017e-01
It: 870, Loss = 1.087e-01
It: 880, Loss = 8.797e-02
It: 890, Loss = 7.759e-02
It: 900, Loss = 7.056e-02
It: 910, Loss = 9.775e-02
It: 920, Loss = 8.467e-02
It: 930, Loss = 6.407e-02
It: 940, Loss = 5.546e-02
It: 950, Loss = 5.210e-02
It: 960, Loss = 4.731e-02
It: 970, Loss = 4.398e-02
It: 980, Loss = 4.167e-02
It: 990, Loss = 4.333e-02
G_pred shape (100, 100)
