Using TensorFlow 2 backend.

N_train =  55
It: 0, Loss = 1.377e+00
It: 10, Loss = 9.743e-01
It: 20, Loss = 9.555e-01
It: 30, Loss = 9.532e-01
It: 40, Loss = 9.422e-01
It: 50, Loss = 9.325e-01
It: 60, Loss = 9.260e-01
It: 70, Loss = 9.236e-01
It: 80, Loss = 9.232e-01
It: 90, Loss = 9.227e-01
It: 100, Loss = 9.223e-01
It: 110, Loss = 9.220e-01
It: 120, Loss = 9.216e-01
It: 130, Loss = 9.211e-01
It: 140, Loss = 9.207e-01
It: 150, Loss = 9.204e-01
It: 160, Loss = 9.202e-01
It: 170, Loss = 9.201e-01
It: 180, Loss = 9.200e-01
It: 190, Loss = 9.199e-01
It: 200, Loss = 9.198e-01
It: 210, Loss = 9.197e-01
It: 220, Loss = 9.196e-01
It: 230, Loss = 9.194e-01
It: 240, Loss = 9.193e-01
It: 250, Loss = 9.191e-01
It: 260, Loss = 9.190e-01
It: 270, Loss = 9.188e-01
It: 280, Loss = 9.186e-01
It: 290, Loss = 9.184e-01
It: 300, Loss = 9.181e-01
It: 310, Loss = 9.179e-01
It: 320, Loss = 9.176e-01
It: 330, Loss = 9.172e-01
It: 340, Loss = 9.168e-01
It: 350, Loss = 9.163e-01
It: 360, Loss = 9.156e-01
It: 370, Loss = 9.148e-01
It: 380, Loss = 9.138e-01
It: 390, Loss = 9.123e-01
It: 400, Loss = 9.102e-01
It: 410, Loss = 9.070e-01
It: 420, Loss = 9.014e-01
It: 430, Loss = 8.892e-01
It: 440, Loss = 8.621e-01
It: 450, Loss = 9.690e-01
It: 460, Loss = 8.596e-01
It: 470, Loss = 8.325e-01
It: 480, Loss = 8.200e-01
It: 490, Loss = 8.124e-01
It: 500, Loss = 8.065e-01
It: 510, Loss = 8.016e-01
It: 520, Loss = 7.969e-01
It: 530, Loss = 7.918e-01
It: 540, Loss = 7.859e-01
It: 550, Loss = 7.790e-01
It: 560, Loss = 7.702e-01
It: 570, Loss = 7.581e-01
It: 580, Loss = 7.482e-01
It: 590, Loss = 7.476e-01
It: 600, Loss = 7.317e-01
It: 610, Loss = 6.927e-01
It: 620, Loss = 6.677e-01
It: 630, Loss = 6.523e-01
It: 640, Loss = 6.398e-01
It: 650, Loss = 6.280e-01
It: 660, Loss = 6.156e-01
It: 670, Loss = 6.032e-01
It: 680, Loss = 6.099e-01
It: 690, Loss = 5.904e-01
It: 700, Loss = 5.725e-01
It: 710, Loss = 5.620e-01
It: 720, Loss = 5.520e-01
It: 730, Loss = 5.408e-01
It: 740, Loss = 5.787e-01
It: 750, Loss = 5.419e-01
It: 760, Loss = 5.195e-01
It: 770, Loss = 5.079e-01
It: 780, Loss = 4.987e-01
It: 790, Loss = 4.880e-01
It: 800, Loss = 4.778e-01
It: 810, Loss = 4.884e-01
It: 820, Loss = 4.628e-01
It: 830, Loss = 4.525e-01
It: 840, Loss = 4.424e-01
It: 850, Loss = 4.328e-01
It: 860, Loss = 4.377e-01
It: 870, Loss = 4.272e-01
It: 880, Loss = 4.071e-01
It: 890, Loss = 3.940e-01
It: 900, Loss = 3.803e-01
It: 910, Loss = 7.298e-01
It: 920, Loss = 3.981e-01
It: 930, Loss = 3.843e-01
It: 940, Loss = 3.614e-01
It: 950, Loss = 3.417e-01
It: 960, Loss = 3.256e-01
It: 970, Loss = 3.079e-01
It: 980, Loss = 2.881e-01
It: 990, Loss = 2.658e-01
G_pred shape (100, 100)
It: 0, Loss = 2.152e+00
It: 10, Loss = 9.848e-01
It: 20, Loss = 1.002e+00
It: 30, Loss = 9.999e-01
It: 40, Loss = 9.783e-01
It: 50, Loss = 9.641e-01
It: 60, Loss = 9.570e-01
It: 70, Loss = 9.530e-01
It: 80, Loss = 9.501e-01
It: 90, Loss = 9.478e-01
It: 100, Loss = 9.460e-01
It: 110, Loss = 9.446e-01
It: 120, Loss = 9.435e-01
It: 130, Loss = 9.428e-01
It: 140, Loss = 9.422e-01
It: 150, Loss = 9.417e-01
It: 160, Loss = 9.412e-01
It: 170, Loss = 9.406e-01
It: 180, Loss = 9.399e-01
It: 190, Loss = 9.392e-01
It: 200, Loss = 9.386e-01
It: 210, Loss = 9.382e-01
It: 220, Loss = 9.379e-01
It: 230, Loss = 9.377e-01
It: 240, Loss = 9.375e-01
It: 250, Loss = 9.373e-01
It: 260, Loss = 9.372e-01
It: 270, Loss = 9.370e-01
It: 280, Loss = 9.368e-01
It: 290, Loss = 9.366e-01
It: 300, Loss = 9.365e-01
It: 310, Loss = 9.362e-01
It: 320, Loss = 9.360e-01
It: 330, Loss = 9.358e-01
It: 340, Loss = 9.355e-01
It: 350, Loss = 9.351e-01
It: 360, Loss = 9.347e-01
It: 370, Loss = 9.342e-01
It: 380, Loss = 9.335e-01
It: 390, Loss = 9.326e-01
It: 400, Loss = 9.314e-01
It: 410, Loss = 9.297e-01
It: 420, Loss = 9.275e-01
It: 430, Loss = 9.252e-01
It: 440, Loss = 9.238e-01
It: 450, Loss = 9.224e-01
It: 460, Loss = 9.211e-01
It: 470, Loss = 9.200e-01
It: 480, Loss = 9.188e-01
It: 490, Loss = 9.176e-01
It: 500, Loss = 9.163e-01
It: 510, Loss = 9.149e-01
It: 520, Loss = 9.133e-01
It: 530, Loss = 9.115e-01
It: 540, Loss = 9.095e-01
It: 550, Loss = 9.072e-01
It: 560, Loss = 9.042e-01
It: 570, Loss = 9.004e-01
It: 580, Loss = 8.954e-01
It: 590, Loss = 8.884e-01
It: 600, Loss = 8.783e-01
It: 610, Loss = 8.629e-01
It: 620, Loss = 8.412e-01
It: 630, Loss = 8.192e-01
It: 640, Loss = 8.069e-01
It: 650, Loss = 8.154e-01
It: 660, Loss = 7.968e-01
It: 670, Loss = 7.874e-01
It: 680, Loss = 7.831e-01
It: 690, Loss = 7.794e-01
It: 700, Loss = 7.758e-01
It: 710, Loss = 7.720e-01
It: 720, Loss = 7.680e-01
It: 730, Loss = 7.639e-01
It: 740, Loss = 7.594e-01
It: 750, Loss = 7.541e-01
It: 760, Loss = 7.474e-01
It: 770, Loss = 7.369e-01
It: 780, Loss = 7.182e-01
It: 790, Loss = 6.883e-01
It: 800, Loss = 6.451e-01
It: 810, Loss = 6.044e-01
It: 820, Loss = 5.917e-01
It: 830, Loss = 5.787e-01
It: 840, Loss = 5.684e-01
It: 850, Loss = 5.587e-01
It: 860, Loss = 5.497e-01
It: 870, Loss = 5.413e-01
It: 880, Loss = 5.339e-01
It: 890, Loss = 5.532e-01
It: 900, Loss = 5.351e-01
It: 910, Loss = 5.260e-01
It: 920, Loss = 5.136e-01
It: 930, Loss = 5.035e-01
It: 940, Loss = 4.997e-01
It: 950, Loss = 4.920e-01
It: 960, Loss = 5.010e-01
It: 970, Loss = 4.901e-01
It: 980, Loss = 4.822e-01
It: 990, Loss = 4.813e-01
G_pred shape (100, 100)
It: 0, Loss = 8.466e+00
It: 10, Loss = 2.267e+00
It: 20, Loss = 1.198e+00
It: 30, Loss = 1.009e+00
It: 40, Loss = 1.033e+00
It: 50, Loss = 9.914e-01
It: 60, Loss = 9.814e-01
It: 70, Loss = 9.801e-01
It: 80, Loss = 9.766e-01
It: 90, Loss = 9.732e-01
It: 100, Loss = 9.700e-01
It: 110, Loss = 9.667e-01
It: 120, Loss = 9.631e-01
It: 130, Loss = 9.594e-01
It: 140, Loss = 9.555e-01
It: 150, Loss = 9.513e-01
It: 160, Loss = 9.467e-01
It: 170, Loss = 9.417e-01
It: 180, Loss = 9.363e-01
It: 190, Loss = 9.305e-01
It: 200, Loss = 9.246e-01
It: 210, Loss = 9.190e-01
It: 220, Loss = 9.147e-01
It: 230, Loss = 9.123e-01
It: 240, Loss = 9.113e-01
It: 250, Loss = 9.107e-01
It: 260, Loss = 9.102e-01
It: 270, Loss = 9.098e-01
It: 280, Loss = 9.094e-01
It: 290, Loss = 9.091e-01
It: 300, Loss = 9.089e-01
It: 310, Loss = 9.086e-01
It: 320, Loss = 9.084e-01
It: 330, Loss = 9.081e-01
It: 340, Loss = 9.079e-01
It: 350, Loss = 9.076e-01
It: 360, Loss = 9.074e-01
It: 370, Loss = 9.072e-01
It: 380, Loss = 9.070e-01
It: 390, Loss = 9.068e-01
It: 400, Loss = 9.067e-01
It: 410, Loss = 9.065e-01
It: 420, Loss = 9.063e-01
It: 430, Loss = 9.060e-01
It: 440, Loss = 9.058e-01
It: 450, Loss = 9.055e-01
It: 460, Loss = 9.053e-01
It: 470, Loss = 9.050e-01
It: 480, Loss = 9.046e-01
It: 490, Loss = 9.043e-01
It: 500, Loss = 9.039e-01
It: 510, Loss = 9.035e-01
It: 520, Loss = 9.031e-01
It: 530, Loss = 9.027e-01
It: 540, Loss = 9.023e-01
It: 550, Loss = 9.019e-01
It: 560, Loss = 9.015e-01
It: 570, Loss = 9.011e-01
It: 580, Loss = 9.008e-01
It: 590, Loss = 9.005e-01
It: 600, Loss = 9.002e-01
It: 610, Loss = 9.000e-01
It: 620, Loss = 8.997e-01
It: 630, Loss = 8.995e-01
It: 640, Loss = 8.993e-01
It: 650, Loss = 8.990e-01
It: 660, Loss = 8.988e-01
It: 670, Loss = 8.985e-01
It: 680, Loss = 8.983e-01
It: 690, Loss = 8.980e-01
It: 700, Loss = 8.978e-01
It: 710, Loss = 8.975e-01
It: 720, Loss = 8.972e-01
It: 730, Loss = 8.969e-01
It: 740, Loss = 8.966e-01
It: 750, Loss = 8.963e-01
It: 760, Loss = 8.960e-01
It: 770, Loss = 8.956e-01
It: 780, Loss = 8.952e-01
It: 790, Loss = 8.948e-01
It: 800, Loss = 8.944e-01
It: 810, Loss = 8.939e-01
It: 820, Loss = 8.934e-01
It: 830, Loss = 8.928e-01
It: 840, Loss = 8.921e-01
It: 850, Loss = 8.913e-01
It: 860, Loss = 8.905e-01
It: 870, Loss = 8.894e-01
It: 880, Loss = 8.882e-01
It: 890, Loss = 8.867e-01
It: 900, Loss = 8.849e-01
It: 910, Loss = 8.830e-01
It: 920, Loss = 8.807e-01
It: 930, Loss = 8.784e-01
It: 940, Loss = 8.760e-01
It: 950, Loss = 8.738e-01
It: 960, Loss = 8.717e-01
It: 970, Loss = 8.697e-01
It: 980, Loss = 8.677e-01
It: 990, Loss = 8.656e-01
G_pred shape (100, 100)
It: 0, Loss = 1.062e+00
It: 10, Loss = 1.071e+00
It: 20, Loss = 9.676e-01
It: 30, Loss = 9.692e-01
It: 40, Loss = 9.428e-01
It: 50, Loss = 9.363e-01
It: 60, Loss = 9.295e-01
It: 70, Loss = 9.275e-01
It: 80, Loss = 9.272e-01
It: 90, Loss = 9.268e-01
It: 100, Loss = 9.265e-01
It: 110, Loss = 9.262e-01
It: 120, Loss = 9.260e-01
It: 130, Loss = 9.259e-01
It: 140, Loss = 9.257e-01
It: 150, Loss = 9.256e-01
It: 160, Loss = 9.255e-01
It: 170, Loss = 9.254e-01
It: 180, Loss = 9.252e-01
It: 190, Loss = 9.251e-01
It: 200, Loss = 9.250e-01
It: 210, Loss = 9.249e-01
It: 220, Loss = 9.247e-01
It: 230, Loss = 9.246e-01
It: 240, Loss = 9.244e-01
It: 250, Loss = 9.241e-01
It: 260, Loss = 9.236e-01
It: 270, Loss = 9.225e-01
It: 280, Loss = 9.197e-01
It: 290, Loss = 9.134e-01
It: 300, Loss = 9.100e-01
It: 310, Loss = 9.078e-01
It: 320, Loss = 9.073e-01
It: 330, Loss = 9.067e-01
It: 340, Loss = 9.063e-01
It: 350, Loss = 9.059e-01
It: 360, Loss = 9.055e-01
It: 370, Loss = 9.050e-01
It: 380, Loss = 9.045e-01
It: 390, Loss = 9.039e-01
It: 400, Loss = 9.032e-01
It: 410, Loss = 9.028e-01
It: 420, Loss = 9.012e-01
It: 430, Loss = 8.997e-01
It: 440, Loss = 8.975e-01
It: 450, Loss = 8.938e-01
It: 460, Loss = 8.877e-01
It: 470, Loss = 8.774e-01
It: 480, Loss = 8.638e-01
It: 490, Loss = 8.542e-01
It: 500, Loss = 8.448e-01
It: 510, Loss = 8.324e-01
It: 520, Loss = 8.195e-01
It: 530, Loss = 8.007e-01
It: 540, Loss = 7.821e-01
It: 550, Loss = 7.656e-01
It: 560, Loss = 7.363e-01
It: 570, Loss = 7.282e-01
It: 580, Loss = 7.070e-01
It: 590, Loss = 6.818e-01
It: 600, Loss = 6.619e-01
It: 610, Loss = 6.776e-01
It: 620, Loss = 6.200e-01
It: 630, Loss = 6.024e-01
It: 640, Loss = 5.984e-01
It: 650, Loss = 5.626e-01
It: 660, Loss = 5.485e-01
It: 670, Loss = 5.450e-01
It: 680, Loss = 5.291e-01
It: 690, Loss = 5.393e-01
It: 700, Loss = 5.388e-01
It: 710, Loss = 5.200e-01
It: 720, Loss = 5.199e-01
It: 730, Loss = 5.146e-01
It: 740, Loss = 5.118e-01
It: 750, Loss = 5.086e-01
It: 760, Loss = 5.053e-01
It: 770, Loss = 5.019e-01
It: 780, Loss = 4.983e-01
It: 790, Loss = 4.949e-01
It: 800, Loss = 4.917e-01
It: 810, Loss = 4.886e-01
It: 820, Loss = 4.857e-01
It: 830, Loss = 4.831e-01
It: 840, Loss = 6.167e-01
It: 850, Loss = 5.087e-01
It: 860, Loss = 4.833e-01
It: 870, Loss = 4.777e-01
It: 880, Loss = 4.754e-01
It: 890, Loss = 4.737e-01
It: 900, Loss = 4.718e-01
It: 910, Loss = 4.703e-01
It: 920, Loss = 4.687e-01
It: 930, Loss = 4.672e-01
It: 940, Loss = 4.656e-01
It: 950, Loss = 4.640e-01
It: 960, Loss = 4.624e-01
It: 970, Loss = 4.607e-01
It: 980, Loss = 4.589e-01
It: 990, Loss = 4.570e-01
G_pred shape (100, 100)
It: 0, Loss = 1.326e+00
It: 10, Loss = 1.134e+00
It: 20, Loss = 1.043e+00
It: 30, Loss = 9.938e-01
It: 40, Loss = 9.719e-01
It: 50, Loss = 9.619e-01
It: 60, Loss = 9.572e-01
It: 70, Loss = 9.538e-01
It: 80, Loss = 9.494e-01
It: 90, Loss = 9.443e-01
It: 100, Loss = 9.384e-01
It: 110, Loss = 9.315e-01
It: 120, Loss = 9.239e-01
It: 130, Loss = 9.167e-01
It: 140, Loss = 9.120e-01
It: 150, Loss = 9.107e-01
It: 160, Loss = 9.104e-01
It: 170, Loss = 9.099e-01
It: 180, Loss = 9.096e-01
It: 190, Loss = 9.093e-01
It: 200, Loss = 9.091e-01
It: 210, Loss = 9.089e-01
It: 220, Loss = 9.086e-01
It: 230, Loss = 9.084e-01
It: 240, Loss = 9.082e-01
It: 250, Loss = 9.079e-01
It: 260, Loss = 9.076e-01
It: 270, Loss = 9.072e-01
It: 280, Loss = 9.066e-01
It: 290, Loss = 9.058e-01
It: 300, Loss = 9.047e-01
It: 310, Loss = 9.030e-01
It: 320, Loss = 9.006e-01
It: 330, Loss = 8.976e-01
It: 340, Loss = 8.954e-01
It: 350, Loss = 8.949e-01
It: 360, Loss = 8.945e-01
It: 370, Loss = 8.940e-01
It: 380, Loss = 8.937e-01
It: 390, Loss = 8.933e-01
It: 400, Loss = 8.928e-01
It: 410, Loss = 8.923e-01
It: 420, Loss = 8.918e-01
It: 430, Loss = 8.912e-01
It: 440, Loss = 8.906e-01
It: 450, Loss = 8.899e-01
It: 460, Loss = 8.892e-01
It: 470, Loss = 8.884e-01
It: 480, Loss = 8.875e-01
It: 490, Loss = 8.866e-01
It: 500, Loss = 8.855e-01
It: 510, Loss = 8.841e-01
It: 520, Loss = 8.822e-01
It: 530, Loss = 8.794e-01
It: 540, Loss = 8.743e-01
It: 550, Loss = 8.641e-01
It: 560, Loss = 8.437e-01
It: 570, Loss = 8.199e-01
It: 580, Loss = 8.132e-01
It: 590, Loss = 7.930e-01
It: 600, Loss = 7.841e-01
It: 610, Loss = 7.754e-01
It: 620, Loss = 7.653e-01
It: 630, Loss = 7.525e-01
It: 640, Loss = 7.371e-01
It: 650, Loss = 7.503e-01
It: 660, Loss = 7.278e-01
It: 670, Loss = 7.213e-01
It: 680, Loss = 7.086e-01
It: 690, Loss = 6.998e-01
It: 700, Loss = 6.946e-01
It: 710, Loss = 6.886e-01
It: 720, Loss = 6.823e-01
It: 730, Loss = 6.746e-01
It: 740, Loss = 6.648e-01
It: 750, Loss = 6.551e-01
It: 760, Loss = 6.424e-01
It: 770, Loss = 6.284e-01
It: 780, Loss = 6.394e-01
It: 790, Loss = 6.066e-01
It: 800, Loss = 5.885e-01
It: 810, Loss = 5.764e-01
It: 820, Loss = 5.809e-01
It: 830, Loss = 5.545e-01
It: 840, Loss = 5.470e-01
It: 850, Loss = 5.359e-01
It: 860, Loss = 6.169e-01
It: 870, Loss = 5.331e-01
It: 880, Loss = 5.051e-01
It: 890, Loss = 4.944e-01
It: 900, Loss = 4.930e-01
It: 910, Loss = 4.759e-01
It: 920, Loss = 4.644e-01
It: 930, Loss = 4.493e-01
It: 940, Loss = 4.543e-01
It: 950, Loss = 4.471e-01
It: 960, Loss = 4.323e-01
It: 970, Loss = 4.131e-01
It: 980, Loss = 4.034e-01
It: 990, Loss = 3.952e-01
G_pred shape (100, 100)
