Using TensorFlow 2 backend.

N_train =  15
It: 0, Loss = 1.762e+00
It: 10, Loss = 1.090e+00
It: 20, Loss = 1.010e+00
It: 30, Loss = 9.798e-01
It: 40, Loss = 9.657e-01
It: 50, Loss = 9.567e-01
It: 60, Loss = 9.500e-01
It: 70, Loss = 9.454e-01
It: 80, Loss = 9.419e-01
It: 90, Loss = 9.383e-01
It: 100, Loss = 9.347e-01
It: 110, Loss = 9.313e-01
It: 120, Loss = 9.285e-01
It: 130, Loss = 9.264e-01
It: 140, Loss = 9.253e-01
It: 150, Loss = 9.248e-01
It: 160, Loss = 9.245e-01
It: 170, Loss = 9.243e-01
It: 180, Loss = 9.242e-01
It: 190, Loss = 9.240e-01
It: 200, Loss = 9.239e-01
It: 210, Loss = 9.237e-01
It: 220, Loss = 9.236e-01
It: 230, Loss = 9.235e-01
It: 240, Loss = 9.234e-01
It: 250, Loss = 9.233e-01
It: 260, Loss = 9.232e-01
It: 270, Loss = 9.231e-01
It: 280, Loss = 9.230e-01
It: 290, Loss = 9.229e-01
It: 300, Loss = 9.228e-01
It: 310, Loss = 9.227e-01
It: 320, Loss = 9.226e-01
It: 330, Loss = 9.226e-01
It: 340, Loss = 9.225e-01
It: 350, Loss = 9.224e-01
It: 360, Loss = 9.223e-01
It: 370, Loss = 9.222e-01
It: 380, Loss = 9.221e-01
It: 390, Loss = 9.221e-01
It: 400, Loss = 9.220e-01
It: 410, Loss = 9.219e-01
It: 420, Loss = 9.218e-01
It: 430, Loss = 9.217e-01
It: 440, Loss = 9.216e-01
It: 450, Loss = 9.214e-01
It: 460, Loss = 9.213e-01
It: 470, Loss = 9.211e-01
It: 480, Loss = 9.210e-01
It: 490, Loss = 9.208e-01
It: 500, Loss = 9.205e-01
It: 510, Loss = 9.202e-01
It: 520, Loss = 9.198e-01
It: 530, Loss = 9.193e-01
It: 540, Loss = 9.186e-01
It: 550, Loss = 9.175e-01
It: 560, Loss = 9.163e-01
It: 570, Loss = 9.150e-01
It: 580, Loss = 9.144e-01
It: 590, Loss = 9.139e-01
It: 600, Loss = 9.133e-01
It: 610, Loss = 9.126e-01
It: 620, Loss = 9.118e-01
It: 630, Loss = 9.109e-01
It: 640, Loss = 9.098e-01
It: 650, Loss = 9.083e-01
It: 660, Loss = 9.063e-01
It: 670, Loss = 9.033e-01
It: 680, Loss = 8.986e-01
It: 690, Loss = 8.907e-01
It: 700, Loss = 8.784e-01
It: 710, Loss = 8.601e-01
It: 720, Loss = 8.415e-01
It: 730, Loss = 8.244e-01
It: 740, Loss = 8.098e-01
It: 750, Loss = 7.989e-01
It: 760, Loss = 8.046e-01
It: 770, Loss = 7.906e-01
It: 780, Loss = 7.874e-01
It: 790, Loss = 7.825e-01
It: 800, Loss = 7.779e-01
It: 810, Loss = 7.723e-01
It: 820, Loss = 7.658e-01
It: 830, Loss = 7.578e-01
It: 840, Loss = 7.531e-01
It: 850, Loss = 7.466e-01
It: 860, Loss = 7.317e-01
It: 870, Loss = 7.221e-01
It: 880, Loss = 7.103e-01
It: 890, Loss = 6.982e-01
It: 900, Loss = 6.878e-01
It: 910, Loss = 7.041e-01
It: 920, Loss = 6.714e-01
It: 930, Loss = 6.592e-01
It: 940, Loss = 6.378e-01
It: 950, Loss = 6.231e-01
It: 960, Loss = 5.954e-01
It: 970, Loss = 5.290e-01
It: 980, Loss = 6.829e-01
It: 990, Loss = 4.698e-01
G_pred shape (100, 100)
It: 0, Loss = 1.112e+00
It: 10, Loss = 9.711e-01
It: 20, Loss = 9.657e-01
It: 30, Loss = 9.608e-01
It: 40, Loss = 9.542e-01
It: 50, Loss = 9.502e-01
It: 60, Loss = 9.445e-01
It: 70, Loss = 9.371e-01
It: 80, Loss = 9.263e-01
It: 90, Loss = 9.130e-01
It: 100, Loss = 8.993e-01
It: 110, Loss = 8.911e-01
It: 120, Loss = 8.792e-01
It: 130, Loss = 8.646e-01
It: 140, Loss = 8.506e-01
It: 150, Loss = 8.310e-01
It: 160, Loss = 8.105e-01
It: 170, Loss = 8.052e-01
It: 180, Loss = 7.698e-01
It: 190, Loss = 7.513e-01
It: 200, Loss = 7.391e-01
It: 210, Loss = 7.342e-01
It: 220, Loss = 7.411e-01
It: 230, Loss = 7.262e-01
It: 240, Loss = 7.218e-01
It: 250, Loss = 7.185e-01
It: 260, Loss = 7.310e-01
It: 270, Loss = 7.113e-01
It: 280, Loss = 7.023e-01
It: 290, Loss = 6.986e-01
It: 300, Loss = 6.979e-01
It: 310, Loss = 6.777e-01
It: 320, Loss = 6.686e-01
It: 330, Loss = 6.740e-01
It: 340, Loss = 6.483e-01
It: 350, Loss = 6.260e-01
It: 360, Loss = 6.270e-01
It: 370, Loss = 6.008e-01
It: 380, Loss = 5.692e-01
It: 390, Loss = 5.492e-01
It: 400, Loss = 5.253e-01
It: 410, Loss = 5.034e-01
It: 420, Loss = 5.229e-01
It: 430, Loss = 4.848e-01
It: 440, Loss = 4.688e-01
It: 450, Loss = 4.538e-01
It: 460, Loss = 4.335e-01
It: 470, Loss = 4.160e-01
It: 480, Loss = 4.750e-01
It: 490, Loss = 3.845e-01
It: 500, Loss = 3.745e-01
It: 510, Loss = 3.524e-01
It: 520, Loss = 3.341e-01
It: 530, Loss = 3.489e-01
It: 540, Loss = 3.064e-01
It: 550, Loss = 2.972e-01
It: 560, Loss = 2.872e-01
It: 570, Loss = 2.706e-01
It: 580, Loss = 2.576e-01
It: 590, Loss = 3.816e-01
It: 600, Loss = 2.635e-01
It: 610, Loss = 2.351e-01
It: 620, Loss = 2.293e-01
It: 630, Loss = 2.208e-01
It: 640, Loss = 2.133e-01
It: 650, Loss = 2.065e-01
It: 660, Loss = 2.006e-01
It: 670, Loss = 2.087e-01
It: 680, Loss = 2.450e-01
It: 690, Loss = 1.995e-01
It: 700, Loss = 1.859e-01
It: 710, Loss = 1.795e-01
It: 720, Loss = 1.749e-01
It: 730, Loss = 1.705e-01
It: 740, Loss = 1.660e-01
It: 750, Loss = 1.618e-01
It: 760, Loss = 1.578e-01
It: 770, Loss = 1.544e-01
It: 780, Loss = 3.812e-01
It: 790, Loss = 1.995e-01
It: 800, Loss = 1.492e-01
It: 810, Loss = 1.480e-01
It: 820, Loss = 1.432e-01
It: 830, Loss = 1.387e-01
It: 840, Loss = 1.355e-01
It: 850, Loss = 1.326e-01
It: 860, Loss = 1.298e-01
It: 870, Loss = 1.270e-01
It: 880, Loss = 1.242e-01
It: 890, Loss = 1.214e-01
It: 900, Loss = 1.185e-01
It: 910, Loss = 1.156e-01
It: 920, Loss = 1.182e-01
It: 930, Loss = 1.629e-01
It: 940, Loss = 1.450e-01
It: 950, Loss = 1.179e-01
It: 960, Loss = 1.074e-01
It: 970, Loss = 1.037e-01
It: 980, Loss = 1.007e-01
It: 990, Loss = 9.733e-02
G_pred shape (100, 100)
It: 0, Loss = 1.402e+00
It: 10, Loss = 9.670e-01
It: 20, Loss = 9.490e-01
It: 30, Loss = 9.395e-01
It: 40, Loss = 9.330e-01
It: 50, Loss = 9.260e-01
It: 60, Loss = 9.149e-01
It: 70, Loss = 9.087e-01
It: 80, Loss = 9.031e-01
It: 90, Loss = 8.994e-01
It: 100, Loss = 8.959e-01
It: 110, Loss = 8.936e-01
It: 120, Loss = 8.924e-01
It: 130, Loss = 8.920e-01
It: 140, Loss = 8.918e-01
It: 150, Loss = 8.917e-01
It: 160, Loss = 8.915e-01
It: 170, Loss = 8.913e-01
It: 180, Loss = 8.910e-01
It: 190, Loss = 8.905e-01
It: 200, Loss = 8.897e-01
It: 210, Loss = 8.875e-01
It: 220, Loss = 8.790e-01
It: 230, Loss = 8.604e-01
It: 240, Loss = 8.588e-01
It: 250, Loss = 8.520e-01
It: 260, Loss = 8.497e-01
It: 270, Loss = 8.480e-01
It: 280, Loss = 8.461e-01
It: 290, Loss = 8.441e-01
It: 300, Loss = 8.419e-01
It: 310, Loss = 8.390e-01
It: 320, Loss = 8.357e-01
It: 330, Loss = 8.326e-01
It: 340, Loss = 8.300e-01
It: 350, Loss = 8.284e-01
It: 360, Loss = 8.276e-01
It: 370, Loss = 8.271e-01
It: 380, Loss = 8.267e-01
It: 390, Loss = 8.263e-01
It: 400, Loss = 8.260e-01
It: 410, Loss = 8.256e-01
It: 420, Loss = 8.251e-01
It: 430, Loss = 8.247e-01
It: 440, Loss = 8.241e-01
It: 450, Loss = 8.235e-01
It: 460, Loss = 8.228e-01
It: 470, Loss = 8.222e-01
It: 480, Loss = 8.214e-01
It: 490, Loss = 8.202e-01
It: 500, Loss = 8.192e-01
It: 510, Loss = 8.180e-01
It: 520, Loss = 8.168e-01
It: 530, Loss = 8.154e-01
It: 540, Loss = 8.138e-01
It: 550, Loss = 8.117e-01
It: 560, Loss = 8.088e-01
It: 570, Loss = 8.040e-01
It: 580, Loss = 7.956e-01
It: 590, Loss = 7.815e-01
It: 600, Loss = 7.671e-01
It: 610, Loss = 7.584e-01
It: 620, Loss = 7.464e-01
It: 630, Loss = 7.340e-01
It: 640, Loss = 7.191e-01
It: 650, Loss = 7.035e-01
It: 660, Loss = 6.879e-01
It: 670, Loss = 6.613e-01
It: 680, Loss = 6.324e-01
It: 690, Loss = 6.043e-01
It: 700, Loss = 5.665e-01
It: 710, Loss = 5.242e-01
It: 720, Loss = 4.781e-01
It: 730, Loss = 4.588e-01
It: 740, Loss = 4.349e-01
It: 750, Loss = 4.221e-01
It: 760, Loss = 4.132e-01
It: 770, Loss = 4.062e-01
It: 780, Loss = 4.020e-01
It: 790, Loss = 3.937e-01
It: 800, Loss = 3.897e-01
It: 810, Loss = 3.832e-01
It: 820, Loss = 3.941e-01
It: 830, Loss = 3.818e-01
It: 840, Loss = 3.683e-01
It: 850, Loss = 3.527e-01
It: 860, Loss = 3.397e-01
It: 870, Loss = 5.076e-01
It: 880, Loss = 3.344e-01
It: 890, Loss = 3.006e-01
It: 900, Loss = 2.692e-01
It: 910, Loss = 5.845e-01
It: 920, Loss = 2.923e-01
It: 930, Loss = 2.226e-01
It: 940, Loss = 1.966e-01
It: 950, Loss = 1.860e-01
It: 960, Loss = 1.775e-01
It: 970, Loss = 1.709e-01
It: 980, Loss = 1.657e-01
It: 990, Loss = 1.612e-01
G_pred shape (100, 100)
It: 0, Loss = 1.059e+00
It: 10, Loss = 9.679e-01
It: 20, Loss = 9.695e-01
It: 30, Loss = 9.286e-01
It: 40, Loss = 9.197e-01
It: 50, Loss = 9.089e-01
It: 60, Loss = 9.001e-01
It: 70, Loss = 8.940e-01
It: 80, Loss = 8.891e-01
It: 90, Loss = 8.860e-01
It: 100, Loss = 8.844e-01
It: 110, Loss = 8.833e-01
It: 120, Loss = 8.823e-01
It: 130, Loss = 8.814e-01
It: 140, Loss = 8.804e-01
It: 150, Loss = 8.793e-01
It: 160, Loss = 8.780e-01
It: 170, Loss = 8.764e-01
It: 180, Loss = 8.746e-01
It: 190, Loss = 8.722e-01
It: 200, Loss = 8.691e-01
It: 210, Loss = 8.652e-01
It: 220, Loss = 8.604e-01
It: 230, Loss = 8.554e-01
It: 240, Loss = 8.506e-01
It: 250, Loss = 8.459e-01
It: 260, Loss = 8.401e-01
It: 270, Loss = 8.321e-01
It: 280, Loss = 8.195e-01
It: 290, Loss = 7.990e-01
It: 300, Loss = 7.781e-01
It: 310, Loss = 7.491e-01
It: 320, Loss = 7.369e-01
It: 330, Loss = 7.304e-01
It: 340, Loss = 7.218e-01
It: 350, Loss = 7.321e-01
It: 360, Loss = 7.060e-01
It: 370, Loss = 7.003e-01
It: 380, Loss = 6.911e-01
It: 390, Loss = 6.864e-01
It: 400, Loss = 6.822e-01
It: 410, Loss = 6.756e-01
It: 420, Loss = 6.723e-01
It: 430, Loss = 6.655e-01
It: 440, Loss = 6.614e-01
It: 450, Loss = 6.573e-01
It: 460, Loss = 6.495e-01
It: 470, Loss = 6.429e-01
It: 480, Loss = 6.378e-01
It: 490, Loss = 6.169e-01
It: 500, Loss = 6.298e-01
It: 510, Loss = 6.104e-01
It: 520, Loss = 5.999e-01
It: 530, Loss = 5.957e-01
It: 540, Loss = 5.577e-01
It: 550, Loss = 5.752e-01
It: 560, Loss = 5.791e-01
It: 570, Loss = 5.180e-01
It: 580, Loss = 4.987e-01
It: 590, Loss = 4.874e-01
It: 600, Loss = 4.743e-01
It: 610, Loss = 4.717e-01
It: 620, Loss = 4.693e-01
It: 630, Loss = 4.475e-01
It: 640, Loss = 4.379e-01
It: 650, Loss = 4.399e-01
It: 660, Loss = 4.142e-01
It: 670, Loss = 4.066e-01
It: 680, Loss = 3.946e-01
It: 690, Loss = 3.733e-01
It: 700, Loss = 3.876e-01
It: 710, Loss = 3.434e-01
It: 720, Loss = 3.350e-01
It: 730, Loss = 4.231e-01
It: 740, Loss = 3.074e-01
It: 750, Loss = 3.063e-01
It: 760, Loss = 2.710e-01
It: 770, Loss = 2.522e-01
It: 780, Loss = 6.826e-01
It: 790, Loss = 3.161e-01
It: 800, Loss = 2.420e-01
It: 810, Loss = 2.238e-01
It: 820, Loss = 2.033e-01
It: 830, Loss = 1.916e-01
It: 840, Loss = 1.811e-01
It: 850, Loss = 1.714e-01
It: 860, Loss = 1.639e-01
It: 870, Loss = 2.217e-01
It: 880, Loss = 1.663e-01
It: 890, Loss = 1.556e-01
It: 900, Loss = 1.445e-01
It: 910, Loss = 1.371e-01
It: 920, Loss = 1.324e-01
It: 930, Loss = 1.279e-01
It: 940, Loss = 1.239e-01
It: 950, Loss = 1.202e-01
It: 960, Loss = 1.209e-01
It: 970, Loss = 1.835e-01
It: 980, Loss = 1.308e-01
It: 990, Loss = 1.246e-01
G_pred shape (100, 100)
It: 0, Loss = 1.050e+00
It: 10, Loss = 9.720e-01
It: 20, Loss = 9.645e-01
It: 30, Loss = 9.616e-01
It: 40, Loss = 9.585e-01
It: 50, Loss = 9.555e-01
It: 60, Loss = 9.529e-01
It: 70, Loss = 9.514e-01
It: 80, Loss = 9.506e-01
It: 90, Loss = 9.498e-01
It: 100, Loss = 9.489e-01
It: 110, Loss = 9.482e-01
It: 120, Loss = 9.477e-01
It: 130, Loss = 9.473e-01
It: 140, Loss = 9.469e-01
It: 150, Loss = 9.466e-01
It: 160, Loss = 9.462e-01
It: 170, Loss = 9.458e-01
It: 180, Loss = 9.453e-01
It: 190, Loss = 9.444e-01
It: 200, Loss = 9.427e-01
It: 210, Loss = 9.391e-01
It: 220, Loss = 9.354e-01
It: 230, Loss = 9.340e-01
It: 240, Loss = 9.321e-01
It: 250, Loss = 9.316e-01
It: 260, Loss = 9.273e-01
It: 270, Loss = 9.220e-01
It: 280, Loss = 9.163e-01
It: 290, Loss = 9.073e-01
It: 300, Loss = 8.887e-01
It: 310, Loss = 8.456e-01
It: 320, Loss = 8.106e-01
It: 330, Loss = 7.802e-01
It: 340, Loss = 7.614e-01
It: 350, Loss = 7.392e-01
It: 360, Loss = 7.168e-01
It: 370, Loss = 6.852e-01
It: 380, Loss = 6.545e-01
It: 390, Loss = 5.730e-01
It: 400, Loss = 4.827e-01
It: 410, Loss = 4.326e-01
It: 420, Loss = 4.103e-01
It: 430, Loss = 3.793e-01
It: 440, Loss = 3.626e-01
It: 450, Loss = 3.509e-01
It: 460, Loss = 3.352e-01
It: 470, Loss = 3.209e-01
It: 480, Loss = 3.126e-01
It: 490, Loss = 3.024e-01
It: 500, Loss = 2.956e-01
It: 510, Loss = 2.908e-01
It: 520, Loss = 2.882e-01
It: 530, Loss = 2.977e-01
It: 540, Loss = 2.849e-01
It: 550, Loss = 2.813e-01
It: 560, Loss = 2.797e-01
It: 570, Loss = 2.778e-01
It: 580, Loss = 2.790e-01
It: 590, Loss = 2.873e-01
It: 600, Loss = 2.772e-01
It: 610, Loss = 2.721e-01
It: 620, Loss = 2.709e-01
It: 630, Loss = 2.688e-01
It: 640, Loss = 2.670e-01
It: 650, Loss = 2.651e-01
It: 660, Loss = 2.633e-01
It: 670, Loss = 2.897e-01
It: 680, Loss = 2.654e-01
It: 690, Loss = 2.599e-01
It: 700, Loss = 2.576e-01
It: 710, Loss = 2.547e-01
It: 720, Loss = 2.529e-01
It: 730, Loss = 2.509e-01
It: 740, Loss = 2.489e-01
It: 750, Loss = 2.467e-01
It: 760, Loss = 2.644e-01
It: 770, Loss = 2.487e-01
It: 780, Loss = 2.389e-01
It: 790, Loss = 2.353e-01
It: 800, Loss = 2.290e-01
It: 810, Loss = 2.580e-01
It: 820, Loss = 2.217e-01
It: 830, Loss = 2.071e-01
It: 840, Loss = 2.027e-01
It: 850, Loss = 1.921e-01
It: 860, Loss = 1.708e-01
It: 870, Loss = 2.339e-01
It: 880, Loss = 1.548e-01
It: 890, Loss = 1.354e-01
It: 900, Loss = 1.244e-01
It: 910, Loss = 1.129e-01
It: 920, Loss = 1.037e-01
It: 930, Loss = 1.065e-01
It: 940, Loss = 1.243e-01
It: 950, Loss = 8.796e-02
It: 960, Loss = 8.324e-02
It: 970, Loss = 7.816e-02
It: 980, Loss = 7.841e-02
It: 990, Loss = 8.452e-02
G_pred shape (100, 100)
