Using TensorFlow 2 backend.

N_train =  8
It: 0, Loss = 9.912e-01
It: 10, Loss = 9.875e-01
It: 20, Loss = 9.808e-01
It: 30, Loss = 9.723e-01
It: 40, Loss = 9.633e-01
It: 50, Loss = 9.541e-01
It: 60, Loss = 9.487e-01
It: 70, Loss = 9.443e-01
It: 80, Loss = 9.403e-01
It: 90, Loss = 9.362e-01
It: 100, Loss = 9.305e-01
It: 110, Loss = 9.218e-01
It: 120, Loss = 9.058e-01
It: 130, Loss = 8.787e-01
It: 140, Loss = 8.402e-01
It: 150, Loss = 7.981e-01
It: 160, Loss = 7.803e-01
It: 170, Loss = 7.680e-01
It: 180, Loss = 7.533e-01
It: 190, Loss = 7.318e-01
It: 200, Loss = 7.014e-01
It: 210, Loss = 6.671e-01
It: 220, Loss = 5.496e-01
It: 230, Loss = 4.201e-01
It: 240, Loss = 2.386e-01
It: 250, Loss = 1.626e-01
It: 260, Loss = 1.389e-01
It: 270, Loss = 1.295e-01
It: 280, Loss = 1.196e-01
It: 290, Loss = 1.117e-01
It: 300, Loss = 1.058e-01
It: 310, Loss = 1.094e-01
It: 320, Loss = 1.009e-01
It: 330, Loss = 9.453e-02
It: 340, Loss = 9.002e-02
It: 350, Loss = 8.581e-02
It: 360, Loss = 8.213e-02
It: 370, Loss = 8.331e-02
It: 380, Loss = 7.965e-02
It: 390, Loss = 7.614e-02
It: 400, Loss = 7.167e-02
It: 410, Loss = 6.773e-02
It: 420, Loss = 6.494e-02
It: 430, Loss = 6.237e-02
It: 440, Loss = 5.995e-02
It: 450, Loss = 1.323e-01
It: 460, Loss = 7.184e-02
It: 470, Loss = 6.126e-02
It: 480, Loss = 5.585e-02
It: 490, Loss = 5.277e-02
It: 500, Loss = 5.092e-02
It: 510, Loss = 4.913e-02
It: 520, Loss = 4.731e-02
It: 530, Loss = 4.539e-02
It: 540, Loss = 4.337e-02
It: 550, Loss = 4.123e-02
It: 560, Loss = 3.911e-02
It: 570, Loss = 8.225e-02
It: 580, Loss = 4.632e-02
It: 590, Loss = 4.011e-02
It: 600, Loss = 3.505e-02
It: 610, Loss = 3.148e-02
It: 620, Loss = 2.942e-02
It: 630, Loss = 2.716e-02
It: 640, Loss = 2.522e-02
It: 650, Loss = 2.333e-02
It: 660, Loss = 2.155e-02
It: 670, Loss = 2.573e-02
It: 680, Loss = 2.278e-02
It: 690, Loss = 1.921e-02
It: 700, Loss = 1.695e-02
It: 710, Loss = 1.542e-02
It: 720, Loss = 1.407e-02
It: 730, Loss = 1.291e-02
It: 740, Loss = 1.194e-02
It: 750, Loss = 1.486e-02
It: 760, Loss = 1.559e-02
It: 770, Loss = 1.631e-02
It: 780, Loss = 1.047e-02
It: 790, Loss = 9.468e-03
It: 800, Loss = 8.817e-03
It: 810, Loss = 8.168e-03
It: 820, Loss = 7.562e-03
It: 830, Loss = 7.090e-03
It: 840, Loss = 6.651e-03
It: 850, Loss = 6.245e-03
It: 860, Loss = 5.872e-03
It: 870, Loss = 5.640e-03
It: 880, Loss = 1.692e-02
It: 890, Loss = 9.571e-03
It: 900, Loss = 6.367e-03
It: 910, Loss = 5.556e-03
It: 920, Loss = 4.572e-03
It: 930, Loss = 4.392e-03
It: 940, Loss = 4.110e-03
It: 950, Loss = 3.877e-03
It: 960, Loss = 3.682e-03
It: 970, Loss = 3.505e-03
It: 980, Loss = 3.448e-03
It: 990, Loss = 5.788e-02
G_pred shape (100, 100)
It: 0, Loss = 1.059e+00
It: 10, Loss = 9.778e-01
It: 20, Loss = 8.921e-01
It: 30, Loss = 8.596e-01
It: 40, Loss = 8.464e-01
It: 50, Loss = 8.352e-01
It: 60, Loss = 8.258e-01
It: 70, Loss = 8.167e-01
It: 80, Loss = 8.097e-01
It: 90, Loss = 8.053e-01
It: 100, Loss = 8.025e-01
It: 110, Loss = 7.988e-01
It: 120, Loss = 7.932e-01
It: 130, Loss = 7.838e-01
It: 140, Loss = 7.652e-01
It: 150, Loss = 7.277e-01
It: 160, Loss = 7.109e-01
It: 170, Loss = 6.751e-01
It: 180, Loss = 6.453e-01
It: 190, Loss = 6.236e-01
It: 200, Loss = 6.117e-01
It: 210, Loss = 6.081e-01
It: 220, Loss = 6.058e-01
It: 230, Loss = 6.032e-01
It: 240, Loss = 6.012e-01
It: 250, Loss = 5.994e-01
It: 260, Loss = 5.976e-01
It: 270, Loss = 5.956e-01
It: 280, Loss = 5.933e-01
It: 290, Loss = 5.905e-01
It: 300, Loss = 5.871e-01
It: 310, Loss = 5.832e-01
It: 320, Loss = 5.792e-01
It: 330, Loss = 5.758e-01
It: 340, Loss = 5.735e-01
It: 350, Loss = 5.714e-01
It: 360, Loss = 5.778e-01
It: 370, Loss = 5.668e-01
It: 380, Loss = 5.625e-01
It: 390, Loss = 5.581e-01
It: 400, Loss = 5.515e-01
It: 410, Loss = 5.438e-01
It: 420, Loss = 5.391e-01
It: 430, Loss = 5.287e-01
It: 440, Loss = 5.127e-01
It: 450, Loss = 4.857e-01
It: 460, Loss = 4.781e-01
It: 470, Loss = 4.526e-01
It: 480, Loss = 4.423e-01
It: 490, Loss = 4.317e-01
It: 500, Loss = 4.212e-01
It: 510, Loss = 4.107e-01
It: 520, Loss = 4.010e-01
It: 530, Loss = 4.257e-01
It: 540, Loss = 3.855e-01
It: 550, Loss = 3.779e-01
It: 560, Loss = 3.658e-01
It: 570, Loss = 3.648e-01
It: 580, Loss = 3.431e-01
It: 590, Loss = 3.252e-01
It: 600, Loss = 3.669e-01
It: 610, Loss = 3.093e-01
It: 620, Loss = 2.880e-01
It: 630, Loss = 2.661e-01
It: 640, Loss = 2.744e-01
It: 650, Loss = 2.392e-01
It: 660, Loss = 2.301e-01
It: 670, Loss = 2.045e-01
It: 680, Loss = 2.077e-01
It: 690, Loss = 1.789e-01
It: 700, Loss = 1.644e-01
It: 710, Loss = 1.559e-01
It: 720, Loss = 2.803e-01
It: 730, Loss = 1.586e-01
It: 740, Loss = 1.327e-01
It: 750, Loss = 1.235e-01
It: 760, Loss = 1.090e-01
It: 770, Loss = 9.989e-02
It: 780, Loss = 9.193e-02
It: 790, Loss = 1.037e-01
It: 800, Loss = 1.042e-01
It: 810, Loss = 8.508e-02
It: 820, Loss = 8.037e-02
It: 830, Loss = 7.471e-02
It: 840, Loss = 6.933e-02
It: 850, Loss = 6.619e-02
It: 860, Loss = 6.374e-02
It: 870, Loss = 6.164e-02
It: 880, Loss = 7.068e-02
It: 890, Loss = 8.646e-02
It: 900, Loss = 5.829e-02
It: 910, Loss = 5.835e-02
It: 920, Loss = 5.482e-02
It: 930, Loss = 5.292e-02
It: 940, Loss = 5.158e-02
It: 950, Loss = 5.038e-02
It: 960, Loss = 5.071e-02
It: 970, Loss = 4.971e-02
It: 980, Loss = 5.297e-02
It: 990, Loss = 4.697e-02
G_pred shape (100, 100)
It: 0, Loss = 1.136e+00
It: 10, Loss = 9.597e-01
It: 20, Loss = 9.471e-01
It: 30, Loss = 9.376e-01
It: 40, Loss = 9.274e-01
It: 50, Loss = 9.175e-01
It: 60, Loss = 9.113e-01
It: 70, Loss = 9.034e-01
It: 80, Loss = 8.903e-01
It: 90, Loss = 8.829e-01
It: 100, Loss = 8.788e-01
It: 110, Loss = 8.745e-01
It: 120, Loss = 8.710e-01
It: 130, Loss = 8.637e-01
It: 140, Loss = 8.564e-01
It: 150, Loss = 8.517e-01
It: 160, Loss = 8.509e-01
It: 170, Loss = 8.476e-01
It: 180, Loss = 8.445e-01
It: 190, Loss = 8.412e-01
It: 200, Loss = 8.372e-01
It: 210, Loss = 8.573e-01
It: 220, Loss = 8.368e-01
It: 230, Loss = 8.276e-01
It: 240, Loss = 8.211e-01
It: 250, Loss = 8.139e-01
It: 260, Loss = 8.063e-01
It: 270, Loss = 7.972e-01
It: 280, Loss = 8.112e-01
It: 290, Loss = 7.820e-01
It: 300, Loss = 7.666e-01
It: 310, Loss = 7.549e-01
It: 320, Loss = 7.377e-01
It: 330, Loss = 7.311e-01
It: 340, Loss = 6.770e-01
It: 350, Loss = 6.355e-01
It: 360, Loss = 5.144e-01
It: 370, Loss = 4.677e-01
It: 380, Loss = 4.250e-01
It: 390, Loss = 3.829e-01
It: 400, Loss = 4.945e-01
It: 410, Loss = 3.364e-01
It: 420, Loss = 2.795e-01
It: 430, Loss = 2.423e-01
It: 440, Loss = 2.036e-01
It: 450, Loss = 2.165e-01
It: 460, Loss = 1.738e-01
It: 470, Loss = 1.525e-01
It: 480, Loss = 1.405e-01
It: 490, Loss = 1.309e-01
It: 500, Loss = 1.206e-01
It: 510, Loss = 1.108e-01
It: 520, Loss = 1.007e-01
It: 530, Loss = 9.073e-02
It: 540, Loss = 8.320e-02
It: 550, Loss = 8.372e-02
It: 560, Loss = 7.579e-02
It: 570, Loss = 6.275e-02
It: 580, Loss = 5.693e-02
It: 590, Loss = 5.189e-02
It: 600, Loss = 4.703e-02
It: 610, Loss = 4.290e-02
It: 620, Loss = 3.927e-02
It: 630, Loss = 6.716e-02
It: 640, Loss = 5.802e-02
It: 650, Loss = 4.093e-02
It: 660, Loss = 3.330e-02
It: 670, Loss = 2.926e-02
It: 680, Loss = 2.683e-02
It: 690, Loss = 2.492e-02
It: 700, Loss = 2.371e-02
It: 710, Loss = 2.259e-02
It: 720, Loss = 2.162e-02
It: 730, Loss = 2.078e-02
It: 740, Loss = 2.003e-02
It: 750, Loss = 1.996e-02
It: 760, Loss = 3.938e-02
It: 770, Loss = 3.527e-02
It: 780, Loss = 2.337e-02
It: 790, Loss = 1.900e-02
It: 800, Loss = 1.772e-02
It: 810, Loss = 1.712e-02
It: 820, Loss = 1.651e-02
It: 830, Loss = 1.600e-02
It: 840, Loss = 1.556e-02
It: 850, Loss = 1.515e-02
It: 860, Loss = 1.475e-02
It: 870, Loss = 1.435e-02
It: 880, Loss = 1.397e-02
It: 890, Loss = 1.361e-02
It: 900, Loss = 1.397e-02
It: 910, Loss = 1.901e-02
It: 920, Loss = 1.482e-02
It: 930, Loss = 2.028e-02
It: 940, Loss = 1.332e-02
It: 950, Loss = 1.369e-02
It: 960, Loss = 1.262e-02
It: 970, Loss = 1.218e-02
It: 980, Loss = 1.188e-02
It: 990, Loss = 1.159e-02
G_pred shape (100, 100)
It: 0, Loss = 1.053e+00
It: 10, Loss = 9.847e-01
It: 20, Loss = 9.772e-01
It: 30, Loss = 9.649e-01
It: 40, Loss = 9.549e-01
It: 50, Loss = 9.461e-01
It: 60, Loss = 9.350e-01
It: 70, Loss = 9.234e-01
It: 80, Loss = 9.152e-01
It: 90, Loss = 9.110e-01
It: 100, Loss = 9.050e-01
It: 110, Loss = 8.967e-01
It: 120, Loss = 8.825e-01
It: 130, Loss = 8.549e-01
It: 140, Loss = 8.087e-01
It: 150, Loss = 8.016e-01
It: 160, Loss = 7.860e-01
It: 170, Loss = 7.741e-01
It: 180, Loss = 7.566e-01
It: 190, Loss = 7.185e-01
It: 200, Loss = 6.841e-01
It: 210, Loss = 6.583e-01
It: 220, Loss = 6.391e-01
It: 230, Loss = 6.193e-01
It: 240, Loss = 5.879e-01
It: 250, Loss = 5.297e-01
It: 260, Loss = 4.363e-01
It: 270, Loss = 3.980e-01
It: 280, Loss = 3.305e-01
It: 290, Loss = 3.022e-01
It: 300, Loss = 2.796e-01
It: 310, Loss = 2.581e-01
It: 320, Loss = 2.344e-01
It: 330, Loss = 2.079e-01
It: 340, Loss = 2.610e-01
It: 350, Loss = 1.986e-01
It: 360, Loss = 1.573e-01
It: 370, Loss = 1.480e-01
It: 380, Loss = 1.350e-01
It: 390, Loss = 1.233e-01
It: 400, Loss = 1.129e-01
It: 410, Loss = 1.490e-01
It: 420, Loss = 1.036e-01
It: 430, Loss = 9.480e-02
It: 440, Loss = 8.909e-02
It: 450, Loss = 8.339e-02
It: 460, Loss = 7.961e-02
It: 470, Loss = 8.276e-02
It: 480, Loss = 7.820e-02
It: 490, Loss = 7.435e-02
It: 500, Loss = 7.170e-02
It: 510, Loss = 7.712e-02
It: 520, Loss = 8.154e-02
It: 530, Loss = 7.555e-02
It: 540, Loss = 6.969e-02
It: 550, Loss = 6.704e-02
It: 560, Loss = 6.552e-02
It: 570, Loss = 6.454e-02
It: 580, Loss = 6.356e-02
It: 590, Loss = 1.057e-01
It: 600, Loss = 7.157e-02
It: 610, Loss = 6.841e-02
It: 620, Loss = 6.194e-02
It: 630, Loss = 6.144e-02
It: 640, Loss = 6.011e-02
It: 650, Loss = 5.932e-02
It: 660, Loss = 5.860e-02
It: 670, Loss = 5.792e-02
It: 680, Loss = 5.725e-02
It: 690, Loss = 5.662e-02
It: 700, Loss = 9.061e-02
It: 710, Loss = 8.685e-02
It: 720, Loss = 6.435e-02
It: 730, Loss = 5.563e-02
It: 740, Loss = 5.563e-02
It: 750, Loss = 5.463e-02
It: 760, Loss = 5.375e-02
It: 770, Loss = 5.304e-02
It: 780, Loss = 5.245e-02
It: 790, Loss = 5.189e-02
It: 800, Loss = 5.134e-02
It: 810, Loss = 5.078e-02
It: 820, Loss = 5.024e-02
It: 830, Loss = 5.959e-02
It: 840, Loss = 6.774e-02
It: 850, Loss = 5.378e-02
It: 860, Loss = 5.053e-02
It: 870, Loss = 4.897e-02
It: 880, Loss = 4.815e-02
It: 890, Loss = 4.895e-02
It: 900, Loss = 4.761e-02
It: 910, Loss = 5.976e-02
It: 920, Loss = 5.058e-02
It: 930, Loss = 4.797e-02
It: 940, Loss = 4.666e-02
It: 950, Loss = 4.556e-02
It: 960, Loss = 4.515e-02
It: 970, Loss = 4.461e-02
It: 980, Loss = 4.411e-02
It: 990, Loss = 4.362e-02
G_pred shape (100, 100)
It: 0, Loss = 1.039e+00
It: 10, Loss = 9.570e-01
It: 20, Loss = 8.983e-01
It: 30, Loss = 8.652e-01
It: 40, Loss = 8.448e-01
It: 50, Loss = 8.308e-01
It: 60, Loss = 8.227e-01
It: 70, Loss = 8.156e-01
It: 80, Loss = 8.133e-01
It: 90, Loss = 8.118e-01
It: 100, Loss = 8.108e-01
It: 110, Loss = 8.097e-01
It: 120, Loss = 8.087e-01
It: 130, Loss = 8.076e-01
It: 140, Loss = 8.064e-01
It: 150, Loss = 8.051e-01
It: 160, Loss = 8.034e-01
It: 170, Loss = 8.012e-01
It: 180, Loss = 7.975e-01
It: 190, Loss = 7.897e-01
It: 200, Loss = 7.731e-01
It: 210, Loss = 7.646e-01
It: 220, Loss = 7.645e-01
It: 230, Loss = 7.623e-01
It: 240, Loss = 7.614e-01
It: 250, Loss = 7.605e-01
It: 260, Loss = 7.596e-01
It: 270, Loss = 7.587e-01
It: 280, Loss = 7.577e-01
It: 290, Loss = 7.565e-01
It: 300, Loss = 7.552e-01
It: 310, Loss = 7.536e-01
It: 320, Loss = 7.516e-01
It: 330, Loss = 7.490e-01
It: 340, Loss = 7.455e-01
It: 350, Loss = 7.406e-01
It: 360, Loss = 7.334e-01
It: 370, Loss = 7.228e-01
It: 380, Loss = 7.082e-01
It: 390, Loss = 6.931e-01
It: 400, Loss = 6.846e-01
It: 410, Loss = 6.769e-01
It: 420, Loss = 6.720e-01
It: 430, Loss = 6.653e-01
It: 440, Loss = 6.575e-01
It: 450, Loss = 6.490e-01
It: 460, Loss = 6.391e-01
It: 470, Loss = 6.292e-01
It: 480, Loss = 6.189e-01
It: 490, Loss = 6.079e-01
It: 500, Loss = 5.961e-01
It: 510, Loss = 6.055e-01
It: 520, Loss = 5.692e-01
It: 530, Loss = 5.584e-01
It: 540, Loss = 5.211e-01
It: 550, Loss = 5.137e-01
It: 560, Loss = 4.580e-01
It: 570, Loss = 4.122e-01
It: 580, Loss = 3.691e-01
It: 590, Loss = 3.863e-01
It: 600, Loss = 3.127e-01
It: 610, Loss = 2.956e-01
It: 620, Loss = 2.675e-01
It: 630, Loss = 2.487e-01
It: 640, Loss = 2.303e-01
It: 650, Loss = 2.472e-01
It: 660, Loss = 2.156e-01
It: 670, Loss = 1.948e-01
It: 680, Loss = 1.823e-01
It: 690, Loss = 1.718e-01
It: 700, Loss = 1.690e-01
It: 710, Loss = 1.561e-01
It: 720, Loss = 1.472e-01
It: 730, Loss = 1.360e-01
It: 740, Loss = 1.606e-01
It: 750, Loss = 1.355e-01
It: 760, Loss = 1.135e-01
It: 770, Loss = 1.110e-01
It: 780, Loss = 1.185e-01
It: 790, Loss = 9.158e-02
It: 800, Loss = 8.213e-02
It: 810, Loss = 9.817e-02
It: 820, Loss = 1.199e-01
It: 830, Loss = 6.503e-02
It: 840, Loss = 5.856e-02
It: 850, Loss = 5.142e-02
It: 860, Loss = 4.553e-02
It: 870, Loss = 8.666e-02
It: 880, Loss = 5.956e-02
It: 890, Loss = 4.089e-02
It: 900, Loss = 3.002e-02
It: 910, Loss = 2.530e-02
It: 920, Loss = 2.108e-02
It: 930, Loss = 1.854e-02
It: 940, Loss = 2.686e-02
It: 950, Loss = 2.699e-02
It: 960, Loss = 2.908e-02
It: 970, Loss = 1.908e-02
It: 980, Loss = 1.435e-02
It: 990, Loss = 1.310e-02
G_pred shape (100, 100)
