Using TensorFlow 2 backend.

N_train =  3
It: 0, Loss = 1.052e+00
It: 10, Loss = 1.000e+00
It: 20, Loss = 9.797e-01
It: 30, Loss = 9.611e-01
It: 40, Loss = 9.332e-01
It: 50, Loss = 8.972e-01
It: 60, Loss = 8.865e-01
It: 70, Loss = 8.813e-01
It: 80, Loss = 8.792e-01
It: 90, Loss = 8.760e-01
It: 100, Loss = 8.736e-01
It: 110, Loss = 8.710e-01
It: 120, Loss = 8.683e-01
It: 130, Loss = 8.652e-01
It: 140, Loss = 8.618e-01
It: 150, Loss = 8.578e-01
It: 160, Loss = 8.527e-01
It: 170, Loss = 8.478e-01
It: 180, Loss = 8.382e-01
It: 190, Loss = 8.213e-01
It: 200, Loss = 7.826e-01
It: 210, Loss = 6.990e-01
It: 220, Loss = 6.093e-01
It: 230, Loss = 4.951e-01
It: 240, Loss = 4.056e-01
It: 250, Loss = 3.372e-01
It: 260, Loss = 3.022e-01
It: 270, Loss = 2.617e-01
It: 280, Loss = 2.031e-01
It: 290, Loss = 1.711e-01
It: 300, Loss = 8.026e-02
It: 310, Loss = 7.120e-02
It: 320, Loss = 2.845e-02
It: 330, Loss = 2.606e-02
It: 340, Loss = 2.243e-02
It: 350, Loss = 1.887e-02
It: 360, Loss = 1.834e-02
It: 370, Loss = 1.709e-02
It: 380, Loss = 1.755e-02
It: 390, Loss = 1.520e-02
It: 400, Loss = 1.320e-02
It: 410, Loss = 1.230e-02
It: 420, Loss = 1.156e-02
It: 430, Loss = 1.108e-02
It: 440, Loss = 5.613e-02
It: 450, Loss = 1.907e-02
It: 460, Loss = 1.158e-02
It: 470, Loss = 8.873e-03
It: 480, Loss = 8.762e-03
It: 490, Loss = 7.839e-03
It: 500, Loss = 7.263e-03
It: 510, Loss = 6.800e-03
It: 520, Loss = 6.323e-03
It: 530, Loss = 5.904e-03
It: 540, Loss = 5.539e-03
It: 550, Loss = 9.607e-03
It: 560, Loss = 3.584e-02
It: 570, Loss = 7.621e-03
It: 580, Loss = 5.694e-03
It: 590, Loss = 4.859e-03
It: 600, Loss = 4.301e-03
It: 610, Loss = 4.078e-03
It: 620, Loss = 3.858e-03
It: 630, Loss = 3.595e-03
It: 640, Loss = 3.390e-03
It: 650, Loss = 3.205e-03
It: 660, Loss = 3.033e-03
It: 670, Loss = 2.873e-03
It: 680, Loss = 2.722e-03
It: 690, Loss = 2.582e-03
It: 700, Loss = 2.451e-03
It: 710, Loss = 2.373e-03
It: 720, Loss = 4.237e-02
It: 730, Loss = 2.350e-02
It: 740, Loss = 1.071e-02
It: 750, Loss = 4.122e-03
It: 760, Loss = 2.400e-03
It: 770, Loss = 2.432e-03
It: 780, Loss = 2.223e-03
It: 790, Loss = 2.047e-03
It: 800, Loss = 1.926e-03
It: 810, Loss = 1.831e-03
It: 820, Loss = 1.755e-03
It: 830, Loss = 1.686e-03
It: 840, Loss = 1.621e-03
It: 850, Loss = 1.561e-03
It: 860, Loss = 1.505e-03
It: 870, Loss = 1.453e-03
It: 880, Loss = 1.404e-03
It: 890, Loss = 1.358e-03
It: 900, Loss = 1.315e-03
It: 910, Loss = 1.275e-03
It: 920, Loss = 1.236e-03
It: 930, Loss = 1.200e-03
It: 940, Loss = 1.167e-03
It: 950, Loss = 1.135e-03
It: 960, Loss = 1.105e-03
It: 970, Loss = 1.167e-03
It: 980, Loss = 1.021e-01
It: 990, Loss = 5.118e-03
G_pred shape (100, 100)
It: 0, Loss = 1.007e+00
It: 10, Loss = 9.808e-01
It: 20, Loss = 9.325e-01
It: 30, Loss = 9.218e-01
It: 40, Loss = 9.096e-01
It: 50, Loss = 8.950e-01
It: 60, Loss = 8.788e-01
It: 70, Loss = 8.592e-01
It: 80, Loss = 8.415e-01
It: 90, Loss = 8.206e-01
It: 100, Loss = 7.771e-01
It: 110, Loss = 6.970e-01
It: 120, Loss = 5.191e-01
It: 130, Loss = 2.250e-01
It: 140, Loss = 2.047e-01
It: 150, Loss = 1.424e-01
It: 160, Loss = 1.313e-01
It: 170, Loss = 1.262e-01
It: 180, Loss = 1.219e-01
It: 190, Loss = 1.198e-01
It: 200, Loss = 1.180e-01
It: 210, Loss = 1.163e-01
It: 220, Loss = 1.147e-01
It: 230, Loss = 1.130e-01
It: 240, Loss = 1.114e-01
It: 250, Loss = 1.098e-01
It: 260, Loss = 1.083e-01
It: 270, Loss = 1.071e-01
It: 280, Loss = 1.059e-01
It: 290, Loss = 1.047e-01
It: 300, Loss = 1.034e-01
It: 310, Loss = 1.017e-01
It: 320, Loss = 9.944e-02
It: 330, Loss = 9.605e-02
It: 340, Loss = 9.068e-02
It: 350, Loss = 8.194e-02
It: 360, Loss = 6.846e-02
It: 370, Loss = 7.066e-02
It: 380, Loss = 5.806e-02
It: 390, Loss = 4.136e-02
It: 400, Loss = 3.822e-02
It: 410, Loss = 3.472e-02
It: 420, Loss = 3.186e-02
It: 430, Loss = 2.987e-02
It: 440, Loss = 2.770e-02
It: 450, Loss = 2.965e-02
It: 460, Loss = 2.481e-02
It: 470, Loss = 2.292e-02
It: 480, Loss = 2.014e-02
It: 490, Loss = 1.808e-02
It: 500, Loss = 2.047e-02
It: 510, Loss = 2.083e-02
It: 520, Loss = 1.935e-02
It: 530, Loss = 1.548e-02
It: 540, Loss = 1.313e-02
It: 550, Loss = 1.204e-02
It: 560, Loss = 1.117e-02
It: 570, Loss = 1.049e-02
It: 580, Loss = 9.914e-03
It: 590, Loss = 9.395e-03
It: 600, Loss = 8.921e-03
It: 610, Loss = 9.404e-03
It: 620, Loss = 1.548e-02
It: 630, Loss = 1.395e-02
It: 640, Loss = 9.011e-03
It: 650, Loss = 9.516e-03
It: 660, Loss = 8.141e-03
It: 670, Loss = 7.543e-03
It: 680, Loss = 7.237e-03
It: 690, Loss = 6.970e-03
It: 700, Loss = 6.726e-03
It: 710, Loss = 6.494e-03
It: 720, Loss = 6.276e-03
It: 730, Loss = 6.075e-03
It: 740, Loss = 5.887e-03
It: 750, Loss = 5.712e-03
It: 760, Loss = 5.548e-03
It: 770, Loss = 5.395e-03
It: 780, Loss = 5.252e-03
It: 790, Loss = 5.118e-03
It: 800, Loss = 4.993e-03
It: 810, Loss = 4.877e-03
It: 820, Loss = 4.768e-03
It: 830, Loss = 4.666e-03
It: 840, Loss = 4.570e-03
It: 850, Loss = 4.481e-03
It: 860, Loss = 4.399e-03
It: 870, Loss = 3.013e-02
It: 880, Loss = 1.670e-02
It: 890, Loss = 6.260e-03
It: 900, Loss = 5.629e-03
It: 910, Loss = 4.457e-03
It: 920, Loss = 4.397e-03
It: 930, Loss = 4.230e-03
It: 940, Loss = 4.122e-03
It: 950, Loss = 4.060e-03
It: 960, Loss = 4.003e-03
It: 970, Loss = 3.950e-03
It: 980, Loss = 3.898e-03
It: 990, Loss = 3.849e-03
G_pred shape (100, 100)
It: 0, Loss = 1.011e+00
It: 10, Loss = 8.742e-01
It: 20, Loss = 8.314e-01
It: 30, Loss = 8.192e-01
It: 40, Loss = 8.034e-01
It: 50, Loss = 7.874e-01
It: 60, Loss = 7.794e-01
It: 70, Loss = 7.688e-01
It: 80, Loss = 7.632e-01
It: 90, Loss = 7.578e-01
It: 100, Loss = 7.507e-01
It: 110, Loss = 7.445e-01
It: 120, Loss = 7.324e-01
It: 130, Loss = 7.194e-01
It: 140, Loss = 7.021e-01
It: 150, Loss = 6.878e-01
It: 160, Loss = 6.784e-01
It: 170, Loss = 6.753e-01
It: 180, Loss = 6.726e-01
It: 190, Loss = 6.697e-01
It: 200, Loss = 6.680e-01
It: 210, Loss = 6.659e-01
It: 220, Loss = 6.638e-01
It: 230, Loss = 6.585e-01
It: 240, Loss = 6.542e-01
It: 250, Loss = 6.488e-01
It: 260, Loss = 6.396e-01
It: 270, Loss = 6.275e-01
It: 280, Loss = 6.954e-01
It: 290, Loss = 5.748e-01
It: 300, Loss = 4.964e-01
It: 310, Loss = 4.169e-01
It: 320, Loss = 3.259e-01
It: 330, Loss = 2.913e-01
It: 340, Loss = 2.764e-01
It: 350, Loss = 2.580e-01
It: 360, Loss = 2.392e-01
It: 370, Loss = 2.185e-01
It: 380, Loss = 2.057e-01
It: 390, Loss = 1.785e-01
It: 400, Loss = 1.482e-01
It: 410, Loss = 1.201e-01
It: 420, Loss = 1.042e-01
It: 430, Loss = 1.143e-01
It: 440, Loss = 8.100e-02
It: 450, Loss = 7.359e-02
It: 460, Loss = 6.242e-02
It: 470, Loss = 5.496e-02
It: 480, Loss = 4.790e-02
It: 490, Loss = 4.250e-02
It: 500, Loss = 5.168e-02
It: 510, Loss = 4.209e-02
It: 520, Loss = 3.517e-02
It: 530, Loss = 4.309e-02
It: 540, Loss = 4.043e-02
It: 550, Loss = 3.429e-02
It: 560, Loss = 2.822e-02
It: 570, Loss = 2.711e-02
It: 580, Loss = 2.547e-02
It: 590, Loss = 2.705e-02
It: 600, Loss = 2.850e-02
It: 610, Loss = 2.719e-02
It: 620, Loss = 2.294e-02
It: 630, Loss = 2.096e-02
It: 640, Loss = 1.994e-02
It: 650, Loss = 1.896e-02
It: 660, Loss = 5.104e-02
It: 670, Loss = 2.628e-02
It: 680, Loss = 1.847e-02
It: 690, Loss = 1.863e-02
It: 700, Loss = 1.605e-02
It: 710, Loss = 1.509e-02
It: 720, Loss = 3.079e-02
It: 730, Loss = 2.070e-02
It: 740, Loss = 1.459e-02
It: 750, Loss = 1.344e-02
It: 760, Loss = 1.252e-02
It: 770, Loss = 1.186e-02
It: 780, Loss = 1.122e-02
It: 790, Loss = 1.069e-02
It: 800, Loss = 1.015e-02
It: 810, Loss = 2.489e-02
It: 820, Loss = 4.381e-02
It: 830, Loss = 1.846e-02
It: 840, Loss = 1.070e-02
It: 850, Loss = 1.054e-02
It: 860, Loss = 8.898e-03
It: 870, Loss = 8.582e-03
It: 880, Loss = 8.149e-03
It: 890, Loss = 7.764e-03
It: 900, Loss = 7.420e-03
It: 910, Loss = 7.106e-03
It: 920, Loss = 6.811e-03
It: 930, Loss = 6.535e-03
It: 940, Loss = 6.306e-03
It: 950, Loss = 2.005e-02
It: 960, Loss = 3.334e-02
It: 970, Loss = 1.190e-02
It: 980, Loss = 6.541e-03
It: 990, Loss = 6.188e-03
G_pred shape (100, 100)
It: 0, Loss = 1.124e+00
It: 10, Loss = 1.028e+00
It: 20, Loss = 9.881e-01
It: 30, Loss = 9.638e-01
It: 40, Loss = 9.394e-01
It: 50, Loss = 8.963e-01
It: 60, Loss = 8.288e-01
It: 70, Loss = 8.237e-01
It: 80, Loss = 8.126e-01
It: 90, Loss = 8.052e-01
It: 100, Loss = 7.900e-01
It: 110, Loss = 7.393e-01
It: 120, Loss = 6.165e-01
It: 130, Loss = 4.758e-01
It: 140, Loss = 3.429e-01
It: 150, Loss = 2.370e-01
It: 160, Loss = 1.605e-01
It: 170, Loss = 1.267e-01
It: 180, Loss = 9.873e-02
It: 190, Loss = 8.374e-02
It: 200, Loss = 7.494e-02
It: 210, Loss = 7.168e-02
It: 220, Loss = 7.086e-02
It: 230, Loss = 7.054e-02
It: 240, Loss = 7.039e-02
It: 250, Loss = 6.990e-02
It: 260, Loss = 6.955e-02
It: 270, Loss = 7.026e-02
It: 280, Loss = 6.950e-02
It: 290, Loss = 6.885e-02
It: 300, Loss = 6.833e-02
It: 310, Loss = 6.798e-02
It: 320, Loss = 6.756e-02
It: 330, Loss = 6.944e-02
It: 340, Loss = 6.757e-02
It: 350, Loss = 6.643e-02
It: 360, Loss = 6.571e-02
It: 370, Loss = 6.514e-02
It: 380, Loss = 6.450e-02
It: 390, Loss = 6.399e-02
It: 400, Loss = 6.360e-02
It: 410, Loss = 6.581e-02
It: 420, Loss = 6.499e-02
It: 430, Loss = 6.313e-02
It: 440, Loss = 6.254e-02
It: 450, Loss = 6.221e-02
It: 460, Loss = 6.195e-02
It: 470, Loss = 6.163e-02
It: 480, Loss = 6.126e-02
It: 490, Loss = 6.084e-02
It: 500, Loss = 6.034e-02
It: 510, Loss = 5.972e-02
It: 520, Loss = 5.894e-02
It: 530, Loss = 5.855e-02
It: 540, Loss = 5.832e-02
It: 550, Loss = 5.937e-02
It: 560, Loss = 5.453e-02
It: 570, Loss = 5.223e-02
It: 580, Loss = 4.823e-02
It: 590, Loss = 4.245e-02
It: 600, Loss = 8.026e-02
It: 610, Loss = 3.219e-02
It: 620, Loss = 2.886e-02
It: 630, Loss = 2.389e-02
It: 640, Loss = 1.889e-02
It: 650, Loss = 1.487e-02
It: 660, Loss = 1.158e-02
It: 670, Loss = 9.319e-03
It: 680, Loss = 7.884e-03
It: 690, Loss = 7.289e-03
It: 700, Loss = 7.088e-03
It: 710, Loss = 5.981e-03
It: 720, Loss = 5.607e-03
It: 730, Loss = 8.327e-03
It: 740, Loss = 5.440e-03
It: 750, Loss = 5.401e-03
It: 760, Loss = 4.798e-03
It: 770, Loss = 4.596e-03
It: 780, Loss = 4.642e-03
It: 790, Loss = 7.073e-03
It: 800, Loss = 4.197e-03
It: 810, Loss = 4.373e-03
It: 820, Loss = 3.938e-03
It: 830, Loss = 3.818e-03
It: 840, Loss = 3.744e-03
It: 850, Loss = 3.883e-03
It: 860, Loss = 6.531e-03
It: 870, Loss = 4.663e-03
It: 880, Loss = 3.584e-03
It: 890, Loss = 3.272e-03
It: 900, Loss = 3.160e-03
It: 910, Loss = 3.031e-03
It: 920, Loss = 2.930e-03
It: 930, Loss = 2.813e-03
It: 940, Loss = 2.707e-03
It: 950, Loss = 4.117e-03
It: 960, Loss = 5.739e-03
It: 970, Loss = 4.511e-03
It: 980, Loss = 3.059e-03
It: 990, Loss = 2.527e-03
G_pred shape (100, 100)
It: 0, Loss = 9.410e-01
It: 10, Loss = 9.283e-01
It: 20, Loss = 1.009e+00
It: 30, Loss = 8.996e-01
It: 40, Loss = 8.849e-01
It: 50, Loss = 8.715e-01
It: 60, Loss = 8.656e-01
It: 70, Loss = 8.583e-01
It: 80, Loss = 8.534e-01
It: 90, Loss = 8.488e-01
It: 100, Loss = 8.443e-01
It: 110, Loss = 8.399e-01
It: 120, Loss = 8.355e-01
It: 130, Loss = 8.308e-01
It: 140, Loss = 8.257e-01
It: 150, Loss = 8.196e-01
It: 160, Loss = 8.118e-01
It: 170, Loss = 8.012e-01
It: 180, Loss = 7.862e-01
It: 190, Loss = 7.651e-01
It: 200, Loss = 7.426e-01
It: 210, Loss = 7.348e-01
It: 220, Loss = 7.285e-01
It: 230, Loss = 7.241e-01
It: 240, Loss = 7.195e-01
It: 250, Loss = 7.151e-01
It: 260, Loss = 7.107e-01
It: 270, Loss = 7.067e-01
It: 280, Loss = 7.063e-01
It: 290, Loss = 7.005e-01
It: 300, Loss = 6.959e-01
It: 310, Loss = 6.915e-01
It: 320, Loss = 6.869e-01
It: 330, Loss = 6.813e-01
It: 340, Loss = 6.753e-01
It: 350, Loss = 6.700e-01
It: 360, Loss = 6.656e-01
It: 370, Loss = 6.631e-01
It: 380, Loss = 6.600e-01
It: 390, Loss = 6.576e-01
It: 400, Loss = 6.544e-01
It: 410, Loss = 6.509e-01
It: 420, Loss = 7.298e-01
It: 430, Loss = 6.672e-01
It: 440, Loss = 6.438e-01
It: 450, Loss = 6.431e-01
It: 460, Loss = 6.384e-01
It: 470, Loss = 6.347e-01
It: 480, Loss = 6.312e-01
It: 490, Loss = 6.275e-01
It: 500, Loss = 6.236e-01
It: 510, Loss = 6.196e-01
It: 520, Loss = 6.155e-01
It: 530, Loss = 6.115e-01
It: 540, Loss = 7.208e-01
It: 550, Loss = 6.103e-01
It: 560, Loss = 6.119e-01
It: 570, Loss = 5.975e-01
It: 580, Loss = 5.914e-01
It: 590, Loss = 5.826e-01
It: 600, Loss = 5.698e-01
It: 610, Loss = 5.517e-01
It: 620, Loss = 5.350e-01
It: 630, Loss = 5.626e-01
It: 640, Loss = 5.824e-01
It: 650, Loss = 5.275e-01
It: 660, Loss = 5.210e-01
It: 670, Loss = 5.201e-01
It: 680, Loss = 5.161e-01
It: 690, Loss = 5.141e-01
It: 700, Loss = 5.117e-01
It: 710, Loss = 5.094e-01
It: 720, Loss = 5.071e-01
It: 730, Loss = 5.048e-01
It: 740, Loss = 5.023e-01
It: 750, Loss = 4.998e-01
It: 760, Loss = 4.973e-01
It: 770, Loss = 8.203e-01
It: 780, Loss = 5.124e-01
It: 790, Loss = 5.017e-01
It: 800, Loss = 5.035e-01
It: 810, Loss = 4.943e-01
It: 820, Loss = 4.906e-01
It: 830, Loss = 4.881e-01
It: 840, Loss = 4.856e-01
It: 850, Loss = 4.834e-01
It: 860, Loss = 4.812e-01
It: 870, Loss = 4.790e-01
It: 880, Loss = 4.769e-01
It: 890, Loss = 4.747e-01
It: 900, Loss = 4.726e-01
It: 910, Loss = 4.703e-01
It: 920, Loss = 4.680e-01
It: 930, Loss = 4.656e-01
It: 940, Loss = 4.631e-01
It: 950, Loss = 4.625e-01
It: 960, Loss = 6.113e-01
It: 970, Loss = 5.062e-01
It: 980, Loss = 4.750e-01
It: 990, Loss = 4.610e-01
G_pred shape (100, 100)
