Using TensorFlow 2 backend.

N_train =  4
It: 0, Loss = 1.401e+01
It: 10, Loss = 3.126e+00
It: 20, Loss = 1.519e+00
It: 30, Loss = 9.611e-01
It: 40, Loss = 9.795e-01
It: 50, Loss = 9.122e-01
It: 60, Loss = 8.315e-01
It: 70, Loss = 7.918e-01
It: 80, Loss = 7.854e-01
It: 90, Loss = 7.797e-01
It: 100, Loss = 7.745e-01
It: 110, Loss = 7.716e-01
It: 120, Loss = 7.686e-01
It: 130, Loss = 7.655e-01
It: 140, Loss = 7.616e-01
It: 150, Loss = 7.557e-01
It: 160, Loss = 7.419e-01
It: 170, Loss = 6.996e-01
It: 180, Loss = 6.167e-01
It: 190, Loss = 5.873e-01
It: 200, Loss = 5.576e-01
It: 210, Loss = 5.249e-01
It: 220, Loss = 5.001e-01
It: 230, Loss = 4.825e-01
It: 240, Loss = 4.726e-01
It: 250, Loss = 4.656e-01
It: 260, Loss = 4.586e-01
It: 270, Loss = 4.513e-01
It: 280, Loss = 4.436e-01
It: 290, Loss = 4.355e-01
It: 300, Loss = 4.271e-01
It: 310, Loss = 4.201e-01
It: 320, Loss = 4.119e-01
It: 330, Loss = 4.061e-01
It: 340, Loss = 4.027e-01
It: 350, Loss = 3.990e-01
It: 360, Loss = 3.951e-01
It: 370, Loss = 3.916e-01
It: 380, Loss = 3.876e-01
It: 390, Loss = 3.831e-01
It: 400, Loss = 3.778e-01
It: 410, Loss = 3.718e-01
It: 420, Loss = 3.656e-01
It: 430, Loss = 3.579e-01
It: 440, Loss = 3.505e-01
It: 450, Loss = 3.433e-01
It: 460, Loss = 3.368e-01
It: 470, Loss = 3.311e-01
It: 480, Loss = 3.262e-01
It: 490, Loss = 3.226e-01
It: 500, Loss = 3.181e-01
It: 510, Loss = 3.139e-01
It: 520, Loss = 3.098e-01
It: 530, Loss = 3.052e-01
It: 540, Loss = 3.003e-01
It: 550, Loss = 2.953e-01
It: 560, Loss = 2.893e-01
It: 570, Loss = 2.833e-01
It: 580, Loss = 2.775e-01
It: 590, Loss = 2.712e-01
It: 600, Loss = 2.651e-01
It: 610, Loss = 2.587e-01
It: 620, Loss = 2.521e-01
It: 630, Loss = 2.453e-01
It: 640, Loss = 2.366e-01
It: 650, Loss = 2.267e-01
It: 660, Loss = 2.166e-01
It: 670, Loss = 2.082e-01
It: 680, Loss = 2.021e-01
It: 690, Loss = 1.970e-01
It: 700, Loss = 1.921e-01
It: 710, Loss = 1.887e-01
It: 720, Loss = 1.837e-01
It: 730, Loss = 1.779e-01
It: 740, Loss = 1.729e-01
It: 750, Loss = 1.673e-01
It: 760, Loss = 1.608e-01
It: 770, Loss = 1.533e-01
It: 780, Loss = 1.446e-01
It: 790, Loss = 1.349e-01
It: 800, Loss = 1.309e-01
It: 810, Loss = 1.187e-01
It: 820, Loss = 1.106e-01
It: 830, Loss = 1.045e-01
It: 840, Loss = 1.001e-01
It: 850, Loss = 9.640e-02
It: 860, Loss = 9.308e-02
It: 870, Loss = 8.995e-02
It: 880, Loss = 8.701e-02
It: 890, Loss = 8.445e-02
It: 900, Loss = 8.202e-02
It: 910, Loss = 7.987e-02
It: 920, Loss = 7.787e-02
It: 930, Loss = 7.584e-02
It: 940, Loss = 7.386e-02
It: 950, Loss = 7.187e-02
It: 960, Loss = 6.983e-02
It: 970, Loss = 6.774e-02
It: 980, Loss = 6.582e-02
It: 990, Loss = 6.389e-02
G_pred shape (100, 100)
It: 0, Loss = 1.135e+00
It: 10, Loss = 1.199e+00
It: 20, Loss = 9.703e-01
It: 30, Loss = 9.561e-01
It: 40, Loss = 9.607e-01
It: 50, Loss = 9.498e-01
It: 60, Loss = 9.472e-01
It: 70, Loss = 9.451e-01
It: 80, Loss = 9.429e-01
It: 90, Loss = 9.403e-01
It: 100, Loss = 9.372e-01
It: 110, Loss = 9.334e-01
It: 120, Loss = 9.291e-01
It: 130, Loss = 9.245e-01
It: 140, Loss = 9.191e-01
It: 150, Loss = 9.130e-01
It: 160, Loss = 9.061e-01
It: 170, Loss = 8.983e-01
It: 180, Loss = 8.896e-01
It: 190, Loss = 8.794e-01
It: 200, Loss = 8.663e-01
It: 210, Loss = 8.482e-01
It: 220, Loss = 8.201e-01
It: 230, Loss = 7.793e-01
It: 240, Loss = 7.510e-01
It: 250, Loss = 7.291e-01
It: 260, Loss = 7.153e-01
It: 270, Loss = 6.979e-01
It: 280, Loss = 6.671e-01
It: 290, Loss = 6.148e-01
It: 300, Loss = 5.309e-01
It: 310, Loss = 4.488e-01
It: 320, Loss = 4.033e-01
It: 330, Loss = 2.981e-01
It: 340, Loss = 2.409e-01
It: 350, Loss = 1.800e-01
It: 360, Loss = 1.757e-01
It: 370, Loss = 1.477e-01
It: 380, Loss = 1.174e-01
It: 390, Loss = 1.093e-01
It: 400, Loss = 1.022e-01
It: 410, Loss = 9.791e-02
It: 420, Loss = 9.347e-02
It: 430, Loss = 9.260e-02
It: 440, Loss = 9.153e-02
It: 450, Loss = 9.094e-02
It: 460, Loss = 8.470e-02
It: 470, Loss = 8.211e-02
It: 480, Loss = 8.048e-02
It: 490, Loss = 7.846e-02
It: 500, Loss = 7.688e-02
It: 510, Loss = 7.545e-02
It: 520, Loss = 1.324e-01
It: 530, Loss = 7.681e-02
It: 540, Loss = 7.434e-02
It: 550, Loss = 7.164e-02
It: 560, Loss = 6.935e-02
It: 570, Loss = 6.781e-02
It: 580, Loss = 6.664e-02
It: 590, Loss = 6.529e-02
It: 600, Loss = 6.404e-02
It: 610, Loss = 6.279e-02
It: 620, Loss = 6.154e-02
It: 630, Loss = 6.030e-02
It: 640, Loss = 5.905e-02
It: 650, Loss = 5.942e-02
It: 660, Loss = 1.337e-01
It: 670, Loss = 6.136e-02
It: 680, Loss = 5.794e-02
It: 690, Loss = 5.546e-02
It: 700, Loss = 5.440e-02
It: 710, Loss = 5.342e-02
It: 720, Loss = 5.235e-02
It: 730, Loss = 5.124e-02
It: 740, Loss = 5.024e-02
It: 750, Loss = 4.923e-02
It: 760, Loss = 4.824e-02
It: 770, Loss = 4.725e-02
It: 780, Loss = 4.626e-02
It: 790, Loss = 4.528e-02
It: 800, Loss = 4.430e-02
It: 810, Loss = 4.331e-02
It: 820, Loss = 4.232e-02
It: 830, Loss = 4.132e-02
It: 840, Loss = 4.052e-02
It: 850, Loss = 7.638e-02
It: 860, Loss = 7.445e-02
It: 870, Loss = 4.888e-02
It: 880, Loss = 3.952e-02
It: 890, Loss = 3.967e-02
It: 900, Loss = 3.797e-02
It: 910, Loss = 3.670e-02
It: 920, Loss = 3.574e-02
It: 930, Loss = 3.485e-02
It: 940, Loss = 3.397e-02
It: 950, Loss = 3.310e-02
It: 960, Loss = 3.226e-02
It: 970, Loss = 3.143e-02
It: 980, Loss = 3.061e-02
It: 990, Loss = 2.981e-02
G_pred shape (100, 100)
It: 0, Loss = 1.128e+00
It: 10, Loss = 1.112e+00
It: 20, Loss = 9.757e-01
It: 30, Loss = 9.687e-01
It: 40, Loss = 9.514e-01
It: 50, Loss = 9.309e-01
It: 60, Loss = 9.110e-01
It: 70, Loss = 8.866e-01
It: 80, Loss = 8.583e-01
It: 90, Loss = 8.331e-01
It: 100, Loss = 8.242e-01
It: 110, Loss = 8.224e-01
It: 120, Loss = 8.198e-01
It: 130, Loss = 8.181e-01
It: 140, Loss = 8.161e-01
It: 150, Loss = 8.141e-01
It: 160, Loss = 8.116e-01
It: 170, Loss = 8.086e-01
It: 180, Loss = 8.043e-01
It: 190, Loss = 7.980e-01
It: 200, Loss = 7.916e-01
It: 210, Loss = 7.891e-01
It: 220, Loss = 7.877e-01
It: 230, Loss = 7.850e-01
It: 240, Loss = 7.832e-01
It: 250, Loss = 7.807e-01
It: 260, Loss = 7.780e-01
It: 270, Loss = 7.746e-01
It: 280, Loss = 7.755e-01
It: 290, Loss = 7.676e-01
It: 300, Loss = 7.587e-01
It: 310, Loss = 7.507e-01
It: 320, Loss = 7.460e-01
It: 330, Loss = 7.424e-01
It: 340, Loss = 7.351e-01
It: 350, Loss = 7.352e-01
It: 360, Loss = 7.247e-01
It: 370, Loss = 7.237e-01
It: 380, Loss = 7.200e-01
It: 390, Loss = 7.178e-01
It: 400, Loss = 7.155e-01
It: 410, Loss = 7.130e-01
It: 420, Loss = 7.217e-01
It: 430, Loss = 7.156e-01
It: 440, Loss = 7.088e-01
It: 450, Loss = 7.065e-01
It: 460, Loss = 7.042e-01
It: 470, Loss = 7.024e-01
It: 480, Loss = 7.006e-01
It: 490, Loss = 6.989e-01
It: 500, Loss = 7.044e-01
It: 510, Loss = 7.181e-01
It: 520, Loss = 7.021e-01
It: 530, Loss = 6.959e-01
It: 540, Loss = 6.925e-01
It: 550, Loss = 6.907e-01
It: 560, Loss = 6.886e-01
It: 570, Loss = 6.861e-01
It: 580, Loss = 6.831e-01
It: 590, Loss = 6.818e-01
It: 600, Loss = 7.434e-01
It: 610, Loss = 6.967e-01
It: 620, Loss = 6.802e-01
It: 630, Loss = 6.738e-01
It: 640, Loss = 6.684e-01
It: 650, Loss = 6.611e-01
It: 660, Loss = 6.492e-01
It: 670, Loss = 6.292e-01
It: 680, Loss = 7.107e-01
It: 690, Loss = 6.381e-01
It: 700, Loss = 5.962e-01
It: 710, Loss = 5.421e-01
It: 720, Loss = 4.474e-01
It: 730, Loss = 3.220e-01
It: 740, Loss = 3.359e-01
It: 750, Loss = 2.825e-01
It: 760, Loss = 1.934e-01
It: 770, Loss = 1.724e-01
It: 780, Loss = 1.426e-01
It: 790, Loss = 1.222e-01
It: 800, Loss = 1.074e-01
It: 810, Loss = 9.616e-02
It: 820, Loss = 8.684e-02
It: 830, Loss = 7.965e-02
It: 840, Loss = 7.392e-02
It: 850, Loss = 6.904e-02
It: 860, Loss = 6.454e-02
It: 870, Loss = 6.074e-02
It: 880, Loss = 5.945e-02
It: 890, Loss = 6.321e-02
It: 900, Loss = 5.002e-02
It: 910, Loss = 4.523e-02
It: 920, Loss = 4.134e-02
It: 930, Loss = 3.752e-02
It: 940, Loss = 3.386e-02
It: 950, Loss = 3.057e-02
It: 960, Loss = 2.800e-02
It: 970, Loss = 1.098e-01
It: 980, Loss = 4.324e-02
It: 990, Loss = 2.958e-02
G_pred shape (100, 100)
It: 0, Loss = 5.933e+00
It: 10, Loss = 1.588e+00
It: 20, Loss = 1.315e+00
It: 30, Loss = 1.050e+00
It: 40, Loss = 9.573e-01
It: 50, Loss = 9.460e-01
It: 60, Loss = 9.427e-01
It: 70, Loss = 9.377e-01
It: 80, Loss = 9.320e-01
It: 90, Loss = 9.262e-01
It: 100, Loss = 9.200e-01
It: 110, Loss = 9.132e-01
It: 120, Loss = 9.062e-01
It: 130, Loss = 8.992e-01
It: 140, Loss = 8.929e-01
It: 150, Loss = 8.875e-01
It: 160, Loss = 8.829e-01
It: 170, Loss = 8.787e-01
It: 180, Loss = 8.747e-01
It: 190, Loss = 8.707e-01
It: 200, Loss = 8.667e-01
It: 210, Loss = 8.627e-01
It: 220, Loss = 8.586e-01
It: 230, Loss = 8.545e-01
It: 240, Loss = 8.505e-01
It: 250, Loss = 8.466e-01
It: 260, Loss = 8.431e-01
It: 270, Loss = 8.400e-01
It: 280, Loss = 8.371e-01
It: 290, Loss = 8.346e-01
It: 300, Loss = 8.322e-01
It: 310, Loss = 8.298e-01
It: 320, Loss = 8.275e-01
It: 330, Loss = 8.252e-01
It: 340, Loss = 8.228e-01
It: 350, Loss = 8.204e-01
It: 360, Loss = 8.179e-01
It: 370, Loss = 8.153e-01
It: 380, Loss = 8.126e-01
It: 390, Loss = 8.097e-01
It: 400, Loss = 8.066e-01
It: 410, Loss = 8.030e-01
It: 420, Loss = 7.989e-01
It: 430, Loss = 7.939e-01
It: 440, Loss = 7.878e-01
It: 450, Loss = 7.796e-01
It: 460, Loss = 7.683e-01
It: 470, Loss = 7.518e-01
It: 480, Loss = 7.268e-01
It: 490, Loss = 6.894e-01
It: 500, Loss = 6.450e-01
It: 510, Loss = 6.143e-01
It: 520, Loss = 5.884e-01
It: 530, Loss = 5.568e-01
It: 540, Loss = 5.187e-01
It: 550, Loss = 4.728e-01
It: 560, Loss = 4.236e-01
It: 570, Loss = 3.810e-01
It: 580, Loss = 3.481e-01
It: 590, Loss = 3.137e-01
It: 600, Loss = 2.952e-01
It: 610, Loss = 2.601e-01
It: 620, Loss = 2.417e-01
It: 630, Loss = 2.176e-01
It: 640, Loss = 1.985e-01
It: 650, Loss = 1.833e-01
It: 660, Loss = 1.884e-01
It: 670, Loss = 1.642e-01
It: 680, Loss = 1.435e-01
It: 690, Loss = 1.433e-01
It: 700, Loss = 1.388e-01
It: 710, Loss = 1.224e-01
It: 720, Loss = 1.001e-01
It: 730, Loss = 9.249e-02
It: 740, Loss = 1.455e-01
It: 750, Loss = 8.198e-02
It: 760, Loss = 6.687e-02
It: 770, Loss = 5.916e-02
It: 780, Loss = 5.479e-02
It: 790, Loss = 5.431e-02
It: 800, Loss = 6.569e-02
It: 810, Loss = 4.626e-02
It: 820, Loss = 3.643e-02
It: 830, Loss = 3.350e-02
It: 840, Loss = 3.041e-02
It: 850, Loss = 2.787e-02
It: 860, Loss = 2.671e-02
It: 870, Loss = 6.534e-02
It: 880, Loss = 2.550e-02
It: 890, Loss = 2.462e-02
It: 900, Loss = 2.190e-02
It: 910, Loss = 1.957e-02
It: 920, Loss = 1.861e-02
It: 930, Loss = 1.754e-02
It: 940, Loss = 1.686e-02
It: 950, Loss = 1.683e-02
It: 960, Loss = 6.898e-02
It: 970, Loss = 2.873e-02
It: 980, Loss = 1.671e-02
It: 990, Loss = 1.438e-02
G_pred shape (100, 100)
It: 0, Loss = 5.965e+00
It: 10, Loss = 1.250e+00
It: 20, Loss = 1.291e+00
It: 30, Loss = 1.118e+00
It: 40, Loss = 9.916e-01
It: 50, Loss = 9.463e-01
It: 60, Loss = 9.262e-01
It: 70, Loss = 9.072e-01
It: 80, Loss = 8.840e-01
It: 90, Loss = 8.447e-01
It: 100, Loss = 8.001e-01
It: 110, Loss = 7.761e-01
It: 120, Loss = 7.511e-01
It: 130, Loss = 7.367e-01
It: 140, Loss = 7.263e-01
It: 150, Loss = 7.127e-01
It: 160, Loss = 6.984e-01
It: 170, Loss = 6.832e-01
It: 180, Loss = 6.839e-01
It: 190, Loss = 6.562e-01
It: 200, Loss = 6.401e-01
It: 210, Loss = 6.264e-01
It: 220, Loss = 6.165e-01
It: 230, Loss = 6.106e-01
It: 240, Loss = 6.072e-01
It: 250, Loss = 6.046e-01
It: 260, Loss = 6.020e-01
It: 270, Loss = 5.995e-01
It: 280, Loss = 5.971e-01
It: 290, Loss = 5.948e-01
It: 300, Loss = 5.925e-01
It: 310, Loss = 5.902e-01
It: 320, Loss = 5.879e-01
It: 330, Loss = 5.856e-01
It: 340, Loss = 5.832e-01
It: 350, Loss = 5.808e-01
It: 360, Loss = 5.784e-01
It: 370, Loss = 5.763e-01
It: 380, Loss = 5.740e-01
It: 390, Loss = 5.723e-01
It: 400, Loss = 5.707e-01
It: 410, Loss = 5.692e-01
It: 420, Loss = 5.679e-01
It: 430, Loss = 5.673e-01
It: 440, Loss = 5.651e-01
It: 450, Loss = 5.637e-01
It: 460, Loss = 5.625e-01
It: 470, Loss = 5.611e-01
It: 480, Loss = 5.619e-01
It: 490, Loss = 5.589e-01
It: 500, Loss = 5.568e-01
It: 510, Loss = 5.554e-01
It: 520, Loss = 5.539e-01
It: 530, Loss = 5.525e-01
It: 540, Loss = 5.509e-01
It: 550, Loss = 5.503e-01
It: 560, Loss = 5.531e-01
It: 570, Loss = 5.461e-01
It: 580, Loss = 5.441e-01
It: 590, Loss = 5.419e-01
It: 600, Loss = 5.395e-01
It: 610, Loss = 5.368e-01
It: 620, Loss = 5.335e-01
It: 630, Loss = 5.297e-01
It: 640, Loss = 5.253e-01
It: 650, Loss = 5.201e-01
It: 660, Loss = 5.152e-01
It: 670, Loss = 5.083e-01
It: 680, Loss = 5.018e-01
It: 690, Loss = 4.939e-01
It: 700, Loss = 4.891e-01
It: 710, Loss = 4.793e-01
It: 720, Loss = 4.751e-01
It: 730, Loss = 4.581e-01
It: 740, Loss = 4.425e-01
It: 750, Loss = 4.467e-01
It: 760, Loss = 4.168e-01
It: 770, Loss = 3.888e-01
It: 780, Loss = 3.683e-01
It: 790, Loss = 3.546e-01
It: 800, Loss = 3.467e-01
It: 810, Loss = 3.381e-01
It: 820, Loss = 3.163e-01
It: 830, Loss = 3.292e-01
It: 840, Loss = 3.153e-01
It: 850, Loss = 2.987e-01
It: 860, Loss = 2.964e-01
It: 870, Loss = 2.923e-01
It: 880, Loss = 2.899e-01
It: 890, Loss = 2.874e-01
It: 900, Loss = 2.861e-01
It: 910, Loss = 3.332e-01
It: 920, Loss = 2.917e-01
It: 930, Loss = 2.799e-01
It: 940, Loss = 2.789e-01
It: 950, Loss = 2.723e-01
It: 960, Loss = 2.694e-01
It: 970, Loss = 2.662e-01
It: 980, Loss = 2.625e-01
It: 990, Loss = 2.596e-01
G_pred shape (100, 100)
