Using TensorFlow 2 backend.

N_train =  40
It: 0, Loss = 1.085e+00
It: 10, Loss = 1.017e+00
It: 20, Loss = 9.689e-01
It: 30, Loss = 9.505e-01
It: 40, Loss = 9.377e-01
It: 50, Loss = 9.264e-01
It: 60, Loss = 9.187e-01
It: 70, Loss = 9.181e-01
It: 80, Loss = 9.172e-01
It: 90, Loss = 9.163e-01
It: 100, Loss = 9.157e-01
It: 110, Loss = 9.152e-01
It: 120, Loss = 9.148e-01
It: 130, Loss = 9.143e-01
It: 140, Loss = 9.139e-01
It: 150, Loss = 9.134e-01
It: 160, Loss = 9.130e-01
It: 170, Loss = 9.125e-01
It: 180, Loss = 9.120e-01
It: 190, Loss = 9.115e-01
It: 200, Loss = 9.108e-01
It: 210, Loss = 9.100e-01
It: 220, Loss = 9.088e-01
It: 230, Loss = 9.070e-01
It: 240, Loss = 9.042e-01
It: 250, Loss = 9.007e-01
It: 260, Loss = 8.994e-01
It: 270, Loss = 8.991e-01
It: 280, Loss = 8.985e-01
It: 290, Loss = 8.981e-01
It: 300, Loss = 8.976e-01
It: 310, Loss = 8.973e-01
It: 320, Loss = 8.969e-01
It: 330, Loss = 8.965e-01
It: 340, Loss = 8.961e-01
It: 350, Loss = 8.957e-01
It: 360, Loss = 8.954e-01
It: 370, Loss = 8.948e-01
It: 380, Loss = 8.943e-01
It: 390, Loss = 8.937e-01
It: 400, Loss = 8.931e-01
It: 410, Loss = 8.923e-01
It: 420, Loss = 8.913e-01
It: 430, Loss = 8.900e-01
It: 440, Loss = 8.884e-01
It: 450, Loss = 8.909e-01
It: 460, Loss = 8.863e-01
It: 470, Loss = 8.843e-01
It: 480, Loss = 8.824e-01
It: 490, Loss = 8.811e-01
It: 500, Loss = 8.787e-01
It: 510, Loss = 8.749e-01
It: 520, Loss = 8.858e-01
It: 530, Loss = 8.657e-01
It: 540, Loss = 8.559e-01
It: 550, Loss = 8.437e-01
It: 560, Loss = 8.294e-01
It: 570, Loss = 8.151e-01
It: 580, Loss = 7.942e-01
It: 590, Loss = 8.108e-01
It: 600, Loss = 7.412e-01
It: 610, Loss = 7.145e-01
It: 620, Loss = 6.918e-01
It: 630, Loss = 6.722e-01
It: 640, Loss = 6.482e-01
It: 650, Loss = 6.388e-01
It: 660, Loss = 6.055e-01
It: 670, Loss = 5.837e-01
It: 680, Loss = 5.652e-01
It: 690, Loss = 5.613e-01
It: 700, Loss = 5.372e-01
It: 710, Loss = 5.197e-01
It: 720, Loss = 5.033e-01
It: 730, Loss = 5.019e-01
It: 740, Loss = 4.684e-01
It: 750, Loss = 4.523e-01
It: 760, Loss = 4.370e-01
It: 770, Loss = 5.054e-01
It: 780, Loss = 4.163e-01
It: 790, Loss = 3.927e-01
It: 800, Loss = 3.718e-01
It: 810, Loss = 3.566e-01
It: 820, Loss = 4.408e-01
It: 830, Loss = 3.420e-01
It: 840, Loss = 3.187e-01
It: 850, Loss = 3.027e-01
It: 860, Loss = 2.833e-01
It: 870, Loss = 2.647e-01
It: 880, Loss = 2.457e-01
It: 890, Loss = 2.626e-01
It: 900, Loss = 2.319e-01
It: 910, Loss = 2.071e-01
It: 920, Loss = 1.868e-01
It: 930, Loss = 1.661e-01
It: 940, Loss = 1.498e-01
It: 950, Loss = 1.340e-01
It: 960, Loss = 1.217e-01
It: 970, Loss = 1.155e-01
It: 980, Loss = 9.969e-02
It: 990, Loss = 8.587e-02
G_pred shape (100, 100)
It: 0, Loss = 1.093e+00
It: 10, Loss = 9.953e-01
It: 20, Loss = 9.714e-01
It: 30, Loss = 9.599e-01
It: 40, Loss = 9.476e-01
It: 50, Loss = 9.427e-01
It: 60, Loss = 9.385e-01
It: 70, Loss = 9.368e-01
It: 80, Loss = 9.364e-01
It: 90, Loss = 9.361e-01
It: 100, Loss = 9.358e-01
It: 110, Loss = 9.356e-01
It: 120, Loss = 9.354e-01
It: 130, Loss = 9.353e-01
It: 140, Loss = 9.351e-01
It: 150, Loss = 9.349e-01
It: 160, Loss = 9.348e-01
It: 170, Loss = 9.346e-01
It: 180, Loss = 9.345e-01
It: 190, Loss = 9.343e-01
It: 200, Loss = 9.342e-01
It: 210, Loss = 9.341e-01
It: 220, Loss = 9.340e-01
It: 230, Loss = 9.338e-01
It: 240, Loss = 9.337e-01
It: 250, Loss = 9.335e-01
It: 260, Loss = 9.333e-01
It: 270, Loss = 9.331e-01
It: 280, Loss = 9.329e-01
It: 290, Loss = 9.326e-01
It: 300, Loss = 9.323e-01
It: 310, Loss = 9.320e-01
It: 320, Loss = 9.316e-01
It: 330, Loss = 9.312e-01
It: 340, Loss = 9.307e-01
It: 350, Loss = 9.301e-01
It: 360, Loss = 9.294e-01
It: 370, Loss = 9.286e-01
It: 380, Loss = 9.275e-01
It: 390, Loss = 9.261e-01
It: 400, Loss = 9.243e-01
It: 410, Loss = 9.221e-01
It: 420, Loss = 9.191e-01
It: 430, Loss = 9.155e-01
It: 440, Loss = 9.112e-01
It: 450, Loss = 9.045e-01
It: 460, Loss = 8.937e-01
It: 470, Loss = 8.742e-01
It: 480, Loss = 8.432e-01
It: 490, Loss = 8.213e-01
It: 500, Loss = 8.003e-01
It: 510, Loss = 7.862e-01
It: 520, Loss = 7.770e-01
It: 530, Loss = 7.677e-01
It: 540, Loss = 7.576e-01
It: 550, Loss = 7.493e-01
It: 560, Loss = 7.376e-01
It: 570, Loss = 7.256e-01
It: 580, Loss = 7.057e-01
It: 590, Loss = 6.946e-01
It: 600, Loss = 6.911e-01
It: 610, Loss = 6.789e-01
It: 620, Loss = 6.659e-01
It: 630, Loss = 6.516e-01
It: 640, Loss = 6.352e-01
It: 650, Loss = 6.755e-01
It: 660, Loss = 6.162e-01
It: 670, Loss = 5.883e-01
It: 680, Loss = 5.732e-01
It: 690, Loss = 5.611e-01
It: 700, Loss = 5.530e-01
It: 710, Loss = 5.460e-01
It: 720, Loss = 5.390e-01
It: 730, Loss = 5.688e-01
It: 740, Loss = 5.273e-01
It: 750, Loss = 5.215e-01
It: 760, Loss = 5.149e-01
It: 770, Loss = 5.102e-01
It: 780, Loss = 5.429e-01
It: 790, Loss = 5.088e-01
It: 800, Loss = 4.969e-01
It: 810, Loss = 4.935e-01
It: 820, Loss = 4.885e-01
It: 830, Loss = 4.885e-01
It: 840, Loss = 4.855e-01
It: 850, Loss = 4.881e-01
It: 860, Loss = 4.806e-01
It: 870, Loss = 4.788e-01
It: 880, Loss = 4.769e-01
It: 890, Loss = 4.752e-01
It: 900, Loss = 4.800e-01
It: 910, Loss = 4.858e-01
It: 920, Loss = 4.767e-01
It: 930, Loss = 4.719e-01
It: 940, Loss = 4.684e-01
It: 950, Loss = 4.667e-01
It: 960, Loss = 4.648e-01
It: 970, Loss = 4.629e-01
It: 980, Loss = 4.610e-01
It: 990, Loss = 4.605e-01
G_pred shape (100, 100)
It: 0, Loss = 1.292e+00
It: 10, Loss = 9.754e-01
It: 20, Loss = 9.735e-01
It: 30, Loss = 9.571e-01
It: 40, Loss = 9.451e-01
It: 50, Loss = 9.398e-01
It: 60, Loss = 9.369e-01
It: 70, Loss = 9.349e-01
It: 80, Loss = 9.336e-01
It: 90, Loss = 9.325e-01
It: 100, Loss = 9.315e-01
It: 110, Loss = 9.304e-01
It: 120, Loss = 9.293e-01
It: 130, Loss = 9.280e-01
It: 140, Loss = 9.256e-01
It: 150, Loss = 9.205e-01
It: 160, Loss = 9.129e-01
It: 170, Loss = 9.121e-01
It: 180, Loss = 9.115e-01
It: 190, Loss = 9.110e-01
It: 200, Loss = 9.107e-01
It: 210, Loss = 9.103e-01
It: 220, Loss = 9.100e-01
It: 230, Loss = 9.096e-01
It: 240, Loss = 9.091e-01
It: 250, Loss = 9.086e-01
It: 260, Loss = 9.080e-01
It: 270, Loss = 9.073e-01
It: 280, Loss = 9.065e-01
It: 290, Loss = 9.055e-01
It: 300, Loss = 9.043e-01
It: 310, Loss = 9.026e-01
It: 320, Loss = 9.004e-01
It: 330, Loss = 8.971e-01
It: 340, Loss = 8.916e-01
It: 350, Loss = 8.813e-01
It: 360, Loss = 8.594e-01
It: 370, Loss = 8.214e-01
It: 380, Loss = 8.157e-01
It: 390, Loss = 7.893e-01
It: 400, Loss = 7.737e-01
It: 410, Loss = 7.472e-01
It: 420, Loss = 7.263e-01
It: 430, Loss = 7.119e-01
It: 440, Loss = 7.028e-01
It: 450, Loss = 6.960e-01
It: 460, Loss = 6.891e-01
It: 470, Loss = 6.813e-01
It: 480, Loss = 6.717e-01
It: 490, Loss = 6.573e-01
It: 500, Loss = 6.335e-01
It: 510, Loss = 6.600e-01
It: 520, Loss = 5.928e-01
It: 530, Loss = 5.584e-01
It: 540, Loss = 5.226e-01
It: 550, Loss = 5.596e-01
It: 560, Loss = 5.110e-01
It: 570, Loss = 4.983e-01
It: 580, Loss = 4.785e-01
It: 590, Loss = 4.595e-01
It: 600, Loss = 4.454e-01
It: 610, Loss = 4.303e-01
It: 620, Loss = 4.147e-01
It: 630, Loss = 3.971e-01
It: 640, Loss = 3.778e-01
It: 650, Loss = 3.572e-01
It: 660, Loss = 3.360e-01
It: 670, Loss = 4.148e-01
It: 680, Loss = 3.377e-01
It: 690, Loss = 3.125e-01
It: 700, Loss = 2.864e-01
It: 710, Loss = 2.684e-01
It: 720, Loss = 2.488e-01
It: 730, Loss = 2.306e-01
It: 740, Loss = 2.129e-01
It: 750, Loss = 2.459e-01
It: 760, Loss = 2.090e-01
It: 770, Loss = 1.806e-01
It: 780, Loss = 1.635e-01
It: 790, Loss = 1.754e-01
It: 800, Loss = 1.442e-01
It: 810, Loss = 1.409e-01
It: 820, Loss = 1.291e-01
It: 830, Loss = 1.170e-01
It: 840, Loss = 1.409e-01
It: 850, Loss = 1.263e-01
It: 860, Loss = 1.089e-01
It: 870, Loss = 9.505e-02
It: 880, Loss = 8.795e-02
It: 890, Loss = 8.248e-02
It: 900, Loss = 7.744e-02
It: 910, Loss = 7.277e-02
It: 920, Loss = 1.130e-01
It: 930, Loss = 1.120e-01
It: 940, Loss = 7.430e-02
It: 950, Loss = 6.333e-02
It: 960, Loss = 6.117e-02
It: 970, Loss = 5.608e-02
It: 980, Loss = 5.300e-02
It: 990, Loss = 5.010e-02
G_pred shape (100, 100)
It: 0, Loss = 1.535e+00
It: 10, Loss = 1.228e+00
It: 20, Loss = 1.063e+00
It: 30, Loss = 1.003e+00
It: 40, Loss = 9.789e-01
It: 50, Loss = 9.694e-01
It: 60, Loss = 9.645e-01
It: 70, Loss = 9.607e-01
It: 80, Loss = 9.565e-01
It: 90, Loss = 9.531e-01
It: 100, Loss = 9.503e-01
It: 110, Loss = 9.481e-01
It: 120, Loss = 9.465e-01
It: 130, Loss = 9.454e-01
It: 140, Loss = 9.446e-01
It: 150, Loss = 9.438e-01
It: 160, Loss = 9.431e-01
It: 170, Loss = 9.424e-01
It: 180, Loss = 9.416e-01
It: 190, Loss = 9.409e-01
It: 200, Loss = 9.401e-01
It: 210, Loss = 9.394e-01
It: 220, Loss = 9.386e-01
It: 230, Loss = 9.379e-01
It: 240, Loss = 9.373e-01
It: 250, Loss = 9.368e-01
It: 260, Loss = 9.365e-01
It: 270, Loss = 9.362e-01
It: 280, Loss = 9.360e-01
It: 290, Loss = 9.357e-01
It: 300, Loss = 9.355e-01
It: 310, Loss = 9.353e-01
It: 320, Loss = 9.351e-01
It: 330, Loss = 9.348e-01
It: 340, Loss = 9.346e-01
It: 350, Loss = 9.343e-01
It: 360, Loss = 9.341e-01
It: 370, Loss = 9.338e-01
It: 380, Loss = 9.335e-01
It: 390, Loss = 9.332e-01
It: 400, Loss = 9.328e-01
It: 410, Loss = 9.324e-01
It: 420, Loss = 9.320e-01
It: 430, Loss = 9.316e-01
It: 440, Loss = 9.311e-01
It: 450, Loss = 9.306e-01
It: 460, Loss = 9.300e-01
It: 470, Loss = 9.293e-01
It: 480, Loss = 9.285e-01
It: 490, Loss = 9.276e-01
It: 500, Loss = 9.266e-01
It: 510, Loss = 9.254e-01
It: 520, Loss = 9.240e-01
It: 530, Loss = 9.223e-01
It: 540, Loss = 9.201e-01
It: 550, Loss = 9.172e-01
It: 560, Loss = 9.131e-01
It: 570, Loss = 9.074e-01
It: 580, Loss = 8.993e-01
It: 590, Loss = 8.891e-01
It: 600, Loss = 8.783e-01
It: 610, Loss = 8.681e-01
It: 620, Loss = 8.607e-01
It: 630, Loss = 8.556e-01
It: 640, Loss = 8.501e-01
It: 650, Loss = 8.439e-01
It: 660, Loss = 8.371e-01
It: 670, Loss = 8.301e-01
It: 680, Loss = 8.210e-01
It: 690, Loss = 8.109e-01
It: 700, Loss = 7.985e-01
It: 710, Loss = 7.928e-01
It: 720, Loss = 7.703e-01
It: 730, Loss = 7.532e-01
It: 740, Loss = 7.355e-01
It: 750, Loss = 7.241e-01
It: 760, Loss = 7.061e-01
It: 770, Loss = 6.870e-01
It: 780, Loss = 6.762e-01
It: 790, Loss = 6.551e-01
It: 800, Loss = 6.654e-01
It: 810, Loss = 6.403e-01
It: 820, Loss = 6.110e-01
It: 830, Loss = 5.939e-01
It: 840, Loss = 5.733e-01
It: 850, Loss = 5.627e-01
It: 860, Loss = 5.511e-01
It: 870, Loss = 5.436e-01
It: 880, Loss = 5.399e-01
It: 890, Loss = 5.329e-01
It: 900, Loss = 5.285e-01
It: 910, Loss = 5.248e-01
It: 920, Loss = 5.220e-01
It: 930, Loss = 5.193e-01
It: 940, Loss = 5.170e-01
It: 950, Loss = 5.596e-01
It: 960, Loss = 5.263e-01
It: 970, Loss = 5.168e-01
It: 980, Loss = 5.119e-01
It: 990, Loss = 5.087e-01
G_pred shape (100, 100)
It: 0, Loss = 2.041e+00
It: 10, Loss = 1.009e+00
It: 20, Loss = 9.950e-01
It: 30, Loss = 9.666e-01
It: 40, Loss = 9.589e-01
It: 50, Loss = 9.506e-01
It: 60, Loss = 9.442e-01
It: 70, Loss = 9.403e-01
It: 80, Loss = 9.372e-01
It: 90, Loss = 9.349e-01
It: 100, Loss = 9.335e-01
It: 110, Loss = 9.327e-01
It: 120, Loss = 9.323e-01
It: 130, Loss = 9.320e-01
It: 140, Loss = 9.317e-01
It: 150, Loss = 9.315e-01
It: 160, Loss = 9.313e-01
It: 170, Loss = 9.311e-01
It: 180, Loss = 9.309e-01
It: 190, Loss = 9.307e-01
It: 200, Loss = 9.305e-01
It: 210, Loss = 9.303e-01
It: 220, Loss = 9.301e-01
It: 230, Loss = 9.299e-01
It: 240, Loss = 9.297e-01
It: 250, Loss = 9.295e-01
It: 260, Loss = 9.293e-01
It: 270, Loss = 9.291e-01
It: 280, Loss = 9.288e-01
It: 290, Loss = 9.286e-01
It: 300, Loss = 9.283e-01
It: 310, Loss = 9.281e-01
It: 320, Loss = 9.278e-01
It: 330, Loss = 9.275e-01
It: 340, Loss = 9.273e-01
It: 350, Loss = 9.270e-01
It: 360, Loss = 9.267e-01
It: 370, Loss = 9.263e-01
It: 380, Loss = 9.260e-01
It: 390, Loss = 9.256e-01
It: 400, Loss = 9.252e-01
It: 410, Loss = 9.248e-01
It: 420, Loss = 9.243e-01
It: 430, Loss = 9.239e-01
It: 440, Loss = 9.234e-01
It: 450, Loss = 9.230e-01
It: 460, Loss = 9.225e-01
It: 470, Loss = 9.221e-01
It: 480, Loss = 9.216e-01
It: 490, Loss = 9.211e-01
It: 500, Loss = 9.206e-01
It: 510, Loss = 9.199e-01
It: 520, Loss = 9.187e-01
It: 530, Loss = 9.166e-01
It: 540, Loss = 9.136e-01
It: 550, Loss = 9.116e-01
It: 560, Loss = 9.096e-01
It: 570, Loss = 9.078e-01
It: 580, Loss = 9.056e-01
It: 590, Loss = 9.029e-01
It: 600, Loss = 8.990e-01
It: 610, Loss = 8.934e-01
It: 620, Loss = 8.847e-01
It: 630, Loss = 8.714e-01
It: 640, Loss = 8.533e-01
It: 650, Loss = 8.339e-01
It: 660, Loss = 8.193e-01
It: 670, Loss = 8.103e-01
It: 680, Loss = 8.028e-01
It: 690, Loss = 7.952e-01
It: 700, Loss = 7.881e-01
It: 710, Loss = 7.826e-01
It: 720, Loss = 7.778e-01
It: 730, Loss = 7.730e-01
It: 740, Loss = 7.680e-01
It: 750, Loss = 7.626e-01
It: 760, Loss = 7.568e-01
It: 770, Loss = 7.505e-01
It: 780, Loss = 7.437e-01
It: 790, Loss = 7.366e-01
It: 800, Loss = 7.303e-01
It: 810, Loss = 7.239e-01
It: 820, Loss = 7.158e-01
It: 830, Loss = 7.071e-01
It: 840, Loss = 6.977e-01
It: 850, Loss = 6.902e-01
It: 860, Loss = 6.807e-01
It: 870, Loss = 6.705e-01
It: 880, Loss = 6.630e-01
It: 890, Loss = 6.547e-01
It: 900, Loss = 6.433e-01
It: 910, Loss = 6.314e-01
It: 920, Loss = 6.189e-01
It: 930, Loss = 6.064e-01
It: 940, Loss = 5.926e-01
It: 950, Loss = 5.805e-01
It: 960, Loss = 5.684e-01
It: 970, Loss = 5.588e-01
It: 980, Loss = 5.555e-01
It: 990, Loss = 5.465e-01
G_pred shape (100, 100)
