Using TensorFlow 2 backend.

N_train =  17
It: 0, Loss = 1.122e+00
It: 10, Loss = 9.581e-01
It: 20, Loss = 9.217e-01
It: 30, Loss = 9.034e-01
It: 40, Loss = 8.872e-01
It: 50, Loss = 8.750e-01
It: 60, Loss = 8.668e-01
It: 70, Loss = 8.627e-01
It: 80, Loss = 8.601e-01
It: 90, Loss = 8.593e-01
It: 100, Loss = 8.584e-01
It: 110, Loss = 8.576e-01
It: 120, Loss = 8.567e-01
It: 130, Loss = 8.558e-01
It: 140, Loss = 8.548e-01
It: 150, Loss = 8.538e-01
It: 160, Loss = 8.527e-01
It: 170, Loss = 8.515e-01
It: 180, Loss = 8.502e-01
It: 190, Loss = 8.490e-01
It: 200, Loss = 8.478e-01
It: 210, Loss = 8.467e-01
It: 220, Loss = 8.458e-01
It: 230, Loss = 8.450e-01
It: 240, Loss = 8.440e-01
It: 250, Loss = 8.428e-01
It: 260, Loss = 8.412e-01
It: 270, Loss = 8.383e-01
It: 280, Loss = 8.323e-01
It: 290, Loss = 8.153e-01
It: 300, Loss = 7.567e-01
It: 310, Loss = 7.555e-01
It: 320, Loss = 6.833e-01
It: 330, Loss = 6.550e-01
It: 340, Loss = 6.396e-01
It: 350, Loss = 6.289e-01
It: 360, Loss = 6.213e-01
It: 370, Loss = 6.144e-01
It: 380, Loss = 6.077e-01
It: 390, Loss = 6.012e-01
It: 400, Loss = 5.949e-01
It: 410, Loss = 5.890e-01
It: 420, Loss = 5.835e-01
It: 430, Loss = 5.785e-01
It: 440, Loss = 5.740e-01
It: 450, Loss = 5.696e-01
It: 460, Loss = 5.663e-01
It: 470, Loss = 5.749e-01
It: 480, Loss = 5.641e-01
It: 490, Loss = 5.571e-01
It: 500, Loss = 5.517e-01
It: 510, Loss = 5.448e-01
It: 520, Loss = 5.300e-01
It: 530, Loss = 5.186e-01
It: 540, Loss = 5.194e-01
It: 550, Loss = 5.115e-01
It: 560, Loss = 5.067e-01
It: 570, Loss = 5.040e-01
It: 580, Loss = 5.014e-01
It: 590, Loss = 4.992e-01
It: 600, Loss = 4.968e-01
It: 610, Loss = 4.941e-01
It: 620, Loss = 4.911e-01
It: 630, Loss = 5.148e-01
It: 640, Loss = 5.018e-01
It: 650, Loss = 4.857e-01
It: 660, Loss = 4.816e-01
It: 670, Loss = 4.768e-01
It: 680, Loss = 4.721e-01
It: 690, Loss = 4.666e-01
It: 700, Loss = 4.603e-01
It: 710, Loss = 4.835e-01
It: 720, Loss = 4.733e-01
It: 730, Loss = 4.532e-01
It: 740, Loss = 4.381e-01
It: 750, Loss = 4.285e-01
It: 760, Loss = 4.270e-01
It: 770, Loss = 4.248e-01
It: 780, Loss = 4.135e-01
It: 790, Loss = 3.974e-01
It: 800, Loss = 3.872e-01
It: 810, Loss = 3.757e-01
It: 820, Loss = 3.772e-01
It: 830, Loss = 3.748e-01
It: 840, Loss = 3.587e-01
It: 850, Loss = 3.416e-01
It: 860, Loss = 3.273e-01
It: 870, Loss = 3.161e-01
It: 880, Loss = 5.624e-01
It: 890, Loss = 3.488e-01
It: 900, Loss = 3.031e-01
It: 910, Loss = 2.924e-01
It: 920, Loss = 2.821e-01
It: 930, Loss = 2.734e-01
It: 940, Loss = 2.665e-01
It: 950, Loss = 2.587e-01
It: 960, Loss = 2.505e-01
It: 970, Loss = 3.637e-01
It: 980, Loss = 2.467e-01
It: 990, Loss = 2.409e-01
G_pred shape (100, 100)
It: 0, Loss = 1.209e+00
It: 10, Loss = 1.046e+00
It: 20, Loss = 9.954e-01
It: 30, Loss = 9.595e-01
It: 40, Loss = 9.330e-01
It: 50, Loss = 9.222e-01
It: 60, Loss = 9.093e-01
It: 70, Loss = 8.983e-01
It: 80, Loss = 8.905e-01
It: 90, Loss = 8.856e-01
It: 100, Loss = 8.825e-01
It: 110, Loss = 8.812e-01
It: 120, Loss = 8.806e-01
It: 130, Loss = 8.800e-01
It: 140, Loss = 8.795e-01
It: 150, Loss = 8.791e-01
It: 160, Loss = 8.787e-01
It: 170, Loss = 8.783e-01
It: 180, Loss = 8.779e-01
It: 190, Loss = 8.775e-01
It: 200, Loss = 8.770e-01
It: 210, Loss = 8.765e-01
It: 220, Loss = 8.758e-01
It: 230, Loss = 8.748e-01
It: 240, Loss = 8.727e-01
It: 250, Loss = 8.687e-01
It: 260, Loss = 8.614e-01
It: 270, Loss = 8.560e-01
It: 280, Loss = 8.522e-01
It: 290, Loss = 8.485e-01
It: 300, Loss = 8.457e-01
It: 310, Loss = 8.431e-01
It: 320, Loss = 8.406e-01
It: 330, Loss = 8.370e-01
It: 340, Loss = 8.323e-01
It: 350, Loss = 8.269e-01
It: 360, Loss = 8.218e-01
It: 370, Loss = 8.187e-01
It: 380, Loss = 8.165e-01
It: 390, Loss = 8.147e-01
It: 400, Loss = 8.126e-01
It: 410, Loss = 8.099e-01
It: 420, Loss = 8.060e-01
It: 430, Loss = 7.996e-01
It: 440, Loss = 7.884e-01
It: 450, Loss = 7.689e-01
It: 460, Loss = 7.452e-01
It: 470, Loss = 7.229e-01
It: 480, Loss = 7.053e-01
It: 490, Loss = 6.883e-01
It: 500, Loss = 6.800e-01
It: 510, Loss = 6.812e-01
It: 520, Loss = 6.674e-01
It: 530, Loss = 6.626e-01
It: 540, Loss = 6.589e-01
It: 550, Loss = 6.544e-01
It: 560, Loss = 6.493e-01
It: 570, Loss = 6.662e-01
It: 580, Loss = 6.404e-01
It: 590, Loss = 6.390e-01
It: 600, Loss = 6.321e-01
It: 610, Loss = 6.218e-01
It: 620, Loss = 6.126e-01
It: 630, Loss = 6.016e-01
It: 640, Loss = 5.898e-01
It: 650, Loss = 6.143e-01
It: 660, Loss = 5.808e-01
It: 670, Loss = 5.656e-01
It: 680, Loss = 5.560e-01
It: 690, Loss = 5.496e-01
It: 700, Loss = 5.425e-01
It: 710, Loss = 6.239e-01
It: 720, Loss = 5.431e-01
It: 730, Loss = 5.361e-01
It: 740, Loss = 5.273e-01
It: 750, Loss = 5.237e-01
It: 760, Loss = 5.194e-01
It: 770, Loss = 5.152e-01
It: 780, Loss = 5.109e-01
It: 790, Loss = 5.064e-01
It: 800, Loss = 5.015e-01
It: 810, Loss = 4.959e-01
It: 820, Loss = 4.895e-01
It: 830, Loss = 4.823e-01
It: 840, Loss = 4.849e-01
It: 850, Loss = 4.925e-01
It: 860, Loss = 4.621e-01
It: 870, Loss = 4.509e-01
It: 880, Loss = 4.376e-01
It: 890, Loss = 4.240e-01
It: 900, Loss = 4.083e-01
It: 910, Loss = 3.905e-01
It: 920, Loss = 5.107e-01
It: 930, Loss = 3.740e-01
It: 940, Loss = 3.502e-01
It: 950, Loss = 3.334e-01
It: 960, Loss = 3.165e-01
It: 970, Loss = 2.985e-01
It: 980, Loss = 2.837e-01
It: 990, Loss = 2.717e-01
G_pred shape (100, 100)
It: 0, Loss = 1.860e+00
It: 10, Loss = 1.048e+00
It: 20, Loss = 9.680e-01
It: 30, Loss = 9.351e-01
It: 40, Loss = 9.168e-01
It: 50, Loss = 9.046e-01
It: 60, Loss = 8.944e-01
It: 70, Loss = 8.869e-01
It: 80, Loss = 8.827e-01
It: 90, Loss = 8.803e-01
It: 100, Loss = 8.783e-01
It: 110, Loss = 8.767e-01
It: 120, Loss = 8.754e-01
It: 130, Loss = 8.742e-01
It: 140, Loss = 8.732e-01
It: 150, Loss = 8.722e-01
It: 160, Loss = 8.711e-01
It: 170, Loss = 8.700e-01
It: 180, Loss = 8.687e-01
It: 190, Loss = 8.673e-01
It: 200, Loss = 8.656e-01
It: 210, Loss = 8.636e-01
It: 220, Loss = 8.616e-01
It: 230, Loss = 8.598e-01
It: 240, Loss = 8.582e-01
It: 250, Loss = 8.568e-01
It: 260, Loss = 8.556e-01
It: 270, Loss = 8.545e-01
It: 280, Loss = 8.533e-01
It: 290, Loss = 8.520e-01
It: 300, Loss = 8.507e-01
It: 310, Loss = 8.493e-01
It: 320, Loss = 8.478e-01
It: 330, Loss = 8.460e-01
It: 340, Loss = 8.440e-01
It: 350, Loss = 8.415e-01
It: 360, Loss = 8.385e-01
It: 370, Loss = 8.348e-01
It: 380, Loss = 8.300e-01
It: 390, Loss = 8.238e-01
It: 400, Loss = 8.158e-01
It: 410, Loss = 8.064e-01
It: 420, Loss = 7.970e-01
It: 430, Loss = 7.891e-01
It: 440, Loss = 7.826e-01
It: 450, Loss = 7.773e-01
It: 460, Loss = 7.729e-01
It: 470, Loss = 7.689e-01
It: 480, Loss = 7.647e-01
It: 490, Loss = 7.596e-01
It: 500, Loss = 7.533e-01
It: 510, Loss = 7.454e-01
It: 520, Loss = 7.352e-01
It: 530, Loss = 7.256e-01
It: 540, Loss = 7.142e-01
It: 550, Loss = 6.972e-01
It: 560, Loss = 6.930e-01
It: 570, Loss = 6.710e-01
It: 580, Loss = 6.486e-01
It: 590, Loss = 6.489e-01
It: 600, Loss = 6.180e-01
It: 610, Loss = 5.966e-01
It: 620, Loss = 5.753e-01
It: 630, Loss = 5.805e-01
It: 640, Loss = 5.639e-01
It: 650, Loss = 5.550e-01
It: 660, Loss = 5.519e-01
It: 670, Loss = 5.332e-01
It: 680, Loss = 5.266e-01
It: 690, Loss = 5.170e-01
It: 700, Loss = 5.067e-01
It: 710, Loss = 5.370e-01
It: 720, Loss = 5.043e-01
It: 730, Loss = 5.049e-01
It: 740, Loss = 4.985e-01
It: 750, Loss = 4.910e-01
It: 760, Loss = 4.868e-01
It: 770, Loss = 4.830e-01
It: 780, Loss = 4.796e-01
It: 790, Loss = 4.764e-01
It: 800, Loss = 4.732e-01
It: 810, Loss = 4.700e-01
It: 820, Loss = 4.668e-01
It: 830, Loss = 4.637e-01
It: 840, Loss = 4.605e-01
It: 850, Loss = 4.573e-01
It: 860, Loss = 4.622e-01
It: 870, Loss = 4.608e-01
It: 880, Loss = 4.504e-01
It: 890, Loss = 4.485e-01
It: 900, Loss = 4.439e-01
It: 910, Loss = 4.408e-01
It: 920, Loss = 4.378e-01
It: 930, Loss = 4.348e-01
It: 940, Loss = 4.322e-01
It: 950, Loss = 4.945e-01
It: 960, Loss = 4.310e-01
It: 970, Loss = 4.278e-01
It: 980, Loss = 4.229e-01
It: 990, Loss = 4.197e-01
G_pred shape (100, 100)
It: 0, Loss = 1.040e+00
It: 10, Loss = 9.524e-01
It: 20, Loss = 9.464e-01
It: 30, Loss = 9.360e-01
It: 40, Loss = 9.305e-01
It: 50, Loss = 9.285e-01
It: 60, Loss = 9.271e-01
It: 70, Loss = 9.260e-01
It: 80, Loss = 9.251e-01
It: 90, Loss = 9.245e-01
It: 100, Loss = 9.241e-01
It: 110, Loss = 9.237e-01
It: 120, Loss = 9.233e-01
It: 130, Loss = 9.228e-01
It: 140, Loss = 9.224e-01
It: 150, Loss = 9.218e-01
It: 160, Loss = 9.212e-01
It: 170, Loss = 9.204e-01
It: 180, Loss = 9.196e-01
It: 190, Loss = 9.186e-01
It: 200, Loss = 9.176e-01
It: 210, Loss = 9.166e-01
It: 220, Loss = 9.157e-01
It: 230, Loss = 9.148e-01
It: 240, Loss = 9.136e-01
It: 250, Loss = 9.121e-01
It: 260, Loss = 9.103e-01
It: 270, Loss = 9.092e-01
It: 280, Loss = 9.086e-01
It: 290, Loss = 9.081e-01
It: 300, Loss = 9.076e-01
It: 310, Loss = 9.071e-01
It: 320, Loss = 9.066e-01
It: 330, Loss = 9.060e-01
It: 340, Loss = 9.054e-01
It: 350, Loss = 9.047e-01
It: 360, Loss = 9.040e-01
It: 370, Loss = 9.032e-01
It: 380, Loss = 9.022e-01
It: 390, Loss = 9.011e-01
It: 400, Loss = 9.000e-01
It: 410, Loss = 8.990e-01
It: 420, Loss = 8.975e-01
It: 430, Loss = 8.958e-01
It: 440, Loss = 8.938e-01
It: 450, Loss = 8.908e-01
It: 460, Loss = 8.857e-01
It: 470, Loss = 8.545e-01
It: 480, Loss = 8.224e-01
It: 490, Loss = 7.962e-01
It: 500, Loss = 7.690e-01
It: 510, Loss = 7.345e-01
It: 520, Loss = 7.083e-01
It: 530, Loss = 6.729e-01
It: 540, Loss = 6.743e-01
It: 550, Loss = 6.147e-01
It: 560, Loss = 5.976e-01
It: 570, Loss = 5.547e-01
It: 580, Loss = 5.368e-01
It: 590, Loss = 4.938e-01
It: 600, Loss = 4.133e-01
It: 610, Loss = 4.270e-01
It: 620, Loss = 3.285e-01
It: 630, Loss = 2.777e-01
It: 640, Loss = 2.565e-01
It: 650, Loss = 2.294e-01
It: 660, Loss = 2.022e-01
It: 670, Loss = 1.898e-01
It: 680, Loss = 2.007e-01
It: 690, Loss = 2.090e-01
It: 700, Loss = 1.610e-01
It: 710, Loss = 1.484e-01
It: 720, Loss = 1.376e-01
It: 730, Loss = 1.562e-01
It: 740, Loss = 1.202e-01
It: 750, Loss = 1.158e-01
It: 760, Loss = 1.430e-01
It: 770, Loss = 1.019e-01
It: 780, Loss = 9.163e-02
It: 790, Loss = 2.978e-01
It: 800, Loss = 1.043e-01
It: 810, Loss = 8.683e-02
It: 820, Loss = 7.620e-02
It: 830, Loss = 6.601e-02
It: 840, Loss = 5.846e-02
It: 850, Loss = 6.203e-02
It: 860, Loss = 1.218e-01
It: 870, Loss = 5.484e-02
It: 880, Loss = 5.064e-02
It: 890, Loss = 4.067e-02
It: 900, Loss = 3.527e-02
It: 910, Loss = 3.114e-02
It: 920, Loss = 2.759e-02
It: 930, Loss = 2.440e-02
It: 940, Loss = 2.177e-02
It: 950, Loss = 1.956e-02
It: 960, Loss = 2.691e-02
It: 970, Loss = 3.581e-02
It: 980, Loss = 3.816e-02
It: 990, Loss = 2.219e-02
G_pred shape (100, 100)
It: 0, Loss = 1.701e+00
It: 10, Loss = 1.002e+00
It: 20, Loss = 9.701e-01
It: 30, Loss = 9.291e-01
It: 40, Loss = 9.262e-01
It: 50, Loss = 9.215e-01
It: 60, Loss = 9.164e-01
It: 70, Loss = 9.113e-01
It: 80, Loss = 9.060e-01
It: 90, Loss = 9.007e-01
It: 100, Loss = 8.957e-01
It: 110, Loss = 8.915e-01
It: 120, Loss = 8.885e-01
It: 130, Loss = 8.869e-01
It: 140, Loss = 8.860e-01
It: 150, Loss = 8.851e-01
It: 160, Loss = 8.842e-01
It: 170, Loss = 8.830e-01
It: 180, Loss = 8.814e-01
It: 190, Loss = 8.791e-01
It: 200, Loss = 8.754e-01
It: 210, Loss = 8.687e-01
It: 220, Loss = 8.593e-01
It: 230, Loss = 8.510e-01
It: 240, Loss = 8.418e-01
It: 250, Loss = 8.387e-01
It: 260, Loss = 8.383e-01
It: 270, Loss = 8.375e-01
It: 280, Loss = 8.371e-01
It: 290, Loss = 8.367e-01
It: 300, Loss = 8.364e-01
It: 310, Loss = 8.360e-01
It: 320, Loss = 8.357e-01
It: 330, Loss = 8.354e-01
It: 340, Loss = 8.353e-01
It: 350, Loss = 8.354e-01
It: 360, Loss = 8.351e-01
It: 370, Loss = 8.346e-01
It: 380, Loss = 8.344e-01
It: 390, Loss = 8.342e-01
It: 400, Loss = 8.339e-01
It: 410, Loss = 8.337e-01
It: 420, Loss = 8.342e-01
It: 430, Loss = 8.335e-01
It: 440, Loss = 8.333e-01
It: 450, Loss = 8.331e-01
It: 460, Loss = 8.327e-01
It: 470, Loss = 8.324e-01
It: 480, Loss = 8.322e-01
It: 490, Loss = 8.319e-01
It: 500, Loss = 8.316e-01
It: 510, Loss = 8.313e-01
It: 520, Loss = 8.401e-01
It: 530, Loss = 8.351e-01
It: 540, Loss = 8.319e-01
It: 550, Loss = 8.307e-01
It: 560, Loss = 8.302e-01
It: 570, Loss = 8.296e-01
It: 580, Loss = 8.293e-01
It: 590, Loss = 8.289e-01
It: 600, Loss = 8.284e-01
It: 610, Loss = 8.279e-01
It: 620, Loss = 8.274e-01
It: 630, Loss = 8.429e-01
It: 640, Loss = 8.305e-01
It: 650, Loss = 8.265e-01
It: 660, Loss = 8.251e-01
It: 670, Loss = 8.241e-01
It: 680, Loss = 8.230e-01
It: 690, Loss = 8.215e-01
It: 700, Loss = 8.195e-01
It: 710, Loss = 8.167e-01
It: 720, Loss = 8.123e-01
It: 730, Loss = 8.171e-01
It: 740, Loss = 8.117e-01
It: 750, Loss = 8.027e-01
It: 760, Loss = 7.958e-01
It: 770, Loss = 7.909e-01
It: 780, Loss = 7.869e-01
It: 790, Loss = 7.837e-01
It: 800, Loss = 7.799e-01
It: 810, Loss = 7.758e-01
It: 820, Loss = 7.711e-01
It: 830, Loss = 7.654e-01
It: 840, Loss = 7.583e-01
It: 850, Loss = 7.497e-01
It: 860, Loss = 7.469e-01
It: 870, Loss = 7.537e-01
It: 880, Loss = 7.373e-01
It: 890, Loss = 7.238e-01
It: 900, Loss = 7.122e-01
It: 910, Loss = 6.967e-01
It: 920, Loss = 7.186e-01
It: 930, Loss = 7.184e-01
It: 940, Loss = 6.622e-01
It: 950, Loss = 6.547e-01
It: 960, Loss = 6.427e-01
It: 970, Loss = 6.314e-01
It: 980, Loss = 6.205e-01
It: 990, Loss = 6.069e-01
G_pred shape (100, 100)
